

================================================================
== Vitis HLS Report for 'pooling_Pipeline_VITIS_LOOP_85_6_VITIS_LOOP_86_7'
================================================================
* Date:           Tue Nov  4 14:31:16 2025

* Version:        2022.2 (Build 3670227 on Oct 13 2022)
* Project:        ip8
* Solution:       solution1 (Vivado IP Flow Target)
* Product family: zynq
* Target device:  xc7z020-clg400-2


================================================================
== Performance Estimates
================================================================
+ Timing: 
    * Summary: 
    +--------+----------+----------+------------+
    |  Clock |  Target  | Estimated| Uncertainty|
    +--------+----------+----------+------------+
    |ap_clk  |  10.00 ns|  7.300 ns|     2.70 ns|
    +--------+----------+----------+------------+

+ Latency: 
    * Summary: 
    +---------+---------+----------+----------+-----+-----+---------+
    |  Latency (cycles) |  Latency (absolute) |  Interval | Pipeline|
    |   min   |   max   |    min   |    max   | min | max |   Type  |
    +---------+---------+----------+----------+-----+-----+---------+
    |        ?|        ?|         ?|         ?|    ?|    ?|       no|
    +---------+---------+----------+----------+-----+-----+---------+

    + Detail: 
        * Instance: 
        N/A

        * Loop: 
        +-----------------------------------+---------+---------+----------+-----------+-----------+------+----------+
        |                                   |  Latency (cycles) | Iteration|  Initiation Interval  | Trip |          |
        |             Loop Name             |   min   |   max   |  Latency |  achieved |   target  | Count| Pipelined|
        +-----------------------------------+---------+---------+----------+-----------+-----------+------+----------+
        |- VITIS_LOOP_85_6_VITIS_LOOP_86_7  |        ?|        ?|        20|          5|          1|     ?|       yes|
        +-----------------------------------+---------+---------+----------+-----------+-----------+------+----------+

============================================================
+ Verbose Summary: Synthesis Manager
============================================================
InlineROM: 1
ExposeGlobal: 0
============================================================
+ Verbose Summary: CDFG Model
============================================================
IsTopModel: 0
ResetActiveHigh: 1
IsCombinational: 0
IsDatapathOnly: 0
HasWiredReturn: 1
HasMFsm: 2
HasVarLatency: 1
IsPipeline: 0
IsRtlPipelined: 0
IsInstanceOverlapped: 0
IsDontTouch: 0
HasImplIP: 0
IsGatedGlobalClock: 0

+ Individual pipeline summary: 
  * Pipeline-0: initiation interval (II) = 5, depth = 20


============================================================
+ Verbose Summary: Schedule
============================================================
* Number of FSM states : 20
* Pipeline : 1
  Pipeline-0 : II = 5, D = 20, States = { 1 2 3 4 5 6 7 8 9 10 11 12 13 14 15 16 17 18 19 20 }
* Dataflow Pipeline: 0

* FSM state transitions: 
1 --> 2 
2 --> 3 
3 --> 4 
4 --> 5 
5 --> 6 
6 --> 7 
7 --> 8 
8 --> 9 
9 --> 10 
10 --> 11 
11 --> 12 
12 --> 13 
13 --> 14 
14 --> 15 
15 --> 16 
16 --> 17 
17 --> 18 
18 --> 19 
19 --> 20 
20 --> 

* FSM state operations: 

State 1 <SV = 0> <Delay = 5.87>
ST_1 : Operation 23 [1/1] (0.00ns)   --->   "%kw_1 = alloca i32 1"   --->   Operation 23 'alloca' 'kw_1' <Predicate = true> <Delay = 0.00>
ST_1 : Operation 24 [1/1] (0.00ns)   --->   "%kh = alloca i32 1"   --->   Operation 24 'alloca' 'kh' <Predicate = true> <Delay = 0.00>
ST_1 : Operation 25 [1/1] (0.00ns)   --->   "%indvar_flatten10 = alloca i32 1"   --->   Operation 25 'alloca' 'indvar_flatten10' <Predicate = true> <Delay = 0.00>
ST_1 : Operation 26 [1/1] (0.00ns)   --->   "%sum = alloca i32 1"   --->   Operation 26 'alloca' 'sum' <Predicate = true> <Delay = 0.00>
ST_1 : Operation 27 [1/1] (0.00ns)   --->   "%count = alloca i32 1"   --->   Operation 27 'alloca' 'count' <Predicate = true> <Delay = 0.00>
ST_1 : Operation 28 [1/1] (0.00ns)   --->   "%feature_in_read = read i64 @_ssdm_op_Read.ap_auto.i64, i64 %feature_in"   --->   Operation 28 'read' 'feature_in_read' <Predicate = true> <Delay = 0.00>
ST_1 : Operation 29 [1/1] (0.00ns)   --->   "%zext_ln1633_read = read i16 @_ssdm_op_Read.ap_auto.i16, i16 %zext_ln1633"   --->   Operation 29 'read' 'zext_ln1633_read' <Predicate = true> <Delay = 0.00>
ST_1 : Operation 30 [1/1] (0.00ns)   --->   "%conv_i_i721_read = read i16 @_ssdm_op_Read.ap_auto.i16, i16 %conv_i_i721"   --->   Operation 30 'read' 'conv_i_i721_read' <Predicate = true> <Delay = 0.00>
ST_1 : Operation 31 [1/1] (0.00ns)   --->   "%W_in_cast5_read = read i16 @_ssdm_op_Read.ap_auto.i16, i16 %W_in_cast5"   --->   Operation 31 'read' 'W_in_cast5_read' <Predicate = true> <Delay = 0.00>
ST_1 : Operation 32 [1/1] (0.00ns)   --->   "%sub_ln1496_read = read i25 @_ssdm_op_Read.ap_auto.i25, i25 %sub_ln1496"   --->   Operation 32 'read' 'sub_ln1496_read' <Predicate = true> <Delay = 0.00>
ST_1 : Operation 33 [1/1] (0.00ns)   --->   "%conv_i_i530_read = read i16 @_ssdm_op_Read.ap_auto.i16, i16 %conv_i_i530"   --->   Operation 33 'read' 'conv_i_i530_read' <Predicate = true> <Delay = 0.00>
ST_1 : Operation 34 [1/1] (0.00ns)   --->   "%kernel_size_read = read i8 @_ssdm_op_Read.ap_auto.i8, i8 %kernel_size"   --->   Operation 34 'read' 'kernel_size_read' <Predicate = true> <Delay = 0.00>
ST_1 : Operation 35 [1/1] (0.00ns)   --->   "%mul_ln15_read = read i16 @_ssdm_op_Read.ap_auto.i16, i16 %mul_ln15"   --->   Operation 35 'read' 'mul_ln15_read' <Predicate = true> <Delay = 0.00>
ST_1 : Operation 36 [1/1] (0.00ns)   --->   "%H_in_cast4_read = read i16 @_ssdm_op_Read.ap_auto.i16, i16 %H_in_cast4"   --->   Operation 36 'read' 'H_in_cast4_read' <Predicate = true> <Delay = 0.00>
ST_1 : Operation 37 [1/1] (0.00ns)   --->   "%sub_ln1027_read = read i25 @_ssdm_op_Read.ap_auto.i25, i25 %sub_ln1027"   --->   Operation 37 'read' 'sub_ln1027_read' <Predicate = true> <Delay = 0.00>
ST_1 : Operation 38 [1/1] (0.00ns)   --->   "%zext_ln1633_cast = zext i16 %zext_ln1633_read"   --->   Operation 38 'zext' 'zext_ln1633_cast' <Predicate = true> <Delay = 0.00>
ST_1 : Operation 39 [1/1] (0.00ns)   --->   "%conv_i_i721_cast = zext i16 %conv_i_i721_read"   --->   Operation 39 'zext' 'conv_i_i721_cast' <Predicate = true> <Delay = 0.00>
ST_1 : Operation 40 [1/1] (0.00ns)   --->   "%W_in_cast5_cast = zext i16 %W_in_cast5_read"   --->   Operation 40 'zext' 'W_in_cast5_cast' <Predicate = true> <Delay = 0.00>
ST_1 : Operation 41 [1/1] (0.00ns)   --->   "%conv_i_i530_cast = zext i16 %conv_i_i530_read"   --->   Operation 41 'zext' 'conv_i_i530_cast' <Predicate = true> <Delay = 0.00>
ST_1 : Operation 42 [1/1] (0.00ns)   --->   "%H_in_cast4_cast = zext i16 %H_in_cast4_read"   --->   Operation 42 'zext' 'H_in_cast4_cast' <Predicate = true> <Delay = 0.00>
ST_1 : Operation 43 [1/1] (0.00ns)   --->   "%specinterface_ln0 = specinterface void @_ssdm_op_SpecInterface, i32 %gmem0, void @empty, i32 0, i32 0, void @empty_0, i32 0, i32 1073741824, void @empty_1, void @empty_2, void @empty_0, i32 16, i32 16, i32 16, i32 16, void @empty_0, void @empty_0, i32 4294967295, i32 0"   --->   Operation 43 'specinterface' 'specinterface_ln0' <Predicate = true> <Delay = 0.00>
ST_1 : Operation 44 [1/1] (1.29ns)   --->   "%store_ln0 = store i32 0, i32 %count"   --->   Operation 44 'store' 'store_ln0' <Predicate = true> <Delay = 1.29>
ST_1 : Operation 45 [1/1] (1.29ns)   --->   "%store_ln0 = store i32 0, i32 %sum"   --->   Operation 45 'store' 'store_ln0' <Predicate = true> <Delay = 1.29>
ST_1 : Operation 46 [1/1] (1.29ns)   --->   "%store_ln0 = store i16 0, i16 %indvar_flatten10"   --->   Operation 46 'store' 'store_ln0' <Predicate = true> <Delay = 1.29>
ST_1 : Operation 47 [1/1] (1.29ns)   --->   "%store_ln0 = store i8 0, i8 %kh"   --->   Operation 47 'store' 'store_ln0' <Predicate = true> <Delay = 1.29>
ST_1 : Operation 48 [1/1] (1.29ns)   --->   "%store_ln0 = store i8 0, i8 %kw_1"   --->   Operation 48 'store' 'store_ln0' <Predicate = true> <Delay = 1.29>
ST_1 : Operation 49 [1/1] (0.00ns)   --->   "%br_ln0 = br void %for.body79"   --->   Operation 49 'br' 'br_ln0' <Predicate = true> <Delay = 0.00>
ST_1 : Operation 50 [1/1] (0.00ns)   --->   "%kh_1 = load i8 %kh" [../ip/ip6/pooling.cpp:85]   --->   Operation 50 'load' 'kh_1' <Predicate = true> <Delay = 0.00>
ST_1 : Operation 51 [1/1] (0.00ns)   --->   "%indvar_flatten10_load = load i16 %indvar_flatten10"   --->   Operation 51 'load' 'indvar_flatten10_load' <Predicate = true> <Delay = 0.00>
ST_1 : Operation 52 [1/1] (0.00ns)   --->   "%specbitsmap_ln0 = specbitsmap void @_ssdm_op_SpecBitsMap, i32 %gmem0"   --->   Operation 52 'specbitsmap' 'specbitsmap_ln0' <Predicate = true> <Delay = 0.00>
ST_1 : Operation 53 [1/1] (0.00ns)   --->   "%zext_ln1027 = zext i8 %kh_1"   --->   Operation 53 'zext' 'zext_ln1027' <Predicate = true> <Delay = 0.00>
ST_1 : Operation 54 [1/1] (1.71ns)   --->   "%h_in = add i25 %zext_ln1027, i25 %sub_ln1027_read"   --->   Operation 54 'add' 'h_in' <Predicate = true> <Delay = 1.71> <CoreInst = "Adder">   --->   Core 1 'Adder' <Latency = 0> <II = 1> <Delay = 1.71> <FuncUnit> <Opcode : 'add' 'sub'> <InPorts = 2> <OutPorts = 1>
ST_1 : Operation 55 [1/1] (0.00ns)   --->   "%tmp = bitselect i1 @_ssdm_op_BitSelect.i1.i25.i32, i25 %h_in, i32 24"   --->   Operation 55 'bitselect' 'tmp' <Predicate = true> <Delay = 0.00>
ST_1 : Operation 56 [1/1] (2.00ns)   --->   "%notrhs = icmp_slt  i25 %h_in, i25 %H_in_cast4_cast"   --->   Operation 56 'icmp' 'notrhs' <Predicate = true> <Delay = 2.00> <CoreInst = "Cmp">   --->   Core 9 'Cmp' <Latency = 0> <II = 1> <Delay = 2.00> <FuncUnit> <Opcode : 'icmp'> <InPorts = 2> <OutPorts = 1>
ST_1 : Operation 57 [1/1] (0.00ns)   --->   "%specpipeline_ln0 = specpipeline void @_ssdm_op_SpecPipeline, i32 4294967295, i32 0, i32 1, i32 0, void @p_str"   --->   Operation 57 'specpipeline' 'specpipeline_ln0' <Predicate = true> <Delay = 0.00>
ST_1 : Operation 58 [1/1] (2.13ns)   --->   "%icmp_ln1027 = icmp_eq  i16 %indvar_flatten10_load, i16 %mul_ln15_read"   --->   Operation 58 'icmp' 'icmp_ln1027' <Predicate = true> <Delay = 2.13> <CoreInst = "Cmp">   --->   Core 9 'Cmp' <Latency = 0> <II = 1> <Delay = 2.13> <FuncUnit> <Opcode : 'icmp'> <InPorts = 2> <OutPorts = 1>
ST_1 : Operation 59 [1/1] (1.54ns)   --->   "%add_ln1027 = add i16 %indvar_flatten10_load, i16 1"   --->   Operation 59 'add' 'add_ln1027' <Predicate = true> <Delay = 1.54> <CoreInst = "Adder">   --->   Core 1 'Adder' <Latency = 0> <II = 1> <Delay = 1.54> <FuncUnit> <Opcode : 'add' 'sub'> <InPorts = 2> <OutPorts = 1>
ST_1 : Operation 60 [1/1] (0.00ns)   --->   "%br_ln1027 = br i1 %icmp_ln1027, void %for.inc114, void %for.end116.loopexit.exitStub"   --->   Operation 60 'br' 'br_ln1027' <Predicate = true> <Delay = 0.00>
ST_1 : Operation 61 [1/1] (0.00ns)   --->   "%kw_1_load = load i8 %kw_1"   --->   Operation 61 'load' 'kw_1_load' <Predicate = (!icmp_ln1027)> <Delay = 0.00>
ST_1 : Operation 62 [1/1] (1.31ns)   --->   "%icmp_ln1027_1 = icmp_eq  i8 %kw_1_load, i8 %kernel_size_read"   --->   Operation 62 'icmp' 'icmp_ln1027_1' <Predicate = (!icmp_ln1027)> <Delay = 1.31> <CoreInst = "Cmp">   --->   Core 9 'Cmp' <Latency = 0> <II = 1> <Delay = 1.31> <FuncUnit> <Opcode : 'icmp'> <InPorts = 2> <OutPorts = 1>
ST_1 : Operation 63 [1/1] (1.30ns)   --->   "%add_ln85 = add i8 %kh_1, i8 1" [../ip/ip6/pooling.cpp:85]   --->   Operation 63 'add' 'add_ln85' <Predicate = (!icmp_ln1027)> <Delay = 1.30> <CoreInst = "Adder">   --->   Core 1 'Adder' <Latency = 0> <II = 1> <Delay = 1.30> <FuncUnit> <Opcode : 'add' 'sub'> <InPorts = 2> <OutPorts = 1>
ST_1 : Operation 64 [1/1] (0.00ns)   --->   "%zext_ln1027_1 = zext i8 %add_ln85"   --->   Operation 64 'zext' 'zext_ln1027_1' <Predicate = (!icmp_ln1027)> <Delay = 0.00>
ST_1 : Operation 65 [1/1] (1.71ns)   --->   "%h_in_mid1 = add i25 %zext_ln1027_1, i25 %sub_ln1027_read"   --->   Operation 65 'add' 'h_in_mid1' <Predicate = (!icmp_ln1027)> <Delay = 1.71> <CoreInst = "Adder">   --->   Core 1 'Adder' <Latency = 0> <II = 1> <Delay = 1.71> <FuncUnit> <Opcode : 'add' 'sub'> <InPorts = 2> <OutPorts = 1>
ST_1 : Operation 66 [1/1] (1.03ns)   --->   "%select_ln1027_1 = select i1 %icmp_ln1027_1, i25 %h_in_mid1, i25 %h_in"   --->   Operation 66 'select' 'select_ln1027_1' <Predicate = (!icmp_ln1027)> <Delay = 1.03> <CoreInst = "Sel">   --->   Core 73 'Sel' <Latency = 0> <II = 1> <Delay = 1.03> <FuncUnit> <Opcode : 'select'> <InPorts = 3> <OutPorts = 1>
ST_1 : Operation 67 [1/1] (0.00ns)   --->   "%sext_ln1027 = sext i25 %select_ln1027_1"   --->   Operation 67 'sext' 'sext_ln1027' <Predicate = (!icmp_ln1027)> <Delay = 0.00>
ST_1 : Operation 68 [4/4] (1.82ns) (root node of the DSP)   --->   "%mul_ln1027 = mul i32 %sext_ln1027, i32 %conv_i_i530_cast"   --->   Operation 68 'mul' 'mul_ln1027' <Predicate = (!icmp_ln1027)> <Delay = 1.82> <CoreInst = "DSP48">   --->   Core 119 'DSP48' <Latency = 3> <II = 1> <Delay = 1.82> <IPBlock> <Opcode : 'mul' 'add' 'sub' 'select'> <InPorts = 0> <OutPorts = 1> <Sync> <CReg>
ST_1 : Operation 69 [1/1] (0.00ns) (grouped into LUT with out node and_ln92_1)   --->   "%tmp_1 = bitselect i1 @_ssdm_op_BitSelect.i1.i25.i32, i25 %h_in_mid1, i32 24"   --->   Operation 69 'bitselect' 'tmp_1' <Predicate = (!icmp_ln1027)> <Delay = 0.00>
ST_1 : Operation 70 [1/1] (0.00ns) (grouped into LUT with out node and_ln92_1)   --->   "%select_ln1027_2 = select i1 %icmp_ln1027_1, i1 %tmp_1, i1 %tmp"   --->   Operation 70 'select' 'select_ln1027_2' <Predicate = (!icmp_ln1027)> <Delay = 0.00> <CoreInst = "Sel">   --->   Core 73 'Sel' <Latency = 0> <II = 1> <Delay = 0.81> <FuncUnit> <Opcode : 'select'> <InPorts = 3> <OutPorts = 1>
ST_1 : Operation 71 [1/1] (0.00ns) (grouped into LUT with out node and_ln92_1)   --->   "%xor_ln1027 = xor i1 %select_ln1027_2, i1 1"   --->   Operation 71 'xor' 'xor_ln1027' <Predicate = (!icmp_ln1027)> <Delay = 0.00> <CoreInst = "LogicGate">   --->   Core 74 'LogicGate' <Latency = 0> <II = 1> <Delay = 0.80> <FuncUnit> <Opcode : 'and' 'or' 'xor'> <InPorts = 2> <OutPorts = 1>
ST_1 : Operation 72 [1/1] (2.00ns)   --->   "%notrhs_mid1 = icmp_slt  i25 %h_in_mid1, i25 %H_in_cast4_cast"   --->   Operation 72 'icmp' 'notrhs_mid1' <Predicate = (!icmp_ln1027)> <Delay = 2.00> <CoreInst = "Cmp">   --->   Core 9 'Cmp' <Latency = 0> <II = 1> <Delay = 2.00> <FuncUnit> <Opcode : 'icmp'> <InPorts = 2> <OutPorts = 1>
ST_1 : Operation 73 [1/1] (0.00ns) (grouped into LUT with out node and_ln92_1)   --->   "%select_ln1027_3 = select i1 %icmp_ln1027_1, i1 %notrhs_mid1, i1 %notrhs"   --->   Operation 73 'select' 'select_ln1027_3' <Predicate = (!icmp_ln1027)> <Delay = 0.00> <CoreInst = "Sel">   --->   Core 73 'Sel' <Latency = 0> <II = 1> <Delay = 0.81> <FuncUnit> <Opcode : 'select'> <InPorts = 3> <OutPorts = 1>
ST_1 : Operation 74 [1/1] (0.81ns) (out node of the LUT)   --->   "%and_ln92_1 = and i1 %select_ln1027_3, i1 %xor_ln1027" [../ip/ip6/pooling.cpp:92]   --->   Operation 74 'and' 'and_ln92_1' <Predicate = (!icmp_ln1027)> <Delay = 0.81> <CoreInst = "LogicGate">   --->   Core 74 'LogicGate' <Latency = 0> <II = 1> <Delay = 0.80> <FuncUnit> <Opcode : 'and' 'or' 'xor'> <InPorts = 2> <OutPorts = 1>

State 2 <SV = 1> <Delay = 1.82>
ST_2 : Operation 75 [3/4] (1.82ns) (root node of the DSP)   --->   "%mul_ln1027 = mul i32 %sext_ln1027, i32 %conv_i_i530_cast"   --->   Operation 75 'mul' 'mul_ln1027' <Predicate = (!icmp_ln1027)> <Delay = 1.82> <CoreInst = "DSP48">   --->   Core 119 'DSP48' <Latency = 3> <II = 1> <Delay = 1.82> <IPBlock> <Opcode : 'mul' 'add' 'sub' 'select'> <InPorts = 0> <OutPorts = 1> <Sync> <CReg>

State 3 <SV = 2> <Delay = 1.82>
ST_3 : Operation 76 [2/4] (1.82ns) (root node of the DSP)   --->   "%mul_ln1027 = mul i32 %sext_ln1027, i32 %conv_i_i530_cast"   --->   Operation 76 'mul' 'mul_ln1027' <Predicate = (!icmp_ln1027)> <Delay = 1.82> <CoreInst = "DSP48">   --->   Core 119 'DSP48' <Latency = 3> <II = 1> <Delay = 1.82> <IPBlock> <Opcode : 'mul' 'add' 'sub' 'select'> <InPorts = 0> <OutPorts = 1> <Sync> <CReg>

State 4 <SV = 3> <Delay = 6.27>
ST_4 : Operation 77 [1/1] (0.00ns)   --->   "%specloopname_ln0 = specloopname void @_ssdm_op_SpecLoopName, void @VITIS_LOOP_85_6_VITIS_LOOP_86_7_str"   --->   Operation 77 'specloopname' 'specloopname_ln0' <Predicate = (!icmp_ln1027)> <Delay = 0.00>
ST_4 : Operation 78 [1/1] (0.44ns)   --->   "%select_ln1027 = select i1 %icmp_ln1027_1, i8 0, i8 %kw_1_load"   --->   Operation 78 'select' 'select_ln1027' <Predicate = (!icmp_ln1027)> <Delay = 0.44> <CoreInst = "Sel">   --->   Core 73 'Sel' <Latency = 0> <II = 1> <Delay = 0.44> <FuncUnit> <Opcode : 'select'> <InPorts = 3> <OutPorts = 1>
ST_4 : Operation 79 [1/4] (0.00ns) (root node of the DSP)   --->   "%mul_ln1027 = mul i32 %sext_ln1027, i32 %conv_i_i530_cast"   --->   Operation 79 'mul' 'mul_ln1027' <Predicate = (!icmp_ln1027)> <Delay = 0.00> <CoreInst = "DSP48">   --->   Core 119 'DSP48' <Latency = 3> <II = 1> <Delay = 1.82> <IPBlock> <Opcode : 'mul' 'add' 'sub' 'select'> <InPorts = 0> <OutPorts = 1> <Sync> <CReg>
ST_4 : Operation 80 [1/1] (0.00ns)   --->   "%specpipeline_ln0 = specpipeline void @_ssdm_op_SpecPipeline, i32 4294967295, i32 0, i32 1, i32 0, void @p_str"   --->   Operation 80 'specpipeline' 'specpipeline_ln0' <Predicate = (!icmp_ln1027)> <Delay = 0.00>
ST_4 : Operation 81 [1/1] (0.44ns)   --->   "%select_ln1027_4 = select i1 %icmp_ln1027_1, i8 %add_ln85, i8 %kh_1"   --->   Operation 81 'select' 'select_ln1027_4' <Predicate = (!icmp_ln1027)> <Delay = 0.44> <CoreInst = "Sel">   --->   Core 73 'Sel' <Latency = 0> <II = 1> <Delay = 0.44> <FuncUnit> <Opcode : 'select'> <InPorts = 3> <OutPorts = 1>
ST_4 : Operation 82 [1/1] (0.00ns)   --->   "%kw_3_cast = zext i8 %select_ln1027"   --->   Operation 82 'zext' 'kw_3_cast' <Predicate = (!icmp_ln1027)> <Delay = 0.00>
ST_4 : Operation 83 [1/1] (0.00ns)   --->   "%specloopname_ln81 = specloopname void @_ssdm_op_SpecLoopName, void @empty_17" [../ip/ip6/pooling.cpp:81]   --->   Operation 83 'specloopname' 'specloopname_ln81' <Predicate = (!icmp_ln1027)> <Delay = 0.00>
ST_4 : Operation 84 [1/1] (1.71ns)   --->   "%w_in = add i25 %kw_3_cast, i25 %sub_ln1496_read" [../ip/ip6/pooling.cpp:89]   --->   Operation 84 'add' 'w_in' <Predicate = (!icmp_ln1027)> <Delay = 1.71> <CoreInst = "Adder">   --->   Core 1 'Adder' <Latency = 0> <II = 1> <Delay = 1.71> <FuncUnit> <Opcode : 'add' 'sub'> <InPorts = 2> <OutPorts = 1>
ST_4 : Operation 85 [1/1] (0.00ns)   --->   "%sext_ln89 = sext i25 %w_in" [../ip/ip6/pooling.cpp:89]   --->   Operation 85 'sext' 'sext_ln89' <Predicate = (!icmp_ln1027)> <Delay = 0.00>
ST_4 : Operation 86 [1/1] (2.00ns)   --->   "%icmp_ln92 = icmp_ult  i25 %w_in, i25 %W_in_cast5_cast" [../ip/ip6/pooling.cpp:92]   --->   Operation 86 'icmp' 'icmp_ln92' <Predicate = (!icmp_ln1027)> <Delay = 2.00> <CoreInst = "Cmp">   --->   Core 9 'Cmp' <Latency = 0> <II = 1> <Delay = 2.00> <FuncUnit> <Opcode : 'icmp'> <InPorts = 2> <OutPorts = 1>
ST_4 : Operation 87 [1/1] (0.80ns) (out node of the LUT)   --->   "%and_ln92 = and i1 %and_ln92_1, i1 %icmp_ln92" [../ip/ip6/pooling.cpp:92]   --->   Operation 87 'and' 'and_ln92' <Predicate = (!icmp_ln1027)> <Delay = 0.80> <CoreInst = "LogicGate">   --->   Core 74 'LogicGate' <Latency = 0> <II = 1> <Delay = 0.80> <FuncUnit> <Opcode : 'and' 'or' 'xor'> <InPorts = 2> <OutPorts = 1>
ST_4 : Operation 88 [1/1] (0.00ns)   --->   "%br_ln92 = br i1 %and_ln92, void %for.inc111, void %if.then99" [../ip/ip6/pooling.cpp:92]   --->   Operation 88 'br' 'br_ln92' <Predicate = (!icmp_ln1027)> <Delay = 0.00>
ST_4 : Operation 89 [1/1] (0.00ns)   --->   "%count_load_1 = load i32 %count" [../ip/ip6/pooling.cpp:98]   --->   Operation 89 'load' 'count_load_1' <Predicate = (!icmp_ln1027 & and_ln92)> <Delay = 0.00>
ST_4 : Operation 90 [1/1] (1.89ns)   --->   "%add_ln1494 = add i32 %sext_ln89, i32 %mul_ln1027"   --->   Operation 90 'add' 'add_ln1494' <Predicate = (!icmp_ln1027 & and_ln92)> <Delay = 1.89> <CoreInst = "Adder">   --->   Core 1 'Adder' <Latency = 0> <II = 1> <Delay = 1.89> <FuncUnit> <Opcode : 'add' 'sub'> <InPorts = 2> <OutPorts = 1>
ST_4 : Operation 91 [1/1] (1.89ns)   --->   "%count_1 = add i32 %count_load_1, i32 1" [../ip/ip6/pooling.cpp:98]   --->   Operation 91 'add' 'count_1' <Predicate = (!icmp_ln1027 & and_ln92)> <Delay = 1.89> <CoreInst = "Adder">   --->   Core 1 'Adder' <Latency = 0> <II = 1> <Delay = 1.89> <FuncUnit> <Opcode : 'add' 'sub'> <InPorts = 2> <OutPorts = 1>
ST_4 : Operation 92 [1/1] (1.29ns)   --->   "%store_ln99 = store i32 %count_1, i32 %count" [../ip/ip6/pooling.cpp:99]   --->   Operation 92 'store' 'store_ln99' <Predicate = (!icmp_ln1027 & and_ln92)> <Delay = 1.29>

State 5 <SV = 4> <Delay = 7.05>
ST_5 : Operation 93 [1/1] (7.05ns)   --->   "%mul_ln94 = mul i32 %add_ln1494, i32 %conv_i_i721_cast" [../ip/ip6/pooling.cpp:94]   --->   Operation 93 'mul' 'mul_ln94' <Predicate = (!icmp_ln1027 & and_ln92)> <Delay = 7.05> <CoreInst = "Multiplier">   --->   Core 3 'Multiplier' <Latency = 0> <II = 1> <Delay = 7.05> <FuncUnit> <Opcode : 'mul'> <InPorts = 2> <OutPorts = 1>
ST_5 : Operation 94 [1/1] (1.30ns)   --->   "%kw = add i8 %select_ln1027, i8 1" [../ip/ip6/pooling.cpp:86]   --->   Operation 94 'add' 'kw' <Predicate = (!icmp_ln1027)> <Delay = 1.30> <CoreInst = "Adder">   --->   Core 1 'Adder' <Latency = 0> <II = 1> <Delay = 1.30> <FuncUnit> <Opcode : 'add' 'sub'> <InPorts = 2> <OutPorts = 1>
ST_5 : Operation 95 [1/1] (1.29ns)   --->   "%store_ln86 = store i16 %add_ln1027, i16 %indvar_flatten10" [../ip/ip6/pooling.cpp:86]   --->   Operation 95 'store' 'store_ln86' <Predicate = (!icmp_ln1027)> <Delay = 1.29>
ST_5 : Operation 96 [1/1] (1.29ns)   --->   "%store_ln86 = store i8 %select_ln1027_4, i8 %kh" [../ip/ip6/pooling.cpp:86]   --->   Operation 96 'store' 'store_ln86' <Predicate = (!icmp_ln1027)> <Delay = 1.29>
ST_5 : Operation 97 [1/1] (1.29ns)   --->   "%store_ln86 = store i8 %kw, i8 %kw_1" [../ip/ip6/pooling.cpp:86]   --->   Operation 97 'store' 'store_ln86' <Predicate = (!icmp_ln1027)> <Delay = 1.29>
ST_5 : Operation 98 [1/1] (0.00ns)   --->   "%br_ln86 = br void %for.body79" [../ip/ip6/pooling.cpp:86]   --->   Operation 98 'br' 'br_ln86' <Predicate = (!icmp_ln1027)> <Delay = 0.00>

State 6 <SV = 5> <Delay = 4.58>
ST_6 : Operation 99 [1/1] (1.89ns)   --->   "%in_offset = add i32 %mul_ln94, i32 %zext_ln1633_cast" [../ip/ip6/pooling.cpp:94]   --->   Operation 99 'add' 'in_offset' <Predicate = (and_ln92)> <Delay = 1.89> <CoreInst = "Adder">   --->   Core 1 'Adder' <Latency = 0> <II = 1> <Delay = 1.89> <FuncUnit> <Opcode : 'add' 'sub'> <InPorts = 2> <OutPorts = 1>
ST_6 : Operation 100 [1/1] (0.00ns)   --->   "%shl_ln2 = bitconcatenate i34 @_ssdm_op_BitConcatenate.i34.i32.i2, i32 %in_offset, i2 0" [../ip/ip6/pooling.cpp:97]   --->   Operation 100 'bitconcatenate' 'shl_ln2' <Predicate = (and_ln92)> <Delay = 0.00>
ST_6 : Operation 101 [1/1] (0.00ns)   --->   "%sext_ln97 = sext i34 %shl_ln2" [../ip/ip6/pooling.cpp:97]   --->   Operation 101 'sext' 'sext_ln97' <Predicate = (and_ln92)> <Delay = 0.00>
ST_6 : Operation 102 [1/1] (2.69ns)   --->   "%add_ln97 = add i64 %sext_ln97, i64 %feature_in_read" [../ip/ip6/pooling.cpp:97]   --->   Operation 102 'add' 'add_ln97' <Predicate = (and_ln92)> <Delay = 2.69> <CoreInst = "Adder">   --->   Core 1 'Adder' <Latency = 0> <II = 1> <Delay = 2.69> <FuncUnit> <Opcode : 'add' 'sub'> <InPorts = 2> <OutPorts = 1>
ST_6 : Operation 103 [1/1] (0.00ns)   --->   "%trunc_ln2 = partselect i62 @_ssdm_op_PartSelect.i62.i64.i32.i32, i64 %add_ln97, i32 2, i32 63" [../ip/ip6/pooling.cpp:97]   --->   Operation 103 'partselect' 'trunc_ln2' <Predicate = (and_ln92)> <Delay = 0.00>
ST_6 : Operation 104 [1/1] (0.00ns)   --->   "%sext_ln97_1 = sext i62 %trunc_ln2" [../ip/ip6/pooling.cpp:97]   --->   Operation 104 'sext' 'sext_ln97_1' <Predicate = (and_ln92)> <Delay = 0.00>
ST_6 : Operation 105 [1/1] (0.00ns)   --->   "%gmem0_addr = getelementptr i32 %gmem0, i64 %sext_ln97_1" [../ip/ip6/pooling.cpp:97]   --->   Operation 105 'getelementptr' 'gmem0_addr' <Predicate = (and_ln92)> <Delay = 0.00>

State 7 <SV = 6> <Delay = 7.30>
ST_7 : Operation 106 [7/7] (7.30ns)   --->   "%gmem0_load_req = readreq i1 @_ssdm_op_ReadReq.m_axi.i32P1A, i32 %gmem0_addr, i32 1" [../ip/ip6/pooling.cpp:97]   --->   Operation 106 'readreq' 'gmem0_load_req' <Predicate = (and_ln92)> <Delay = 7.30> <CoreInst = "m_axi">   --->   Core 113 'm_axi' <Latency = 0> <II = 1> <Delay = 1.00> <Adapter> <Opcode : 'read' 'write' 'readreq' 'writereq' 'writeresp'>

State 8 <SV = 7> <Delay = 7.30>
ST_8 : Operation 107 [6/7] (7.30ns)   --->   "%gmem0_load_req = readreq i1 @_ssdm_op_ReadReq.m_axi.i32P1A, i32 %gmem0_addr, i32 1" [../ip/ip6/pooling.cpp:97]   --->   Operation 107 'readreq' 'gmem0_load_req' <Predicate = (and_ln92)> <Delay = 7.30> <CoreInst = "m_axi">   --->   Core 113 'm_axi' <Latency = 0> <II = 1> <Delay = 1.00> <Adapter> <Opcode : 'read' 'write' 'readreq' 'writereq' 'writeresp'>

State 9 <SV = 8> <Delay = 7.30>
ST_9 : Operation 108 [5/7] (7.30ns)   --->   "%gmem0_load_req = readreq i1 @_ssdm_op_ReadReq.m_axi.i32P1A, i32 %gmem0_addr, i32 1" [../ip/ip6/pooling.cpp:97]   --->   Operation 108 'readreq' 'gmem0_load_req' <Predicate = (and_ln92)> <Delay = 7.30> <CoreInst = "m_axi">   --->   Core 113 'm_axi' <Latency = 0> <II = 1> <Delay = 1.00> <Adapter> <Opcode : 'read' 'write' 'readreq' 'writereq' 'writeresp'>

State 10 <SV = 9> <Delay = 7.30>
ST_10 : Operation 109 [4/7] (7.30ns)   --->   "%gmem0_load_req = readreq i1 @_ssdm_op_ReadReq.m_axi.i32P1A, i32 %gmem0_addr, i32 1" [../ip/ip6/pooling.cpp:97]   --->   Operation 109 'readreq' 'gmem0_load_req' <Predicate = (and_ln92)> <Delay = 7.30> <CoreInst = "m_axi">   --->   Core 113 'm_axi' <Latency = 0> <II = 1> <Delay = 1.00> <Adapter> <Opcode : 'read' 'write' 'readreq' 'writereq' 'writeresp'>

State 11 <SV = 10> <Delay = 7.30>
ST_11 : Operation 110 [3/7] (7.30ns)   --->   "%gmem0_load_req = readreq i1 @_ssdm_op_ReadReq.m_axi.i32P1A, i32 %gmem0_addr, i32 1" [../ip/ip6/pooling.cpp:97]   --->   Operation 110 'readreq' 'gmem0_load_req' <Predicate = (and_ln92)> <Delay = 7.30> <CoreInst = "m_axi">   --->   Core 113 'm_axi' <Latency = 0> <II = 1> <Delay = 1.00> <Adapter> <Opcode : 'read' 'write' 'readreq' 'writereq' 'writeresp'>

State 12 <SV = 11> <Delay = 7.30>
ST_12 : Operation 111 [2/7] (7.30ns)   --->   "%gmem0_load_req = readreq i1 @_ssdm_op_ReadReq.m_axi.i32P1A, i32 %gmem0_addr, i32 1" [../ip/ip6/pooling.cpp:97]   --->   Operation 111 'readreq' 'gmem0_load_req' <Predicate = (and_ln92)> <Delay = 7.30> <CoreInst = "m_axi">   --->   Core 113 'm_axi' <Latency = 0> <II = 1> <Delay = 1.00> <Adapter> <Opcode : 'read' 'write' 'readreq' 'writereq' 'writeresp'>

State 13 <SV = 12> <Delay = 7.30>
ST_13 : Operation 112 [1/7] (7.30ns)   --->   "%gmem0_load_req = readreq i1 @_ssdm_op_ReadReq.m_axi.i32P1A, i32 %gmem0_addr, i32 1" [../ip/ip6/pooling.cpp:97]   --->   Operation 112 'readreq' 'gmem0_load_req' <Predicate = (and_ln92)> <Delay = 7.30> <CoreInst = "m_axi">   --->   Core 113 'm_axi' <Latency = 0> <II = 1> <Delay = 1.00> <Adapter> <Opcode : 'read' 'write' 'readreq' 'writereq' 'writeresp'>

State 14 <SV = 13> <Delay = 7.30>
ST_14 : Operation 113 [1/1] (7.30ns)   --->   "%gmem0_addr_read = read i32 @_ssdm_op_Read.m_axi.i32P1A, i32 %gmem0_addr" [../ip/ip6/pooling.cpp:97]   --->   Operation 113 'read' 'gmem0_addr_read' <Predicate = (and_ln92)> <Delay = 7.30> <CoreInst = "m_axi">   --->   Core 113 'm_axi' <Latency = 0> <II = 1> <Delay = 1.00> <Adapter> <Opcode : 'read' 'write' 'readreq' 'writereq' 'writeresp'>

State 15 <SV = 14> <Delay = 6.32>
ST_15 : Operation 114 [1/1] (0.00ns)   --->   "%sum_load_1 = load i32 %sum" [../ip/ip6/pooling.cpp:97]   --->   Operation 114 'load' 'sum_load_1' <Predicate = (and_ln92)> <Delay = 0.00>
ST_15 : Operation 115 [1/1] (0.00ns)   --->   "%bitcast_ln97 = bitcast i32 %gmem0_addr_read" [../ip/ip6/pooling.cpp:97]   --->   Operation 115 'bitcast' 'bitcast_ln97' <Predicate = (and_ln92)> <Delay = 0.00>
ST_15 : Operation 116 [5/5] (6.32ns)   --->   "%sum_1 = fadd i32 %sum_load_1, i32 %bitcast_ln97" [../ip/ip6/pooling.cpp:97]   --->   Operation 116 'fadd' 'sum_1' <Predicate = (and_ln92)> <Delay = 6.32> <CoreInst = "FAddSub_fulldsp">   --->   Core 18 'FAddSub_fulldsp' <Latency = 4> <II = 1> <Delay = 6.32> <FuncUnit> <Opcode : 'fadd' 'fsub'> <InPorts = 2> <OutPorts = 1>
ST_15 : Operation 123 [1/1] (0.00ns)   --->   "%sum_load = load i32 %sum"   --->   Operation 123 'load' 'sum_load' <Predicate = (icmp_ln1027)> <Delay = 0.00>
ST_15 : Operation 124 [1/1] (0.00ns)   --->   "%count_load = load i32 %count"   --->   Operation 124 'load' 'count_load' <Predicate = (icmp_ln1027)> <Delay = 0.00>
ST_15 : Operation 125 [1/1] (0.00ns)   --->   "%write_ln0 = write void @_ssdm_op_Write.ap_auto.i32P0A, i32 %count_1_out, i32 %count_load"   --->   Operation 125 'write' 'write_ln0' <Predicate = (icmp_ln1027)> <Delay = 0.00>
ST_15 : Operation 126 [1/1] (0.00ns)   --->   "%write_ln0 = write void @_ssdm_op_Write.ap_auto.floatP0A, i32 %sum_1_out, i32 %sum_load"   --->   Operation 126 'write' 'write_ln0' <Predicate = (icmp_ln1027)> <Delay = 0.00>
ST_15 : Operation 127 [1/1] (0.00ns)   --->   "%ret_ln0 = ret"   --->   Operation 127 'ret' 'ret_ln0' <Predicate = (icmp_ln1027)> <Delay = 0.00>

State 16 <SV = 15> <Delay = 6.32>
ST_16 : Operation 117 [4/5] (6.32ns)   --->   "%sum_1 = fadd i32 %sum_load_1, i32 %bitcast_ln97" [../ip/ip6/pooling.cpp:97]   --->   Operation 117 'fadd' 'sum_1' <Predicate = (and_ln92)> <Delay = 6.32> <CoreInst = "FAddSub_fulldsp">   --->   Core 18 'FAddSub_fulldsp' <Latency = 4> <II = 1> <Delay = 6.32> <FuncUnit> <Opcode : 'fadd' 'fsub'> <InPorts = 2> <OutPorts = 1>

State 17 <SV = 16> <Delay = 6.32>
ST_17 : Operation 118 [3/5] (6.32ns)   --->   "%sum_1 = fadd i32 %sum_load_1, i32 %bitcast_ln97" [../ip/ip6/pooling.cpp:97]   --->   Operation 118 'fadd' 'sum_1' <Predicate = (and_ln92)> <Delay = 6.32> <CoreInst = "FAddSub_fulldsp">   --->   Core 18 'FAddSub_fulldsp' <Latency = 4> <II = 1> <Delay = 6.32> <FuncUnit> <Opcode : 'fadd' 'fsub'> <InPorts = 2> <OutPorts = 1>

State 18 <SV = 17> <Delay = 6.32>
ST_18 : Operation 119 [2/5] (6.32ns)   --->   "%sum_1 = fadd i32 %sum_load_1, i32 %bitcast_ln97" [../ip/ip6/pooling.cpp:97]   --->   Operation 119 'fadd' 'sum_1' <Predicate = (and_ln92)> <Delay = 6.32> <CoreInst = "FAddSub_fulldsp">   --->   Core 18 'FAddSub_fulldsp' <Latency = 4> <II = 1> <Delay = 6.32> <FuncUnit> <Opcode : 'fadd' 'fsub'> <InPorts = 2> <OutPorts = 1>

State 19 <SV = 18> <Delay = 6.32>
ST_19 : Operation 120 [1/5] (6.32ns)   --->   "%sum_1 = fadd i32 %sum_load_1, i32 %bitcast_ln97" [../ip/ip6/pooling.cpp:97]   --->   Operation 120 'fadd' 'sum_1' <Predicate = (and_ln92)> <Delay = 6.32> <CoreInst = "FAddSub_fulldsp">   --->   Core 18 'FAddSub_fulldsp' <Latency = 4> <II = 1> <Delay = 6.32> <FuncUnit> <Opcode : 'fadd' 'fsub'> <InPorts = 2> <OutPorts = 1>

State 20 <SV = 19> <Delay = 1.29>
ST_20 : Operation 121 [1/1] (1.29ns)   --->   "%store_ln99 = store i32 %sum_1, i32 %sum" [../ip/ip6/pooling.cpp:99]   --->   Operation 121 'store' 'store_ln99' <Predicate = (and_ln92)> <Delay = 1.29>
ST_20 : Operation 122 [1/1] (0.00ns)   --->   "%br_ln99 = br void %for.inc111" [../ip/ip6/pooling.cpp:99]   --->   Operation 122 'br' 'br_ln99' <Predicate = (and_ln92)> <Delay = 0.00>


============================================================
+ Verbose Summary: Timing violations
============================================================
Target clock period: 10ns, clock uncertainty: 2.7ns.

 <State 1>: 5.88ns
The critical path consists of the following:
	'alloca' operation ('kh') [15]  (0 ns)
	'load' operation ('kh', ../ip/ip6/pooling.cpp:85) on local variable 'kh' [42]  (0 ns)
	'add' operation ('add_ln85', ../ip/ip6/pooling.cpp:85) [58]  (1.31 ns)
	'add' operation ('h_in_mid1') [60]  (1.72 ns)
	'select' operation ('select_ln1027_1') [61]  (1.03 ns)
	'mul' operation of DSP[63] ('mul_ln1027') [63]  (1.82 ns)

 <State 2>: 1.82ns
The critical path consists of the following:
	'mul' operation of DSP[63] ('mul_ln1027') [63]  (1.82 ns)

 <State 3>: 1.82ns
The critical path consists of the following:
	'mul' operation of DSP[63] ('mul_ln1027') [63]  (1.82 ns)

 <State 4>: 6.27ns
The critical path consists of the following:
	'select' operation ('select_ln1027') [57]  (0.448 ns)
	'add' operation ('w_in', ../ip/ip6/pooling.cpp:89) [73]  (1.72 ns)
	'icmp' operation ('icmp_ln92', ../ip/ip6/pooling.cpp:92) [75]  (2.01 ns)
	'and' operation ('and_ln92', ../ip/ip6/pooling.cpp:92) [77]  (0.8 ns)
	blocking operation 1.3 ns on control path)

 <State 5>: 7.05ns
The critical path consists of the following:
	'mul' operation ('mul_ln94', ../ip/ip6/pooling.cpp:94) [83]  (7.05 ns)

 <State 6>: 4.59ns
The critical path consists of the following:
	'add' operation ('in_offset', ../ip/ip6/pooling.cpp:94) [84]  (1.9 ns)
	'add' operation ('add_ln97', ../ip/ip6/pooling.cpp:97) [87]  (2.69 ns)

 <State 7>: 7.3ns
The critical path consists of the following:
	bus request operation ('gmem0_load_req', ../ip/ip6/pooling.cpp:97) on port 'gmem0' (../ip/ip6/pooling.cpp:97) [91]  (7.3 ns)

 <State 8>: 7.3ns
The critical path consists of the following:
	bus request operation ('gmem0_load_req', ../ip/ip6/pooling.cpp:97) on port 'gmem0' (../ip/ip6/pooling.cpp:97) [91]  (7.3 ns)

 <State 9>: 7.3ns
The critical path consists of the following:
	bus request operation ('gmem0_load_req', ../ip/ip6/pooling.cpp:97) on port 'gmem0' (../ip/ip6/pooling.cpp:97) [91]  (7.3 ns)

 <State 10>: 7.3ns
The critical path consists of the following:
	bus request operation ('gmem0_load_req', ../ip/ip6/pooling.cpp:97) on port 'gmem0' (../ip/ip6/pooling.cpp:97) [91]  (7.3 ns)

 <State 11>: 7.3ns
The critical path consists of the following:
	bus request operation ('gmem0_load_req', ../ip/ip6/pooling.cpp:97) on port 'gmem0' (../ip/ip6/pooling.cpp:97) [91]  (7.3 ns)

 <State 12>: 7.3ns
The critical path consists of the following:
	bus request operation ('gmem0_load_req', ../ip/ip6/pooling.cpp:97) on port 'gmem0' (../ip/ip6/pooling.cpp:97) [91]  (7.3 ns)

 <State 13>: 7.3ns
The critical path consists of the following:
	bus request operation ('gmem0_load_req', ../ip/ip6/pooling.cpp:97) on port 'gmem0' (../ip/ip6/pooling.cpp:97) [91]  (7.3 ns)

 <State 14>: 7.3ns
The critical path consists of the following:
	bus read operation ('gmem0_addr_read', ../ip/ip6/pooling.cpp:97) on port 'gmem0' (../ip/ip6/pooling.cpp:97) [92]  (7.3 ns)

 <State 15>: 6.33ns
The critical path consists of the following:
	'load' operation ('sum_load_1', ../ip/ip6/pooling.cpp:97) on local variable 'sum' [80]  (0 ns)
	'fadd' operation ('sum', ../ip/ip6/pooling.cpp:97) [94]  (6.33 ns)

 <State 16>: 6.33ns
The critical path consists of the following:
	'fadd' operation ('sum', ../ip/ip6/pooling.cpp:97) [94]  (6.33 ns)

 <State 17>: 6.33ns
The critical path consists of the following:
	'fadd' operation ('sum', ../ip/ip6/pooling.cpp:97) [94]  (6.33 ns)

 <State 18>: 6.33ns
The critical path consists of the following:
	'fadd' operation ('sum', ../ip/ip6/pooling.cpp:97) [94]  (6.33 ns)

 <State 19>: 6.33ns
The critical path consists of the following:
	'fadd' operation ('sum', ../ip/ip6/pooling.cpp:97) [94]  (6.33 ns)

 <State 20>: 1.3ns
The critical path consists of the following:
	'store' operation ('store_ln99', ../ip/ip6/pooling.cpp:99) of variable 'sum', ../ip/ip6/pooling.cpp:97 on local variable 'sum' [97]  (1.3 ns)


============================================================
+ Verbose Summary: Binding
============================================================
N/A
* FSMD analyzer results:
  - Output states:
 - Input state : 
  - Chain level:
	State 1
	State 2
	State 3
	State 4
	State 5
	State 6
	State 7
	State 8
	State 9
	State 10
	State 11
	State 12
	State 13
	State 14
	State 15
	State 16
	State 17
	State 18
	State 19
	State 20


============================================================
+ Verbose Summary: Datapath Resource usage 
============================================================
N/A
