C:\Users\11400\Desktop\shuffletest\HLS\ip8\solution1\.autopilot\db\pooling.pp.0.cpp:1324:7: warning: Added loop label VITIS_LOOP_1211_1:   [xilinx-label-all-loops]
      for (i = 0; i < __N - 1; ++i) {
      ^~~
      VITIS_LOOP_1211_1: 
C:\Users\11400\Desktop\shuffletest\HLS\ip8\solution1\.autopilot\db\pooling.pp.0.cpp:1324:7: note: FIX-IT applied suggested code changes
C:\Users\11400\Desktop\shuffletest\HLS\ip8\solution1\.autopilot\db\pooling.pp.0.cpp:2298:5: warning: Added loop label VITIS_LOOP_676_1:   [xilinx-label-all-loops]
    for (unsigned i = low; i != high; ++i) {
    ^~~
    VITIS_LOOP_676_1: 
C:\Users\11400\Desktop\shuffletest\HLS\ip8\solution1\.autopilot\db\pooling.pp.0.cpp:2298:5: note: FIX-IT applied suggested code changes
C:\Users\11400\Desktop\shuffletest\HLS\ip8\solution1\.autopilot\db\pooling.pp.0.cpp:2312:5: warning: Added loop label VITIS_LOOP_690_1:   [xilinx-label-all-loops]
    for (unsigned i = low; i != high; ++i) {
    ^~~
    VITIS_LOOP_690_1: 
C:\Users\11400\Desktop\shuffletest\HLS\ip8\solution1\.autopilot\db\pooling.pp.0.cpp:2312:5: note: FIX-IT applied suggested code changes
C:\Users\11400\Desktop\shuffletest\HLS\ip8\solution1\.autopilot\db\pooling.pp.0.cpp:2326:5: warning: Added loop label VITIS_LOOP_704_1:   [xilinx-label-all-loops]
    for (unsigned i = low; i != high; ++i) {
    ^~~
    VITIS_LOOP_704_1: 
C:\Users\11400\Desktop\shuffletest\HLS\ip8\solution1\.autopilot\db\pooling.pp.0.cpp:2326:5: note: FIX-IT applied suggested code changes
C:\Users\11400\Desktop\shuffletest\HLS\ip8\solution1\.autopilot\db\pooling.pp.0.cpp:3937:7: warning: Added loop label VITIS_LOOP_1245_1:   [xilinx-label-all-loops]
      for (i = 0; i < __N - 1; ++i) {
      ^~~
      VITIS_LOOP_1245_1: 
C:\Users\11400\Desktop\shuffletest\HLS\ip8\solution1\.autopilot\db\pooling.pp.0.cpp:3937:7: note: FIX-IT applied suggested code changes
C:\Users\11400\Desktop\shuffletest\HLS\ip8\solution1\.autopilot\db\pooling.pp.0.cpp:5781:2: warning: Added loop label VITIS_LOOP_48_1:   [xilinx-label-all-loops]
 for (int c = 0; c < C_in; ++c) {
 ^~~
 VITIS_LOOP_48_1: 
C:\Users\11400\Desktop\shuffletest\HLS\ip8\solution1\.autopilot\db\pooling.pp.0.cpp:5781:2: note: FIX-IT applied suggested code changes
C:\Users\11400\Desktop\shuffletest\HLS\ip8\solution1\.autopilot\db\pooling.pp.0.cpp:5783:9: warning: Added loop label VITIS_LOOP_50_2:   [xilinx-label-all-loops]
        for (int h_out = 0; h_out < H_out; ++h_out) {
        ^~~
        VITIS_LOOP_50_2: 
C:\Users\11400\Desktop\shuffletest\HLS\ip8\solution1\.autopilot\db\pooling.pp.0.cpp:5783:9: note: FIX-IT applied suggested code changes
C:\Users\11400\Desktop\shuffletest\HLS\ip8\solution1\.autopilot\db\pooling.pp.0.cpp:5784:13: warning: Added loop label VITIS_LOOP_51_3:   [xilinx-label-all-loops]
            for (int w_out = 0; w_out < W_out; ++w_out) {
            ^~~
            VITIS_LOOP_51_3: 
C:\Users\11400\Desktop\shuffletest\HLS\ip8\solution1\.autopilot\db\pooling.pp.0.cpp:5784:13: note: FIX-IT applied suggested code changes
C:\Users\11400\Desktop\shuffletest\HLS\ip8\solution1\.autopilot\db\pooling.pp.0.cpp:5790:21: warning: Added loop label VITIS_LOOP_57_4:   [xilinx-label-all-loops]
                    for (int kh = 0; kh < kernel_size; ++kh) {
                    ^~~
                    VITIS_LOOP_57_4: 
C:\Users\11400\Desktop\shuffletest\HLS\ip8\solution1\.autopilot\db\pooling.pp.0.cpp:5790:21: note: FIX-IT applied suggested code changes
C:\Users\11400\Desktop\shuffletest\HLS\ip8\solution1\.autopilot\db\pooling.pp.0.cpp:5791:25: warning: Added loop label VITIS_LOOP_58_5:   [xilinx-label-all-loops]
                        for (int kw = 0; kw < kernel_size; ++kw) {
                        ^~~
                        VITIS_LOOP_58_5: 
C:\Users\11400\Desktop\shuffletest\HLS\ip8\solution1\.autopilot\db\pooling.pp.0.cpp:5791:25: note: FIX-IT applied suggested code changes
C:\Users\11400\Desktop\shuffletest\HLS\ip8\solution1\.autopilot\db\pooling.pp.0.cpp:5818:21: warning: Added loop label VITIS_LOOP_85_6:   [xilinx-label-all-loops]
                    for (int kh = 0; kh < kernel_size; ++kh) {
                    ^~~
                    VITIS_LOOP_85_6: 
C:\Users\11400\Desktop\shuffletest\HLS\ip8\solution1\.autopilot\db\pooling.pp.0.cpp:5818:21: note: FIX-IT applied suggested code changes
C:\Users\11400\Desktop\shuffletest\HLS\ip8\solution1\.autopilot\db\pooling.pp.0.cpp:5819:25: warning: Added loop label VITIS_LOOP_86_7:   [xilinx-label-all-loops]
                        for (int kw = 0; kw < kernel_size; ++kw) {
                        ^~~
                        VITIS_LOOP_86_7: 
C:\Users\11400\Desktop\shuffletest\HLS\ip8\solution1\.autopilot\db\pooling.pp.0.cpp:5819:25: note: FIX-IT applied suggested code changes
