remark: D:/Xilinx/Vitis_HLS/2022.2/common/technology/autopilot\ap_int_base.h:214:67: Inlining function 'ssdm_int<32, true>::ssdm_int(int)' into 'ap_int_base<32, true>::ap_int_base(int)'
remark: D:/Xilinx/Vitis_HLS/2022.2/common/technology/autopilot\ap_int_base.h:1788:520: Inlining function 'ap_int_base<32, true>::ap_int_base(int)' into 'bool operator<<16, false>(int, ap_int_base<16, false> const&)'
remark: D:/Xilinx/Vitis_HLS/2022.2/common/technology/autopilot\ap_int_base.h:1788:558: Inlining function 'bool ap_int_base<32, true>::operator<<16, false>(ap_int_base<16, false> const&) const' into 'bool operator<<16, false>(int, ap_int_base<16, false> const&)'
remark: D:/Xilinx/Vitis_HLS/2022.2/common/technology/autopilot\ap_int_base.h:185:106: Inlining function '_ZN8ssdm_intILi48ELb1EEC2EDq48_i' into 'ap_int_base<48, true>::ap_int_base<32, true>(ap_int_base<32, true> const&)'
remark: D:/Xilinx/Vitis_HLS/2022.2/common/technology/autopilot\ap_int_base.h:185:106: Inlining function '_ZN8ssdm_intILi48ELb1EEC2EDq48_i' into 'ap_int_base<48, true>::ap_int_base<16, false>(ap_int_base<16, false> const&)'
remark: D:/Xilinx/Vitis_HLS/2022.2/common/technology/autopilot\ap_int_base.h:214:67: Inlining function '_ZN8ssdm_intILi48ELb1EEC2EDq48_i' into 'ap_int_base<48, true>::ap_int_base(int)'
remark: D:/Xilinx/Vitis_HLS/2022.2/common/technology/autopilot\ap_int_base.h:1494:339: Inlining function 'ap_int_base<48, true>::ap_int_base<32, true>(ap_int_base<32, true> const&)' into 'ap_int_base<32, true>::RType<16, false>::mult operator*<32, true, 16, false>(ap_int_base<32, true> const&, ap_int_base<16, false> const&)'
remark: D:/Xilinx/Vitis_HLS/2022.2/common/technology/autopilot\ap_int_base.h:1494:516: Inlining function 'ap_int_base<48, true>::ap_int_base(int)' into 'ap_int_base<32, true>::RType<16, false>::mult operator*<32, true, 16, false>(ap_int_base<32, true> const&, ap_int_base<16, false> const&)'
remark: D:/Xilinx/Vitis_HLS/2022.2/common/technology/autopilot\ap_int_base.h:1494:427: Inlining function 'ap_int_base<48, true>::ap_int_base<16, false>(ap_int_base<16, false> const&)' into 'ap_int_base<32, true>::RType<16, false>::mult operator*<32, true, 16, false>(ap_int_base<32, true> const&, ap_int_base<16, false> const&)'
remark: D:/Xilinx/Vitis_HLS/2022.2/common/technology/autopilot\ap_int_base.h:1633:216: Inlining function 'ap_int_base<32, true>::ap_int_base(int)' into 'ap_int_base<16, false>::RType<($_0)32, true>::mult operator*<16, false>(int, ap_int_base<16, false> const&)'
remark: D:/Xilinx/Vitis_HLS/2022.2/common/technology/autopilot\ap_int_base.h:1633:254: Inlining function 'ap_int_base<32, true>::RType<16, false>::mult operator*<32, true, 16, false>(ap_int_base<32, true> const&, ap_int_base<16, false> const&)' into 'ap_int_base<16, false>::RType<($_0)32, true>::mult operator*<16, false>(int, ap_int_base<16, false> const&)'
remark: D:/Xilinx/Vitis_HLS/2022.2/common/technology/autopilot\ap_int_base.h:185:106: Inlining function '_ZN8ssdm_intILi49ELb1EEC2EDq49_i' into 'ap_int_base<49, true>::ap_int_base<48, true>(ap_int_base<48, true> const&)'
remark: D:/Xilinx/Vitis_HLS/2022.2/common/technology/autopilot\ap_int_base.h:185:106: Inlining function '_ZN8ssdm_intILi49ELb1EEC2EDq49_i' into 'ap_int_base<49, true>::ap_int_base<32, true>(ap_int_base<32, true> const&)'
remark: D:/Xilinx/Vitis_HLS/2022.2/common/technology/autopilot\ap_int_base.h:214:67: Inlining function '_ZN8ssdm_intILi49ELb1EEC2EDq49_i' into 'ap_int_base<49, true>::ap_int_base(int)'
remark: D:/Xilinx/Vitis_HLS/2022.2/common/technology/autopilot\ap_int_base.h:1495:339: Inlining function 'ap_int_base<49, true>::ap_int_base<48, true>(ap_int_base<48, true> const&)' into 'ap_int_base<48, true>::RType<32, true>::plus operator+<48, true, 32, true>(ap_int_base<48, true> const&, ap_int_base<32, true> const&)'
remark: D:/Xilinx/Vitis_HLS/2022.2/common/technology/autopilot\ap_int_base.h:1495:516: Inlining function 'ap_int_base<49, true>::ap_int_base(int)' into 'ap_int_base<48, true>::RType<32, true>::plus operator+<48, true, 32, true>(ap_int_base<48, true> const&, ap_int_base<32, true> const&)'
remark: D:/Xilinx/Vitis_HLS/2022.2/common/technology/autopilot\ap_int_base.h:1495:427: Inlining function 'ap_int_base<49, true>::ap_int_base<32, true>(ap_int_base<32, true> const&)' into 'ap_int_base<48, true>::RType<32, true>::plus operator+<48, true, 32, true>(ap_int_base<48, true> const&, ap_int_base<32, true> const&)'
remark: D:/Xilinx/Vitis_HLS/2022.2/common/technology/autopilot\ap_int_base.h:1633:1006: Inlining function 'ap_int_base<32, true>::ap_int_base(int)' into 'ap_int_base<48, true>::RType<($_0)32, true>::plus operator+<48, true>(ap_int_base<48, true> const&, int)'
remark: D:/Xilinx/Vitis_HLS/2022.2/common/technology/autopilot\ap_int_base.h:1633:1004: Inlining function 'ap_int_base<48, true>::RType<32, true>::plus operator+<48, true, 32, true>(ap_int_base<48, true> const&, ap_int_base<32, true> const&)' into 'ap_int_base<48, true>::RType<($_0)32, true>::plus operator+<48, true>(ap_int_base<48, true> const&, int)'
remark: ../ip/ip6/fully_connected.cpp:35:37: Inlining function 'bool operator<<16, false>(int, ap_int_base<16, false> const&)' into 'fully_connected(ap_uint<16>, ap_uint<16>, float*, float*, float*, float*)'
remark: ../ip/ip6/fully_connected.cpp:44:28: Inlining function 'ap_int_base<49, true>::operator long long() const' into 'fully_connected(ap_uint<16>, ap_uint<16>, float*, float*, float*, float*)'
remark: ../ip/ip6/fully_connected.cpp:44:44: Inlining function 'ap_int_base<48, true>::RType<($_0)32, true>::plus operator+<48, true>(ap_int_base<48, true> const&, int)' into 'fully_connected(ap_uint<16>, ap_uint<16>, float*, float*, float*, float*)'
remark: ../ip/ip6/fully_connected.cpp:44:30: Inlining function 'ap_int_base<16, false>::RType<($_0)32, true>::mult operator*<16, false>(int, ap_int_base<16, false> const&)' into 'fully_connected(ap_uint<16>, ap_uint<16>, float*, float*, float*, float*)'
remark: ../ip/ip6/fully_connected.cpp:42:37: Inlining function 'bool operator<<16, false>(int, ap_int_base<16, false> const&)' into 'fully_connected(ap_uint<16>, ap_uint<16>, float*, float*, float*, float*)'
remark: ../ip/ip6/fully_connected.cpp:35:19: Loop 'VITIS_LOOP_35_1' is marked as complete unroll implied by the pipeline pragma
remark: ../ip/ip6/fully_connected.cpp:42:19: Loop 'VITIS_LOOP_42_2' is marked as complete unroll implied by the pipeline pragma
remark: ../ip/ip6/fully_connected.cpp:42:19: Sequential read of variable length has been inferred _XLX_SEP_ OldID=for.inc.load.16,  _XLX_SEP_ inputseq input gmem0 VITIS_LOOP_42_2 ../ip/ip6/fully_connected.cpp:42:19 fully_connected(ap_uint<16>, ap_uint<16>, float*, float*, float*, float*) 
remark: ../ip/ip6/fully_connected.cpp:35:19: Sequential read of variable length has been inferred _XLX_SEP_ OldID=for.inc.load.21,  _XLX_SEP_ weightsseq weights gmem0 VITIS_LOOP_35_1 ../ip/ip6/fully_connected.cpp:35:19 fully_connected(ap_uint<16>, ap_uint<16>, float*, float*, float*, float*) 
remark: ../ip/ip6/fully_connected.cpp:35:19: Sequential read of variable length has been inferred _XLX_SEP_ OldID=for.inc15.load.3,  _XLX_SEP_ biasesseq biases gmem0 VITIS_LOOP_35_1 ../ip/ip6/fully_connected.cpp:35:19 fully_connected(ap_uint<16>, ap_uint<16>, float*, float*, float*, float*) 
remark: ../ip/ip6/fully_connected.cpp:35:19: Sequential write of variable length has been inferred _XLX_SEP_ OldID=for.inc15.store.8,  _XLX_SEP_ outputseq output gmem0 VITIS_LOOP_35_1 ../ip/ip6/fully_connected.cpp:35:19 fully_connected(ap_uint<16>, ap_uint<16>, float*, float*, float*, float*) 
remark: ../ip/ip6/fully_connected.cpp:42:19: Could not analyze pattern _XLX_SEP_ inputseq input gmem0 VITIS_LOOP_35_1 ../ip/ip6/fully_connected.cpp:35:19 fully_connected(ap_uint<16>, ap_uint<16>, float*, float*, float*, float*) 
remark: ../ip/ip6/fully_connected.cpp:35:19: Could not widen since type float size is greater than or equal to the max_widen_bitwidth threshold of 0 _XLX_SEP_ biasesseq biases gmem0 VITIS_LOOP_35_1 ../ip/ip6/fully_connected.cpp:35:19 fully_connected(ap_uint<16>, ap_uint<16>, float*, float*, float*, float*) 
remark: ../ip/ip6/fully_connected.cpp:35:19: Could not widen since type float size is greater than or equal to the max_widen_bitwidth threshold of 0 _XLX_SEP_ outputseq output gmem0 VITIS_LOOP_35_1 ../ip/ip6/fully_connected.cpp:35:19 fully_connected(ap_uint<16>, ap_uint<16>, float*, float*, float*, float*) 
remark: ../ip/ip6/fully_connected.cpp:42:19: Could not widen since type float size is greater than or equal to the max_widen_bitwidth threshold of 0 _XLX_SEP_ inputseq input gmem0 VITIS_LOOP_42_2 ../ip/ip6/fully_connected.cpp:42:19 fully_connected(ap_uint<16>, ap_uint<16>, float*, float*, float*, float*) 
remark: ../ip/ip6/fully_connected.cpp:35:19: Could not widen since type float size is greater than or equal to the max_widen_bitwidth threshold of 0 _XLX_SEP_ weightsseq weights gmem0 VITIS_LOOP_42_2 ../ip/ip6/fully_connected.cpp:42:19 fully_connected(ap_uint<16>, ap_uint<16>, float*, float*, float*, float*) 
remark: ../ip/ip6/fully_connected.cpp:35:19: Loop 'VITIS_LOOP_35_1' is marked as complete unroll implied by the pipeline pragma
remark: ../ip/ip6/fully_connected.cpp:42:19: Loop 'VITIS_LOOP_42_2' is marked as complete unroll implied by the pipeline pragma
warning: ../ip/ip6/fully_connected.cpp:12:17: Replacing invalid offset value '20' with '24' for s_axilite port 'out_features'.
remark: ../ip/ip6/fully_connected.cpp:35:19: Could not burst due to multiple potential reads to the same bundle in the same region. _XLX_SEP_ seq  gmem0 fully_connected(ap_uint<16>, ap_uint<16>, float*, float*, float*, float*) 
remark: ../ip/ip6/fully_connected.cpp:35:19: Could not burst due to multiple potential reads to the same bundle in the same region. _XLX_SEP_ seq1  gmem0 fully_connected(ap_uint<16>, ap_uint<16>, float*, float*, float*, float*) 
remark: ../ip/ip6/fully_connected.cpp:35:19: Multiple burst writes of variable length and bit width 32 has been inferred. These burst requests might be further partitioned into multiple requests during RTL generation, based on max_read_burst_length or max_write_burst_length settings. _XLX_SEP_ seq2  gmem0 VITIS_LOOP_35_1 ../ip/ip6/fully_connected.cpp:35:19 fully_connected(ap_uint<16>, ap_uint<16>, float*, float*, float*, float*) 
remark: ../ip/ip6/fully_connected.cpp:35:19: Multiple burst writes of variable length and bit width 32 in loop 'VITIS_LOOP_35_1'(../ip/ip6/fully_connected.cpp:35:19) has been inferred on bundle 'gmem0'. These burst requests might be further partitioned into multiple requests during RTL generation, based on max_read_burst_length or max_write_burst_length settings.
remark: ../ip/ip6/fully_connected.cpp:35:19: Loop 'VITIS_LOOP_35_1' is marked as complete unroll implied by the pipeline pragma
remark: ../ip/ip6/fully_connected.cpp:42:19: Loop 'VITIS_LOOP_42_2' is marked as complete unroll implied by the pipeline pragma
