C:\Users\11400\Desktop\shuffletest\HLS\ip6\solution1\.autopilot\db\fully_connected.pp.0.cpp:1324:7: warning: Added loop label VITIS_LOOP_1211_1:   [xilinx-label-all-loops]
      for (i = 0; i < __N - 1; ++i) {
      ^~~
      VITIS_LOOP_1211_1: 
C:\Users\11400\Desktop\shuffletest\HLS\ip6\solution1\.autopilot\db\fully_connected.pp.0.cpp:1324:7: note: FIX-IT applied suggested code changes
C:\Users\11400\Desktop\shuffletest\HLS\ip6\solution1\.autopilot\db\fully_connected.pp.0.cpp:2298:5: warning: Added loop label VITIS_LOOP_676_1:   [xilinx-label-all-loops]
    for (unsigned i = low; i != high; ++i) {
    ^~~
    VITIS_LOOP_676_1: 
C:\Users\11400\Desktop\shuffletest\HLS\ip6\solution1\.autopilot\db\fully_connected.pp.0.cpp:2298:5: note: FIX-IT applied suggested code changes
C:\Users\11400\Desktop\shuffletest\HLS\ip6\solution1\.autopilot\db\fully_connected.pp.0.cpp:2312:5: warning: Added loop label VITIS_LOOP_690_1:   [xilinx-label-all-loops]
    for (unsigned i = low; i != high; ++i) {
    ^~~
    VITIS_LOOP_690_1: 
C:\Users\11400\Desktop\shuffletest\HLS\ip6\solution1\.autopilot\db\fully_connected.pp.0.cpp:2312:5: note: FIX-IT applied suggested code changes
C:\Users\11400\Desktop\shuffletest\HLS\ip6\solution1\.autopilot\db\fully_connected.pp.0.cpp:2326:5: warning: Added loop label VITIS_LOOP_704_1:   [xilinx-label-all-loops]
    for (unsigned i = low; i != high; ++i) {
    ^~~
    VITIS_LOOP_704_1: 
C:\Users\11400\Desktop\shuffletest\HLS\ip6\solution1\.autopilot\db\fully_connected.pp.0.cpp:2326:5: note: FIX-IT applied suggested code changes
C:\Users\11400\Desktop\shuffletest\HLS\ip6\solution1\.autopilot\db\fully_connected.pp.0.cpp:3937:7: warning: Added loop label VITIS_LOOP_1245_1:   [xilinx-label-all-loops]
      for (i = 0; i < __N - 1; ++i) {
      ^~~
      VITIS_LOOP_1245_1: 
C:\Users\11400\Desktop\shuffletest\HLS\ip6\solution1\.autopilot\db\fully_connected.pp.0.cpp:3937:7: note: FIX-IT applied suggested code changes
C:\Users\11400\Desktop\shuffletest\HLS\ip6\solution1\.autopilot\db\fully_connected.pp.0.cpp:5771:2: warning: Added loop label VITIS_LOOP_35_1:   [xilinx-label-all-loops]
 for (int o = 0; o < out_features; ++o) {
 ^~~
 VITIS_LOOP_35_1: 
C:\Users\11400\Desktop\shuffletest\HLS\ip6\solution1\.autopilot\db\fully_connected.pp.0.cpp:5771:2: note: FIX-IT applied suggested code changes
C:\Users\11400\Desktop\shuffletest\HLS\ip6\solution1\.autopilot\db\fully_connected.pp.0.cpp:5778:2: warning: Added loop label VITIS_LOOP_42_2:   [xilinx-label-all-loops]
 for (int i = 0; i < in_features; ++i) {
 ^~~
 VITIS_LOOP_42_2: 
C:\Users\11400\Desktop\shuffletest\HLS\ip6\solution1\.autopilot\db\fully_connected.pp.0.cpp:5778:2: note: FIX-IT applied suggested code changes
