

================================================================
== Vitis HLS Report for 'channel_shuffle_Pipeline_VITIS_LOOP_32_1'
================================================================
* Date:           Tue Nov  4 20:31:55 2025

* Version:        2022.2 (Build 3670227 on Oct 13 2022)
* Project:        ip5
* Solution:       solution1 (Vivado IP Flow Target)
* Product family: zynq
* Target device:  xc7z020-clg400-2


================================================================
== Performance Estimates
================================================================
+ Timing: 
    * Summary: 
    +--------+----------+----------+------------+
    |  Clock |  Target  | Estimated| Uncertainty|
    +--------+----------+----------+------------+
    |ap_clk  |  10.00 ns|  7.300 ns|     2.70 ns|
    +--------+----------+----------+------------+

+ Latency: 
    * Summary: 
    +---------+---------+----------+----------+-----+-----+---------+
    |  Latency (cycles) |  Latency (absolute) |  Interval | Pipeline|
    |   min   |   max   |    min   |    max   | min | max |   Type  |
    +---------+---------+----------+----------+-----+-----+---------+
    |        ?|        ?|         ?|         ?|    ?|    ?|       no|
    +---------+---------+----------+----------+-----+-----+---------+

    + Detail: 
        * Instance: 
        N/A

        * Loop: 
        +-------------------+---------+---------+----------+-----------+-----------+------+----------+
        |                   |  Latency (cycles) | Iteration|  Initiation Interval  | Trip |          |
        |     Loop Name     |   min   |   max   |  Latency |  achieved |   target  | Count| Pipelined|
        +-------------------+---------+---------+----------+-----------+-----------+------+----------+
        |- VITIS_LOOP_32_1  |        ?|        ?|         3|          1|          1|     ?|       yes|
        +-------------------+---------+---------+----------+-----------+-----------+------+----------+



================================================================
== Utilization Estimates
================================================================
* Summary: 
+-----------------+---------+-----+--------+-------+-----+
|       Name      | BRAM_18K| DSP |   FF   |  LUT  | URAM|
+-----------------+---------+-----+--------+-------+-----+
|DSP              |        -|    -|       -|      -|    -|
|Expression       |        -|    -|       0|     70|    -|
|FIFO             |        -|    -|       -|      -|    -|
|Instance         |        -|    -|       -|      -|    -|
|Memory           |        -|    -|       -|      -|    -|
|Multiplexer      |        -|    -|       -|     54|    -|
|Register         |        -|    -|      87|      -|    -|
+-----------------+---------+-----+--------+-------+-----+
|Total            |        0|    0|      87|    124|    0|
+-----------------+---------+-----+--------+-------+-----+
|Available        |      280|  220|  106400|  53200|    0|
+-----------------+---------+-----+--------+-------+-----+
|Utilization (%)  |        0|    0|      ~0|     ~0|    0|
+-----------------+---------+-----+--------+-------+-----+

+ Detail: 
    * Instance: 
    N/A

    * DSP: 
    N/A

    * Memory: 
    N/A

    * FIFO: 
    N/A

    * Expression: 
    +----------------------------------+----------+----+---+----+------------+------------+
    |           Variable Name          | Operation| DSP| FF| LUT| Bitwidth P0| Bitwidth P1|
    +----------------------------------+----------+----+---+----+------------+------------+
    |i_V_1_fu_112_p2                   |         +|   0|  0|  48|          48|           1|
    |ap_block_pp0_stage0_01001         |       and|   0|  0|   1|           1|           1|
    |ap_block_state3_pp0_stage0_iter2  |       and|   0|  0|   1|           1|           1|
    |icmp_ln32_fu_107_p2               |      icmp|   0|  0|  17|          48|          48|
    |ap_block_pp0_stage0_11001         |        or|   0|  0|   1|           1|           1|
    |ap_enable_pp0                     |       xor|   0|  0|   2|           1|           2|
    +----------------------------------+----------+----+---+----+------------+------------+
    |Total                             |          |   0|  0|  70|         100|          54|
    +----------------------------------+----------+----+---+----+------------+------------+

    * Multiplexer: 
    +-------------------------+----+-----------+-----+-----------+
    |           Name          | LUT| Input Size| Bits| Total Bits|
    +-------------------------+----+-----------+-----+-----------+
    |ap_done_int              |   9|          2|    1|          2|
    |ap_enable_reg_pp0_iter1  |   9|          2|    1|          2|
    |ap_enable_reg_pp0_iter3  |   9|          2|    1|          2|
    |gmem_in_blk_n_R          |   9|          2|    1|          2|
    |gmem_out_blk_n_W         |   9|          2|    1|          2|
    |i_V_fu_56                |   9|          2|   48|         96|
    +-------------------------+----+-----------+-----+-----------+
    |Total                    |  54|         12|   53|        106|
    +-------------------------+----+-----------+-----+-----------+

    * Register: 
    +----------------------------------+----+----+-----+-----------+
    |               Name               | FF | LUT| Bits| Const Bits|
    +----------------------------------+----+----+-----+-----------+
    |ap_CS_fsm                         |   1|   0|    1|          0|
    |ap_done_reg                       |   1|   0|    1|          0|
    |ap_enable_reg_pp0_iter1           |   1|   0|    1|          0|
    |ap_enable_reg_pp0_iter2           |   1|   0|    1|          0|
    |ap_enable_reg_pp0_iter3           |   1|   0|    1|          0|
    |ap_loop_exit_ready_pp0_iter2_reg  |   1|   0|    1|          0|
    |gmem_in_addr_read_reg_165         |  32|   0|   32|          0|
    |i_V_fu_56                         |  48|   0|   48|          0|
    |icmp_ln32_reg_156                 |   1|   0|    1|          0|
    +----------------------------------+----+----+-----+-----------+
    |Total                             |  87|   0|   87|          0|
    +----------------------------------+----+----+-----+-----------+



================================================================
== Interface
================================================================
* Summary: 
+-------------------------+-----+-----+------------+------------------------------------------+--------------+
|        RTL Ports        | Dir | Bits|  Protocol  |               Source Object              |    C Type    |
+-------------------------+-----+-----+------------+------------------------------------------+--------------+
|ap_clk                   |   in|    1|  ap_ctrl_hs|  channel_shuffle_Pipeline_VITIS_LOOP_32_1|  return value|
|ap_rst                   |   in|    1|  ap_ctrl_hs|  channel_shuffle_Pipeline_VITIS_LOOP_32_1|  return value|
|ap_start                 |   in|    1|  ap_ctrl_hs|  channel_shuffle_Pipeline_VITIS_LOOP_32_1|  return value|
|ap_done                  |  out|    1|  ap_ctrl_hs|  channel_shuffle_Pipeline_VITIS_LOOP_32_1|  return value|
|ap_idle                  |  out|    1|  ap_ctrl_hs|  channel_shuffle_Pipeline_VITIS_LOOP_32_1|  return value|
|ap_ready                 |  out|    1|  ap_ctrl_hs|  channel_shuffle_Pipeline_VITIS_LOOP_32_1|  return value|
|m_axi_gmem_in_AWVALID    |  out|    1|       m_axi|                                   gmem_in|       pointer|
|m_axi_gmem_in_AWREADY    |   in|    1|       m_axi|                                   gmem_in|       pointer|
|m_axi_gmem_in_AWADDR     |  out|   64|       m_axi|                                   gmem_in|       pointer|
|m_axi_gmem_in_AWID       |  out|    1|       m_axi|                                   gmem_in|       pointer|
|m_axi_gmem_in_AWLEN      |  out|   32|       m_axi|                                   gmem_in|       pointer|
|m_axi_gmem_in_AWSIZE     |  out|    3|       m_axi|                                   gmem_in|       pointer|
|m_axi_gmem_in_AWBURST    |  out|    2|       m_axi|                                   gmem_in|       pointer|
|m_axi_gmem_in_AWLOCK     |  out|    2|       m_axi|                                   gmem_in|       pointer|
|m_axi_gmem_in_AWCACHE    |  out|    4|       m_axi|                                   gmem_in|       pointer|
|m_axi_gmem_in_AWPROT     |  out|    3|       m_axi|                                   gmem_in|       pointer|
|m_axi_gmem_in_AWQOS      |  out|    4|       m_axi|                                   gmem_in|       pointer|
|m_axi_gmem_in_AWREGION   |  out|    4|       m_axi|                                   gmem_in|       pointer|
|m_axi_gmem_in_AWUSER     |  out|    1|       m_axi|                                   gmem_in|       pointer|
|m_axi_gmem_in_WVALID     |  out|    1|       m_axi|                                   gmem_in|       pointer|
|m_axi_gmem_in_WREADY     |   in|    1|       m_axi|                                   gmem_in|       pointer|
|m_axi_gmem_in_WDATA      |  out|   32|       m_axi|                                   gmem_in|       pointer|
|m_axi_gmem_in_WSTRB      |  out|    4|       m_axi|                                   gmem_in|       pointer|
|m_axi_gmem_in_WLAST      |  out|    1|       m_axi|                                   gmem_in|       pointer|
|m_axi_gmem_in_WID        |  out|    1|       m_axi|                                   gmem_in|       pointer|
|m_axi_gmem_in_WUSER      |  out|    1|       m_axi|                                   gmem_in|       pointer|
|m_axi_gmem_in_ARVALID    |  out|    1|       m_axi|                                   gmem_in|       pointer|
|m_axi_gmem_in_ARREADY    |   in|    1|       m_axi|                                   gmem_in|       pointer|
|m_axi_gmem_in_ARADDR     |  out|   64|       m_axi|                                   gmem_in|       pointer|
|m_axi_gmem_in_ARID       |  out|    1|       m_axi|                                   gmem_in|       pointer|
|m_axi_gmem_in_ARLEN      |  out|   32|       m_axi|                                   gmem_in|       pointer|
|m_axi_gmem_in_ARSIZE     |  out|    3|       m_axi|                                   gmem_in|       pointer|
|m_axi_gmem_in_ARBURST    |  out|    2|       m_axi|                                   gmem_in|       pointer|
|m_axi_gmem_in_ARLOCK     |  out|    2|       m_axi|                                   gmem_in|       pointer|
|m_axi_gmem_in_ARCACHE    |  out|    4|       m_axi|                                   gmem_in|       pointer|
|m_axi_gmem_in_ARPROT     |  out|    3|       m_axi|                                   gmem_in|       pointer|
|m_axi_gmem_in_ARQOS      |  out|    4|       m_axi|                                   gmem_in|       pointer|
|m_axi_gmem_in_ARREGION   |  out|    4|       m_axi|                                   gmem_in|       pointer|
|m_axi_gmem_in_ARUSER     |  out|    1|       m_axi|                                   gmem_in|       pointer|
|m_axi_gmem_in_RVALID     |   in|    1|       m_axi|                                   gmem_in|       pointer|
|m_axi_gmem_in_RREADY     |  out|    1|       m_axi|                                   gmem_in|       pointer|
|m_axi_gmem_in_RDATA      |   in|   32|       m_axi|                                   gmem_in|       pointer|
|m_axi_gmem_in_RLAST      |   in|    1|       m_axi|                                   gmem_in|       pointer|
|m_axi_gmem_in_RID        |   in|    1|       m_axi|                                   gmem_in|       pointer|
|m_axi_gmem_in_RFIFONUM   |   in|    9|       m_axi|                                   gmem_in|       pointer|
|m_axi_gmem_in_RUSER      |   in|    1|       m_axi|                                   gmem_in|       pointer|
|m_axi_gmem_in_RRESP      |   in|    2|       m_axi|                                   gmem_in|       pointer|
|m_axi_gmem_in_BVALID     |   in|    1|       m_axi|                                   gmem_in|       pointer|
|m_axi_gmem_in_BREADY     |  out|    1|       m_axi|                                   gmem_in|       pointer|
|m_axi_gmem_in_BRESP      |   in|    2|       m_axi|                                   gmem_in|       pointer|
|m_axi_gmem_in_BID        |   in|    1|       m_axi|                                   gmem_in|       pointer|
|m_axi_gmem_in_BUSER      |   in|    1|       m_axi|                                   gmem_in|       pointer|
|m_axi_gmem_out_AWVALID   |  out|    1|       m_axi|                                  gmem_out|       pointer|
|m_axi_gmem_out_AWREADY   |   in|    1|       m_axi|                                  gmem_out|       pointer|
|m_axi_gmem_out_AWADDR    |  out|   64|       m_axi|                                  gmem_out|       pointer|
|m_axi_gmem_out_AWID      |  out|    1|       m_axi|                                  gmem_out|       pointer|
|m_axi_gmem_out_AWLEN     |  out|   32|       m_axi|                                  gmem_out|       pointer|
|m_axi_gmem_out_AWSIZE    |  out|    3|       m_axi|                                  gmem_out|       pointer|
|m_axi_gmem_out_AWBURST   |  out|    2|       m_axi|                                  gmem_out|       pointer|
|m_axi_gmem_out_AWLOCK    |  out|    2|       m_axi|                                  gmem_out|       pointer|
|m_axi_gmem_out_AWCACHE   |  out|    4|       m_axi|                                  gmem_out|       pointer|
|m_axi_gmem_out_AWPROT    |  out|    3|       m_axi|                                  gmem_out|       pointer|
|m_axi_gmem_out_AWQOS     |  out|    4|       m_axi|                                  gmem_out|       pointer|
|m_axi_gmem_out_AWREGION  |  out|    4|       m_axi|                                  gmem_out|       pointer|
|m_axi_gmem_out_AWUSER    |  out|    1|       m_axi|                                  gmem_out|       pointer|
|m_axi_gmem_out_WVALID    |  out|    1|       m_axi|                                  gmem_out|       pointer|
|m_axi_gmem_out_WREADY    |   in|    1|       m_axi|                                  gmem_out|       pointer|
|m_axi_gmem_out_WDATA     |  out|   32|       m_axi|                                  gmem_out|       pointer|
|m_axi_gmem_out_WSTRB     |  out|    4|       m_axi|                                  gmem_out|       pointer|
|m_axi_gmem_out_WLAST     |  out|    1|       m_axi|                                  gmem_out|       pointer|
|m_axi_gmem_out_WID       |  out|    1|       m_axi|                                  gmem_out|       pointer|
|m_axi_gmem_out_WUSER     |  out|    1|       m_axi|                                  gmem_out|       pointer|
|m_axi_gmem_out_ARVALID   |  out|    1|       m_axi|                                  gmem_out|       pointer|
|m_axi_gmem_out_ARREADY   |   in|    1|       m_axi|                                  gmem_out|       pointer|
|m_axi_gmem_out_ARADDR    |  out|   64|       m_axi|                                  gmem_out|       pointer|
|m_axi_gmem_out_ARID      |  out|    1|       m_axi|                                  gmem_out|       pointer|
|m_axi_gmem_out_ARLEN     |  out|   32|       m_axi|                                  gmem_out|       pointer|
|m_axi_gmem_out_ARSIZE    |  out|    3|       m_axi|                                  gmem_out|       pointer|
|m_axi_gmem_out_ARBURST   |  out|    2|       m_axi|                                  gmem_out|       pointer|
|m_axi_gmem_out_ARLOCK    |  out|    2|       m_axi|                                  gmem_out|       pointer|
|m_axi_gmem_out_ARCACHE   |  out|    4|       m_axi|                                  gmem_out|       pointer|
|m_axi_gmem_out_ARPROT    |  out|    3|       m_axi|                                  gmem_out|       pointer|
|m_axi_gmem_out_ARQOS     |  out|    4|       m_axi|                                  gmem_out|       pointer|
|m_axi_gmem_out_ARREGION  |  out|    4|       m_axi|                                  gmem_out|       pointer|
|m_axi_gmem_out_ARUSER    |  out|    1|       m_axi|                                  gmem_out|       pointer|
|m_axi_gmem_out_RVALID    |   in|    1|       m_axi|                                  gmem_out|       pointer|
|m_axi_gmem_out_RREADY    |  out|    1|       m_axi|                                  gmem_out|       pointer|
|m_axi_gmem_out_RDATA     |   in|   32|       m_axi|                                  gmem_out|       pointer|
|m_axi_gmem_out_RLAST     |   in|    1|       m_axi|                                  gmem_out|       pointer|
|m_axi_gmem_out_RID       |   in|    1|       m_axi|                                  gmem_out|       pointer|
|m_axi_gmem_out_RFIFONUM  |   in|    9|       m_axi|                                  gmem_out|       pointer|
|m_axi_gmem_out_RUSER     |   in|    1|       m_axi|                                  gmem_out|       pointer|
|m_axi_gmem_out_RRESP     |   in|    2|       m_axi|                                  gmem_out|       pointer|
|m_axi_gmem_out_BVALID    |   in|    1|       m_axi|                                  gmem_out|       pointer|
|m_axi_gmem_out_BREADY    |  out|    1|       m_axi|                                  gmem_out|       pointer|
|m_axi_gmem_out_BRESP     |   in|    2|       m_axi|                                  gmem_out|       pointer|
|m_axi_gmem_out_BID       |   in|    1|       m_axi|                                  gmem_out|       pointer|
|m_axi_gmem_out_BUSER     |   in|    1|       m_axi|                                  gmem_out|       pointer|
|sext_ln32_1              |   in|   62|     ap_none|                               sext_ln32_1|        scalar|
|sext_ln32                |   in|   62|     ap_none|                                 sext_ln32|        scalar|
|mul_i467                 |   in|   48|     ap_none|                                  mul_i467|        scalar|
+-------------------------+-----+-----+------------+------------------------------------------+--------------+

