

================================================================
== Vitis HLS Report for 'initial_conv_bn_relu_Pipeline_VITIS_LOOP_90_5'
================================================================
* Date:           Thu Oct 30 14:35:11 2025

* Version:        2022.2 (Build 3670227 on Oct 13 2022)
* Project:        ip1
* Solution:       solution1 (Vivado IP Flow Target)
* Product family: zynq
* Target device:  xc7z020-clg400-2


================================================================
== Performance Estimates
================================================================
+ Timing: 
    * Summary: 
    +--------+----------+----------+------------+
    |  Clock |  Target  | Estimated| Uncertainty|
    +--------+----------+----------+------------+
    |ap_clk  |  10.00 ns|  7.300 ns|     2.70 ns|
    +--------+----------+----------+------------+

+ Latency: 
    * Summary: 
    +---------+---------+----------+----------+-----+-----+---------+
    |  Latency (cycles) |  Latency (absolute) |  Interval | Pipeline|
    |   min   |   max   |    min   |    max   | min | max |   Type  |
    +---------+---------+----------+----------+-----+-----+---------+
    |        ?|        ?|         ?|         ?|    ?|    ?|       no|
    +---------+---------+----------+----------+-----+-----+---------+

    + Detail: 
        * Instance: 
        N/A

        * Loop: 
        +-------------------+---------+---------+----------+-----------+-----------+------+----------+
        |                   |  Latency (cycles) | Iteration|  Initiation Interval  | Trip |          |
        |     Loop Name     |   min   |   max   |  Latency |  achieved |   target  | Count| Pipelined|
        +-------------------+---------+---------+----------+-----------+-----------+------+----------+
        |- VITIS_LOOP_90_5  |        ?|        ?|        74|          2|          1|     ?|       yes|
        +-------------------+---------+---------+----------+-----------+-----------+------+----------+



================================================================
== Utilization Estimates
================================================================
* Summary: 
+-----------------+---------+-----+--------+-------+-----+
|       Name      | BRAM_18K| DSP |   FF   |  LUT  | URAM|
+-----------------+---------+-----+--------+-------+-----+
|DSP              |        -|    2|       -|      -|    -|
|Expression       |        -|    -|       0|    328|    -|
|FIFO             |        -|    -|       -|      -|    -|
|Instance         |        -|    4|    5836|   4492|    -|
|Memory           |        -|    -|       -|      -|    -|
|Multiplexer      |        -|    -|       -|     98|    -|
|Register         |        -|    -|    1043|    192|    -|
+-----------------+---------+-----+--------+-------+-----+
|Total            |        0|    6|    6879|   5110|    0|
+-----------------+---------+-----+--------+-------+-----+
|Available        |      280|  220|  106400|  53200|    0|
+-----------------+---------+-----+--------+-------+-----+
|Utilization (%)  |        0|    2|       6|      9|    0|
+-----------------+---------+-----+--------+-------+-----+

+ Detail: 
    * Instance: 
    +---------------------------+------------------------+---------+----+------+------+-----+
    |          Instance         |         Module         | BRAM_18K| DSP|  FF  |  LUT | URAM|
    +---------------------------+------------------------+---------+----+------+------+-----+
    |mul_16ns_32s_32_1_1_U5     |mul_16ns_32s_32_1_1     |        0|   2|     0|    21|    0|
    |mul_32s_16ns_32_1_1_U6     |mul_32s_16ns_32_1_1     |        0|   2|     0|    21|    0|
    |udiv_16ns_8ns_9_20_1_U3    |udiv_16ns_8ns_9_20_1    |        0|   0|   635|   487|    0|
    |udiv_32ns_16ns_17_36_1_U1  |udiv_32ns_16ns_17_36_1  |        0|   0|  2283|  1738|    0|
    |urem_16ns_8ns_16_20_1_U4   |urem_16ns_8ns_16_20_1   |        0|   0|   635|   487|    0|
    |urem_32ns_16ns_32_36_1_U2  |urem_32ns_16ns_32_36_1  |        0|   0|  2283|  1738|    0|
    +---------------------------+------------------------+---------+----+------+------+-----+
    |Total                      |                        |        0|   4|  5836|  4492|    0|
    +---------------------------+------------------------+---------+----+------+------+-----+

    * DSP: 
    +------------------------------------+---------------------------------+--------------+
    |              Instance              |              Module             |  Expression  |
    +------------------------------------+---------------------------------+--------------+
    |mac_muladd_19s_16ns_18ns_32_4_1_U7  |mac_muladd_19s_16ns_18ns_32_4_1  |  i0 * i1 + i2|
    |mac_muladd_8s_8s_32s_32_4_1_U8      |mac_muladd_8s_8s_32s_32_4_1      |  i0 * i1 + i2|
    +------------------------------------+---------------------------------+--------------+

    * Memory: 
    N/A

    * FIFO: 
    N/A

    * Expression: 
    +------------------------------------+----------+----+---+----+------------+------------+
    |            Variable Name           | Operation| DSP| FF| LUT| Bitwidth P0| Bitwidth P1|
    +------------------------------------+----------+----+---+----+------------+------------+
    |add_ln106_1_fu_340_p2               |         +|   0|  0|  64|          64|          64|
    |add_ln106_fu_363_p2                 |         +|   0|  0|  64|          64|          64|
    |ck_2_fu_236_p2                      |         +|   0|  0|  32|          32|           1|
    |in_h_fu_290_p2                      |         +|   0|  0|  19|          19|          19|
    |in_offset_fu_355_p2                 |         +|   0|  0|  32|          32|          32|
    |in_w_fu_299_p2                      |         +|   0|  0|  18|          18|          18|
    |tmp17_fu_320_p2                     |         +|   0|  0|  32|          32|          32|
    |w_offset_fu_332_p2                  |         +|   0|  0|  32|          32|          32|
    |and_ln100_fu_314_p2                 |       and|   0|  0|   1|           1|           1|
    |ap_block_pp0_stage1_01001           |       and|   0|  0|   1|           1|           1|
    |ap_block_state62_io                 |       and|   0|  0|   1|           1|           1|
    |ap_block_state63_io                 |       and|   0|  0|   1|           1|           1|
    |ap_block_state69_pp0_stage0_iter34  |       and|   0|  0|   1|           1|           1|
    |icmp_ln100_fu_304_p2                |      icmp|   0|  0|   7|          19|          19|
    |icmp_ln1027_1_fu_309_p2             |      icmp|   0|  0|   7|          18|          18|
    |icmp_ln1027_fu_230_p2               |      icmp|   0|  0|  12|          32|          32|
    |ap_block_pp0_stage0_11001           |        or|   0|  0|   1|           1|           1|
    |ap_block_pp0_stage1_11001           |        or|   0|  0|   1|           1|           1|
    |ap_enable_pp0                       |       xor|   0|  0|   2|           1|           2|
    +------------------------------------+----------+----+---+----+------------+------------+
    |Total                               |          |   0|  0| 328|         370|         340|
    +------------------------------------+----------+----+---+----+------------+------------+

    * Multiplexer: 
    +-------------------------+----+-----------+-----+-----------+
    |           Name          | LUT| Input Size| Bits| Total Bits|
    +-------------------------+----+-----------+-----+-----------+
    |ap_NS_fsm                |  13|          3|    1|          3|
    |ap_done_int              |   9|          2|    1|          2|
    |ap_enable_reg_pp0_iter0  |   9|          2|    1|          2|
    |ap_enable_reg_pp0_iter1  |   9|          2|    1|          2|
    |ap_sig_allocacmp_ck_1    |   9|          2|   32|         64|
    |ck_fu_74                 |   9|          2|   32|         64|
    |gmem0_blk_n_AR           |   9|          2|    1|          2|
    |gmem0_blk_n_R            |   9|          2|    1|          2|
    |m_axi_gmem0_ARADDR       |  13|          3|   64|        192|
    |sum_V_fu_78              |   9|          2|   32|         64|
    +-------------------------+----+-----------+-----+-----------+
    |Total                    |  98|         22|  166|        397|
    +-------------------------+----+-----------+-----+-----------+

    * Register: 
    +-----------------------------------+----+----+-----+-----------+
    |                Name               | FF | LUT| Bits| Const Bits|
    +-----------------------------------+----+----+-----+-----------+
    |H_in_cast7_cast_reg_452            |  16|   0|   19|          3|
    |K_cast6_cast_reg_467               |   8|   0|   16|          8|
    |W_in_cast8_cast_reg_447            |  16|   0|   18|          2|
    |add_ln102_reg_556                  |  32|   0|   32|          0|
    |and_ln100_reg_531                  |   1|   0|    1|          0|
    |ap_CS_fsm                          |   2|   0|    2|          0|
    |ap_done_reg                        |   1|   0|    1|          0|
    |ap_enable_reg_pp0_iter0_reg        |   1|   0|    1|          0|
    |ap_enable_reg_pp0_iter1            |   1|   0|    1|          0|
    |ap_enable_reg_pp0_iter10           |   1|   0|    1|          0|
    |ap_enable_reg_pp0_iter11           |   1|   0|    1|          0|
    |ap_enable_reg_pp0_iter12           |   1|   0|    1|          0|
    |ap_enable_reg_pp0_iter13           |   1|   0|    1|          0|
    |ap_enable_reg_pp0_iter14           |   1|   0|    1|          0|
    |ap_enable_reg_pp0_iter15           |   1|   0|    1|          0|
    |ap_enable_reg_pp0_iter16           |   1|   0|    1|          0|
    |ap_enable_reg_pp0_iter17           |   1|   0|    1|          0|
    |ap_enable_reg_pp0_iter18           |   1|   0|    1|          0|
    |ap_enable_reg_pp0_iter19           |   1|   0|    1|          0|
    |ap_enable_reg_pp0_iter2            |   1|   0|    1|          0|
    |ap_enable_reg_pp0_iter20           |   1|   0|    1|          0|
    |ap_enable_reg_pp0_iter21           |   1|   0|    1|          0|
    |ap_enable_reg_pp0_iter22           |   1|   0|    1|          0|
    |ap_enable_reg_pp0_iter23           |   1|   0|    1|          0|
    |ap_enable_reg_pp0_iter24           |   1|   0|    1|          0|
    |ap_enable_reg_pp0_iter25           |   1|   0|    1|          0|
    |ap_enable_reg_pp0_iter26           |   1|   0|    1|          0|
    |ap_enable_reg_pp0_iter27           |   1|   0|    1|          0|
    |ap_enable_reg_pp0_iter28           |   1|   0|    1|          0|
    |ap_enable_reg_pp0_iter29           |   1|   0|    1|          0|
    |ap_enable_reg_pp0_iter3            |   1|   0|    1|          0|
    |ap_enable_reg_pp0_iter30           |   1|   0|    1|          0|
    |ap_enable_reg_pp0_iter31           |   1|   0|    1|          0|
    |ap_enable_reg_pp0_iter32           |   1|   0|    1|          0|
    |ap_enable_reg_pp0_iter33           |   1|   0|    1|          0|
    |ap_enable_reg_pp0_iter34           |   1|   0|    1|          0|
    |ap_enable_reg_pp0_iter35           |   1|   0|    1|          0|
    |ap_enable_reg_pp0_iter36           |   1|   0|    1|          0|
    |ap_enable_reg_pp0_iter4            |   1|   0|    1|          0|
    |ap_enable_reg_pp0_iter5            |   1|   0|    1|          0|
    |ap_enable_reg_pp0_iter6            |   1|   0|    1|          0|
    |ap_enable_reg_pp0_iter7            |   1|   0|    1|          0|
    |ap_enable_reg_pp0_iter8            |   1|   0|    1|          0|
    |ap_enable_reg_pp0_iter9            |   1|   0|    1|          0|
    |ap_loop_exit_ready_pp0_iter10_reg  |   1|   0|    1|          0|
    |ap_loop_exit_ready_pp0_iter11_reg  |   1|   0|    1|          0|
    |ap_loop_exit_ready_pp0_iter12_reg  |   1|   0|    1|          0|
    |ap_loop_exit_ready_pp0_iter13_reg  |   1|   0|    1|          0|
    |ap_loop_exit_ready_pp0_iter14_reg  |   1|   0|    1|          0|
    |ap_loop_exit_ready_pp0_iter15_reg  |   1|   0|    1|          0|
    |ap_loop_exit_ready_pp0_iter16_reg  |   1|   0|    1|          0|
    |ap_loop_exit_ready_pp0_iter17_reg  |   1|   0|    1|          0|
    |ap_loop_exit_ready_pp0_iter18_reg  |   1|   0|    1|          0|
    |ap_loop_exit_ready_pp0_iter19_reg  |   1|   0|    1|          0|
    |ap_loop_exit_ready_pp0_iter1_reg   |   1|   0|    1|          0|
    |ap_loop_exit_ready_pp0_iter20_reg  |   1|   0|    1|          0|
    |ap_loop_exit_ready_pp0_iter21_reg  |   1|   0|    1|          0|
    |ap_loop_exit_ready_pp0_iter22_reg  |   1|   0|    1|          0|
    |ap_loop_exit_ready_pp0_iter23_reg  |   1|   0|    1|          0|
    |ap_loop_exit_ready_pp0_iter24_reg  |   1|   0|    1|          0|
    |ap_loop_exit_ready_pp0_iter25_reg  |   1|   0|    1|          0|
    |ap_loop_exit_ready_pp0_iter26_reg  |   1|   0|    1|          0|
    |ap_loop_exit_ready_pp0_iter27_reg  |   1|   0|    1|          0|
    |ap_loop_exit_ready_pp0_iter28_reg  |   1|   0|    1|          0|
    |ap_loop_exit_ready_pp0_iter29_reg  |   1|   0|    1|          0|
    |ap_loop_exit_ready_pp0_iter2_reg   |   1|   0|    1|          0|
    |ap_loop_exit_ready_pp0_iter30_reg  |   1|   0|    1|          0|
    |ap_loop_exit_ready_pp0_iter31_reg  |   1|   0|    1|          0|
    |ap_loop_exit_ready_pp0_iter32_reg  |   1|   0|    1|          0|
    |ap_loop_exit_ready_pp0_iter33_reg  |   1|   0|    1|          0|
    |ap_loop_exit_ready_pp0_iter34_reg  |   1|   0|    1|          0|
    |ap_loop_exit_ready_pp0_iter35_reg  |   1|   0|    1|          0|
    |ap_loop_exit_ready_pp0_iter3_reg   |   1|   0|    1|          0|
    |ap_loop_exit_ready_pp0_iter4_reg   |   1|   0|    1|          0|
    |ap_loop_exit_ready_pp0_iter5_reg   |   1|   0|    1|          0|
    |ap_loop_exit_ready_pp0_iter6_reg   |   1|   0|    1|          0|
    |ap_loop_exit_ready_pp0_iter7_reg   |   1|   0|    1|          0|
    |ap_loop_exit_ready_pp0_iter8_reg   |   1|   0|    1|          0|
    |ap_loop_exit_ready_pp0_iter9_reg   |   1|   0|    1|          0|
    |ck_fu_74                           |  32|   0|   32|          0|
    |conv_i4_i624_cast_reg_473          |  16|   0|   32|         16|
    |conv_i_i718_cast_reg_442           |  16|   0|   32|         16|
    |div_i_i625_udiv_reg_490            |  17|   0|   17|          0|
    |gmem0_addr_1_read_reg_577          |   8|   0|    8|          0|
    |gmem0_addr_1_reg_550               |  64|   0|   64|          0|
    |gmem0_addr_read_reg_572            |   8|   0|    8|          0|
    |gmem0_addr_reg_566                 |  64|   0|   64|          0|
    |icmp_ln1027_reg_486                |   1|   0|    1|          0|
    |in_w_reg_526                       |  18|   0|   18|          0|
    |k_reg_495                          |  32|   0|   32|          0|
    |kw_reg_511                         |  16|   0|   16|          0|
    |mul_ln102_1_reg_561                |  32|   0|   32|          0|
    |ret_V_reg_506                      |   9|   0|    9|          0|
    |sext_ln91_reg_516                  |  32|   0|   32|          0|
    |sum_V_fu_78                        |  32|   0|   32|          0|
    |tmp17_reg_535                      |  32|   0|   32|          0|
    |tmp19_reg_540                      |  32|   0|   32|          0|
    |zext_ln102_cast_reg_437            |  16|   0|   32|         16|
    |zext_ln82_cast_reg_462             |  17|   0|   19|          2|
    |zext_ln83_cast_reg_457             |  17|   0|   18|          1|
    |and_ln100_reg_531                  |  64|  32|    1|          0|
    |div_i_i625_udiv_reg_490            |  64|  32|   17|          0|
    |gmem0_addr_1_reg_550               |  64|  32|   64|          0|
    |icmp_ln1027_reg_486                |  64|  32|    1|          0|
    |k_reg_495                          |  64|  32|   32|          0|
    |sext_ln91_reg_516                  |  64|  32|   32|          0|
    +-----------------------------------+----+----+-----+-----------+
    |Total                              |1043| 192|  870|         64|
    +-----------------------------------+----+----+-----+-----------+



================================================================
== Interface
================================================================
* Summary: 
+----------------------+-----+-----+------------+-----------------------------------------------+--------------+
|       RTL Ports      | Dir | Bits|  Protocol  |                 Source Object                 |    C Type    |
+----------------------+-----+-----+------------+-----------------------------------------------+--------------+
|ap_clk                |   in|    1|  ap_ctrl_hs|  initial_conv_bn_relu_Pipeline_VITIS_LOOP_90_5|  return value|
|ap_rst                |   in|    1|  ap_ctrl_hs|  initial_conv_bn_relu_Pipeline_VITIS_LOOP_90_5|  return value|
|ap_start              |   in|    1|  ap_ctrl_hs|  initial_conv_bn_relu_Pipeline_VITIS_LOOP_90_5|  return value|
|ap_done               |  out|    1|  ap_ctrl_hs|  initial_conv_bn_relu_Pipeline_VITIS_LOOP_90_5|  return value|
|ap_idle               |  out|    1|  ap_ctrl_hs|  initial_conv_bn_relu_Pipeline_VITIS_LOOP_90_5|  return value|
|ap_ready              |  out|    1|  ap_ctrl_hs|  initial_conv_bn_relu_Pipeline_VITIS_LOOP_90_5|  return value|
|m_axi_gmem0_AWVALID   |  out|    1|       m_axi|                                          gmem0|       pointer|
|m_axi_gmem0_AWREADY   |   in|    1|       m_axi|                                          gmem0|       pointer|
|m_axi_gmem0_AWADDR    |  out|   64|       m_axi|                                          gmem0|       pointer|
|m_axi_gmem0_AWID      |  out|    1|       m_axi|                                          gmem0|       pointer|
|m_axi_gmem0_AWLEN     |  out|   32|       m_axi|                                          gmem0|       pointer|
|m_axi_gmem0_AWSIZE    |  out|    3|       m_axi|                                          gmem0|       pointer|
|m_axi_gmem0_AWBURST   |  out|    2|       m_axi|                                          gmem0|       pointer|
|m_axi_gmem0_AWLOCK    |  out|    2|       m_axi|                                          gmem0|       pointer|
|m_axi_gmem0_AWCACHE   |  out|    4|       m_axi|                                          gmem0|       pointer|
|m_axi_gmem0_AWPROT    |  out|    3|       m_axi|                                          gmem0|       pointer|
|m_axi_gmem0_AWQOS     |  out|    4|       m_axi|                                          gmem0|       pointer|
|m_axi_gmem0_AWREGION  |  out|    4|       m_axi|                                          gmem0|       pointer|
|m_axi_gmem0_AWUSER    |  out|    1|       m_axi|                                          gmem0|       pointer|
|m_axi_gmem0_WVALID    |  out|    1|       m_axi|                                          gmem0|       pointer|
|m_axi_gmem0_WREADY    |   in|    1|       m_axi|                                          gmem0|       pointer|
|m_axi_gmem0_WDATA     |  out|    8|       m_axi|                                          gmem0|       pointer|
|m_axi_gmem0_WSTRB     |  out|    1|       m_axi|                                          gmem0|       pointer|
|m_axi_gmem0_WLAST     |  out|    1|       m_axi|                                          gmem0|       pointer|
|m_axi_gmem0_WID       |  out|    1|       m_axi|                                          gmem0|       pointer|
|m_axi_gmem0_WUSER     |  out|    1|       m_axi|                                          gmem0|       pointer|
|m_axi_gmem0_ARVALID   |  out|    1|       m_axi|                                          gmem0|       pointer|
|m_axi_gmem0_ARREADY   |   in|    1|       m_axi|                                          gmem0|       pointer|
|m_axi_gmem0_ARADDR    |  out|   64|       m_axi|                                          gmem0|       pointer|
|m_axi_gmem0_ARID      |  out|    1|       m_axi|                                          gmem0|       pointer|
|m_axi_gmem0_ARLEN     |  out|   32|       m_axi|                                          gmem0|       pointer|
|m_axi_gmem0_ARSIZE    |  out|    3|       m_axi|                                          gmem0|       pointer|
|m_axi_gmem0_ARBURST   |  out|    2|       m_axi|                                          gmem0|       pointer|
|m_axi_gmem0_ARLOCK    |  out|    2|       m_axi|                                          gmem0|       pointer|
|m_axi_gmem0_ARCACHE   |  out|    4|       m_axi|                                          gmem0|       pointer|
|m_axi_gmem0_ARPROT    |  out|    3|       m_axi|                                          gmem0|       pointer|
|m_axi_gmem0_ARQOS     |  out|    4|       m_axi|                                          gmem0|       pointer|
|m_axi_gmem0_ARREGION  |  out|    4|       m_axi|                                          gmem0|       pointer|
|m_axi_gmem0_ARUSER    |  out|    1|       m_axi|                                          gmem0|       pointer|
|m_axi_gmem0_RVALID    |   in|    1|       m_axi|                                          gmem0|       pointer|
|m_axi_gmem0_RREADY    |  out|    1|       m_axi|                                          gmem0|       pointer|
|m_axi_gmem0_RDATA     |   in|    8|       m_axi|                                          gmem0|       pointer|
|m_axi_gmem0_RLAST     |   in|    1|       m_axi|                                          gmem0|       pointer|
|m_axi_gmem0_RID       |   in|    1|       m_axi|                                          gmem0|       pointer|
|m_axi_gmem0_RFIFONUM  |   in|   11|       m_axi|                                          gmem0|       pointer|
|m_axi_gmem0_RUSER     |   in|    1|       m_axi|                                          gmem0|       pointer|
|m_axi_gmem0_RRESP     |   in|    2|       m_axi|                                          gmem0|       pointer|
|m_axi_gmem0_BVALID    |   in|    1|       m_axi|                                          gmem0|       pointer|
|m_axi_gmem0_BREADY    |  out|    1|       m_axi|                                          gmem0|       pointer|
|m_axi_gmem0_BRESP     |   in|    2|       m_axi|                                          gmem0|       pointer|
|m_axi_gmem0_BID       |   in|    1|       m_axi|                                          gmem0|       pointer|
|m_axi_gmem0_BUSER     |   in|    1|       m_axi|                                          gmem0|       pointer|
|mul_ln70_2            |   in|   32|     ap_none|                                     mul_ln70_2|        scalar|
|conv_i4_i624          |   in|   16|     ap_none|                                   conv_i4_i624|        scalar|
|K_cast6               |   in|    8|     ap_none|                                        K_cast6|        scalar|
|zext_ln82             |   in|   17|     ap_none|                                      zext_ln82|        scalar|
|zext_ln83             |   in|   17|     ap_none|                                      zext_ln83|        scalar|
|H_in_cast7            |   in|   16|     ap_none|                                     H_in_cast7|        scalar|
|W_in_cast8            |   in|   16|     ap_none|                                     W_in_cast8|        scalar|
|conv_i_i718           |   in|   16|     ap_none|                                    conv_i_i718|        scalar|
|zext_ln102            |   in|   16|     ap_none|                                     zext_ln102|        scalar|
|mul_ln103             |   in|   32|     ap_none|                                      mul_ln103|        scalar|
|feature_in            |   in|   64|     ap_none|                                     feature_in|        scalar|
|conv_kernel           |   in|   64|     ap_none|                                    conv_kernel|        scalar|
|sum_V_out             |  out|   32|      ap_vld|                                      sum_V_out|       pointer|
|sum_V_out_ap_vld      |  out|    1|      ap_vld|                                      sum_V_out|       pointer|
+----------------------+-----+-----+------------+-----------------------------------------------+--------------+

