

================================================================
== Vitis HLS Report for 'initial_conv_bn_relu'
================================================================
* Date:           Thu Oct 30 14:35:12 2025

* Version:        2022.2 (Build 3670227 on Oct 13 2022)
* Project:        ip1
* Solution:       solution1 (Vivado IP Flow Target)
* Product family: zynq
* Target device:  xc7z020-clg400-2


================================================================
== Performance Estimates
================================================================
+ Timing: 
    * Summary: 
    +--------+----------+----------+------------+
    |  Clock |  Target  | Estimated| Uncertainty|
    +--------+----------+----------+------------+
    |ap_clk  |  10.00 ns|  7.300 ns|     2.70 ns|
    +--------+----------+----------+------------+

+ Latency: 
    * Summary: 
    +---------+---------+----------+----------+-----+-----+---------+
    |  Latency (cycles) |  Latency (absolute) |  Interval | Pipeline|
    |   min   |   max   |    min   |    max   | min | max |   Type  |
    +---------+---------+----------+----------+-----+-----+---------+
    |        ?|        ?|         ?|         ?|    ?|    ?|       no|
    +---------+---------+----------+----------+-----+-----+---------+

    + Detail: 
        * Instance: 
        +----------------------------------------------------------+-----------------------------------------------+---------+---------+----------+----------+-----+-----+---------+
        |                                                          |                                               |  Latency (cycles) |  Latency (absolute) |  Interval | Pipeline|
        |                         Instance                         |                     Module                    |   min   |   max   |    min   |    max   | min | max |   Type  |
        +----------------------------------------------------------+-----------------------------------------------+---------+---------+----------+----------+-----+-----+---------+
        |grp_initial_conv_bn_relu_Pipeline_VITIS_LOOP_90_5_fu_401  |initial_conv_bn_relu_Pipeline_VITIS_LOOP_90_5  |        ?|        ?|         ?|         ?|    ?|    ?|       no|
        +----------------------------------------------------------+-----------------------------------------------+---------+---------+----------+----------+-----+-----+---------+

        * Loop: 
        +---------------------------------------------------+---------+---------+----------+-----------+-----------+------+----------+
        |                                                   |  Latency (cycles) | Iteration|  Initiation Interval  | Trip |          |
        |                     Loop Name                     |   min   |   max   |  Latency |  achieved |   target  | Count| Pipelined|
        +---------------------------------------------------+---------+---------+----------+-----------+-----------+------+----------+
        |- VITIS_LOOP_70_1_VITIS_LOOP_71_2_VITIS_LOOP_72_3  |        ?|        ?|         ?|          -|          -|     ?|        no|
        | + VITIS_LOOP_77_4                                 |        ?|        ?|         ?|          -|          -|     4|        no|
        +---------------------------------------------------+---------+---------+----------+-----------+-----------+------+----------+



================================================================
== Utilization Estimates
================================================================
* Summary: 
+-----------------+---------+-----+--------+-------+-----+
|       Name      | BRAM_18K| DSP |   FF   |  LUT  | URAM|
+-----------------+---------+-----+--------+-------+-----+
|DSP              |        -|    4|       -|      -|    -|
|Expression       |        -|    -|       0|    961|    -|
|FIFO             |        -|    -|       -|      -|    -|
|Instance         |        0|   11|    9741|   8628|    -|
|Memory           |        -|    -|       -|      -|    -|
|Multiplexer      |        -|    -|       -|    806|    -|
|Register         |        -|    -|    1956|      -|    -|
+-----------------+---------+-----+--------+-------+-----+
|Total            |        0|   15|   11697|  10395|    0|
+-----------------+---------+-----+--------+-------+-----+
|Available        |      280|  220|  106400|  53200|    0|
+-----------------+---------+-----+--------+-------+-----+
|Utilization (%)  |        0|    6|      10|     19|    0|
+-----------------+---------+-----+--------+-------+-----+

+ Detail: 
    * Instance: 
    +----------------------------------------------------------+-----------------------------------------------+---------+----+------+------+-----+
    |                         Instance                         |                     Module                    | BRAM_18K| DSP|  FF  |  LUT | URAM|
    +----------------------------------------------------------+-----------------------------------------------+---------+----+------+------+-----+
    |control_s_axi_U                                           |control_s_axi                                  |        0|   0|   698|  1160|    0|
    |gmem0_m_axi_U                                             |gmem0_m_axi                                    |        0|   0|   746|  1396|    0|
    |grp_initial_conv_bn_relu_Pipeline_VITIS_LOOP_90_5_fu_401  |initial_conv_bn_relu_Pipeline_VITIS_LOOP_90_5  |        0|   6|  6879|  5110|    0|
    |mul_16ns_32ns_48_1_1_U37                                  |mul_16ns_32ns_48_1_1                           |        0|   2|     0|    21|    0|
    |mul_32s_16ns_32_1_1_U35                                   |mul_32s_16ns_32_1_1                            |        0|   2|     0|    21|    0|
    |mul_32s_8s_40_1_1_U38                                     |mul_32s_8s_40_1_1                              |        0|   1|     0|    21|    0|
    |mul_8ns_8ns_16_1_1_U36                                    |mul_8ns_8ns_16_1_1                             |        0|   0|     0|    41|    0|
    |sdiv_18ns_9ns_18_22_seq_1_U31                             |sdiv_18ns_9ns_18_22_seq_1                      |        0|   0|   226|   137|    0|
    |sdiv_18ns_9ns_18_22_seq_1_U32                             |sdiv_18ns_9ns_18_22_seq_1                      |        0|   0|   226|   137|    0|
    |sdiv_19ns_9ns_16_23_seq_1_U33                             |sdiv_19ns_9ns_16_23_seq_1                      |        0|   0|   238|   144|    0|
    |sdiv_19ns_9ns_16_23_seq_1_U34                             |sdiv_19ns_9ns_16_23_seq_1                      |        0|   0|   238|   144|    0|
    |sdiv_40ns_8s_32_44_seq_1_U39                              |sdiv_40ns_8s_32_44_seq_1                       |        0|   0|   490|   296|    0|
    +----------------------------------------------------------+-----------------------------------------------+---------+----+------+------+-----+
    |Total                                                     |                                               |        0|  11|  9741|  8628|    0|
    +----------------------------------------------------------+-----------------------------------------------+---------+----+------+------+-----+

    * DSP: 
    +------------------------------+--------------------------+-----------+
    |           Instance           |          Module          | Expression|
    +------------------------------+--------------------------+-----------+
    |mul_mul_16ns_16ns_32_4_1_U41  |mul_mul_16ns_16ns_32_4_1  |    i0 * i1|
    |mul_mul_16ns_16ns_32_4_1_U43  |mul_mul_16ns_16ns_32_4_1  |    i0 * i1|
    |mul_mul_16ns_8ns_24_4_1_U40   |mul_mul_16ns_8ns_24_4_1   |    i0 * i1|
    |mul_mul_24ns_8ns_32_4_1_U42   |mul_mul_24ns_8ns_32_4_1   |    i0 * i1|
    +------------------------------+--------------------------+-----------+

    * Memory: 
    N/A

    * FIFO: 
    N/A

    * Expression: 
    +----------------------------+----------+----+---+----+------------+------------+
    |        Variable Name       | Operation| DSP| FF| LUT| Bitwidth P0| Bitwidth P1|
    +----------------------------+----------+----+---+----+------------+------------+
    |H_pool_out_V_fu_629_p2      |         +|   0|  0|  16|          16|           1|
    |W_pool_out_V_fu_601_p2      |         +|   0|  0|  16|          16|           1|
    |add_ln112_fu_992_p2         |         +|   0|  0|  16|          16|          16|
    |add_ln1496_1_fu_504_p2      |         +|   0|  0|  17|          17|          17|
    |add_ln1496_fu_470_p2        |         +|   0|  0|  17|          17|          17|
    |add_ln1513_1_fu_580_p2      |         +|   0|  0|  19|          19|          19|
    |add_ln1513_2_fu_530_p2      |         +|   0|  0|  19|          19|           1|
    |add_ln1513_3_fu_540_p2      |         +|   0|  0|  19|          19|           1|
    |add_ln1513_fu_557_p2        |         +|   0|  0|  19|          19|          19|
    |add_ln70_1_fu_820_p2        |         +|   0|  0|  16|          16|           1|
    |add_ln70_fu_716_p2          |         +|   0|  0|  48|          48|           1|
    |add_ln71_1_fu_924_p2        |         +|   0|  0|  32|          32|           1|
    |add_ln72_fu_919_p2          |         +|   0|  0|  16|          16|           1|
    |empty_36_fu_760_p2          |         +|   0|  0|  64|          64|          64|
    |empty_37_fu_765_p2          |         +|   0|  0|  64|          64|          64|
    |empty_38_fu_770_p2          |         +|   0|  0|  64|          64|          64|
    |empty_39_fu_775_p2          |         +|   0|  0|  64|          64|          64|
    |p_idx_1_fu_869_p2           |         +|   0|  0|   4|           3|           1|
    |val_V_2_fu_987_p2           |         +|   0|  0|  32|          32|          32|
    |w_pool_2_fu_833_p2          |         +|   0|  0|  16|          16|           1|
    |grp_fu_494_p0               |         -|   0|  0|  18|          18|          18|
    |grp_fu_520_p0               |         -|   0|  0|  18|          18|          18|
    |grp_fu_574_p0               |         -|   0|  0|  19|          19|          19|
    |grp_fu_591_p0               |         -|   0|  0|  19|          19|          19|
    |val_V_fu_962_p2             |         -|   0|  0|  32|          32|          32|
    |and_ln70_fu_660_p2          |       and|   0|  0|   1|           1|           1|
    |and_ln85_fu_913_p2          |       and|   0|  0|   1|           1|           1|
    |cmp_i_i7357_fu_655_p2       |      icmp|   0|  0|   7|          16|           1|
    |cmp_i_i7429_fu_613_p2       |      icmp|   0|  0|   7|          16|           1|
    |icmp_ln1027_2_fu_908_p2     |      icmp|   0|  0|   7|          17|          17|
    |icmp_ln1027_3_fu_703_p2     |      icmp|   0|  0|   7|          16|           1|
    |icmp_ln1027_4_fu_730_p2     |      icmp|   0|  0|   7|          16|          16|
    |icmp_ln1027_fu_641_p2       |      icmp|   0|  0|   7|          16|           1|
    |icmp_ln1035_1_fu_1019_p2    |      icmp|   0|  0|   4|           8|           8|
    |icmp_ln1035_fu_1007_p2      |      icmp|   0|  0|  12|          32|           1|
    |icmp_ln70_fu_711_p2         |      icmp|   0|  0|  17|          48|          48|
    |icmp_ln71_fu_725_p2         |      icmp|   0|  0|  12|          32|          32|
    |icmp_ln77_fu_863_p2         |      icmp|   0|  0|   2|           3|           4|
    |icmp_ln85_fu_903_p2         |      icmp|   0|  0|   7|          17|          17|
    |or_ln71_fu_742_p2           |        or|   0|  0|   1|           1|           1|
    |bn_relu_val_V_2_fu_1012_p3  |    select|   0|  0|   8|           1|           8|
    |empty_fu_672_p3             |    select|   0|  0|  32|           1|          32|
    |max_val_V_2_fu_1025_p3      |    select|   0|  0|   8|           1|           8|
    |select_ln70_fu_665_p3       |    select|   0|  0|  32|           1|          32|
    |select_ln71_1_fu_839_p3     |    select|   0|  0|  16|           1|          16|
    |select_ln71_2_fu_930_p3     |    select|   0|  0|  32|           1|           1|
    |select_ln71_fu_748_p3       |    select|   0|  0|  16|           1|           1|
    |select_ln82_1_fu_826_p3     |    select|   0|  0|  16|           1|          16|
    |select_ln82_2_fu_735_p3     |    select|   0|  0|   2|           1|           1|
    |select_ln82_fu_813_p3       |    select|   0|  0|  16|           1|           1|
    +----------------------------+----------+----+---+----+------------+------------+
    |Total                       |          |   0|  0| 961|         933|         758|
    +----------------------------+----------+----+---+----+------------+------------+

    * Multiplexer: 
    +--------------------------------------+-----+-----------+-----+-----------+
    |                 Name                 | LUT | Input Size| Bits| Total Bits|
    +--------------------------------------+-----+-----------+-----+-----------+
    |ap_NS_fsm                             |  616|        120|    1|        120|
    |ap_phi_mux_max_val_V_3_phi_fu_393_p4  |    9|          2|    8|         16|
    |c_out_fu_176                          |    9|          2|   16|         32|
    |gmem0_ARADDR                          |   25|          6|   64|        384|
    |gmem0_ARLEN                           |   13|          3|   32|         96|
    |gmem0_ARVALID                         |   13|          3|    1|          3|
    |gmem0_RREADY                          |   13|          3|    1|          3|
    |gmem0_blk_n_AR                        |    9|          2|    1|          2|
    |gmem0_blk_n_AW                        |    9|          2|    1|          2|
    |gmem0_blk_n_B                         |    9|          2|    1|          2|
    |gmem0_blk_n_R                         |    9|          2|    1|          2|
    |gmem0_blk_n_W                         |    9|          2|    1|          2|
    |h_pool_fu_188                         |    9|          2|   16|         32|
    |indvar_flatten11_fu_192               |    9|          2|   48|         96|
    |indvar_flatten_fu_184                 |    9|          2|   32|         64|
    |max_val_V_3_reg_389                   |    9|          2|    8|         16|
    |max_val_V_reg_376                     |    9|          2|    8|         16|
    |p_idx_reg_365                         |    9|          2|    3|          6|
    |w_pool_fu_180                         |    9|          2|   16|         32|
    +--------------------------------------+-----+-----------+-----+-----------+
    |Total                                 |  806|        163|  259|        926|
    +--------------------------------------+-----+-----------+-----+-----------+

    * Register: 
    +-----------------------------------------------------------------------+-----+----+-----+-----------+
    |                                  Name                                 |  FF | LUT| Bits| Const Bits|
    +-----------------------------------------------------------------------+-----+----+-----+-----------+
    |C_in_0_data_reg                                                        |   16|   0|   16|          0|
    |C_in_0_vld_reg                                                         |    0|   0|    1|          1|
    |C_in_read_reg_1177                                                     |   16|   0|   16|          0|
    |C_out_0_data_reg                                                       |   16|   0|   16|          0|
    |C_out_0_vld_reg                                                        |    0|   0|    1|          1|
    |C_out_read_reg_1158                                                    |   16|   0|   16|          0|
    |H_in_0_data_reg                                                        |   16|   0|   16|          0|
    |H_in_0_vld_reg                                                         |    0|   0|    1|          1|
    |H_in_read_reg_1172                                                     |   16|   0|   16|          0|
    |H_pool_out_V_reg_1266                                                  |   16|   0|   16|          0|
    |K_0_data_reg                                                           |    8|   0|    8|          0|
    |K_0_vld_reg                                                            |    0|   0|    1|          1|
    |K_read_reg_1150                                                        |    8|   0|    8|          0|
    |W_in_0_data_reg                                                        |   16|   0|   16|          0|
    |W_in_0_vld_reg                                                         |    0|   0|    1|          1|
    |W_in_read_reg_1166                                                     |   16|   0|   16|          0|
    |add_ln1513_2_reg_1210                                                  |   19|   0|   19|          0|
    |add_ln1513_3_reg_1215                                                  |   19|   0|   19|          0|
    |add_ln70_reg_1332                                                      |   48|   0|   48|          0|
    |and_ln85_reg_1459                                                      |    1|   0|    1|          0|
    |ap_CS_fsm                                                              |  119|   0|  119|          0|
    |bn_beta_read_reg_1093                                                  |   64|   0|   64|          0|
    |bn_gamma_read_reg_1098                                                 |   64|   0|   64|          0|
    |bn_mean_read_reg_1108                                                  |   64|   0|   64|          0|
    |bn_relu_val_V_reg_1478                                                 |    8|   0|    8|          0|
    |bn_var_read_reg_1103                                                   |   64|   0|   64|          0|
    |c_out_fu_176                                                           |   16|   0|   16|          0|
    |cmp_i_i7429_reg_1251                                                   |    1|   0|    1|          0|
    |conv3_i658_reg_1304                                                    |   16|   0|   16|          0|
    |conv_h_reg_1449                                                        |   17|   0|   17|          0|
    |conv_kernel_read_reg_1113                                              |   64|   0|   64|          0|
    |conv_w_reg_1454                                                        |   17|   0|   17|          0|
    |empty_reg_1299                                                         |   32|   0|   32|          0|
    |feature_in_read_reg_1118                                               |   64|   0|   64|          0|
    |gmem0_addr_1_read_reg_1384                                             |    8|   0|    8|          0|
    |gmem0_addr_1_reg_1355                                                  |   64|   0|   64|          0|
    |gmem0_addr_2_read_reg_1389                                             |    8|   0|    8|          0|
    |gmem0_addr_2_reg_1361                                                  |   64|   0|   64|          0|
    |gmem0_addr_3_read_reg_1394                                             |    8|   0|    8|          0|
    |gmem0_addr_3_reg_1367                                                  |   64|   0|   64|          0|
    |gmem0_addr_4_reg_1373                                                  |   64|   0|   64|          0|
    |gmem0_addr_reg_1129                                                    |   64|   0|   64|          0|
    |grp_initial_conv_bn_relu_Pipeline_VITIS_LOOP_90_5_fu_401_ap_start_reg  |    1|   0|    1|          0|
    |h_pool_fu_188                                                          |   16|   0|   16|          0|
    |icmp_ln1027_3_reg_1324                                                 |    1|   0|    1|          0|
    |icmp_ln1027_reg_1282                                                   |    1|   0|    1|          0|
    |icmp_ln71_reg_1337                                                     |    1|   0|    1|          0|
    |indvar_flatten11_fu_192                                                |   48|   0|   48|          0|
    |indvar_flatten_fu_184                                                  |   32|   0|   32|          0|
    |max_val_V_3_reg_389                                                    |    8|   0|    8|          0|
    |max_val_V_reg_376                                                      |    8|   0|    8|          0|
    |mul_ln103_reg_1411                                                     |   32|   0|   32|          0|
    |mul_ln1513_reg_1468                                                    |   40|   0|   40|          0|
    |mul_ln18_reg_1319                                                      |   48|   0|   48|          0|
    |mul_ln70_1_reg_1294                                                    |   32|   0|   32|          0|
    |mul_ln70_2_reg_1314                                                    |   32|   0|   32|          0|
    |mul_ln70_reg_1287                                                      |   32|   0|   32|          0|
    |p_idx_1_reg_1444                                                       |    3|   0|    3|          0|
    |p_idx_reg_365                                                          |    3|   0|    3|          0|
    |padding_0_data_reg                                                     |    8|   0|    8|          0|
    |padding_0_vld_reg                                                      |    0|   0|    1|          1|
    |pool_kernel_0_data_reg                                                 |    8|   0|    8|          0|
    |pool_kernel_0_vld_reg                                                  |    0|   0|    1|          1|
    |pool_kernel_read_reg_1145                                              |    8|   0|    8|          0|
    |pool_padding_0_data_reg                                                |    8|   0|    8|          0|
    |pool_padding_0_vld_reg                                                 |    0|   0|    1|          1|
    |pool_padding_read_reg_1135                                             |    8|   0|    8|          0|
    |pool_stride_0_data_reg                                                 |    8|   0|    8|          0|
    |pool_stride_0_vld_reg                                                  |    0|   0|    1|          1|
    |pool_stride_read_reg_1140                                              |    8|   0|    8|          0|
    |sdiv_ln1513_1_reg_1236                                                 |   16|   0|   16|          0|
    |select_ln71_1_reg_1405                                                 |   16|   0|   16|          0|
    |select_ln71_reg_1349                                                   |   16|   0|   16|          0|
    |select_ln82_1_reg_1399                                                 |   16|   0|   16|          0|
    |select_ln82_2_reg_1344                                                 |    1|   0|    1|          0|
    |sext_ln112_reg_1416                                                    |   32|   0|   32|          0|
    |sext_ln114_reg_1421                                                    |   40|   0|   40|          0|
    |sext_ln115_reg_1426                                                    |   32|   0|   32|          0|
    |sext_ln77_reg_1431                                                     |   40|   0|   40|          0|
    |sext_ln840_reg_1436                                                    |   16|   0|   16|          0|
    |stride_0_data_reg                                                      |    8|   0|    8|          0|
    |stride_0_vld_reg                                                       |    0|   0|    1|          1|
    |val_V_2_reg_1473                                                       |   32|   0|   32|          0|
    |val_V_reg_1463                                                         |   32|   0|   32|          0|
    |w_pool_fu_180                                                          |   16|   0|   16|          0|
    |zext_ln102_reg_1309                                                    |   16|   0|   32|         16|
    |zext_ln1496_2_reg_1200                                                 |   16|   0|   17|          1|
    |zext_ln1496_reg_1184                                                   |   16|   0|   17|          1|
    +-----------------------------------------------------------------------+-----+----+-----+-----------+
    |Total                                                                  | 1956|   0| 1984|         28|
    +-----------------------------------------------------------------------+-----+----+-----+-----------+



================================================================
== Interface
================================================================
* Summary: 
+-----------------------+-----+-----+------------+----------------------+--------------+
|       RTL Ports       | Dir | Bits|  Protocol  |     Source Object    |    C Type    |
+-----------------------+-----+-----+------------+----------------------+--------------+
|s_axi_control_AWVALID  |   in|    1|       s_axi|               control|        scalar|
|s_axi_control_AWREADY  |  out|    1|       s_axi|               control|        scalar|
|s_axi_control_AWADDR   |   in|    8|       s_axi|               control|        scalar|
|s_axi_control_WVALID   |   in|    1|       s_axi|               control|        scalar|
|s_axi_control_WREADY   |  out|    1|       s_axi|               control|        scalar|
|s_axi_control_WDATA    |   in|   32|       s_axi|               control|        scalar|
|s_axi_control_WSTRB    |   in|    4|       s_axi|               control|        scalar|
|s_axi_control_ARVALID  |   in|    1|       s_axi|               control|        scalar|
|s_axi_control_ARREADY  |  out|    1|       s_axi|               control|        scalar|
|s_axi_control_ARADDR   |   in|    8|       s_axi|               control|        scalar|
|s_axi_control_RVALID   |  out|    1|       s_axi|               control|        scalar|
|s_axi_control_RREADY   |   in|    1|       s_axi|               control|        scalar|
|s_axi_control_RDATA    |  out|   32|       s_axi|               control|        scalar|
|s_axi_control_RRESP    |  out|    2|       s_axi|               control|        scalar|
|s_axi_control_BVALID   |  out|    1|       s_axi|               control|        scalar|
|s_axi_control_BREADY   |   in|    1|       s_axi|               control|        scalar|
|s_axi_control_BRESP    |  out|    2|       s_axi|               control|        scalar|
|ap_clk                 |   in|    1|  ap_ctrl_hs|  initial_conv_bn_relu|  return value|
|ap_rst_n               |   in|    1|  ap_ctrl_hs|  initial_conv_bn_relu|  return value|
|interrupt              |  out|    1|  ap_ctrl_hs|  initial_conv_bn_relu|  return value|
|m_axi_gmem0_AWVALID    |  out|    1|       m_axi|                 gmem0|       pointer|
|m_axi_gmem0_AWREADY    |   in|    1|       m_axi|                 gmem0|       pointer|
|m_axi_gmem0_AWADDR     |  out|   64|       m_axi|                 gmem0|       pointer|
|m_axi_gmem0_AWID       |  out|    1|       m_axi|                 gmem0|       pointer|
|m_axi_gmem0_AWLEN      |  out|    8|       m_axi|                 gmem0|       pointer|
|m_axi_gmem0_AWSIZE     |  out|    3|       m_axi|                 gmem0|       pointer|
|m_axi_gmem0_AWBURST    |  out|    2|       m_axi|                 gmem0|       pointer|
|m_axi_gmem0_AWLOCK     |  out|    2|       m_axi|                 gmem0|       pointer|
|m_axi_gmem0_AWCACHE    |  out|    4|       m_axi|                 gmem0|       pointer|
|m_axi_gmem0_AWPROT     |  out|    3|       m_axi|                 gmem0|       pointer|
|m_axi_gmem0_AWQOS      |  out|    4|       m_axi|                 gmem0|       pointer|
|m_axi_gmem0_AWREGION   |  out|    4|       m_axi|                 gmem0|       pointer|
|m_axi_gmem0_AWUSER     |  out|    1|       m_axi|                 gmem0|       pointer|
|m_axi_gmem0_WVALID     |  out|    1|       m_axi|                 gmem0|       pointer|
|m_axi_gmem0_WREADY     |   in|    1|       m_axi|                 gmem0|       pointer|
|m_axi_gmem0_WDATA      |  out|   32|       m_axi|                 gmem0|       pointer|
|m_axi_gmem0_WSTRB      |  out|    4|       m_axi|                 gmem0|       pointer|
|m_axi_gmem0_WLAST      |  out|    1|       m_axi|                 gmem0|       pointer|
|m_axi_gmem0_WID        |  out|    1|       m_axi|                 gmem0|       pointer|
|m_axi_gmem0_WUSER      |  out|    1|       m_axi|                 gmem0|       pointer|
|m_axi_gmem0_ARVALID    |  out|    1|       m_axi|                 gmem0|       pointer|
|m_axi_gmem0_ARREADY    |   in|    1|       m_axi|                 gmem0|       pointer|
|m_axi_gmem0_ARADDR     |  out|   64|       m_axi|                 gmem0|       pointer|
|m_axi_gmem0_ARID       |  out|    1|       m_axi|                 gmem0|       pointer|
|m_axi_gmem0_ARLEN      |  out|    8|       m_axi|                 gmem0|       pointer|
|m_axi_gmem0_ARSIZE     |  out|    3|       m_axi|                 gmem0|       pointer|
|m_axi_gmem0_ARBURST    |  out|    2|       m_axi|                 gmem0|       pointer|
|m_axi_gmem0_ARLOCK     |  out|    2|       m_axi|                 gmem0|       pointer|
|m_axi_gmem0_ARCACHE    |  out|    4|       m_axi|                 gmem0|       pointer|
|m_axi_gmem0_ARPROT     |  out|    3|       m_axi|                 gmem0|       pointer|
|m_axi_gmem0_ARQOS      |  out|    4|       m_axi|                 gmem0|       pointer|
|m_axi_gmem0_ARREGION   |  out|    4|       m_axi|                 gmem0|       pointer|
|m_axi_gmem0_ARUSER     |  out|    1|       m_axi|                 gmem0|       pointer|
|m_axi_gmem0_RVALID     |   in|    1|       m_axi|                 gmem0|       pointer|
|m_axi_gmem0_RREADY     |  out|    1|       m_axi|                 gmem0|       pointer|
|m_axi_gmem0_RDATA      |   in|   32|       m_axi|                 gmem0|       pointer|
|m_axi_gmem0_RLAST      |   in|    1|       m_axi|                 gmem0|       pointer|
|m_axi_gmem0_RID        |   in|    1|       m_axi|                 gmem0|       pointer|
|m_axi_gmem0_RUSER      |   in|    1|       m_axi|                 gmem0|       pointer|
|m_axi_gmem0_RRESP      |   in|    2|       m_axi|                 gmem0|       pointer|
|m_axi_gmem0_BVALID     |   in|    1|       m_axi|                 gmem0|       pointer|
|m_axi_gmem0_BREADY     |  out|    1|       m_axi|                 gmem0|       pointer|
|m_axi_gmem0_BRESP      |   in|    2|       m_axi|                 gmem0|       pointer|
|m_axi_gmem0_BID        |   in|    1|       m_axi|                 gmem0|       pointer|
|m_axi_gmem0_BUSER      |   in|    1|       m_axi|                 gmem0|       pointer|
+-----------------------+-----+-----+------------+----------------------+--------------+

