11/04/25 14:37:07: Running xcd server. This server was NOT built by gradle, but presumably rdi.
11/04/25 14:37:07: Server was asked to start on port: '52337'
11/04/25 14:37:07: Server is using token UUID: 'b1b92e19-4998-4604-b3b0-bddf1ba7629f'
11/04/25 14:37:07: SESSION_MGR: creating session with session uuid: '6d04a3e9-ade5-4ab9-8d63-1f78fcd2ec76' and name 'default'
11/04/25 14:37:07: Attempting to start server on port '52337'
11/04/25 14:37:07: Running Dispatch Server
11/04/25 14:37:07: Version 2.2.0
11/04/25 14:37:16: Dispatch Server: Accepted socket connection from client
11/04/25 14:37:16: Starting Socket connection
11/04/25 14:37:16: EXCHANGE_TOKEN received, server token: b1b92e19-4998-4604-b3b0-bddf1ba7629f, passed token: b1b92e19-4998-4604-b3b0-bddf1ba7629f
11/04/25 14:37:16: SESSION_MGR: creating session with session uuid: 'bdc16b5a-8a67-4016-be95-1bc9dfb06de8' and name 'vitis_hls'
11/04/25 14:37:16: KERNEL_SVC: creating session with uuid: 'bdc16b5a-8a67-4016-be95-1bc9dfb06de8' and name 'vitis_hls'
11/04/25 14:37:16: GUIDANCE_SMGR: creating guidance session with uuid: 'bdc16b5a-8a67-4016-be95-1bc9dfb06de8' and name 'vitis_hls'
11/04/25 14:37:36: STOP_SERVER received, server token: b1b92e19-4998-4604-b3b0-bddf1ba7629f, passed token: b1b92e19-4998-4604-b3b0-bddf1ba7629f
11/04/25 14:37:36: Socket received request to stop server.
11/04/25 14:37:36: Dispatch Server: do_await_stop
11/04/25 14:37:36: SERVER: destructor for server bound to port 52337
11/04/25 14:37:36: Server exiting with status 0.
11/04/25 14:37:36: Closing log file.
11/04/25 14:38:13: Running xcd server. This server was NOT built by gradle, but presumably rdi.
11/04/25 14:38:13: Server was asked to start on port: '50841'
11/04/25 14:38:13: Server is using token UUID: 'bad5fdc0-fab0-4aa0-a2be-237698260295'
11/04/25 14:38:13: SESSION_MGR: creating session with session uuid: '6d04a3e9-ade5-4ab9-8d63-1f78fcd2ec76' and name 'default'
11/04/25 14:38:13: Attempting to start server on port '50841'
11/04/25 14:38:13: Running Dispatch Server
11/04/25 14:38:13: Version 2.2.0
11/04/25 14:38:22: Dispatch Server: Accepted socket connection from client
11/04/25 14:38:22: Starting Socket connection
11/04/25 14:38:22: EXCHANGE_TOKEN received, server token: bad5fdc0-fab0-4aa0-a2be-237698260295, passed token: bad5fdc0-fab0-4aa0-a2be-237698260295
11/04/25 14:38:22: SESSION_MGR: creating session with session uuid: 'd3f81489-31cd-4d73-8c03-e196e141acc8' and name 'vitis_hls'
11/04/25 14:38:22: KERNEL_SVC: creating session with uuid: 'd3f81489-31cd-4d73-8c03-e196e141acc8' and name 'vitis_hls'
11/04/25 14:38:22: GUIDANCE_SMGR: creating guidance session with uuid: 'd3f81489-31cd-4d73-8c03-e196e141acc8' and name 'vitis_hls'
11/04/25 14:38:48: STOP_SERVER received, server token: bad5fdc0-fab0-4aa0-a2be-237698260295, passed token: bad5fdc0-fab0-4aa0-a2be-237698260295
11/04/25 14:38:48: Socket received request to stop server.
11/04/25 14:38:48: Dispatch Server: do_await_stop
11/04/25 14:38:48: SERVER: destructor for server bound to port 50841
11/04/25 14:38:48: Server exiting with status 0.
11/04/25 14:38:48: Closing log file.
11/04/25 14:39:04: Running xcd server. This server was NOT built by gradle, but presumably rdi.
11/04/25 14:39:04: Server was asked to start on port: '59623'
11/04/25 14:39:04: Server is using token UUID: '3239e605-0251-4d5f-887b-0af01fa8731b'
11/04/25 14:39:04: SESSION_MGR: creating session with session uuid: '6d04a3e9-ade5-4ab9-8d63-1f78fcd2ec76' and name 'default'
11/04/25 14:39:04: Attempting to start server on port '59623'
11/04/25 14:39:04: Running Dispatch Server
11/04/25 14:39:04: Version 2.2.0
11/04/25 14:39:13: Dispatch Server: Accepted socket connection from client
11/04/25 14:39:13: Starting Socket connection
11/04/25 14:39:13: EXCHANGE_TOKEN received, server token: 3239e605-0251-4d5f-887b-0af01fa8731b, passed token: 3239e605-0251-4d5f-887b-0af01fa8731b
11/04/25 14:39:13: SESSION_MGR: creating session with session uuid: 'ea5f57f0-51b5-4c72-9fa5-58e684f74da3' and name 'vitis_hls'
11/04/25 14:39:13: KERNEL_SVC: creating session with uuid: 'ea5f57f0-51b5-4c72-9fa5-58e684f74da3' and name 'vitis_hls'
11/04/25 14:39:13: GUIDANCE_SMGR: creating guidance session with uuid: 'ea5f57f0-51b5-4c72-9fa5-58e684f74da3' and name 'vitis_hls'
11/04/25 14:39:37: STOP_SERVER received, server token: 3239e605-0251-4d5f-887b-0af01fa8731b, passed token: 3239e605-0251-4d5f-887b-0af01fa8731b
11/04/25 14:39:37: Socket received request to stop server.
11/04/25 14:39:37: Dispatch Server: do_await_stop
11/04/25 14:39:37: SERVER: destructor for server bound to port 59623
11/04/25 14:39:37: Server exiting with status 0.
11/04/25 14:39:37: Closing log file.
