#-----------------------------------------------------------
# Vivado v2022.2 (64-bit)
# SW Build 3671981 on Fri Oct 14 05:00:03 MDT 2022
# IP Build 3669848 on Fri Oct 14 08:30:02 MDT 2022
# Start of session at: Wed Nov  5 09:24:01 2025
# Process ID: 9568
# Current directory: C:/Users/11400/Desktop/shuffletest/vivado/project_1
# Command line: vivado.exe -gui_launcher_event rodinguilauncherevent5620 C:\Users\11400\Desktop\shuffletest\vivado\project_1\project_1.xpr
# Log file: C:/Users/11400/Desktop/shuffletest/vivado/project_1/vivado.log
# Journal file: C:/Users/11400/Desktop/shuffletest/vivado/project_1\vivado.jou
# Running On: AKY0310, OS: Windows, CPU Frequency: 2918 MHz, CPU Physical cores: 10, Host memory: 16890 MB
#-----------------------------------------------------------
start_gui
open_project C:/Users/11400/Desktop/shuffletest/vivado/project_1/project_1.xpr
WARNING: [Board 49-26] cannot add Board Part xilinx.com:vek280_es:part0:1.0 available at D:/Xilinx/Vivado/2022.2/data/xhub/boards/XilinxBoardStore/boards/Xilinx/vek280/es/1.0/board.xml as part xcve2802-vsvh1760-2lp-e-s-es1 specified in board_part file is either invalid or not available
WARNING: [Board 49-26] cannot add Board Part xilinx.com:vhk158_es:part0:1.0 available at D:/Xilinx/Vivado/2022.2/data/xhub/boards/XilinxBoardStore/boards/Xilinx/vhk158/es/1.0/board.xml as part xcvh1582-vsva3697-2mp-e-s-es1 specified in board_part file is either invalid or not available
WARNING: [Board 49-26] cannot add Board Part xilinx.com:vpk120_es:part0:1.2 available at D:/Xilinx/Vivado/2022.2/data/xhub/boards/XilinxBoardStore/boards/Xilinx/vpk120/es/1.2/board.xml as part xcvp1202-vsva2785-2mp-e-s-es1 specified in board_part file is either invalid or not available
WARNING: [Board 49-26] cannot add Board Part xilinx.com:vpk120_es_revb:part0:1.0 available at D:/Xilinx/Vivado/2022.2/data/xhub/boards/XilinxBoardStore/boards/Xilinx/vpk120_revb/es/1.0/board.xml as part xcvp1202-vsva2785-2mp-e-s-es1 specified in board_part file is either invalid or not available
WARNING: [Board 49-26] cannot add Board Part xilinx.com:vpk180_es:part0:1.0 available at D:/Xilinx/Vivado/2022.2/data/xhub/boards/XilinxBoardStore/boards/Xilinx/vpk180/es/1.0/board.xml as part xcvp1802-lsvc4072-2mp-e-s-es1 specified in board_part file is either invalid or not available
WARNING: [Board 49-26] cannot add Board Part xilinx.com:zcu208ld:part0:2.0 available at D:/Xilinx/Vivado/2022.2/data/xhub/boards/XilinxBoardStore/boards/Xilinx/zcu208ld/production/2.0/board.xml as part xczu58dr-fsvg1517-2-i specified in board_part file is either invalid or not available
WARNING: [Board 49-26] cannot add Board Part xilinx.com:zcu216ld:part0:2.0 available at D:/Xilinx/Vivado/2022.2/data/xhub/boards/XilinxBoardStore/boards/Xilinx/zcu216ld/production/2.0/board.xml as part xczu59dr-ffvf1760-2-i specified in board_part file is either invalid or not available
WARNING: [Board 49-26] cannot add Board Part xilinx.com:zcu670:part0:2.0 available at D:/Xilinx/Vivado/2022.2/data/xhub/boards/XilinxBoardStore/boards/Xilinx/zcu670/2.0/board.xml as part xczu67dr-fsve1156-2-i specified in board_part file is either invalid or not available
WARNING: [Board 49-26] cannot add Board Part xilinx.com:zcu670ld:part0:1.0 available at D:/Xilinx/Vivado/2022.2/data/xhub/boards/XilinxBoardStore/boards/Xilinx/zcu670ld/1.0/board.xml as part xczu57dr-fsve1156-2-i specified in board_part file is either invalid or not available
Scanning sources...
Finished scanning sources
INFO: [IP_Flow 19-234] Refreshing IP repositories
INFO: [IP_Flow 19-1700] Loaded user IP repository 'c:/Users/11400/Desktop/shuffletest/vivado/project_1/ip_repos/xilinx_com_hls_fully_connected_1_0'.
INFO: [IP_Flow 19-1700] Loaded user IP repository 'c:/Users/11400/Desktop/shuffletest/vivado/project_1/ip_repos/xilinx_com_hls_pooling_1_0'.
INFO: [IP_Flow 19-1700] Loaded user IP repository 'c:/Users/11400/Desktop/shuffletest/vivado/project_1/ip_repos/xilinx_com_hls_channel_shuffle_1_0'.
INFO: [IP_Flow 19-1700] Loaded user IP repository 'c:/Users/11400/Desktop/shuffletest/vivado/project_1/ip_repos/xilinx_com_hls_conv_bn_relu_1_0'.
INFO: [IP_Flow 19-2313] Loaded Vivado IP repository 'D:/Xilinx/Vivado/2022.2/data/ip'.
open_project: Time (s): cpu = 00:00:19 ; elapsed = 00:00:12 . Memory (MB): peak = 1844.926 ; gain = 445.223
update_compile_order -fileset sources_1
WARNING: [IP_Flow 19-4318] IP-XACT file does not exist: c:/Users/11400/Desktop/shuffletest/vivado/project_1/ip_repos/xilinx_com_hls_channel_shuffle_1_0/component.xml. It will be created.
update_ip_catalog -rebuild
INFO: [IP_Flow 19-234] Refreshing IP repositories
INFO: [IP_Flow 19-1700] Loaded user IP repository 'c:/Users/11400/Desktop/shuffletest/vivado/project_1/ip_repos/xilinx_com_hls_fully_connected_1_0'.
INFO: [IP_Flow 19-1700] Loaded user IP repository 'c:/Users/11400/Desktop/shuffletest/vivado/project_1/ip_repos/xilinx_com_hls_pooling_1_0'.
INFO: [IP_Flow 19-1700] Loaded user IP repository 'c:/Users/11400/Desktop/shuffletest/vivado/project_1/ip_repos/xilinx_com_hls_channel_shuffle_1_0'.
INFO: [IP_Flow 19-1700] Loaded user IP repository 'c:/Users/11400/Desktop/shuffletest/vivado/project_1/ip_repos/xilinx_com_hls_conv_bn_relu_1_0'.
open_bd_design {C:/Users/11400/Desktop/shuffletest/vivado/project_1/project_1.srcs/sources_1/bd/design_1/design_1.bd}
Reading block design file <C:/Users/11400/Desktop/shuffletest/vivado/project_1/project_1.srcs/sources_1/bd/design_1/design_1.bd>...
Adding component instance block -- xilinx.com:ip:processing_system7:5.5 - processing_system7_0
Adding component instance block -- xilinx.com:ip:smartconnect:1.0 - smartconnect_0
Adding component instance block -- xilinx.com:ip:proc_sys_reset:5.0 - proc_sys_reset_0
Adding component instance block -- xilinx.com:ip:axi_interconnect:2.1 - axi_interconnect_0
Adding component instance block -- xilinx.com:ip:axi_crossbar:2.1 - xbar
Adding component instance block -- xilinx.com:ip:axi_protocol_converter:2.1 - auto_pc
Adding component instance block -- xilinx.com:ip:axi_mmu:2.1 - s00_mmu
Adding component instance block -- xilinx.com:ip:smartconnect:1.0 - smartconnect_1
Adding component instance block -- xilinx.com:ip:smartconnect:1.0 - smartconnect_2
Adding component instance block -- xilinx.com:ip:smartconnect:1.0 - smartconnect_3
Adding component instance block -- xilinx.com:hls:pooling:1.0 - pooling_0
Adding component instance block -- xilinx.com:hls:fully_connected:1.0 - fully_connected_0
Adding component instance block -- xilinx.com:hls:conv_bn_relu:1.0 - conv_bn_relu_0
Adding component instance block -- xilinx.com:hls:channel_shuffle:1.0 - channel_shuffle_0
Successfully read diagram <design_1> from block design file <C:/Users/11400/Desktop/shuffletest/vivado/project_1/project_1.srcs/sources_1/bd/design_1/design_1.bd>
delete_bd_objs [get_bd_intf_nets axi_interconnect_0_M01_AXI] [get_bd_intf_nets channel_shuffle_0_m_axi_gmem_in] [get_bd_intf_nets channel_shuffle_0_m_axi_gmem_out] [get_bd_cells channel_shuffle_0]
WARNING: [Boardtcl 53-1] No current board_part set.
startgroup
create_bd_cell -type ip -vlnv xilinx.com:hls:channel_shuffle:1.0 channel_shuffle_0
endgroup
set_property location {4 2141 417} [get_bd_cells channel_shuffle_0]
connect_bd_intf_net -boundary_type upper [get_bd_intf_pins axi_interconnect_0/M01_AXI] [get_bd_intf_pins channel_shuffle_0/s_axi_control]
startgroup
set_property CONFIG.NUM_SI {1} [get_bd_cells smartconnect_1]
endgroup
connect_bd_intf_net [get_bd_intf_pins channel_shuffle_0/m_axi_gmem0] [get_bd_intf_pins smartconnect_1/S00_AXI]
apply_bd_automation -rule xilinx.com:bd_rule:clkrst -config { Clk {/processing_system7_0/FCLK_CLK0 (50 MHz)} Freq {100} Ref_Clk0 {} Ref_Clk1 {} Ref_Clk2 {}}  [get_bd_pins channel_shuffle_0/ap_clk]
generate_target all [get_files  C:/Users/11400/Desktop/shuffletest/vivado/project_1/project_1.srcs/sources_1/bd/design_1/design_1.bd]
CRITICAL WARNING: [BD 41-1356] Slave segment </channel_shuffle_0/s_axi_control/Reg> is not assigned into address space </processing_system7_0/Data>. Please use Address Editor to either assign or exclude it.
CRITICAL WARNING: [BD 41-1356] Slave segment </processing_system7_0/S_AXI_HP1/HP1_DDR_LOWOCM> is not assigned into address space </channel_shuffle_0/Data_m_axi_gmem0>. Please use Address Editor to either assign or exclude it.
WARNING: [BD 5-699] No address segments matched 'get_bd_addr_segs -addressing -of_objects /proc_sys_reset_0'
WARNING: [BD 5-699] No address segments matched 'get_bd_addr_segs -addressed -of_object /proc_sys_reset_0'
WARNING: [BD 5-699] No address segments matched 'get_bd_addr_segs -addressable -of_object /proc_sys_reset_0'
WARNING: [BD 5-699] No address segments matched 'get_bd_addr_segs -addressing -of_object /proc_sys_reset_0'
WARNING: [BD 5-699] No address segments matched 'get_bd_addr_segs -addressed -of_object /proc_sys_reset_0'
WARNING: [BD 5-699] No address segments matched 'get_bd_addr_segs -addressable -of_object /proc_sys_reset_0'
WARNING: [BD 5-699] No address segments matched 'get_bd_addr_segs -addressing -of_object /proc_sys_reset_0'
INFO: [xilinx.com:ip:smartconnect:1.0-1] design_1_smartconnect_1_0: SmartConnect design_1_smartconnect_1_0 is in High-performance Mode.
INFO: [xilinx.com:ip:smartconnect:1.0-1] design_1_smartconnect_2_0: SmartConnect design_1_smartconnect_2_0 is in High-performance Mode.
INFO: [xilinx.com:ip:smartconnect:1.0-1] design_1_smartconnect_0_0: SmartConnect design_1_smartconnect_0_0 is in High-performance Mode.
INFO: [xilinx.com:ip:smartconnect:1.0-1] design_1_smartconnect_0_1: SmartConnect design_1_smartconnect_0_1 is in High-performance Mode.
WARNING: [BD 41-927] Following properties on pin /pooling_0/ap_clk have been updated from connected ip, but BD cell '/pooling_0' does not accept parameter changes, so they may not be synchronized with cell properties:
	FREQ_HZ = 5e+07 
Please resolve any mismatches by directly setting properties on BD cell </pooling_0> to completely resolve these warnings.
WARNING: [BD 41-927] Following properties on pin /fully_connected_0/ap_clk have been updated from connected ip, but BD cell '/fully_connected_0' does not accept parameter changes, so they may not be synchronized with cell properties:
	FREQ_HZ = 5e+07 
Please resolve any mismatches by directly setting properties on BD cell </fully_connected_0> to completely resolve these warnings.
WARNING: [BD 41-927] Following properties on pin /conv_bn_relu_0/ap_clk have been updated from connected ip, but BD cell '/conv_bn_relu_0' does not accept parameter changes, so they may not be synchronized with cell properties:
	FREQ_HZ = 5e+07 
Please resolve any mismatches by directly setting properties on BD cell </conv_bn_relu_0> to completely resolve these warnings.
WARNING: [BD 41-927] Following properties on pin /channel_shuffle_0/ap_clk have been updated from connected ip, but BD cell '/channel_shuffle_0' does not accept parameter changes, so they may not be synchronized with cell properties:
	FREQ_HZ = 5e+07 
Please resolve any mismatches by directly setting properties on BD cell </channel_shuffle_0> to completely resolve these warnings.
Wrote  : <C:\Users\11400\Desktop\shuffletest\vivado\project_1\project_1.srcs\sources_1\bd\design_1\design_1.bd> 
Wrote  : <C:/Users/11400/Desktop/shuffletest/vivado/project_1/project_1.srcs/sources_1/bd/design_1/ui/bd_1f5defd0.ui> 
WARNING: [BD 41-2384] Width mismatch when connecting pin: '/smartconnect_0/S00_AXI_arlock'(1) to pin: '/conv_bn_relu_0/m_axi_gmem0_ARLOCK'(2) - Only lower order bits will be connected.
WARNING: [BD 41-2384] Width mismatch when connecting pin: '/smartconnect_0/S00_AXI_awlock'(1) to pin: '/conv_bn_relu_0/m_axi_gmem0_AWLOCK'(2) - Only lower order bits will be connected.
WARNING: [BD 41-2384] Width mismatch when connecting pin: '/smartconnect_3/S00_AXI_arlock'(1) to pin: '/fully_connected_0/m_axi_gmem0_ARLOCK'(2) - Only lower order bits will be connected.
WARNING: [BD 41-2384] Width mismatch when connecting pin: '/smartconnect_3/S00_AXI_awlock'(1) to pin: '/fully_connected_0/m_axi_gmem0_AWLOCK'(2) - Only lower order bits will be connected.
WARNING: [BD 41-2384] Width mismatch when connecting pin: '/smartconnect_2/S00_AXI_arlock'(1) to pin: '/pooling_0/m_axi_gmem0_ARLOCK'(2) - Only lower order bits will be connected.
WARNING: [BD 41-2384] Width mismatch when connecting pin: '/smartconnect_2/S00_AXI_awlock'(1) to pin: '/pooling_0/m_axi_gmem0_AWLOCK'(2) - Only lower order bits will be connected.
WARNING: [BD 41-2384] Width mismatch when connecting pin: '/smartconnect_1/S00_AXI_arlock'(1) to pin: '/channel_shuffle_0/m_axi_gmem0_ARLOCK'(2) - Only lower order bits will be connected.
WARNING: [BD 41-2384] Width mismatch when connecting pin: '/smartconnect_1/S00_AXI_awlock'(1) to pin: '/channel_shuffle_0/m_axi_gmem0_AWLOCK'(2) - Only lower order bits will be connected.
Verilog Output written to : c:/Users/11400/Desktop/shuffletest/vivado/project_1/project_1.gen/sources_1/bd/design_1/synth/design_1.v
WARNING: [BD 41-2384] Width mismatch when connecting pin: '/smartconnect_0/S00_AXI_arlock'(1) to pin: '/conv_bn_relu_0/m_axi_gmem0_ARLOCK'(2) - Only lower order bits will be connected.
WARNING: [BD 41-2384] Width mismatch when connecting pin: '/smartconnect_0/S00_AXI_awlock'(1) to pin: '/conv_bn_relu_0/m_axi_gmem0_AWLOCK'(2) - Only lower order bits will be connected.
WARNING: [BD 41-2384] Width mismatch when connecting pin: '/smartconnect_3/S00_AXI_arlock'(1) to pin: '/fully_connected_0/m_axi_gmem0_ARLOCK'(2) - Only lower order bits will be connected.
WARNING: [BD 41-2384] Width mismatch when connecting pin: '/smartconnect_3/S00_AXI_awlock'(1) to pin: '/fully_connected_0/m_axi_gmem0_AWLOCK'(2) - Only lower order bits will be connected.
WARNING: [BD 41-2384] Width mismatch when connecting pin: '/smartconnect_2/S00_AXI_arlock'(1) to pin: '/pooling_0/m_axi_gmem0_ARLOCK'(2) - Only lower order bits will be connected.
WARNING: [BD 41-2384] Width mismatch when connecting pin: '/smartconnect_2/S00_AXI_awlock'(1) to pin: '/pooling_0/m_axi_gmem0_AWLOCK'(2) - Only lower order bits will be connected.
WARNING: [BD 41-2384] Width mismatch when connecting pin: '/smartconnect_1/S00_AXI_arlock'(1) to pin: '/channel_shuffle_0/m_axi_gmem0_ARLOCK'(2) - Only lower order bits will be connected.
WARNING: [BD 41-2384] Width mismatch when connecting pin: '/smartconnect_1/S00_AXI_awlock'(1) to pin: '/channel_shuffle_0/m_axi_gmem0_AWLOCK'(2) - Only lower order bits will be connected.
Verilog Output written to : c:/Users/11400/Desktop/shuffletest/vivado/project_1/project_1.gen/sources_1/bd/design_1/sim/design_1.v
Verilog Output written to : c:/Users/11400/Desktop/shuffletest/vivado/project_1/project_1.gen/sources_1/bd/design_1/hdl/design_1_wrapper.v
Exporting to file c:/Users/11400/Desktop/shuffletest/vivado/project_1/project_1.gen/sources_1/bd/design_1/ip/design_1_smartconnect_0_0/bd_0/hw_handoff/design_1_smartconnect_0_0.hwh
Generated Hardware Definition File c:/Users/11400/Desktop/shuffletest/vivado/project_1/project_1.gen/sources_1/bd/design_1/ip/design_1_smartconnect_0_0/bd_0/synth/design_1_smartconnect_0_0.hwdef
Exporting to file c:/Users/11400/Desktop/shuffletest/vivado/project_1/project_1.gen/sources_1/bd/design_1/ip/design_1_smartconnect_0_1/bd_0/hw_handoff/design_1_smartconnect_0_1.hwh
Generated Hardware Definition File c:/Users/11400/Desktop/shuffletest/vivado/project_1/project_1.gen/sources_1/bd/design_1/ip/design_1_smartconnect_0_1/bd_0/synth/design_1_smartconnect_0_1.hwdef
INFO: [BD 41-1029] Generation completed for the IP Integrator block smartconnect_1 .
Exporting to file c:/Users/11400/Desktop/shuffletest/vivado/project_1/project_1.gen/sources_1/bd/design_1/ip/design_1_smartconnect_1_0/bd_0/hw_handoff/design_1_smartconnect_1_0.hwh
Generated Hardware Definition File c:/Users/11400/Desktop/shuffletest/vivado/project_1/project_1.gen/sources_1/bd/design_1/ip/design_1_smartconnect_1_0/bd_0/synth/design_1_smartconnect_1_0.hwdef
Exporting to file c:/Users/11400/Desktop/shuffletest/vivado/project_1/project_1.gen/sources_1/bd/design_1/ip/design_1_smartconnect_2_0/bd_0/hw_handoff/design_1_smartconnect_2_0.hwh
Generated Hardware Definition File c:/Users/11400/Desktop/shuffletest/vivado/project_1/project_1.gen/sources_1/bd/design_1/ip/design_1_smartconnect_2_0/bd_0/synth/design_1_smartconnect_2_0.hwdef
INFO: [BD 41-1029] Generation completed for the IP Integrator block axi_interconnect_0/s00_couplers/auto_pc .
INFO: [BD 41-1029] Generation completed for the IP Integrator block axi_interconnect_0/s00_mmu .
INFO: [BD 41-1029] Generation completed for the IP Integrator block channel_shuffle_0 .
Exporting to file c:/Users/11400/Desktop/shuffletest/vivado/project_1/project_1.gen/sources_1/bd/design_1/hw_handoff/design_1.hwh
Generated Hardware Definition File c:/Users/11400/Desktop/shuffletest/vivado/project_1/project_1.gen/sources_1/bd/design_1/synth/design_1.hwdef
generate_target: Time (s): cpu = 00:00:34 ; elapsed = 00:00:42 . Memory (MB): peak = 2610.078 ; gain = 369.379
export_ip_user_files -of_objects [get_files C:/Users/11400/Desktop/shuffletest/vivado/project_1/project_1.srcs/sources_1/bd/design_1/design_1.bd] -no_script -sync -force -quiet
export_simulation -of_objects [get_files C:/Users/11400/Desktop/shuffletest/vivado/project_1/project_1.srcs/sources_1/bd/design_1/design_1.bd] -directory C:/Users/11400/Desktop/shuffletest/vivado/project_1/project_1.ip_user_files/sim_scripts -ip_user_files_dir C:/Users/11400/Desktop/shuffletest/vivado/project_1/project_1.ip_user_files -ipstatic_source_dir C:/Users/11400/Desktop/shuffletest/vivado/project_1/project_1.ip_user_files/ipstatic -lib_map_path [list {modelsim=C:/Users/11400/Desktop/shuffletest/vivado/project_1/project_1.cache/compile_simlib/modelsim} {questa=C:/Users/11400/Desktop/shuffletest/vivado/project_1/project_1.cache/compile_simlib/questa} {riviera=C:/Users/11400/Desktop/shuffletest/vivado/project_1/project_1.cache/compile_simlib/riviera} {activehdl=C:/Users/11400/Desktop/shuffletest/vivado/project_1/project_1.cache/compile_simlib/activehdl}] -use_ip_compiled_libs -force -quiet
reset_run synth_1
INFO: [Project 1-1161] Replacing file C:/Users/11400/Desktop/shuffletest/vivado/project_1/project_1.srcs/utils_1/imports/synth_1/design_1_wrapper.dcp with file C:/Users/11400/Desktop/shuffletest/vivado/project_1/project_1.runs/synth_1/design_1_wrapper.dcp
launch_runs impl_1 -to_step write_bitstream -jobs 8
[Wed Nov  5 09:49:02 2025] Launched synth_1...
Run output will be captured here: C:/Users/11400/Desktop/shuffletest/vivado/project_1/project_1.runs/synth_1/runme.log
[Wed Nov  5 09:49:02 2025] Launched impl_1...
Run output will be captured here: C:/Users/11400/Desktop/shuffletest/vivado/project_1/project_1.runs/impl_1/runme.log
open_run impl_1
INFO: [Device 21-403] Loading part xc7z020clg400-2
Netlist sorting complete. Time (s): cpu = 00:00:01 ; elapsed = 00:00:00.606 . Memory (MB): peak = 2886.473 ; gain = 0.000
INFO: [Netlist 29-17] Analyzing 2203 Unisim elements for replacement
INFO: [Netlist 29-28] Unisim Transformation completed in 0 CPU seconds
INFO: [Project 1-479] Netlist was created with Vivado 2022.2
INFO: [Project 1-570] Preparing netlist for logic optimization
INFO: [Timing 38-478] Restoring timing data from binary archive.
INFO: [Timing 38-479] Binary timing data restore complete.
INFO: [Project 1-856] Restoring constraints from binary archive.
INFO: [Project 1-853] Binary constraint restore complete.
Reading XDEF placement.
Reading placer database...
Reading XDEF routing.
Read XDEF Files: Time (s): cpu = 00:00:03 ; elapsed = 00:00:03 . Memory (MB): peak = 3762.785 ; gain = 0.000
Restored from archive | CPU: 3.000000 secs | Memory: 0.000000 MB |
Finished XDEF File Restore: Time (s): cpu = 00:00:03 ; elapsed = 00:00:03 . Memory (MB): peak = 3762.785 ; gain = 0.000
Netlist sorting complete. Time (s): cpu = 00:00:00 ; elapsed = 00:00:00.012 . Memory (MB): peak = 3762.785 ; gain = 0.000
INFO: [Project 1-111] Unisim Transformation Summary:
  A total of 205 instances were transformed.
  RAM32M => RAM32M (RAMD32(x6), RAMS32(x2)): 205 instances

open_run: Time (s): cpu = 00:00:23 ; elapsed = 00:00:18 . Memory (MB): peak = 3917.992 ; gain = 1295.801
open_report: Time (s): cpu = 00:00:11 ; elapsed = 00:00:07 . Memory (MB): peak = 4030.301 ; gain = 112.309
write_hw_platform -fixed -include_bit -force -file C:/Users/11400/Desktop/shuffletest/vivado/project_1/design_1_wrapper.xsa
INFO: [Project 1-1918] Creating Hardware Platform: C:/Users/11400/Desktop/shuffletest/vivado/project_1/design_1_wrapper.xsa ...
INFO: [Project 1-1943] The Hardware Platform can be used for Hardware
INFO: [Project 1-1941] Successfully created Hardware Platform: C:/Users/11400/Desktop/shuffletest/vivado/project_1/design_1_wrapper.xsa
INFO: [Hsi 55-2053] elapsed time for repository (D:/Xilinx/Vivado/2022.2/data/embeddedsw) loading 1 seconds
write_hw_platform: Time (s): cpu = 00:00:05 ; elapsed = 00:00:06 . Memory (MB): peak = 4330.359 ; gain = 174.164
open_bd_design {C:/Users/11400/Desktop/shuffletest/vivado/project_1/project_1.srcs/sources_1/bd/design_1/design_1.bd}
assign_bd_address
Slave segment '/processing_system7_0/S_AXI_HP1/HP1_DDR_LOWOCM' is being assigned into address space '/channel_shuffle_0/Data_m_axi_gmem0' at <0x0000_0000 [ 512M ]>.
Slave segment '/channel_shuffle_0/s_axi_control/Reg' is being assigned into address space '/processing_system7_0/Data' at <0x4000_0000 [ 64K ]>.
reset_run impl_1 -prev_step 
launch_runs impl_1 -to_step write_bitstream -jobs 8
WARNING: [BD 5-699] No address segments matched 'get_bd_addr_segs -addressed -of_object /proc_sys_reset_0'
WARNING: [BD 5-699] No address segments matched 'get_bd_addr_segs -addressable -of_object /proc_sys_reset_0'
WARNING: [BD 5-699] No address segments matched 'get_bd_addr_segs -addressing -of_object /proc_sys_reset_0'
WARNING: [BD 5-699] No address segments matched 'get_bd_addr_segs -addressed -of_object /proc_sys_reset_0'
WARNING: [BD 5-699] No address segments matched 'get_bd_addr_segs -addressable -of_object /proc_sys_reset_0'
WARNING: [BD 5-699] No address segments matched 'get_bd_addr_segs -addressing -of_object /proc_sys_reset_0'
INFO: [xilinx.com:ip:smartconnect:1.0-1] design_1_smartconnect_1_0: SmartConnect design_1_smartconnect_1_0 is in High-performance Mode.
INFO: [xilinx.com:ip:smartconnect:1.0-1] design_1_smartconnect_2_0: SmartConnect design_1_smartconnect_2_0 is in High-performance Mode.
INFO: [xilinx.com:ip:smartconnect:1.0-1] design_1_smartconnect_0_0: SmartConnect design_1_smartconnect_0_0 is in High-performance Mode.
INFO: [xilinx.com:ip:smartconnect:1.0-1] design_1_smartconnect_0_1: SmartConnect design_1_smartconnect_0_1 is in High-performance Mode.
WARNING: [BD 41-927] Following properties on pin /pooling_0/ap_clk have been updated from connected ip, but BD cell '/pooling_0' does not accept parameter changes, so they may not be synchronized with cell properties:
	FREQ_HZ = 5e+07 
Please resolve any mismatches by directly setting properties on BD cell </pooling_0> to completely resolve these warnings.
WARNING: [BD 41-927] Following properties on pin /fully_connected_0/ap_clk have been updated from connected ip, but BD cell '/fully_connected_0' does not accept parameter changes, so they may not be synchronized with cell properties:
	FREQ_HZ = 5e+07 
Please resolve any mismatches by directly setting properties on BD cell </fully_connected_0> to completely resolve these warnings.
WARNING: [BD 41-927] Following properties on pin /conv_bn_relu_0/ap_clk have been updated from connected ip, but BD cell '/conv_bn_relu_0' does not accept parameter changes, so they may not be synchronized with cell properties:
	FREQ_HZ = 5e+07 
Please resolve any mismatches by directly setting properties on BD cell </conv_bn_relu_0> to completely resolve these warnings.
WARNING: [BD 41-927] Following properties on pin /channel_shuffle_0/ap_clk have been updated from connected ip, but BD cell '/channel_shuffle_0' does not accept parameter changes, so they may not be synchronized with cell properties:
	FREQ_HZ = 5e+07 
Please resolve any mismatches by directly setting properties on BD cell </channel_shuffle_0> to completely resolve these warnings.
Wrote  : <C:\Users\11400\Desktop\shuffletest\vivado\project_1\project_1.srcs\sources_1\bd\design_1\design_1.bd> 
Wrote  : <C:/Users/11400/Desktop/shuffletest/vivado/project_1/project_1.srcs/sources_1/bd/design_1/ui/bd_1f5defd0.ui> 
WARNING: [BD 41-2384] Width mismatch when connecting pin: '/smartconnect_0/S00_AXI_arlock'(1) to pin: '/conv_bn_relu_0/m_axi_gmem0_ARLOCK'(2) - Only lower order bits will be connected.
WARNING: [BD 41-2384] Width mismatch when connecting pin: '/smartconnect_0/S00_AXI_awlock'(1) to pin: '/conv_bn_relu_0/m_axi_gmem0_AWLOCK'(2) - Only lower order bits will be connected.
WARNING: [BD 41-2384] Width mismatch when connecting pin: '/smartconnect_3/S00_AXI_arlock'(1) to pin: '/fully_connected_0/m_axi_gmem0_ARLOCK'(2) - Only lower order bits will be connected.
WARNING: [BD 41-2384] Width mismatch when connecting pin: '/smartconnect_3/S00_AXI_awlock'(1) to pin: '/fully_connected_0/m_axi_gmem0_AWLOCK'(2) - Only lower order bits will be connected.
WARNING: [BD 41-2384] Width mismatch when connecting pin: '/smartconnect_2/S00_AXI_arlock'(1) to pin: '/pooling_0/m_axi_gmem0_ARLOCK'(2) - Only lower order bits will be connected.
WARNING: [BD 41-2384] Width mismatch when connecting pin: '/smartconnect_2/S00_AXI_awlock'(1) to pin: '/pooling_0/m_axi_gmem0_AWLOCK'(2) - Only lower order bits will be connected.
WARNING: [BD 41-2384] Width mismatch when connecting pin: '/smartconnect_1/S00_AXI_arlock'(1) to pin: '/channel_shuffle_0/m_axi_gmem0_ARLOCK'(2) - Only lower order bits will be connected.
WARNING: [BD 41-2384] Width mismatch when connecting pin: '/smartconnect_1/S00_AXI_awlock'(1) to pin: '/channel_shuffle_0/m_axi_gmem0_AWLOCK'(2) - Only lower order bits will be connected.
Verilog Output written to : c:/Users/11400/Desktop/shuffletest/vivado/project_1/project_1.gen/sources_1/bd/design_1/synth/design_1.v
WARNING: [BD 41-2384] Width mismatch when connecting pin: '/smartconnect_0/S00_AXI_arlock'(1) to pin: '/conv_bn_relu_0/m_axi_gmem0_ARLOCK'(2) - Only lower order bits will be connected.
WARNING: [BD 41-2384] Width mismatch when connecting pin: '/smartconnect_0/S00_AXI_awlock'(1) to pin: '/conv_bn_relu_0/m_axi_gmem0_AWLOCK'(2) - Only lower order bits will be connected.
WARNING: [BD 41-2384] Width mismatch when connecting pin: '/smartconnect_3/S00_AXI_arlock'(1) to pin: '/fully_connected_0/m_axi_gmem0_ARLOCK'(2) - Only lower order bits will be connected.
WARNING: [BD 41-2384] Width mismatch when connecting pin: '/smartconnect_3/S00_AXI_awlock'(1) to pin: '/fully_connected_0/m_axi_gmem0_AWLOCK'(2) - Only lower order bits will be connected.
WARNING: [BD 41-2384] Width mismatch when connecting pin: '/smartconnect_2/S00_AXI_arlock'(1) to pin: '/pooling_0/m_axi_gmem0_ARLOCK'(2) - Only lower order bits will be connected.
WARNING: [BD 41-2384] Width mismatch when connecting pin: '/smartconnect_2/S00_AXI_awlock'(1) to pin: '/pooling_0/m_axi_gmem0_AWLOCK'(2) - Only lower order bits will be connected.
WARNING: [BD 41-2384] Width mismatch when connecting pin: '/smartconnect_1/S00_AXI_arlock'(1) to pin: '/channel_shuffle_0/m_axi_gmem0_ARLOCK'(2) - Only lower order bits will be connected.
WARNING: [BD 41-2384] Width mismatch when connecting pin: '/smartconnect_1/S00_AXI_awlock'(1) to pin: '/channel_shuffle_0/m_axi_gmem0_AWLOCK'(2) - Only lower order bits will be connected.
Verilog Output written to : c:/Users/11400/Desktop/shuffletest/vivado/project_1/project_1.gen/sources_1/bd/design_1/sim/design_1.v
Verilog Output written to : c:/Users/11400/Desktop/shuffletest/vivado/project_1/project_1.gen/sources_1/bd/design_1/hdl/design_1_wrapper.v
Exporting to file c:/Users/11400/Desktop/shuffletest/vivado/project_1/project_1.gen/sources_1/bd/design_1/ip/design_1_smartconnect_0_0/bd_0/hw_handoff/design_1_smartconnect_0_0.hwh
Generated Hardware Definition File c:/Users/11400/Desktop/shuffletest/vivado/project_1/project_1.gen/sources_1/bd/design_1/ip/design_1_smartconnect_0_0/bd_0/synth/design_1_smartconnect_0_0.hwdef
INFO: [BD 41-1029] Generation completed for the IP Integrator block axi_interconnect_0/xbar .
Exporting to file c:/Users/11400/Desktop/shuffletest/vivado/project_1/project_1.gen/sources_1/bd/design_1/ip/design_1_smartconnect_0_1/bd_0/hw_handoff/design_1_smartconnect_0_1.hwh
Generated Hardware Definition File c:/Users/11400/Desktop/shuffletest/vivado/project_1/project_1.gen/sources_1/bd/design_1/ip/design_1_smartconnect_0_1/bd_0/synth/design_1_smartconnect_0_1.hwdef
Exporting to file c:/Users/11400/Desktop/shuffletest/vivado/project_1/project_1.gen/sources_1/bd/design_1/ip/design_1_smartconnect_1_0/bd_0/hw_handoff/design_1_smartconnect_1_0.hwh
Generated Hardware Definition File c:/Users/11400/Desktop/shuffletest/vivado/project_1/project_1.gen/sources_1/bd/design_1/ip/design_1_smartconnect_1_0/bd_0/synth/design_1_smartconnect_1_0.hwdef
Exporting to file c:/Users/11400/Desktop/shuffletest/vivado/project_1/project_1.gen/sources_1/bd/design_1/ip/design_1_smartconnect_2_0/bd_0/hw_handoff/design_1_smartconnect_2_0.hwh
Generated Hardware Definition File c:/Users/11400/Desktop/shuffletest/vivado/project_1/project_1.gen/sources_1/bd/design_1/ip/design_1_smartconnect_2_0/bd_0/synth/design_1_smartconnect_2_0.hwdef
INFO: [BD 41-1029] Generation completed for the IP Integrator block axi_interconnect_0/s00_couplers/auto_pc .
Exporting to file c:/Users/11400/Desktop/shuffletest/vivado/project_1/project_1.gen/sources_1/bd/design_1/hw_handoff/design_1.hwh
Generated Hardware Definition File c:/Users/11400/Desktop/shuffletest/vivado/project_1/project_1.gen/sources_1/bd/design_1/synth/design_1.hwdef
WARNING: [Vivado 12-872] Run step 'Design Initialization' is out-of-date.
[Wed Nov  5 10:07:31 2025] Launched impl_1...
Run output will be captured here: C:/Users/11400/Desktop/shuffletest/vivado/project_1/project_1.runs/impl_1/runme.log
launch_runs: Time (s): cpu = 00:00:35 ; elapsed = 00:00:42 . Memory (MB): peak = 4391.734 ; gain = 25.715
INFO: [Vivado 12-8217] Implementation run is out of date. Exported hardware information may be inconsistent with respect to the current state of the design. It is recommended that you re-run implementation and re-generate bitstream/PDI before doing hardware export.
write_hw_platform -fixed -include_bit -force -file C:/Users/11400/Desktop/shuffletest/vivado/project_1/design_1_wrapper.xsa
INFO: [Project 1-1918] Creating Hardware Platform: C:/Users/11400/Desktop/shuffletest/vivado/project_1/design_1_wrapper.xsa ...
INFO: [Project 1-1943] The Hardware Platform can be used for Hardware
INFO: [Project 1-1941] Successfully created Hardware Platform: C:/Users/11400/Desktop/shuffletest/vivado/project_1/design_1_wrapper.xsa
delete_bd_objs [get_bd_intf_nets axi_interconnect_0_M01_AXI] [get_bd_intf_nets channel_shuffle_0_m_axi_gmem0] [get_bd_cells channel_shuffle_0]
startgroup
create_bd_cell -type ip -vlnv xilinx.com:hls:channel_shuffle:1.0 channel_shuffle_0
endgroup
set_property location {3 2167 412} [get_bd_cells channel_shuffle_0]
connect_bd_intf_net -boundary_type upper [get_bd_intf_pins axi_interconnect_0/M01_AXI] [get_bd_intf_pins channel_shuffle_0/s_axi_control]
set_property location {4 2405 379} [get_bd_cells channel_shuffle_0]
set_property location {3 2241 432} [get_bd_cells channel_shuffle_0]
set_property location {4 2600 405} [get_bd_cells smartconnect_1]
connect_bd_intf_net [get_bd_intf_pins channel_shuffle_0/m_axi_gmem0] [get_bd_intf_pins smartconnect_1/S00_AXI]
apply_bd_automation -rule xilinx.com:bd_rule:clkrst -config { Clk {/processing_system7_0/FCLK_CLK0 (50 MHz)} Freq {100} Ref_Clk0 {} Ref_Clk1 {} Ref_Clk2 {}}  [get_bd_pins channel_shuffle_0/ap_clk]
reset_run synth_1
INFO: [Project 1-1161] Replacing file C:/Users/11400/Desktop/shuffletest/vivado/project_1/project_1.srcs/utils_1/imports/synth_1/design_1_wrapper.dcp with file C:/Users/11400/Desktop/shuffletest/vivado/project_1/project_1.runs/synth_1/design_1_wrapper.dcp
launch_runs impl_1 -to_step write_bitstream -jobs 8
CRITICAL WARNING: [BD 41-1356] Slave segment </channel_shuffle_0/s_axi_control/Reg> is not assigned into address space </processing_system7_0/Data>. Please use Address Editor to either assign or exclude it.
CRITICAL WARNING: [BD 41-1356] Slave segment </processing_system7_0/S_AXI_HP1/HP1_DDR_LOWOCM> is not assigned into address space </channel_shuffle_0/Data_m_axi_gmem0>. Please use Address Editor to either assign or exclude it.
WARNING: [BD 5-699] No address segments matched 'get_bd_addr_segs -addressing -of_objects /proc_sys_reset_0'
WARNING: [BD 5-699] No address segments matched 'get_bd_addr_segs -addressed -of_object /proc_sys_reset_0'
WARNING: [BD 5-699] No address segments matched 'get_bd_addr_segs -addressable -of_object /proc_sys_reset_0'
WARNING: [BD 5-699] No address segments matched 'get_bd_addr_segs -addressing -of_object /proc_sys_reset_0'
WARNING: [BD 5-699] No address segments matched 'get_bd_addr_segs -addressed -of_object /proc_sys_reset_0'
WARNING: [BD 5-699] No address segments matched 'get_bd_addr_segs -addressable -of_object /proc_sys_reset_0'
WARNING: [BD 5-699] No address segments matched 'get_bd_addr_segs -addressing -of_object /proc_sys_reset_0'
INFO: [xilinx.com:ip:smartconnect:1.0-1] design_1_smartconnect_1_0: SmartConnect design_1_smartconnect_1_0 is in High-performance Mode.
INFO: [xilinx.com:ip:smartconnect:1.0-1] design_1_smartconnect_2_0: SmartConnect design_1_smartconnect_2_0 is in High-performance Mode.
INFO: [xilinx.com:ip:smartconnect:1.0-1] design_1_smartconnect_0_0: SmartConnect design_1_smartconnect_0_0 is in High-performance Mode.
INFO: [xilinx.com:ip:smartconnect:1.0-1] design_1_smartconnect_0_1: SmartConnect design_1_smartconnect_0_1 is in High-performance Mode.
WARNING: [BD 41-927] Following properties on pin /pooling_0/ap_clk have been updated from connected ip, but BD cell '/pooling_0' does not accept parameter changes, so they may not be synchronized with cell properties:
	FREQ_HZ = 5e+07 
Please resolve any mismatches by directly setting properties on BD cell </pooling_0> to completely resolve these warnings.
WARNING: [BD 41-927] Following properties on pin /fully_connected_0/ap_clk have been updated from connected ip, but BD cell '/fully_connected_0' does not accept parameter changes, so they may not be synchronized with cell properties:
	FREQ_HZ = 5e+07 
Please resolve any mismatches by directly setting properties on BD cell </fully_connected_0> to completely resolve these warnings.
WARNING: [BD 41-927] Following properties on pin /conv_bn_relu_0/ap_clk have been updated from connected ip, but BD cell '/conv_bn_relu_0' does not accept parameter changes, so they may not be synchronized with cell properties:
	FREQ_HZ = 5e+07 
Please resolve any mismatches by directly setting properties on BD cell </conv_bn_relu_0> to completely resolve these warnings.
WARNING: [BD 41-927] Following properties on pin /channel_shuffle_0/ap_clk have been updated from connected ip, but BD cell '/channel_shuffle_0' does not accept parameter changes, so they may not be synchronized with cell properties:
	FREQ_HZ = 5e+07 
Please resolve any mismatches by directly setting properties on BD cell </channel_shuffle_0> to completely resolve these warnings.
Wrote  : <C:\Users\11400\Desktop\shuffletest\vivado\project_1\project_1.srcs\sources_1\bd\design_1\design_1.bd> 
Wrote  : <C:/Users/11400/Desktop/shuffletest/vivado/project_1/project_1.srcs/sources_1/bd/design_1/ui/bd_1f5defd0.ui> 
WARNING: [BD 41-2384] Width mismatch when connecting pin: '/smartconnect_0/S00_AXI_arlock'(1) to pin: '/conv_bn_relu_0/m_axi_gmem0_ARLOCK'(2) - Only lower order bits will be connected.
WARNING: [BD 41-2384] Width mismatch when connecting pin: '/smartconnect_0/S00_AXI_awlock'(1) to pin: '/conv_bn_relu_0/m_axi_gmem0_AWLOCK'(2) - Only lower order bits will be connected.
WARNING: [BD 41-2384] Width mismatch when connecting pin: '/smartconnect_3/S00_AXI_arlock'(1) to pin: '/fully_connected_0/m_axi_gmem0_ARLOCK'(2) - Only lower order bits will be connected.
WARNING: [BD 41-2384] Width mismatch when connecting pin: '/smartconnect_3/S00_AXI_awlock'(1) to pin: '/fully_connected_0/m_axi_gmem0_AWLOCK'(2) - Only lower order bits will be connected.
WARNING: [BD 41-2384] Width mismatch when connecting pin: '/smartconnect_2/S00_AXI_arlock'(1) to pin: '/pooling_0/m_axi_gmem0_ARLOCK'(2) - Only lower order bits will be connected.
WARNING: [BD 41-2384] Width mismatch when connecting pin: '/smartconnect_2/S00_AXI_awlock'(1) to pin: '/pooling_0/m_axi_gmem0_AWLOCK'(2) - Only lower order bits will be connected.
WARNING: [BD 41-2384] Width mismatch when connecting pin: '/smartconnect_1/S00_AXI_arlock'(1) to pin: '/channel_shuffle_0/m_axi_gmem0_ARLOCK'(2) - Only lower order bits will be connected.
WARNING: [BD 41-2384] Width mismatch when connecting pin: '/smartconnect_1/S00_AXI_awlock'(1) to pin: '/channel_shuffle_0/m_axi_gmem0_AWLOCK'(2) - Only lower order bits will be connected.
Verilog Output written to : c:/Users/11400/Desktop/shuffletest/vivado/project_1/project_1.gen/sources_1/bd/design_1/synth/design_1.v
WARNING: [BD 41-2384] Width mismatch when connecting pin: '/smartconnect_0/S00_AXI_arlock'(1) to pin: '/conv_bn_relu_0/m_axi_gmem0_ARLOCK'(2) - Only lower order bits will be connected.
WARNING: [BD 41-2384] Width mismatch when connecting pin: '/smartconnect_0/S00_AXI_awlock'(1) to pin: '/conv_bn_relu_0/m_axi_gmem0_AWLOCK'(2) - Only lower order bits will be connected.
WARNING: [BD 41-2384] Width mismatch when connecting pin: '/smartconnect_3/S00_AXI_arlock'(1) to pin: '/fully_connected_0/m_axi_gmem0_ARLOCK'(2) - Only lower order bits will be connected.
WARNING: [BD 41-2384] Width mismatch when connecting pin: '/smartconnect_3/S00_AXI_awlock'(1) to pin: '/fully_connected_0/m_axi_gmem0_AWLOCK'(2) - Only lower order bits will be connected.
WARNING: [BD 41-2384] Width mismatch when connecting pin: '/smartconnect_2/S00_AXI_arlock'(1) to pin: '/pooling_0/m_axi_gmem0_ARLOCK'(2) - Only lower order bits will be connected.
WARNING: [BD 41-2384] Width mismatch when connecting pin: '/smartconnect_2/S00_AXI_awlock'(1) to pin: '/pooling_0/m_axi_gmem0_AWLOCK'(2) - Only lower order bits will be connected.
WARNING: [BD 41-2384] Width mismatch when connecting pin: '/smartconnect_1/S00_AXI_arlock'(1) to pin: '/channel_shuffle_0/m_axi_gmem0_ARLOCK'(2) - Only lower order bits will be connected.
WARNING: [BD 41-2384] Width mismatch when connecting pin: '/smartconnect_1/S00_AXI_awlock'(1) to pin: '/channel_shuffle_0/m_axi_gmem0_AWLOCK'(2) - Only lower order bits will be connected.
Verilog Output written to : c:/Users/11400/Desktop/shuffletest/vivado/project_1/project_1.gen/sources_1/bd/design_1/sim/design_1.v
Verilog Output written to : c:/Users/11400/Desktop/shuffletest/vivado/project_1/project_1.gen/sources_1/bd/design_1/hdl/design_1_wrapper.v
Exporting to file c:/Users/11400/Desktop/shuffletest/vivado/project_1/project_1.gen/sources_1/bd/design_1/ip/design_1_smartconnect_0_0/bd_0/hw_handoff/design_1_smartconnect_0_0.hwh
Generated Hardware Definition File c:/Users/11400/Desktop/shuffletest/vivado/project_1/project_1.gen/sources_1/bd/design_1/ip/design_1_smartconnect_0_0/bd_0/synth/design_1_smartconnect_0_0.hwdef
INFO: [BD 41-1029] Generation completed for the IP Integrator block axi_interconnect_0/xbar .
Exporting to file c:/Users/11400/Desktop/shuffletest/vivado/project_1/project_1.gen/sources_1/bd/design_1/ip/design_1_smartconnect_0_1/bd_0/hw_handoff/design_1_smartconnect_0_1.hwh
Generated Hardware Definition File c:/Users/11400/Desktop/shuffletest/vivado/project_1/project_1.gen/sources_1/bd/design_1/ip/design_1_smartconnect_0_1/bd_0/synth/design_1_smartconnect_0_1.hwdef
Exporting to file c:/Users/11400/Desktop/shuffletest/vivado/project_1/project_1.gen/sources_1/bd/design_1/ip/design_1_smartconnect_1_0/bd_0/hw_handoff/design_1_smartconnect_1_0.hwh
Generated Hardware Definition File c:/Users/11400/Desktop/shuffletest/vivado/project_1/project_1.gen/sources_1/bd/design_1/ip/design_1_smartconnect_1_0/bd_0/synth/design_1_smartconnect_1_0.hwdef
Exporting to file c:/Users/11400/Desktop/shuffletest/vivado/project_1/project_1.gen/sources_1/bd/design_1/ip/design_1_smartconnect_2_0/bd_0/hw_handoff/design_1_smartconnect_2_0.hwh
Generated Hardware Definition File c:/Users/11400/Desktop/shuffletest/vivado/project_1/project_1.gen/sources_1/bd/design_1/ip/design_1_smartconnect_2_0/bd_0/synth/design_1_smartconnect_2_0.hwdef
INFO: [BD 41-1029] Generation completed for the IP Integrator block axi_interconnect_0/s00_couplers/auto_pc .
INFO: [BD 41-1029] Generation completed for the IP Integrator block axi_interconnect_0/s00_mmu .
INFO: [BD 41-1029] Generation completed for the IP Integrator block channel_shuffle_0 .
Exporting to file c:/Users/11400/Desktop/shuffletest/vivado/project_1/project_1.gen/sources_1/bd/design_1/hw_handoff/design_1.hwh
Generated Hardware Definition File c:/Users/11400/Desktop/shuffletest/vivado/project_1/project_1.gen/sources_1/bd/design_1/synth/design_1.hwdef
[Wed Nov  5 10:34:27 2025] Launched synth_1...
Run output will be captured here: C:/Users/11400/Desktop/shuffletest/vivado/project_1/project_1.runs/synth_1/runme.log
[Wed Nov  5 10:34:27 2025] Launched impl_1...
Run output will be captured here: C:/Users/11400/Desktop/shuffletest/vivado/project_1/project_1.runs/impl_1/runme.log
launch_runs: Time (s): cpu = 00:01:12 ; elapsed = 00:01:36 . Memory (MB): peak = 4426.215 ; gain = 6.426
assign_bd_address
Slave segment '/processing_system7_0/S_AXI_HP1/HP1_DDR_LOWOCM' is being assigned into address space '/channel_shuffle_0/Data_m_axi_gmem0' at <0x0000_0000 [ 512M ]>.
Slave segment '/channel_shuffle_0/s_axi_control/Reg' is being assigned into address space '/processing_system7_0/Data' at <0x4000_0000 [ 64K ]>.
generate_target all [get_files  C:/Users/11400/Desktop/shuffletest/vivado/project_1/project_1.srcs/sources_1/bd/design_1/design_1.bd]
WARNING: [BD 5-699] No address segments matched 'get_bd_addr_segs -addressed -of_object /proc_sys_reset_0'
WARNING: [BD 5-699] No address segments matched 'get_bd_addr_segs -addressable -of_object /proc_sys_reset_0'
WARNING: [BD 5-699] No address segments matched 'get_bd_addr_segs -addressing -of_object /proc_sys_reset_0'
WARNING: [BD 5-699] No address segments matched 'get_bd_addr_segs -addressed -of_object /proc_sys_reset_0'
WARNING: [BD 5-699] No address segments matched 'get_bd_addr_segs -addressable -of_object /proc_sys_reset_0'
WARNING: [BD 5-699] No address segments matched 'get_bd_addr_segs -addressing -of_object /proc_sys_reset_0'
INFO: [xilinx.com:ip:smartconnect:1.0-1] design_1_smartconnect_1_0: SmartConnect design_1_smartconnect_1_0 is in High-performance Mode.
INFO: [xilinx.com:ip:smartconnect:1.0-1] design_1_smartconnect_2_0: SmartConnect design_1_smartconnect_2_0 is in High-performance Mode.
INFO: [xilinx.com:ip:smartconnect:1.0-1] design_1_smartconnect_0_0: SmartConnect design_1_smartconnect_0_0 is in High-performance Mode.
INFO: [xilinx.com:ip:smartconnect:1.0-1] design_1_smartconnect_0_1: SmartConnect design_1_smartconnect_0_1 is in High-performance Mode.
WARNING: [BD 41-927] Following properties on pin /pooling_0/ap_clk have been updated from connected ip, but BD cell '/pooling_0' does not accept parameter changes, so they may not be synchronized with cell properties:
	FREQ_HZ = 5e+07 
Please resolve any mismatches by directly setting properties on BD cell </pooling_0> to completely resolve these warnings.
WARNING: [BD 41-927] Following properties on pin /fully_connected_0/ap_clk have been updated from connected ip, but BD cell '/fully_connected_0' does not accept parameter changes, so they may not be synchronized with cell properties:
	FREQ_HZ = 5e+07 
Please resolve any mismatches by directly setting properties on BD cell </fully_connected_0> to completely resolve these warnings.
WARNING: [BD 41-927] Following properties on pin /conv_bn_relu_0/ap_clk have been updated from connected ip, but BD cell '/conv_bn_relu_0' does not accept parameter changes, so they may not be synchronized with cell properties:
	FREQ_HZ = 5e+07 
Please resolve any mismatches by directly setting properties on BD cell </conv_bn_relu_0> to completely resolve these warnings.
WARNING: [BD 41-927] Following properties on pin /channel_shuffle_0/ap_clk have been updated from connected ip, but BD cell '/channel_shuffle_0' does not accept parameter changes, so they may not be synchronized with cell properties:
	FREQ_HZ = 5e+07 
Please resolve any mismatches by directly setting properties on BD cell </channel_shuffle_0> to completely resolve these warnings.
Wrote  : <C:\Users\11400\Desktop\shuffletest\vivado\project_1\project_1.srcs\sources_1\bd\design_1\design_1.bd> 
WARNING: [BD 41-2384] Width mismatch when connecting pin: '/smartconnect_0/S00_AXI_arlock'(1) to pin: '/conv_bn_relu_0/m_axi_gmem0_ARLOCK'(2) - Only lower order bits will be connected.
WARNING: [BD 41-2384] Width mismatch when connecting pin: '/smartconnect_0/S00_AXI_awlock'(1) to pin: '/conv_bn_relu_0/m_axi_gmem0_AWLOCK'(2) - Only lower order bits will be connected.
WARNING: [BD 41-2384] Width mismatch when connecting pin: '/smartconnect_3/S00_AXI_arlock'(1) to pin: '/fully_connected_0/m_axi_gmem0_ARLOCK'(2) - Only lower order bits will be connected.
WARNING: [BD 41-2384] Width mismatch when connecting pin: '/smartconnect_3/S00_AXI_awlock'(1) to pin: '/fully_connected_0/m_axi_gmem0_AWLOCK'(2) - Only lower order bits will be connected.
WARNING: [BD 41-2384] Width mismatch when connecting pin: '/smartconnect_2/S00_AXI_arlock'(1) to pin: '/pooling_0/m_axi_gmem0_ARLOCK'(2) - Only lower order bits will be connected.
WARNING: [BD 41-2384] Width mismatch when connecting pin: '/smartconnect_2/S00_AXI_awlock'(1) to pin: '/pooling_0/m_axi_gmem0_AWLOCK'(2) - Only lower order bits will be connected.
WARNING: [BD 41-2384] Width mismatch when connecting pin: '/smartconnect_1/S00_AXI_arlock'(1) to pin: '/channel_shuffle_0/m_axi_gmem0_ARLOCK'(2) - Only lower order bits will be connected.
WARNING: [BD 41-2384] Width mismatch when connecting pin: '/smartconnect_1/S00_AXI_awlock'(1) to pin: '/channel_shuffle_0/m_axi_gmem0_AWLOCK'(2) - Only lower order bits will be connected.
Verilog Output written to : c:/Users/11400/Desktop/shuffletest/vivado/project_1/project_1.gen/sources_1/bd/design_1/synth/design_1.v
WARNING: [BD 41-2384] Width mismatch when connecting pin: '/smartconnect_0/S00_AXI_arlock'(1) to pin: '/conv_bn_relu_0/m_axi_gmem0_ARLOCK'(2) - Only lower order bits will be connected.
WARNING: [BD 41-2384] Width mismatch when connecting pin: '/smartconnect_0/S00_AXI_awlock'(1) to pin: '/conv_bn_relu_0/m_axi_gmem0_AWLOCK'(2) - Only lower order bits will be connected.
WARNING: [BD 41-2384] Width mismatch when connecting pin: '/smartconnect_3/S00_AXI_arlock'(1) to pin: '/fully_connected_0/m_axi_gmem0_ARLOCK'(2) - Only lower order bits will be connected.
WARNING: [BD 41-2384] Width mismatch when connecting pin: '/smartconnect_3/S00_AXI_awlock'(1) to pin: '/fully_connected_0/m_axi_gmem0_AWLOCK'(2) - Only lower order bits will be connected.
WARNING: [BD 41-2384] Width mismatch when connecting pin: '/smartconnect_2/S00_AXI_arlock'(1) to pin: '/pooling_0/m_axi_gmem0_ARLOCK'(2) - Only lower order bits will be connected.
WARNING: [BD 41-2384] Width mismatch when connecting pin: '/smartconnect_2/S00_AXI_awlock'(1) to pin: '/pooling_0/m_axi_gmem0_AWLOCK'(2) - Only lower order bits will be connected.
WARNING: [BD 41-2384] Width mismatch when connecting pin: '/smartconnect_1/S00_AXI_arlock'(1) to pin: '/channel_shuffle_0/m_axi_gmem0_ARLOCK'(2) - Only lower order bits will be connected.
WARNING: [BD 41-2384] Width mismatch when connecting pin: '/smartconnect_1/S00_AXI_awlock'(1) to pin: '/channel_shuffle_0/m_axi_gmem0_AWLOCK'(2) - Only lower order bits will be connected.
Verilog Output written to : c:/Users/11400/Desktop/shuffletest/vivado/project_1/project_1.gen/sources_1/bd/design_1/sim/design_1.v
Verilog Output written to : c:/Users/11400/Desktop/shuffletest/vivado/project_1/project_1.gen/sources_1/bd/design_1/hdl/design_1_wrapper.v
Exporting to file c:/Users/11400/Desktop/shuffletest/vivado/project_1/project_1.gen/sources_1/bd/design_1/ip/design_1_smartconnect_0_0/bd_0/hw_handoff/design_1_smartconnect_0_0.hwh
Generated Hardware Definition File c:/Users/11400/Desktop/shuffletest/vivado/project_1/project_1.gen/sources_1/bd/design_1/ip/design_1_smartconnect_0_0/bd_0/synth/design_1_smartconnect_0_0.hwdef
INFO: [BD 41-1029] Generation completed for the IP Integrator block axi_interconnect_0/xbar .
Exporting to file c:/Users/11400/Desktop/shuffletest/vivado/project_1/project_1.gen/sources_1/bd/design_1/ip/design_1_smartconnect_0_1/bd_0/hw_handoff/design_1_smartconnect_0_1.hwh
Generated Hardware Definition File c:/Users/11400/Desktop/shuffletest/vivado/project_1/project_1.gen/sources_1/bd/design_1/ip/design_1_smartconnect_0_1/bd_0/synth/design_1_smartconnect_0_1.hwdef
Exporting to file c:/Users/11400/Desktop/shuffletest/vivado/project_1/project_1.gen/sources_1/bd/design_1/ip/design_1_smartconnect_1_0/bd_0/hw_handoff/design_1_smartconnect_1_0.hwh
Generated Hardware Definition File c:/Users/11400/Desktop/shuffletest/vivado/project_1/project_1.gen/sources_1/bd/design_1/ip/design_1_smartconnect_1_0/bd_0/synth/design_1_smartconnect_1_0.hwdef
Exporting to file c:/Users/11400/Desktop/shuffletest/vivado/project_1/project_1.gen/sources_1/bd/design_1/ip/design_1_smartconnect_2_0/bd_0/hw_handoff/design_1_smartconnect_2_0.hwh
Generated Hardware Definition File c:/Users/11400/Desktop/shuffletest/vivado/project_1/project_1.gen/sources_1/bd/design_1/ip/design_1_smartconnect_2_0/bd_0/synth/design_1_smartconnect_2_0.hwdef
INFO: [BD 41-1029] Generation completed for the IP Integrator block axi_interconnect_0/s00_couplers/auto_pc .
Exporting to file c:/Users/11400/Desktop/shuffletest/vivado/project_1/project_1.gen/sources_1/bd/design_1/hw_handoff/design_1.hwh
Generated Hardware Definition File c:/Users/11400/Desktop/shuffletest/vivado/project_1/project_1.gen/sources_1/bd/design_1/synth/design_1.hwdef
generate_target: Time (s): cpu = 00:00:52 ; elapsed = 00:01:06 . Memory (MB): peak = 4438.582 ; gain = 12.367
export_ip_user_files -of_objects [get_files C:/Users/11400/Desktop/shuffletest/vivado/project_1/project_1.srcs/sources_1/bd/design_1/design_1.bd] -no_script -sync -force -quiet
export_simulation -of_objects [get_files C:/Users/11400/Desktop/shuffletest/vivado/project_1/project_1.srcs/sources_1/bd/design_1/design_1.bd] -directory C:/Users/11400/Desktop/shuffletest/vivado/project_1/project_1.ip_user_files/sim_scripts -ip_user_files_dir C:/Users/11400/Desktop/shuffletest/vivado/project_1/project_1.ip_user_files -ipstatic_source_dir C:/Users/11400/Desktop/shuffletest/vivado/project_1/project_1.ip_user_files/ipstatic -lib_map_path [list {modelsim=C:/Users/11400/Desktop/shuffletest/vivado/project_1/project_1.cache/compile_simlib/modelsim} {questa=C:/Users/11400/Desktop/shuffletest/vivado/project_1/project_1.cache/compile_simlib/questa} {riviera=C:/Users/11400/Desktop/shuffletest/vivado/project_1/project_1.cache/compile_simlib/riviera} {activehdl=C:/Users/11400/Desktop/shuffletest/vivado/project_1/project_1.cache/compile_simlib/activehdl}] -use_ip_compiled_libs -force -quiet
make_wrapper -files [get_files C:/Users/11400/Desktop/shuffletest/vivado/project_1/project_1.srcs/sources_1/bd/design_1/design_1.bd] -top
update_ip_catalog -rebuild
INFO: [IP_Flow 19-234] Refreshing IP repositories
INFO: [IP_Flow 19-1700] Loaded user IP repository 'c:/Users/11400/Desktop/shuffletest/vivado/project_1/ip_repos/xilinx_com_hls_fully_connected_1_0'.
INFO: [IP_Flow 19-1700] Loaded user IP repository 'c:/Users/11400/Desktop/shuffletest/vivado/project_1/ip_repos/xilinx_com_hls_pooling_1_0'.
INFO: [IP_Flow 19-1700] Loaded user IP repository 'c:/Users/11400/Desktop/shuffletest/vivado/project_1/ip_repos/xilinx_com_hls_channel_shuffle_1_0'.
INFO: [IP_Flow 19-1700] Loaded user IP repository 'c:/Users/11400/Desktop/shuffletest/vivado/project_1/ip_repos/xilinx_com_hls_conv_bn_relu_1_0'.
delete_bd_objs [get_bd_intf_nets axi_interconnect_0_M01_AXI] [get_bd_intf_nets channel_shuffle_0_m_axi_gmem0] [get_bd_cells channel_shuffle_0]
startgroup
create_bd_cell -type ip -vlnv xilinx.com:hls:channel_shuffle:1.0 channel_shuffle_0
endgroup
set_property location {3 2123 420} [get_bd_cells channel_shuffle_0]
connect_bd_intf_net -boundary_type upper [get_bd_intf_pins axi_interconnect_0/M01_AXI] [get_bd_intf_pins channel_shuffle_0/s_axi_control]
connect_bd_intf_net [get_bd_intf_pins channel_shuffle_0/m_axi_gmem0] [get_bd_intf_pins smartconnect_1/S00_AXI]
apply_bd_automation -rule xilinx.com:bd_rule:clkrst -config { Clk {/processing_system7_0/FCLK_CLK0 (50 MHz)} Freq {100} Ref_Clk0 {} Ref_Clk1 {} Ref_Clk2 {}}  [get_bd_pins channel_shuffle_0/ap_clk]
assign_bd_address
Slave segment '/processing_system7_0/S_AXI_HP1/HP1_DDR_LOWOCM' is being assigned into address space '/channel_shuffle_0/Data_m_axi_gmem0' at <0x0000_0000 [ 512M ]>.
Slave segment '/channel_shuffle_0/s_axi_control/Reg' is being assigned into address space '/processing_system7_0/Data' at <0x4000_0000 [ 64K ]>.
save_bd_design
Wrote  : <C:\Users\11400\Desktop\shuffletest\vivado\project_1\project_1.srcs\sources_1\bd\design_1\design_1.bd> 
Wrote  : <C:/Users/11400/Desktop/shuffletest/vivado/project_1/project_1.srcs/sources_1/bd/design_1/ui/bd_1f5defd0.ui> 
generate_target all [get_files  C:/Users/11400/Desktop/shuffletest/vivado/project_1/project_1.srcs/sources_1/bd/design_1/design_1.bd]
WARNING: [BD 5-699] No address segments matched 'get_bd_addr_segs -addressed -of_object /proc_sys_reset_0'
WARNING: [BD 5-699] No address segments matched 'get_bd_addr_segs -addressable -of_object /proc_sys_reset_0'
WARNING: [BD 5-699] No address segments matched 'get_bd_addr_segs -addressing -of_object /proc_sys_reset_0'
WARNING: [BD 5-699] No address segments matched 'get_bd_addr_segs -addressed -of_object /proc_sys_reset_0'
WARNING: [BD 5-699] No address segments matched 'get_bd_addr_segs -addressable -of_object /proc_sys_reset_0'
WARNING: [BD 5-699] No address segments matched 'get_bd_addr_segs -addressing -of_object /proc_sys_reset_0'
INFO: [xilinx.com:ip:smartconnect:1.0-1] design_1_smartconnect_1_0: SmartConnect design_1_smartconnect_1_0 is in High-performance Mode.
INFO: [xilinx.com:ip:smartconnect:1.0-1] design_1_smartconnect_2_0: SmartConnect design_1_smartconnect_2_0 is in High-performance Mode.
INFO: [xilinx.com:ip:smartconnect:1.0-1] design_1_smartconnect_0_0: SmartConnect design_1_smartconnect_0_0 is in High-performance Mode.
INFO: [xilinx.com:ip:smartconnect:1.0-1] design_1_smartconnect_0_1: SmartConnect design_1_smartconnect_0_1 is in High-performance Mode.
WARNING: [BD 41-927] Following properties on pin /pooling_0/ap_clk have been updated from connected ip, but BD cell '/pooling_0' does not accept parameter changes, so they may not be synchronized with cell properties:
	FREQ_HZ = 5e+07 
Please resolve any mismatches by directly setting properties on BD cell </pooling_0> to completely resolve these warnings.
WARNING: [BD 41-927] Following properties on pin /fully_connected_0/ap_clk have been updated from connected ip, but BD cell '/fully_connected_0' does not accept parameter changes, so they may not be synchronized with cell properties:
	FREQ_HZ = 5e+07 
Please resolve any mismatches by directly setting properties on BD cell </fully_connected_0> to completely resolve these warnings.
WARNING: [BD 41-927] Following properties on pin /conv_bn_relu_0/ap_clk have been updated from connected ip, but BD cell '/conv_bn_relu_0' does not accept parameter changes, so they may not be synchronized with cell properties:
	FREQ_HZ = 5e+07 
Please resolve any mismatches by directly setting properties on BD cell </conv_bn_relu_0> to completely resolve these warnings.
WARNING: [BD 41-927] Following properties on pin /channel_shuffle_0/ap_clk have been updated from connected ip, but BD cell '/channel_shuffle_0' does not accept parameter changes, so they may not be synchronized with cell properties:
	FREQ_HZ = 5e+07 
Please resolve any mismatches by directly setting properties on BD cell </channel_shuffle_0> to completely resolve these warnings.
Wrote  : <C:\Users\11400\Desktop\shuffletest\vivado\project_1\project_1.srcs\sources_1\bd\design_1\design_1.bd> 
WARNING: [BD 41-2384] Width mismatch when connecting pin: '/smartconnect_0/S00_AXI_arlock'(1) to pin: '/conv_bn_relu_0/m_axi_gmem0_ARLOCK'(2) - Only lower order bits will be connected.
WARNING: [BD 41-2384] Width mismatch when connecting pin: '/smartconnect_0/S00_AXI_awlock'(1) to pin: '/conv_bn_relu_0/m_axi_gmem0_AWLOCK'(2) - Only lower order bits will be connected.
WARNING: [BD 41-2384] Width mismatch when connecting pin: '/smartconnect_3/S00_AXI_arlock'(1) to pin: '/fully_connected_0/m_axi_gmem0_ARLOCK'(2) - Only lower order bits will be connected.
WARNING: [BD 41-2384] Width mismatch when connecting pin: '/smartconnect_3/S00_AXI_awlock'(1) to pin: '/fully_connected_0/m_axi_gmem0_AWLOCK'(2) - Only lower order bits will be connected.
WARNING: [BD 41-2384] Width mismatch when connecting pin: '/smartconnect_2/S00_AXI_arlock'(1) to pin: '/pooling_0/m_axi_gmem0_ARLOCK'(2) - Only lower order bits will be connected.
WARNING: [BD 41-2384] Width mismatch when connecting pin: '/smartconnect_2/S00_AXI_awlock'(1) to pin: '/pooling_0/m_axi_gmem0_AWLOCK'(2) - Only lower order bits will be connected.
WARNING: [BD 41-2384] Width mismatch when connecting pin: '/smartconnect_1/S00_AXI_arlock'(1) to pin: '/channel_shuffle_0/m_axi_gmem0_ARLOCK'(2) - Only lower order bits will be connected.
WARNING: [BD 41-2384] Width mismatch when connecting pin: '/smartconnect_1/S00_AXI_awlock'(1) to pin: '/channel_shuffle_0/m_axi_gmem0_AWLOCK'(2) - Only lower order bits will be connected.
Verilog Output written to : c:/Users/11400/Desktop/shuffletest/vivado/project_1/project_1.gen/sources_1/bd/design_1/synth/design_1.v
WARNING: [BD 41-2384] Width mismatch when connecting pin: '/smartconnect_0/S00_AXI_arlock'(1) to pin: '/conv_bn_relu_0/m_axi_gmem0_ARLOCK'(2) - Only lower order bits will be connected.
WARNING: [BD 41-2384] Width mismatch when connecting pin: '/smartconnect_0/S00_AXI_awlock'(1) to pin: '/conv_bn_relu_0/m_axi_gmem0_AWLOCK'(2) - Only lower order bits will be connected.
WARNING: [BD 41-2384] Width mismatch when connecting pin: '/smartconnect_3/S00_AXI_arlock'(1) to pin: '/fully_connected_0/m_axi_gmem0_ARLOCK'(2) - Only lower order bits will be connected.
WARNING: [BD 41-2384] Width mismatch when connecting pin: '/smartconnect_3/S00_AXI_awlock'(1) to pin: '/fully_connected_0/m_axi_gmem0_AWLOCK'(2) - Only lower order bits will be connected.
WARNING: [BD 41-2384] Width mismatch when connecting pin: '/smartconnect_2/S00_AXI_arlock'(1) to pin: '/pooling_0/m_axi_gmem0_ARLOCK'(2) - Only lower order bits will be connected.
WARNING: [BD 41-2384] Width mismatch when connecting pin: '/smartconnect_2/S00_AXI_awlock'(1) to pin: '/pooling_0/m_axi_gmem0_AWLOCK'(2) - Only lower order bits will be connected.
WARNING: [BD 41-2384] Width mismatch when connecting pin: '/smartconnect_1/S00_AXI_arlock'(1) to pin: '/channel_shuffle_0/m_axi_gmem0_ARLOCK'(2) - Only lower order bits will be connected.
WARNING: [BD 41-2384] Width mismatch when connecting pin: '/smartconnect_1/S00_AXI_awlock'(1) to pin: '/channel_shuffle_0/m_axi_gmem0_AWLOCK'(2) - Only lower order bits will be connected.
Verilog Output written to : c:/Users/11400/Desktop/shuffletest/vivado/project_1/project_1.gen/sources_1/bd/design_1/sim/design_1.v
Verilog Output written to : c:/Users/11400/Desktop/shuffletest/vivado/project_1/project_1.gen/sources_1/bd/design_1/hdl/design_1_wrapper.v
Exporting to file c:/Users/11400/Desktop/shuffletest/vivado/project_1/project_1.gen/sources_1/bd/design_1/ip/design_1_smartconnect_0_0/bd_0/hw_handoff/design_1_smartconnect_0_0.hwh
Generated Hardware Definition File c:/Users/11400/Desktop/shuffletest/vivado/project_1/project_1.gen/sources_1/bd/design_1/ip/design_1_smartconnect_0_0/bd_0/synth/design_1_smartconnect_0_0.hwdef
Exporting to file c:/Users/11400/Desktop/shuffletest/vivado/project_1/project_1.gen/sources_1/bd/design_1/ip/design_1_smartconnect_0_1/bd_0/hw_handoff/design_1_smartconnect_0_1.hwh
Generated Hardware Definition File c:/Users/11400/Desktop/shuffletest/vivado/project_1/project_1.gen/sources_1/bd/design_1/ip/design_1_smartconnect_0_1/bd_0/synth/design_1_smartconnect_0_1.hwdef
Exporting to file c:/Users/11400/Desktop/shuffletest/vivado/project_1/project_1.gen/sources_1/bd/design_1/ip/design_1_smartconnect_1_0/bd_0/hw_handoff/design_1_smartconnect_1_0.hwh
Generated Hardware Definition File c:/Users/11400/Desktop/shuffletest/vivado/project_1/project_1.gen/sources_1/bd/design_1/ip/design_1_smartconnect_1_0/bd_0/synth/design_1_smartconnect_1_0.hwdef
Exporting to file c:/Users/11400/Desktop/shuffletest/vivado/project_1/project_1.gen/sources_1/bd/design_1/ip/design_1_smartconnect_2_0/bd_0/hw_handoff/design_1_smartconnect_2_0.hwh
Generated Hardware Definition File c:/Users/11400/Desktop/shuffletest/vivado/project_1/project_1.gen/sources_1/bd/design_1/ip/design_1_smartconnect_2_0/bd_0/synth/design_1_smartconnect_2_0.hwdef
INFO: [BD 41-1029] Generation completed for the IP Integrator block channel_shuffle_0 .
INFO: [BD 41-1029] Generation completed for the IP Integrator block axi_interconnect_0/s00_couplers/auto_pc .
Exporting to file c:/Users/11400/Desktop/shuffletest/vivado/project_1/project_1.gen/sources_1/bd/design_1/hw_handoff/design_1.hwh
Generated Hardware Definition File c:/Users/11400/Desktop/shuffletest/vivado/project_1/project_1.gen/sources_1/bd/design_1/synth/design_1.hwdef
generate_target: Time (s): cpu = 00:00:29 ; elapsed = 00:00:36 . Memory (MB): peak = 4439.379 ; gain = 0.797
export_ip_user_files -of_objects [get_files C:/Users/11400/Desktop/shuffletest/vivado/project_1/project_1.srcs/sources_1/bd/design_1/design_1.bd] -no_script -sync -force -quiet
export_simulation -of_objects [get_files C:/Users/11400/Desktop/shuffletest/vivado/project_1/project_1.srcs/sources_1/bd/design_1/design_1.bd] -directory C:/Users/11400/Desktop/shuffletest/vivado/project_1/project_1.ip_user_files/sim_scripts -ip_user_files_dir C:/Users/11400/Desktop/shuffletest/vivado/project_1/project_1.ip_user_files -ipstatic_source_dir C:/Users/11400/Desktop/shuffletest/vivado/project_1/project_1.ip_user_files/ipstatic -lib_map_path [list {modelsim=C:/Users/11400/Desktop/shuffletest/vivado/project_1/project_1.cache/compile_simlib/modelsim} {questa=C:/Users/11400/Desktop/shuffletest/vivado/project_1/project_1.cache/compile_simlib/questa} {riviera=C:/Users/11400/Desktop/shuffletest/vivado/project_1/project_1.cache/compile_simlib/riviera} {activehdl=C:/Users/11400/Desktop/shuffletest/vivado/project_1/project_1.cache/compile_simlib/activehdl}] -use_ip_compiled_libs -force -quiet
reset_run synth_1
launch_runs impl_1 -to_step write_bitstream -jobs 8
[Wed Nov  5 10:42:43 2025] Launched synth_1...
Run output will be captured here: C:/Users/11400/Desktop/shuffletest/vivado/project_1/project_1.runs/synth_1/runme.log
[Wed Nov  5 10:42:43 2025] Launched impl_1...
Run output will be captured here: C:/Users/11400/Desktop/shuffletest/vivado/project_1/project_1.runs/impl_1/runme.log
write_hw_platform -fixed -include_bit -force -file C:/Users/11400/Desktop/shuffletest/vivado/project_1/design_1_wrapper.xsa
INFO: [Project 1-1918] Creating Hardware Platform: C:/Users/11400/Desktop/shuffletest/vivado/project_1/design_1_wrapper.xsa ...
INFO: [Project 1-1943] The Hardware Platform can be used for Hardware
INFO: [Project 1-1941] Successfully created Hardware Platform: C:/Users/11400/Desktop/shuffletest/vivado/project_1/design_1_wrapper.xsa
WARNING: [IP_Flow 19-4318] IP-XACT file does not exist: c:/Users/11400/Desktop/shuffletest/vivado/project_1/ip_repos/xilinx_com_hls_channel_shuffle_1_0/component.xml. It will be created.
update_ip_catalog -rebuild
INFO: [IP_Flow 19-234] Refreshing IP repositories
INFO: [IP_Flow 19-1700] Loaded user IP repository 'c:/Users/11400/Desktop/shuffletest/vivado/project_1/ip_repos/xilinx_com_hls_fully_connected_1_0'.
INFO: [IP_Flow 19-1700] Loaded user IP repository 'c:/Users/11400/Desktop/shuffletest/vivado/project_1/ip_repos/xilinx_com_hls_pooling_1_0'.
INFO: [IP_Flow 19-1700] Loaded user IP repository 'c:/Users/11400/Desktop/shuffletest/vivado/project_1/ip_repos/xilinx_com_hls_channel_shuffle_1_0'.
INFO: [IP_Flow 19-1700] Loaded user IP repository 'c:/Users/11400/Desktop/shuffletest/vivado/project_1/ip_repos/xilinx_com_hls_conv_bn_relu_1_0'.
delete_bd_objs [get_bd_intf_nets axi_interconnect_0_M01_AXI] [get_bd_intf_nets channel_shuffle_0_m_axi_gmem0] [get_bd_cells channel_shuffle_0]
startgroup
create_bd_cell -type ip -vlnv xilinx.com:hls:channel_shuffle:1.0 channel_shuffle_0
endgroup
set_property location {3 2144 414} [get_bd_cells channel_shuffle_0]
connect_bd_intf_net [get_bd_intf_pins channel_shuffle_0/s_axi_control] -boundary_type upper [get_bd_intf_pins axi_interconnect_0/M01_AXI]
connect_bd_intf_net [get_bd_intf_pins channel_shuffle_0/m_axi_gmem0] [get_bd_intf_pins smartconnect_1/S00_AXI]
connect_bd_net [get_bd_pins channel_shuffle_0/ap_clk] [get_bd_pins processing_system7_0/FCLK_CLK0]
set_property location {3 2248 399} [get_bd_cells channel_shuffle_0]
connect_bd_net [get_bd_pins channel_shuffle_0/ap_rst_n] [get_bd_pins proc_sys_reset_0/peripheral_aresetn]
assign_bd_address
Slave segment '/processing_system7_0/S_AXI_HP1/HP1_DDR_LOWOCM' is being assigned into address space '/channel_shuffle_0/Data_m_axi_gmem0' at <0x0000_0000 [ 512M ]>.
Slave segment '/channel_shuffle_0/s_axi_control/Reg' is being assigned into address space '/processing_system7_0/Data' at <0x4000_0000 [ 64K ]>.
reset_run impl_1 -prev_step 
launch_runs impl_1 -to_step write_bitstream -jobs 8
WARNING: [BD 5-699] No address segments matched 'get_bd_addr_segs -addressed -of_object /proc_sys_reset_0'
WARNING: [BD 5-699] No address segments matched 'get_bd_addr_segs -addressable -of_object /proc_sys_reset_0'
WARNING: [BD 5-699] No address segments matched 'get_bd_addr_segs -addressing -of_object /proc_sys_reset_0'
WARNING: [BD 5-699] No address segments matched 'get_bd_addr_segs -addressed -of_object /proc_sys_reset_0'
WARNING: [BD 5-699] No address segments matched 'get_bd_addr_segs -addressable -of_object /proc_sys_reset_0'
WARNING: [BD 5-699] No address segments matched 'get_bd_addr_segs -addressing -of_object /proc_sys_reset_0'
INFO: [xilinx.com:ip:smartconnect:1.0-1] design_1_smartconnect_1_0: SmartConnect design_1_smartconnect_1_0 is in High-performance Mode.
INFO: [xilinx.com:ip:smartconnect:1.0-1] design_1_smartconnect_2_0: SmartConnect design_1_smartconnect_2_0 is in High-performance Mode.
INFO: [xilinx.com:ip:smartconnect:1.0-1] design_1_smartconnect_0_0: SmartConnect design_1_smartconnect_0_0 is in High-performance Mode.
INFO: [xilinx.com:ip:smartconnect:1.0-1] design_1_smartconnect_0_1: SmartConnect design_1_smartconnect_0_1 is in High-performance Mode.
WARNING: [BD 41-927] Following properties on pin /pooling_0/ap_clk have been updated from connected ip, but BD cell '/pooling_0' does not accept parameter changes, so they may not be synchronized with cell properties:
	FREQ_HZ = 5e+07 
Please resolve any mismatches by directly setting properties on BD cell </pooling_0> to completely resolve these warnings.
WARNING: [BD 41-927] Following properties on pin /fully_connected_0/ap_clk have been updated from connected ip, but BD cell '/fully_connected_0' does not accept parameter changes, so they may not be synchronized with cell properties:
	FREQ_HZ = 5e+07 
Please resolve any mismatches by directly setting properties on BD cell </fully_connected_0> to completely resolve these warnings.
WARNING: [BD 41-927] Following properties on pin /conv_bn_relu_0/ap_clk have been updated from connected ip, but BD cell '/conv_bn_relu_0' does not accept parameter changes, so they may not be synchronized with cell properties:
	FREQ_HZ = 5e+07 
Please resolve any mismatches by directly setting properties on BD cell </conv_bn_relu_0> to completely resolve these warnings.
WARNING: [BD 41-927] Following properties on pin /channel_shuffle_0/ap_clk have been updated from connected ip, but BD cell '/channel_shuffle_0' does not accept parameter changes, so they may not be synchronized with cell properties:
	FREQ_HZ = 5e+07 
Please resolve any mismatches by directly setting properties on BD cell </channel_shuffle_0> to completely resolve these warnings.
Wrote  : <C:\Users\11400\Desktop\shuffletest\vivado\project_1\project_1.srcs\sources_1\bd\design_1\design_1.bd> 
Wrote  : <C:/Users/11400/Desktop/shuffletest/vivado/project_1/project_1.srcs/sources_1/bd/design_1/ui/bd_1f5defd0.ui> 
WARNING: [BD 41-2384] Width mismatch when connecting pin: '/smartconnect_0/S00_AXI_arlock'(1) to pin: '/conv_bn_relu_0/m_axi_gmem0_ARLOCK'(2) - Only lower order bits will be connected.
WARNING: [BD 41-2384] Width mismatch when connecting pin: '/smartconnect_0/S00_AXI_awlock'(1) to pin: '/conv_bn_relu_0/m_axi_gmem0_AWLOCK'(2) - Only lower order bits will be connected.
WARNING: [BD 41-2384] Width mismatch when connecting pin: '/smartconnect_3/S00_AXI_arlock'(1) to pin: '/fully_connected_0/m_axi_gmem0_ARLOCK'(2) - Only lower order bits will be connected.
WARNING: [BD 41-2384] Width mismatch when connecting pin: '/smartconnect_3/S00_AXI_awlock'(1) to pin: '/fully_connected_0/m_axi_gmem0_AWLOCK'(2) - Only lower order bits will be connected.
WARNING: [BD 41-2384] Width mismatch when connecting pin: '/smartconnect_2/S00_AXI_arlock'(1) to pin: '/pooling_0/m_axi_gmem0_ARLOCK'(2) - Only lower order bits will be connected.
WARNING: [BD 41-2384] Width mismatch when connecting pin: '/smartconnect_2/S00_AXI_awlock'(1) to pin: '/pooling_0/m_axi_gmem0_AWLOCK'(2) - Only lower order bits will be connected.
WARNING: [BD 41-2384] Width mismatch when connecting pin: '/smartconnect_1/S00_AXI_arlock'(1) to pin: '/channel_shuffle_0/m_axi_gmem0_ARLOCK'(2) - Only lower order bits will be connected.
WARNING: [BD 41-2384] Width mismatch when connecting pin: '/smartconnect_1/S00_AXI_awlock'(1) to pin: '/channel_shuffle_0/m_axi_gmem0_AWLOCK'(2) - Only lower order bits will be connected.
Verilog Output written to : c:/Users/11400/Desktop/shuffletest/vivado/project_1/project_1.gen/sources_1/bd/design_1/synth/design_1.v
WARNING: [BD 41-2384] Width mismatch when connecting pin: '/smartconnect_0/S00_AXI_arlock'(1) to pin: '/conv_bn_relu_0/m_axi_gmem0_ARLOCK'(2) - Only lower order bits will be connected.
WARNING: [BD 41-2384] Width mismatch when connecting pin: '/smartconnect_0/S00_AXI_awlock'(1) to pin: '/conv_bn_relu_0/m_axi_gmem0_AWLOCK'(2) - Only lower order bits will be connected.
WARNING: [BD 41-2384] Width mismatch when connecting pin: '/smartconnect_3/S00_AXI_arlock'(1) to pin: '/fully_connected_0/m_axi_gmem0_ARLOCK'(2) - Only lower order bits will be connected.
WARNING: [BD 41-2384] Width mismatch when connecting pin: '/smartconnect_3/S00_AXI_awlock'(1) to pin: '/fully_connected_0/m_axi_gmem0_AWLOCK'(2) - Only lower order bits will be connected.
WARNING: [BD 41-2384] Width mismatch when connecting pin: '/smartconnect_2/S00_AXI_arlock'(1) to pin: '/pooling_0/m_axi_gmem0_ARLOCK'(2) - Only lower order bits will be connected.
WARNING: [BD 41-2384] Width mismatch when connecting pin: '/smartconnect_2/S00_AXI_awlock'(1) to pin: '/pooling_0/m_axi_gmem0_AWLOCK'(2) - Only lower order bits will be connected.
WARNING: [BD 41-2384] Width mismatch when connecting pin: '/smartconnect_1/S00_AXI_arlock'(1) to pin: '/channel_shuffle_0/m_axi_gmem0_ARLOCK'(2) - Only lower order bits will be connected.
WARNING: [BD 41-2384] Width mismatch when connecting pin: '/smartconnect_1/S00_AXI_awlock'(1) to pin: '/channel_shuffle_0/m_axi_gmem0_AWLOCK'(2) - Only lower order bits will be connected.
Verilog Output written to : c:/Users/11400/Desktop/shuffletest/vivado/project_1/project_1.gen/sources_1/bd/design_1/sim/design_1.v
Verilog Output written to : c:/Users/11400/Desktop/shuffletest/vivado/project_1/project_1.gen/sources_1/bd/design_1/hdl/design_1_wrapper.v
Exporting to file c:/Users/11400/Desktop/shuffletest/vivado/project_1/project_1.gen/sources_1/bd/design_1/ip/design_1_smartconnect_0_0/bd_0/hw_handoff/design_1_smartconnect_0_0.hwh
Generated Hardware Definition File c:/Users/11400/Desktop/shuffletest/vivado/project_1/project_1.gen/sources_1/bd/design_1/ip/design_1_smartconnect_0_0/bd_0/synth/design_1_smartconnect_0_0.hwdef
Exporting to file c:/Users/11400/Desktop/shuffletest/vivado/project_1/project_1.gen/sources_1/bd/design_1/ip/design_1_smartconnect_0_1/bd_0/hw_handoff/design_1_smartconnect_0_1.hwh
Generated Hardware Definition File c:/Users/11400/Desktop/shuffletest/vivado/project_1/project_1.gen/sources_1/bd/design_1/ip/design_1_smartconnect_0_1/bd_0/synth/design_1_smartconnect_0_1.hwdef
Exporting to file c:/Users/11400/Desktop/shuffletest/vivado/project_1/project_1.gen/sources_1/bd/design_1/ip/design_1_smartconnect_1_0/bd_0/hw_handoff/design_1_smartconnect_1_0.hwh
Generated Hardware Definition File c:/Users/11400/Desktop/shuffletest/vivado/project_1/project_1.gen/sources_1/bd/design_1/ip/design_1_smartconnect_1_0/bd_0/synth/design_1_smartconnect_1_0.hwdef
Exporting to file c:/Users/11400/Desktop/shuffletest/vivado/project_1/project_1.gen/sources_1/bd/design_1/ip/design_1_smartconnect_2_0/bd_0/hw_handoff/design_1_smartconnect_2_0.hwh
Generated Hardware Definition File c:/Users/11400/Desktop/shuffletest/vivado/project_1/project_1.gen/sources_1/bd/design_1/ip/design_1_smartconnect_2_0/bd_0/synth/design_1_smartconnect_2_0.hwdef
INFO: [BD 41-1029] Generation completed for the IP Integrator block axi_interconnect_0/s00_couplers/auto_pc .
INFO: [BD 41-1029] Generation completed for the IP Integrator block channel_shuffle_0 .
Exporting to file c:/Users/11400/Desktop/shuffletest/vivado/project_1/project_1.gen/sources_1/bd/design_1/hw_handoff/design_1.hwh
Generated Hardware Definition File c:/Users/11400/Desktop/shuffletest/vivado/project_1/project_1.gen/sources_1/bd/design_1/synth/design_1.hwdef
WARNING: [Vivado 12-872] Run step 'Design Initialization' is out-of-date.
[Wed Nov  5 11:07:11 2025] Launched impl_1...
Run output will be captured here: C:/Users/11400/Desktop/shuffletest/vivado/project_1/project_1.runs/impl_1/runme.log
launch_runs: Time (s): cpu = 00:00:26 ; elapsed = 00:00:34 . Memory (MB): peak = 4550.629 ; gain = 12.648
INFO: [Vivado 12-8217] Implementation run is out of date. Exported hardware information may be inconsistent with respect to the current state of the design. It is recommended that you re-run implementation and re-generate bitstream/PDI before doing hardware export.
write_hw_platform -fixed -include_bit -force -file C:/Users/11400/Desktop/shuffletest/vivado/project_1/design_1_wrapper.xsa
INFO: [Project 1-1918] Creating Hardware Platform: C:/Users/11400/Desktop/shuffletest/vivado/project_1/design_1_wrapper.xsa ...
INFO: [Project 1-1943] The Hardware Platform can be used for Hardware
INFO: [Project 1-1941] Successfully created Hardware Platform: C:/Users/11400/Desktop/shuffletest/vivado/project_1/design_1_wrapper.xsa
WARNING: [IP_Flow 19-4318] IP-XACT file does not exist: c:/Users/11400/Desktop/shuffletest/vivado/project_1/ip_repos/xilinx_com_hls_channel_shuffle_1_0/component.xml. It will be created.
update_ip_catalog -rebuild
INFO: [IP_Flow 19-234] Refreshing IP repositories
INFO: [IP_Flow 19-1700] Loaded user IP repository 'c:/Users/11400/Desktop/shuffletest/vivado/project_1/ip_repos/xilinx_com_hls_fully_connected_1_0'.
INFO: [IP_Flow 19-1700] Loaded user IP repository 'c:/Users/11400/Desktop/shuffletest/vivado/project_1/ip_repos/xilinx_com_hls_pooling_1_0'.
INFO: [IP_Flow 19-1700] Loaded user IP repository 'c:/Users/11400/Desktop/shuffletest/vivado/project_1/ip_repos/xilinx_com_hls_channel_shuffle_1_0'.
INFO: [IP_Flow 19-1700] Loaded user IP repository 'c:/Users/11400/Desktop/shuffletest/vivado/project_1/ip_repos/xilinx_com_hls_conv_bn_relu_1_0'.
delete_bd_objs [get_bd_intf_nets channel_shuffle_0_m_axi_gmem0] [get_bd_intf_nets axi_interconnect_0_M01_AXI] [get_bd_cells channel_shuffle_0]
startgroup
create_bd_cell -type ip -vlnv xilinx.com:hls:channel_shuffle:1.0 channel_shuffle_0
endgroup
set_property location {3.5 1934 395} [get_bd_cells channel_shuffle_0]
set_property location {4 2246 396} [get_bd_cells channel_shuffle_0]
connect_bd_intf_net [get_bd_intf_pins channel_shuffle_0/m_axi_gmem0] [get_bd_intf_pins smartconnect_1/S00_AXI]
connect_bd_intf_net [get_bd_intf_pins channel_shuffle_0/s_axi_control] -boundary_type upper [get_bd_intf_pins axi_interconnect_0/M01_AXI]
connect_bd_net [get_bd_pins channel_shuffle_0/ap_clk] [get_bd_pins processing_system7_0/FCLK_CLK0]
connect_bd_net [get_bd_pins channel_shuffle_0/ap_rst_n] [get_bd_pins proc_sys_reset_0/peripheral_aresetn]
assign_bd_address
Slave segment '/processing_system7_0/S_AXI_HP1/HP1_DDR_LOWOCM' is being assigned into address space '/channel_shuffle_0/Data_m_axi_gmem0' at <0x0000_0000 [ 512M ]>.
Slave segment '/channel_shuffle_0/s_axi_control/Reg' is being assigned into address space '/processing_system7_0/Data' at <0x4000_0000 [ 64K ]>.
generate_target all [get_files  C:/Users/11400/Desktop/shuffletest/vivado/project_1/project_1.srcs/sources_1/bd/design_1/design_1.bd]
WARNING: [BD 5-699] No address segments matched 'get_bd_addr_segs -addressed -of_object /proc_sys_reset_0'
WARNING: [BD 5-699] No address segments matched 'get_bd_addr_segs -addressable -of_object /proc_sys_reset_0'
WARNING: [BD 5-699] No address segments matched 'get_bd_addr_segs -addressing -of_object /proc_sys_reset_0'
WARNING: [BD 5-699] No address segments matched 'get_bd_addr_segs -addressed -of_object /proc_sys_reset_0'
WARNING: [BD 5-699] No address segments matched 'get_bd_addr_segs -addressable -of_object /proc_sys_reset_0'
WARNING: [BD 5-699] No address segments matched 'get_bd_addr_segs -addressing -of_object /proc_sys_reset_0'
INFO: [xilinx.com:ip:smartconnect:1.0-1] design_1_smartconnect_1_0: SmartConnect design_1_smartconnect_1_0 is in High-performance Mode.
INFO: [xilinx.com:ip:smartconnect:1.0-1] design_1_smartconnect_2_0: SmartConnect design_1_smartconnect_2_0 is in High-performance Mode.
INFO: [xilinx.com:ip:smartconnect:1.0-1] design_1_smartconnect_0_0: SmartConnect design_1_smartconnect_0_0 is in High-performance Mode.
INFO: [xilinx.com:ip:smartconnect:1.0-1] design_1_smartconnect_0_1: SmartConnect design_1_smartconnect_0_1 is in High-performance Mode.
WARNING: [BD 41-927] Following properties on pin /pooling_0/ap_clk have been updated from connected ip, but BD cell '/pooling_0' does not accept parameter changes, so they may not be synchronized with cell properties:
	FREQ_HZ = 5e+07 
Please resolve any mismatches by directly setting properties on BD cell </pooling_0> to completely resolve these warnings.
WARNING: [BD 41-927] Following properties on pin /fully_connected_0/ap_clk have been updated from connected ip, but BD cell '/fully_connected_0' does not accept parameter changes, so they may not be synchronized with cell properties:
	FREQ_HZ = 5e+07 
Please resolve any mismatches by directly setting properties on BD cell </fully_connected_0> to completely resolve these warnings.
WARNING: [BD 41-927] Following properties on pin /conv_bn_relu_0/ap_clk have been updated from connected ip, but BD cell '/conv_bn_relu_0' does not accept parameter changes, so they may not be synchronized with cell properties:
	FREQ_HZ = 5e+07 
Please resolve any mismatches by directly setting properties on BD cell </conv_bn_relu_0> to completely resolve these warnings.
WARNING: [BD 41-927] Following properties on pin /channel_shuffle_0/ap_clk have been updated from connected ip, but BD cell '/channel_shuffle_0' does not accept parameter changes, so they may not be synchronized with cell properties:
	FREQ_HZ = 5e+07 
Please resolve any mismatches by directly setting properties on BD cell </channel_shuffle_0> to completely resolve these warnings.
Wrote  : <C:\Users\11400\Desktop\shuffletest\vivado\project_1\project_1.srcs\sources_1\bd\design_1\design_1.bd> 
Wrote  : <C:/Users/11400/Desktop/shuffletest/vivado/project_1/project_1.srcs/sources_1/bd/design_1/ui/bd_1f5defd0.ui> 
WARNING: [BD 41-2384] Width mismatch when connecting pin: '/smartconnect_0/S00_AXI_arlock'(1) to pin: '/conv_bn_relu_0/m_axi_gmem0_ARLOCK'(2) - Only lower order bits will be connected.
WARNING: [BD 41-2384] Width mismatch when connecting pin: '/smartconnect_0/S00_AXI_awlock'(1) to pin: '/conv_bn_relu_0/m_axi_gmem0_AWLOCK'(2) - Only lower order bits will be connected.
WARNING: [BD 41-2384] Width mismatch when connecting pin: '/smartconnect_3/S00_AXI_arlock'(1) to pin: '/fully_connected_0/m_axi_gmem0_ARLOCK'(2) - Only lower order bits will be connected.
WARNING: [BD 41-2384] Width mismatch when connecting pin: '/smartconnect_3/S00_AXI_awlock'(1) to pin: '/fully_connected_0/m_axi_gmem0_AWLOCK'(2) - Only lower order bits will be connected.
WARNING: [BD 41-2384] Width mismatch when connecting pin: '/smartconnect_2/S00_AXI_arlock'(1) to pin: '/pooling_0/m_axi_gmem0_ARLOCK'(2) - Only lower order bits will be connected.
WARNING: [BD 41-2384] Width mismatch when connecting pin: '/smartconnect_2/S00_AXI_awlock'(1) to pin: '/pooling_0/m_axi_gmem0_AWLOCK'(2) - Only lower order bits will be connected.
WARNING: [BD 41-2384] Width mismatch when connecting pin: '/smartconnect_1/S00_AXI_arlock'(1) to pin: '/channel_shuffle_0/m_axi_gmem0_ARLOCK'(2) - Only lower order bits will be connected.
WARNING: [BD 41-2384] Width mismatch when connecting pin: '/smartconnect_1/S00_AXI_awlock'(1) to pin: '/channel_shuffle_0/m_axi_gmem0_AWLOCK'(2) - Only lower order bits will be connected.
Verilog Output written to : c:/Users/11400/Desktop/shuffletest/vivado/project_1/project_1.gen/sources_1/bd/design_1/synth/design_1.v
WARNING: [BD 41-2384] Width mismatch when connecting pin: '/smartconnect_0/S00_AXI_arlock'(1) to pin: '/conv_bn_relu_0/m_axi_gmem0_ARLOCK'(2) - Only lower order bits will be connected.
WARNING: [BD 41-2384] Width mismatch when connecting pin: '/smartconnect_0/S00_AXI_awlock'(1) to pin: '/conv_bn_relu_0/m_axi_gmem0_AWLOCK'(2) - Only lower order bits will be connected.
WARNING: [BD 41-2384] Width mismatch when connecting pin: '/smartconnect_3/S00_AXI_arlock'(1) to pin: '/fully_connected_0/m_axi_gmem0_ARLOCK'(2) - Only lower order bits will be connected.
WARNING: [BD 41-2384] Width mismatch when connecting pin: '/smartconnect_3/S00_AXI_awlock'(1) to pin: '/fully_connected_0/m_axi_gmem0_AWLOCK'(2) - Only lower order bits will be connected.
WARNING: [BD 41-2384] Width mismatch when connecting pin: '/smartconnect_2/S00_AXI_arlock'(1) to pin: '/pooling_0/m_axi_gmem0_ARLOCK'(2) - Only lower order bits will be connected.
WARNING: [BD 41-2384] Width mismatch when connecting pin: '/smartconnect_2/S00_AXI_awlock'(1) to pin: '/pooling_0/m_axi_gmem0_AWLOCK'(2) - Only lower order bits will be connected.
WARNING: [BD 41-2384] Width mismatch when connecting pin: '/smartconnect_1/S00_AXI_arlock'(1) to pin: '/channel_shuffle_0/m_axi_gmem0_ARLOCK'(2) - Only lower order bits will be connected.
WARNING: [BD 41-2384] Width mismatch when connecting pin: '/smartconnect_1/S00_AXI_awlock'(1) to pin: '/channel_shuffle_0/m_axi_gmem0_AWLOCK'(2) - Only lower order bits will be connected.
Verilog Output written to : c:/Users/11400/Desktop/shuffletest/vivado/project_1/project_1.gen/sources_1/bd/design_1/sim/design_1.v
Verilog Output written to : c:/Users/11400/Desktop/shuffletest/vivado/project_1/project_1.gen/sources_1/bd/design_1/hdl/design_1_wrapper.v
Exporting to file c:/Users/11400/Desktop/shuffletest/vivado/project_1/project_1.gen/sources_1/bd/design_1/ip/design_1_smartconnect_0_0/bd_0/hw_handoff/design_1_smartconnect_0_0.hwh
Generated Hardware Definition File c:/Users/11400/Desktop/shuffletest/vivado/project_1/project_1.gen/sources_1/bd/design_1/ip/design_1_smartconnect_0_0/bd_0/synth/design_1_smartconnect_0_0.hwdef
Exporting to file c:/Users/11400/Desktop/shuffletest/vivado/project_1/project_1.gen/sources_1/bd/design_1/ip/design_1_smartconnect_0_1/bd_0/hw_handoff/design_1_smartconnect_0_1.hwh
Generated Hardware Definition File c:/Users/11400/Desktop/shuffletest/vivado/project_1/project_1.gen/sources_1/bd/design_1/ip/design_1_smartconnect_0_1/bd_0/synth/design_1_smartconnect_0_1.hwdef
Exporting to file c:/Users/11400/Desktop/shuffletest/vivado/project_1/project_1.gen/sources_1/bd/design_1/ip/design_1_smartconnect_1_0/bd_0/hw_handoff/design_1_smartconnect_1_0.hwh
Generated Hardware Definition File c:/Users/11400/Desktop/shuffletest/vivado/project_1/project_1.gen/sources_1/bd/design_1/ip/design_1_smartconnect_1_0/bd_0/synth/design_1_smartconnect_1_0.hwdef
Exporting to file c:/Users/11400/Desktop/shuffletest/vivado/project_1/project_1.gen/sources_1/bd/design_1/ip/design_1_smartconnect_2_0/bd_0/hw_handoff/design_1_smartconnect_2_0.hwh
Generated Hardware Definition File c:/Users/11400/Desktop/shuffletest/vivado/project_1/project_1.gen/sources_1/bd/design_1/ip/design_1_smartconnect_2_0/bd_0/synth/design_1_smartconnect_2_0.hwdef
INFO: [BD 41-1029] Generation completed for the IP Integrator block axi_interconnect_0/s00_couplers/auto_pc .
INFO: [BD 41-1029] Generation completed for the IP Integrator block channel_shuffle_0 .
Exporting to file c:/Users/11400/Desktop/shuffletest/vivado/project_1/project_1.gen/sources_1/bd/design_1/hw_handoff/design_1.hwh
Generated Hardware Definition File c:/Users/11400/Desktop/shuffletest/vivado/project_1/project_1.gen/sources_1/bd/design_1/synth/design_1.hwdef
generate_target: Time (s): cpu = 00:00:26 ; elapsed = 00:00:32 . Memory (MB): peak = 4612.133 ; gain = 22.133
export_ip_user_files -of_objects [get_files C:/Users/11400/Desktop/shuffletest/vivado/project_1/project_1.srcs/sources_1/bd/design_1/design_1.bd] -no_script -sync -force -quiet
export_simulation -of_objects [get_files C:/Users/11400/Desktop/shuffletest/vivado/project_1/project_1.srcs/sources_1/bd/design_1/design_1.bd] -directory C:/Users/11400/Desktop/shuffletest/vivado/project_1/project_1.ip_user_files/sim_scripts -ip_user_files_dir C:/Users/11400/Desktop/shuffletest/vivado/project_1/project_1.ip_user_files -ipstatic_source_dir C:/Users/11400/Desktop/shuffletest/vivado/project_1/project_1.ip_user_files/ipstatic -lib_map_path [list {modelsim=C:/Users/11400/Desktop/shuffletest/vivado/project_1/project_1.cache/compile_simlib/modelsim} {questa=C:/Users/11400/Desktop/shuffletest/vivado/project_1/project_1.cache/compile_simlib/questa} {riviera=C:/Users/11400/Desktop/shuffletest/vivado/project_1/project_1.cache/compile_simlib/riviera} {activehdl=C:/Users/11400/Desktop/shuffletest/vivado/project_1/project_1.cache/compile_simlib/activehdl}] -use_ip_compiled_libs -force -quiet
make_wrapper -files [get_files C:/Users/11400/Desktop/shuffletest/vivado/project_1/project_1.srcs/sources_1/bd/design_1/design_1.bd] -top
reset_run synth_1
INFO: [Project 1-1161] Replacing file C:/Users/11400/Desktop/shuffletest/vivado/project_1/project_1.srcs/utils_1/imports/synth_1/design_1_wrapper.dcp with file C:/Users/11400/Desktop/shuffletest/vivado/project_1/project_1.runs/synth_1/design_1_wrapper.dcp
launch_runs impl_1 -to_step write_bitstream -jobs 8
[Wed Nov  5 11:22:34 2025] Launched synth_1...
Run output will be captured here: C:/Users/11400/Desktop/shuffletest/vivado/project_1/project_1.runs/synth_1/runme.log
[Wed Nov  5 11:22:34 2025] Launched impl_1...
Run output will be captured here: C:/Users/11400/Desktop/shuffletest/vivado/project_1/project_1.runs/impl_1/runme.log
write_hw_platform -fixed -include_bit -force -file C:/Users/11400/Desktop/shuffletest/vivado/project_1/design_1_wrapper.xsa
INFO: [Project 1-1918] Creating Hardware Platform: C:/Users/11400/Desktop/shuffletest/vivado/project_1/design_1_wrapper.xsa ...
INFO: [Project 1-1943] The Hardware Platform can be used for Hardware
INFO: [Project 1-1941] Successfully created Hardware Platform: C:/Users/11400/Desktop/shuffletest/vivado/project_1/design_1_wrapper.xsa
set_operating_conditions -grade extended
report_power -name {power_1}
Command: report_power -name power_1
Running Vector-less Activity Propagation...

Finished Running Vector-less Activity Propagation
0 Infos, 0 Warnings, 0 Critical Warnings and 0 Errors encountered.
report_power completed successfully
report_power: Time (s): cpu = 00:00:20 ; elapsed = 00:00:15 . Memory (MB): peak = 4683.977 ; gain = 4.867
report_utilization -name utilization_1
open_bd_design {C:/Users/11400/Desktop/shuffletest/vivado/project_1/project_1.srcs/sources_1/bd/design_1/design_1.bd}
set_property location {4 2644 610} [get_bd_cells smartconnect_2]
set_property location {4 2651 767} [get_bd_cells smartconnect_3]
set_property location {4 2649 841} [get_bd_cells smartconnect_3]
set_property location {4 2649 806} [get_bd_cells smartconnect_3]
set_property location {4 2648 619} [get_bd_cells smartconnect_2]
set_property location {4 2653 413} [get_bd_cells smartconnect_1]
set_property location {4 2648 239} [get_bd_cells smartconnect_0]
exit
INFO: [Common 17-206] Exiting Vivado at Fri Nov  7 11:05:50 2025...
