#-----------------------------------------------------------
# Vivado v2022.2 (64-bit)
# SW Build 3671981 on Fri Oct 14 05:00:03 MDT 2022
# IP Build 3669848 on Fri Oct 14 08:30:02 MDT 2022
# Start of session at: Wed Oct 29 15:40:17 2025
# Process ID: 4236
# Current directory: C:/Users/11400/Desktop/shuffle/vivado/project_1
# Command line: vivado.exe -gui_launcher_event rodinguilauncherevent7456 C:\Users\11400\Desktop\shuffle\vivado\project_1\project_1.xpr
# Log file: C:/Users/11400/Desktop/shuffle/vivado/project_1/vivado.log
# Journal file: C:/Users/11400/Desktop/shuffle/vivado/project_1\vivado.jou
# Running On: AKY0310, OS: Windows, CPU Frequency: 2918 MHz, CPU Physical cores: 10, Host memory: 16890 MB
#-----------------------------------------------------------
start_gui
open_project C:/Users/11400/Desktop/shuffle/vivado/project_1/project_1.xpr
WARNING: [Board 49-26] cannot add Board Part xilinx.com:vek280_es:part0:1.0 available at D:/Xilinx/Vivado/2022.2/data/xhub/boards/XilinxBoardStore/boards/Xilinx/vek280/es/1.0/board.xml as part xcve2802-vsvh1760-2lp-e-s-es1 specified in board_part file is either invalid or not available
WARNING: [Board 49-26] cannot add Board Part xilinx.com:vhk158_es:part0:1.0 available at D:/Xilinx/Vivado/2022.2/data/xhub/boards/XilinxBoardStore/boards/Xilinx/vhk158/es/1.0/board.xml as part xcvh1582-vsva3697-2mp-e-s-es1 specified in board_part file is either invalid or not available
WARNING: [Board 49-26] cannot add Board Part xilinx.com:vpk120_es:part0:1.2 available at D:/Xilinx/Vivado/2022.2/data/xhub/boards/XilinxBoardStore/boards/Xilinx/vpk120/es/1.2/board.xml as part xcvp1202-vsva2785-2mp-e-s-es1 specified in board_part file is either invalid or not available
WARNING: [Board 49-26] cannot add Board Part xilinx.com:vpk120_es_revb:part0:1.0 available at D:/Xilinx/Vivado/2022.2/data/xhub/boards/XilinxBoardStore/boards/Xilinx/vpk120_revb/es/1.0/board.xml as part xcvp1202-vsva2785-2mp-e-s-es1 specified in board_part file is either invalid or not available
WARNING: [Board 49-26] cannot add Board Part xilinx.com:vpk180_es:part0:1.0 available at D:/Xilinx/Vivado/2022.2/data/xhub/boards/XilinxBoardStore/boards/Xilinx/vpk180/es/1.0/board.xml as part xcvp1802-lsvc4072-2mp-e-s-es1 specified in board_part file is either invalid or not available
WARNING: [Board 49-26] cannot add Board Part xilinx.com:zcu208ld:part0:2.0 available at D:/Xilinx/Vivado/2022.2/data/xhub/boards/XilinxBoardStore/boards/Xilinx/zcu208ld/production/2.0/board.xml as part xczu58dr-fsvg1517-2-i specified in board_part file is either invalid or not available
WARNING: [Board 49-26] cannot add Board Part xilinx.com:zcu216ld:part0:2.0 available at D:/Xilinx/Vivado/2022.2/data/xhub/boards/XilinxBoardStore/boards/Xilinx/zcu216ld/production/2.0/board.xml as part xczu59dr-ffvf1760-2-i specified in board_part file is either invalid or not available
WARNING: [Board 49-26] cannot add Board Part xilinx.com:zcu670:part0:2.0 available at D:/Xilinx/Vivado/2022.2/data/xhub/boards/XilinxBoardStore/boards/Xilinx/zcu670/2.0/board.xml as part xczu67dr-fsve1156-2-i specified in board_part file is either invalid or not available
WARNING: [Board 49-26] cannot add Board Part xilinx.com:zcu670ld:part0:1.0 available at D:/Xilinx/Vivado/2022.2/data/xhub/boards/XilinxBoardStore/boards/Xilinx/zcu670ld/1.0/board.xml as part xczu57dr-fsve1156-2-i specified in board_part file is either invalid or not available
WARNING: [filemgmt 56-3] IP Repository Path: Could not find the directory 'C:/Users/11400/Desktop/shuffle/vivado/project_1/ip_repos/xilinx_com_hls_initial_conv_bn_relu_1_0'.
WARNING: [filemgmt 56-3] IP Repository Path: Could not find the directory 'C:/Users/11400/Desktop/shuffle/vivado/project_1/ip_repos/xilinx_com_hls_shufflenet_block_1_0'.
WARNING: [filemgmt 56-3] IP Repository Path: Could not find the directory 'C:/Users/11400/Desktop/shuffle/vivado/project_1/ip_repos/xilinx_com_hls_downsample_block_1_0'.
WARNING: [filemgmt 56-3] IP Repository Path: Could not find the directory 'C:/Users/11400/Desktop/shuffle/vivado/project_1/ip_repos/xilinx_com_hls_output_conv_pool_bn_1_0'.
Scanning sources...
Finished scanning sources
INFO: [IP_Flow 19-234] Refreshing IP repositories
WARNING: [IP_Flow 19-2248] Failed to load user IP repository 'c:/Users/11400/Desktop/shuffle/vivado/project_1/ip_repos/xilinx_com_hls_initial_conv_bn_relu_1_0'; Can't find the specified path.
If this directory should no longer be in your list of user repositories, go to the IP Settings dialog and remove it.
WARNING: [IP_Flow 19-2248] Failed to load user IP repository 'c:/Users/11400/Desktop/shuffle/vivado/project_1/ip_repos/xilinx_com_hls_shufflenet_block_1_0'; Can't find the specified path.
If this directory should no longer be in your list of user repositories, go to the IP Settings dialog and remove it.
WARNING: [IP_Flow 19-2248] Failed to load user IP repository 'c:/Users/11400/Desktop/shuffle/vivado/project_1/ip_repos/xilinx_com_hls_downsample_block_1_0'; Can't find the specified path.
If this directory should no longer be in your list of user repositories, go to the IP Settings dialog and remove it.
WARNING: [IP_Flow 19-2248] Failed to load user IP repository 'c:/Users/11400/Desktop/shuffle/vivado/project_1/ip_repos/xilinx_com_hls_output_conv_pool_bn_1_0'; Can't find the specified path.
If this directory should no longer be in your list of user repositories, go to the IP Settings dialog and remove it.
INFO: [IP_Flow 19-2313] Loaded Vivado IP repository 'D:/Xilinx/Vivado/2022.2/data/ip'.
WARNING: [BD 41-1661] One or more IPs have been locked in the design 'design_1.bd'. Please run report_ip_status for more details and recommendations on how to fix this issue.
List of locked IPs:
design_1_initial_conv_bn_relu_1_1
design_1_output_conv_pool_bn_1_1
design_1_shufflenet_block_0_2
design_1_downsample_block_1_1

open_project: Time (s): cpu = 00:00:20 ; elapsed = 00:00:23 . Memory (MB): peak = 1834.211 ; gain = 417.195
update_compile_order -fileset sources_1
update_ip_catalog -rebuild
INFO: [IP_Flow 19-234] Refreshing IP repositories
INFO: [IP_Flow 19-1700] Loaded user IP repository 'c:/Users/11400/Desktop/shuffle/vivado/project_1/ip_repos/xilinx_com_hls_initial_conv_bn_relu_1_0'.
INFO: [IP_Flow 19-1700] Loaded user IP repository 'c:/Users/11400/Desktop/shuffle/vivado/project_1/ip_repos/xilinx_com_hls_shufflenet_block_1_0'.
INFO: [IP_Flow 19-1700] Loaded user IP repository 'c:/Users/11400/Desktop/shuffle/vivado/project_1/ip_repos/xilinx_com_hls_downsample_block_1_0'.
INFO: [IP_Flow 19-1700] Loaded user IP repository 'c:/Users/11400/Desktop/shuffle/vivado/project_1/ip_repos/xilinx_com_hls_output_conv_pool_bn_1_0'.
open_bd_design {C:/Users/11400/Desktop/shuffle/vivado/project_1/project_1.srcs/sources_1/bd/design_1/design_1.bd}
Reading block design file <C:/Users/11400/Desktop/shuffle/vivado/project_1/project_1.srcs/sources_1/bd/design_1/design_1.bd>...
Adding component instance block -- xilinx.com:ip:processing_system7:5.5 - processing_system7_0
Adding component instance block -- xilinx.com:ip:smartconnect:1.0 - smartconnect_0
Adding component instance block -- xilinx.com:ip:proc_sys_reset:5.0 - proc_sys_reset_0
Adding component instance block -- xilinx.com:ip:axi_interconnect:2.1 - axi_interconnect_0
Adding component instance block -- xilinx.com:ip:axi_crossbar:2.1 - xbar
Adding component instance block -- xilinx.com:ip:axi_protocol_converter:2.1 - auto_pc
Adding component instance block -- xilinx.com:ip:smartconnect:1.0 - smartconnect_1
Adding component instance block -- xilinx.com:ip:smartconnect:1.0 - smartconnect_2
Adding component instance block -- xilinx.com:ip:smartconnect:1.0 - smartconnect_3
Adding component instance block -- xilinx.com:hls:initial_conv_bn_relu:1.0 - initial_conv_bn_relu_1
Adding component instance block -- xilinx.com:hls:output_conv_pool_bn:1.0 - output_conv_pool_bn_1
Adding component instance block -- xilinx.com:hls:downsample_block:1.0 - downsample_block_1
Adding component instance block -- xilinx.com:hls:shufflenet_block:1.0 - shufflenet_block_0
Successfully read diagram <design_1> from block design file <C:/Users/11400/Desktop/shuffle/vivado/project_1/project_1.srcs/sources_1/bd/design_1/design_1.bd>
