remark: D:/Xilinx/Vitis_HLS/2022.2/common/technology/autopilot\ap_int_base.h:214:67: Inlining function 'ssdm_int<32, true>::ssdm_int(int)' into 'ap_int_base<32, true>::ap_int_base(int)'
remark: D:/Xilinx/Vitis_HLS/2022.2/common/technology/autopilot\ap_int_base.h:185:106: Inlining function '_ZN8ssdm_intILi40ELb1EEC2EDq40_i' into 'ap_int_base<40, true>::ap_int_base<32, true>(ap_int_base<32, true> const&)'
remark: D:/Xilinx/Vitis_HLS/2022.2/common/technology/autopilot\ap_int_base.h:185:106: Inlining function '_ZN8ssdm_intILi40ELb1EEC2EDq40_i' into 'ap_int_base<40, true>::ap_int_base<8, false>(ap_int_base<8, false> const&)'
remark: D:/Xilinx/Vitis_HLS/2022.2/common/technology/autopilot\ap_int_base.h:214:67: Inlining function '_ZN8ssdm_intILi40ELb1EEC2EDq40_i' into 'ap_int_base<40, true>::ap_int_base(int)'
remark: D:/Xilinx/Vitis_HLS/2022.2/common/technology/autopilot\ap_int_base.h:1494:339: Inlining function 'ap_int_base<40, true>::ap_int_base<32, true>(ap_int_base<32, true> const&)' into 'ap_int_base<32, true>::RType<8, false>::mult operator*<32, true, 8, false>(ap_int_base<32, true> const&, ap_int_base<8, false> const&)'
remark: D:/Xilinx/Vitis_HLS/2022.2/common/technology/autopilot\ap_int_base.h:1494:516: Inlining function 'ap_int_base<40, true>::ap_int_base(int)' into 'ap_int_base<32, true>::RType<8, false>::mult operator*<32, true, 8, false>(ap_int_base<32, true> const&, ap_int_base<8, false> const&)'
remark: D:/Xilinx/Vitis_HLS/2022.2/common/technology/autopilot\ap_int_base.h:1494:427: Inlining function 'ap_int_base<40, true>::ap_int_base<8, false>(ap_int_base<8, false> const&)' into 'ap_int_base<32, true>::RType<8, false>::mult operator*<32, true, 8, false>(ap_int_base<32, true> const&, ap_int_base<8, false> const&)'
remark: D:/Xilinx/Vitis_HLS/2022.2/common/technology/autopilot\ap_int_base.h:1633:216: Inlining function 'ap_int_base<32, true>::ap_int_base(int)' into 'ap_int_base<8, false>::RType<($_0)32, true>::mult operator*<8, false>(int, ap_int_base<8, false> const&)'
remark: D:/Xilinx/Vitis_HLS/2022.2/common/technology/autopilot\ap_int_base.h:1633:254: Inlining function 'ap_int_base<32, true>::RType<8, false>::mult operator*<32, true, 8, false>(ap_int_base<32, true> const&, ap_int_base<8, false> const&)' into 'ap_int_base<8, false>::RType<($_0)32, true>::mult operator*<8, false>(int, ap_int_base<8, false> const&)'
remark: D:/Xilinx/Vitis_HLS/2022.2/common/technology/autopilot\ap_int_base.h:185:106: Inlining function '_ZN8ssdm_intILi41ELb1EEC2EDq41_i' into 'ap_int_base<41, true>::ap_int_base<16, false>(ap_int_base<16, false> const&)'
remark: D:/Xilinx/Vitis_HLS/2022.2/common/technology/autopilot\ap_int_base.h:185:106: Inlining function '_ZN8ssdm_intILi41ELb1EEC2EDq41_i' into 'ap_int_base<41, true>::ap_int_base<40, true>(ap_int_base<40, true> const&)'
remark: D:/Xilinx/Vitis_HLS/2022.2/common/technology/autopilot\ap_int_base.h:214:67: Inlining function '_ZN8ssdm_intILi41ELb1EEC2EDq41_i' into 'ap_int_base<41, true>::ap_int_base(int)'
remark: D:/Xilinx/Vitis_HLS/2022.2/common/technology/autopilot\ap_int_base.h:1495:339: Inlining function 'ap_int_base<41, true>::ap_int_base<16, false>(ap_int_base<16, false> const&)' into 'ap_int_base<16, false>::RType<40, true>::plus operator+<16, false, 40, true>(ap_int_base<16, false> const&, ap_int_base<40, true> const&)'
remark: D:/Xilinx/Vitis_HLS/2022.2/common/technology/autopilot\ap_int_base.h:1495:516: Inlining function 'ap_int_base<41, true>::ap_int_base(int)' into 'ap_int_base<16, false>::RType<40, true>::plus operator+<16, false, 40, true>(ap_int_base<16, false> const&, ap_int_base<40, true> const&)'
remark: D:/Xilinx/Vitis_HLS/2022.2/common/technology/autopilot\ap_int_base.h:1495:427: Inlining function 'ap_int_base<41, true>::ap_int_base<40, true>(ap_int_base<40, true> const&)' into 'ap_int_base<16, false>::RType<40, true>::plus operator+<16, false, 40, true>(ap_int_base<16, false> const&, ap_int_base<40, true> const&)'
remark: D:/Xilinx/Vitis_HLS/2022.2/common/technology/autopilot\ap_int_base.h:185:106: Inlining function '_ZN8ssdm_intILi42ELb1EEC2EDq42_i' into 'ap_int_base<42, true>::ap_int_base<41, true>(ap_int_base<41, true> const&)'
remark: D:/Xilinx/Vitis_HLS/2022.2/common/technology/autopilot\ap_int_base.h:185:106: Inlining function '_ZN8ssdm_intILi42ELb1EEC2EDq42_i' into 'ap_int_base<42, true>::ap_int_base<8, false>(ap_int_base<8, false> const&)'
remark: D:/Xilinx/Vitis_HLS/2022.2/common/technology/autopilot\ap_int_base.h:214:67: Inlining function '_ZN8ssdm_intILi42ELb1EEC2EDq42_i' into 'ap_int_base<42, true>::ap_int_base(int)'
remark: D:/Xilinx/Vitis_HLS/2022.2/common/technology/autopilot\ap_int_base.h:1496:341: Inlining function 'ap_int_base<42, true>::ap_int_base<41, true>(ap_int_base<41, true> const&)' into 'ap_int_base<41, true>::RType<8, false>::minus operator-<41, true, 8, false>(ap_int_base<41, true> const&, ap_int_base<8, false> const&)'
remark: D:/Xilinx/Vitis_HLS/2022.2/common/technology/autopilot\ap_int_base.h:1496:520: Inlining function 'ap_int_base<42, true>::ap_int_base(int)' into 'ap_int_base<41, true>::RType<8, false>::minus operator-<41, true, 8, false>(ap_int_base<41, true> const&, ap_int_base<8, false> const&)'
remark: D:/Xilinx/Vitis_HLS/2022.2/common/technology/autopilot\ap_int_base.h:1496:430: Inlining function 'ap_int_base<42, true>::ap_int_base<8, false>(ap_int_base<8, false> const&)' into 'ap_int_base<41, true>::RType<8, false>::minus operator-<41, true, 8, false>(ap_int_base<41, true> const&, ap_int_base<8, false> const&)'
remark: D:/Xilinx/Vitis_HLS/2022.2/common/technology/autopilot\ap_int_base.h:1513:337: Inlining function 'ap_int_base<42, true>::ap_int_base(int)' into 'ap_int_base<42, true>::RType<8, false>::div operator/<42, true, 8, false>(ap_int_base<42, true> const&, ap_int_base<8, false> const&)'
remark: D:/Xilinx/Vitis_HLS/2022.2/common/technology/autopilot\ap_int_base.h:185:106: Inlining function '_ZN8ssdm_intILi43ELb1EEC2EDq43_i' into 'ap_int_base<43, true>::ap_int_base<42, true>(ap_int_base<42, true> const&)'
remark: D:/Xilinx/Vitis_HLS/2022.2/common/technology/autopilot\ap_int_base.h:185:106: Inlining function '_ZN8ssdm_intILi43ELb1EEC2EDq43_i' into 'ap_int_base<43, true>::ap_int_base<32, true>(ap_int_base<32, true> const&)'
remark: D:/Xilinx/Vitis_HLS/2022.2/common/technology/autopilot\ap_int_base.h:214:67: Inlining function '_ZN8ssdm_intILi43ELb1EEC2EDq43_i' into 'ap_int_base<43, true>::ap_int_base(int)'
remark: D:/Xilinx/Vitis_HLS/2022.2/common/technology/autopilot\ap_int_base.h:1495:339: Inlining function 'ap_int_base<43, true>::ap_int_base<42, true>(ap_int_base<42, true> const&)' into 'ap_int_base<42, true>::RType<32, true>::plus operator+<42, true, 32, true>(ap_int_base<42, true> const&, ap_int_base<32, true> const&)'
remark: D:/Xilinx/Vitis_HLS/2022.2/common/technology/autopilot\ap_int_base.h:1495:516: Inlining function 'ap_int_base<43, true>::ap_int_base(int)' into 'ap_int_base<42, true>::RType<32, true>::plus operator+<42, true, 32, true>(ap_int_base<42, true> const&, ap_int_base<32, true> const&)'
remark: D:/Xilinx/Vitis_HLS/2022.2/common/technology/autopilot\ap_int_base.h:1495:427: Inlining function 'ap_int_base<43, true>::ap_int_base<32, true>(ap_int_base<32, true> const&)' into 'ap_int_base<42, true>::RType<32, true>::plus operator+<42, true, 32, true>(ap_int_base<42, true> const&, ap_int_base<32, true> const&)'
remark: D:/Xilinx/Vitis_HLS/2022.2/common/technology/autopilot\ap_int_base.h:1633:1006: Inlining function 'ap_int_base<32, true>::ap_int_base(int)' into 'ap_int_base<42, true>::RType<($_0)32, true>::plus operator+<42, true>(ap_int_base<42, true> const&, int)'
remark: D:/Xilinx/Vitis_HLS/2022.2/common/technology/autopilot\ap_int_base.h:1633:1004: Inlining function 'ap_int_base<42, true>::RType<32, true>::plus operator+<42, true, 32, true>(ap_int_base<42, true> const&, ap_int_base<32, true> const&)' into 'ap_int_base<42, true>::RType<($_0)32, true>::plus operator+<42, true>(ap_int_base<42, true> const&, int)'
remark: D:/Xilinx/Vitis_HLS/2022.2/common/technology/autopilot\ap_int_base.h:185:106: Inlining function 'ssdm_int<16, false>::ssdm_int(unsigned short)' into 'ap_int_base<16, false>::ap_int_base<43, true>(ap_int_base<43, true> const&)'
remark: <unknown>:0:0: Inlining function 'ap_int_base<16, false>::ap_int_base<43, true>(ap_int_base<43, true> const&)' into 'ap_uint<16>::ap_uint<43>(ap_int<43> const&)'
remark: D:/Xilinx/Vitis_HLS/2022.2/common/technology/autopilot\ap_int_base.h:1788:520: Inlining function 'ap_int_base<32, true>::ap_int_base(int)' into 'bool operator<<16, false>(int, ap_int_base<16, false> const&)'
remark: D:/Xilinx/Vitis_HLS/2022.2/common/technology/autopilot\ap_int_base.h:1788:558: Inlining function 'bool ap_int_base<32, true>::operator<<16, false>(ap_int_base<16, false> const&) const' into 'bool operator<<16, false>(int, ap_int_base<16, false> const&)'
remark: D:/Xilinx/Vitis_HLS/2022.2/common/technology/autopilot\ap_int_base.h:1788:520: Inlining function 'ap_int_base<32, true>::ap_int_base(int)' into 'bool operator<<8, false>(int, ap_int_base<8, false> const&)'
remark: D:/Xilinx/Vitis_HLS/2022.2/common/technology/autopilot\ap_int_base.h:1788:558: Inlining function 'bool ap_int_base<32, true>::operator<<8, false>(ap_int_base<8, false> const&) const' into 'bool operator<<8, false>(int, ap_int_base<8, false> const&)'
remark: D:/Xilinx/Vitis_HLS/2022.2/common/technology/autopilot\ap_int_base.h:185:106: Inlining function '_ZN8ssdm_intILi41ELb1EEC2EDq41_i' into 'ap_int_base<41, true>::ap_int_base<32, true>(ap_int_base<32, true> const&)'
remark: D:/Xilinx/Vitis_HLS/2022.2/common/technology/autopilot\ap_int_base.h:1495:339: Inlining function 'ap_int_base<41, true>::ap_int_base<40, true>(ap_int_base<40, true> const&)' into 'ap_int_base<40, true>::RType<32, true>::plus operator+<40, true, 32, true>(ap_int_base<40, true> const&, ap_int_base<32, true> const&)'
remark: D:/Xilinx/Vitis_HLS/2022.2/common/technology/autopilot\ap_int_base.h:1495:516: Inlining function 'ap_int_base<41, true>::ap_int_base(int)' into 'ap_int_base<40, true>::RType<32, true>::plus operator+<40, true, 32, true>(ap_int_base<40, true> const&, ap_int_base<32, true> const&)'
remark: D:/Xilinx/Vitis_HLS/2022.2/common/technology/autopilot\ap_int_base.h:1495:427: Inlining function 'ap_int_base<41, true>::ap_int_base<32, true>(ap_int_base<32, true> const&)' into 'ap_int_base<40, true>::RType<32, true>::plus operator+<40, true, 32, true>(ap_int_base<40, true> const&, ap_int_base<32, true> const&)'
remark: D:/Xilinx/Vitis_HLS/2022.2/common/technology/autopilot\ap_int_base.h:1633:1006: Inlining function 'ap_int_base<32, true>::ap_int_base(int)' into 'ap_int_base<40, true>::RType<($_0)32, true>::plus operator+<40, true>(ap_int_base<40, true> const&, int)'
remark: D:/Xilinx/Vitis_HLS/2022.2/common/technology/autopilot\ap_int_base.h:1633:1004: Inlining function 'ap_int_base<40, true>::RType<32, true>::plus operator+<40, true, 32, true>(ap_int_base<40, true> const&, ap_int_base<32, true> const&)' into 'ap_int_base<40, true>::RType<($_0)32, true>::plus operator+<40, true>(ap_int_base<40, true> const&, int)'
remark: D:/Xilinx/Vitis_HLS/2022.2/common/technology/autopilot\ap_int_base.h:185:106: Inlining function '_ZN8ssdm_intILi48ELb1EEC2EDq48_i' into 'ap_int_base<48, true>::ap_int_base<32, true>(ap_int_base<32, true> const&)'
remark: D:/Xilinx/Vitis_HLS/2022.2/common/technology/autopilot\ap_int_base.h:185:106: Inlining function '_ZN8ssdm_intILi48ELb1EEC2EDq48_i' into 'ap_int_base<48, true>::ap_int_base<16, false>(ap_int_base<16, false> const&)'
remark: D:/Xilinx/Vitis_HLS/2022.2/common/technology/autopilot\ap_int_base.h:214:67: Inlining function '_ZN8ssdm_intILi48ELb1EEC2EDq48_i' into 'ap_int_base<48, true>::ap_int_base(int)'
remark: D:/Xilinx/Vitis_HLS/2022.2/common/technology/autopilot\ap_int_base.h:1494:339: Inlining function 'ap_int_base<48, true>::ap_int_base<32, true>(ap_int_base<32, true> const&)' into 'ap_int_base<32, true>::RType<16, false>::mult operator*<32, true, 16, false>(ap_int_base<32, true> const&, ap_int_base<16, false> const&)'
remark: D:/Xilinx/Vitis_HLS/2022.2/common/technology/autopilot\ap_int_base.h:1494:516: Inlining function 'ap_int_base<48, true>::ap_int_base(int)' into 'ap_int_base<32, true>::RType<16, false>::mult operator*<32, true, 16, false>(ap_int_base<32, true> const&, ap_int_base<16, false> const&)'
remark: D:/Xilinx/Vitis_HLS/2022.2/common/technology/autopilot\ap_int_base.h:1494:427: Inlining function 'ap_int_base<48, true>::ap_int_base<16, false>(ap_int_base<16, false> const&)' into 'ap_int_base<32, true>::RType<16, false>::mult operator*<32, true, 16, false>(ap_int_base<32, true> const&, ap_int_base<16, false> const&)'
remark: D:/Xilinx/Vitis_HLS/2022.2/common/technology/autopilot\ap_int_base.h:1633:216: Inlining function 'ap_int_base<32, true>::ap_int_base(int)' into 'ap_int_base<16, false>::RType<($_0)32, true>::mult operator*<16, false>(int, ap_int_base<16, false> const&)'
remark: D:/Xilinx/Vitis_HLS/2022.2/common/technology/autopilot\ap_int_base.h:1633:254: Inlining function 'ap_int_base<32, true>::RType<16, false>::mult operator*<32, true, 16, false>(ap_int_base<32, true> const&, ap_int_base<16, false> const&)' into 'ap_int_base<16, false>::RType<($_0)32, true>::mult operator*<16, false>(int, ap_int_base<16, false> const&)'
remark: D:/Xilinx/Vitis_HLS/2022.2/common/technology/autopilot\ap_int_base.h:185:106: Inlining function '_ZN8ssdm_intILi49ELb1EEC2EDq49_i' into 'ap_int_base<49, true>::ap_int_base<48, true>(ap_int_base<48, true> const&)'
remark: D:/Xilinx/Vitis_HLS/2022.2/common/technology/autopilot\ap_int_base.h:185:106: Inlining function '_ZN8ssdm_intILi49ELb1EEC2EDq49_i' into 'ap_int_base<49, true>::ap_int_base<32, true>(ap_int_base<32, true> const&)'
remark: D:/Xilinx/Vitis_HLS/2022.2/common/technology/autopilot\ap_int_base.h:214:67: Inlining function '_ZN8ssdm_intILi49ELb1EEC2EDq49_i' into 'ap_int_base<49, true>::ap_int_base(int)'
remark: D:/Xilinx/Vitis_HLS/2022.2/common/technology/autopilot\ap_int_base.h:1495:339: Inlining function 'ap_int_base<49, true>::ap_int_base<48, true>(ap_int_base<48, true> const&)' into 'ap_int_base<48, true>::RType<32, true>::plus operator+<48, true, 32, true>(ap_int_base<48, true> const&, ap_int_base<32, true> const&)'
remark: D:/Xilinx/Vitis_HLS/2022.2/common/technology/autopilot\ap_int_base.h:1495:516: Inlining function 'ap_int_base<49, true>::ap_int_base(int)' into 'ap_int_base<48, true>::RType<32, true>::plus operator+<48, true, 32, true>(ap_int_base<48, true> const&, ap_int_base<32, true> const&)'
remark: D:/Xilinx/Vitis_HLS/2022.2/common/technology/autopilot\ap_int_base.h:1495:427: Inlining function 'ap_int_base<49, true>::ap_int_base<32, true>(ap_int_base<32, true> const&)' into 'ap_int_base<48, true>::RType<32, true>::plus operator+<48, true, 32, true>(ap_int_base<48, true> const&, ap_int_base<32, true> const&)'
remark: D:/Xilinx/Vitis_HLS/2022.2/common/technology/autopilot\ap_int_base.h:1633:1006: Inlining function 'ap_int_base<32, true>::ap_int_base(int)' into 'ap_int_base<48, true>::RType<($_0)32, true>::plus operator+<48, true>(ap_int_base<48, true> const&, int)'
remark: D:/Xilinx/Vitis_HLS/2022.2/common/technology/autopilot\ap_int_base.h:1633:1004: Inlining function 'ap_int_base<48, true>::RType<32, true>::plus operator+<48, true, 32, true>(ap_int_base<48, true> const&, ap_int_base<32, true> const&)' into 'ap_int_base<48, true>::RType<($_0)32, true>::plus operator+<48, true>(ap_int_base<48, true> const&, int)'
remark: D:/Xilinx/Vitis_HLS/2022.2/common/technology/autopilot\ap_int_base.h:185:106: Inlining function '_ZN8ssdm_intILi65ELb1EEC2EDq65_i' into 'ap_int_base<65, true>::ap_int_base<49, true>(ap_int_base<49, true> const&)'
remark: D:/Xilinx/Vitis_HLS/2022.2/common/technology/autopilot\ap_int_base.h:185:106: Inlining function '_ZN8ssdm_intILi65ELb1EEC2EDq65_i' into 'ap_int_base<65, true>::ap_int_base<16, false>(ap_int_base<16, false> const&)'
remark: D:/Xilinx/Vitis_HLS/2022.2/common/technology/autopilot\ap_int_base.h:214:67: Inlining function '_ZN8ssdm_intILi65ELb1EEC2EDq65_i' into 'ap_int_base<65, true>::ap_int_base(int)'
remark: D:/Xilinx/Vitis_HLS/2022.2/common/technology/autopilot\ap_int_base.h:1494:339: Inlining function 'ap_int_base<65, true>::ap_int_base<49, true>(ap_int_base<49, true> const&)' into 'ap_int_base<49, true>::RType<16, false>::mult operator*<49, true, 16, false>(ap_int_base<49, true> const&, ap_int_base<16, false> const&)'
remark: D:/Xilinx/Vitis_HLS/2022.2/common/technology/autopilot\ap_int_base.h:1494:516: Inlining function 'ap_int_base<65, true>::ap_int_base(int)' into 'ap_int_base<49, true>::RType<16, false>::mult operator*<49, true, 16, false>(ap_int_base<49, true> const&, ap_int_base<16, false> const&)'
remark: D:/Xilinx/Vitis_HLS/2022.2/common/technology/autopilot\ap_int_base.h:1494:427: Inlining function 'ap_int_base<65, true>::ap_int_base<16, false>(ap_int_base<16, false> const&)' into 'ap_int_base<49, true>::RType<16, false>::mult operator*<49, true, 16, false>(ap_int_base<49, true> const&, ap_int_base<16, false> const&)'
remark: D:/Xilinx/Vitis_HLS/2022.2/common/technology/autopilot\ap_int_base.h:185:106: Inlining function '_ZN8ssdm_intILi66ELb1EEC2EDq66_i' into 'ap_int_base<66, true>::ap_int_base<65, true>(ap_int_base<65, true> const&)'
remark: D:/Xilinx/Vitis_HLS/2022.2/common/technology/autopilot\ap_int_base.h:185:106: Inlining function '_ZN8ssdm_intILi66ELb1EEC2EDq66_i' into 'ap_int_base<66, true>::ap_int_base<32, true>(ap_int_base<32, true> const&)'
remark: D:/Xilinx/Vitis_HLS/2022.2/common/technology/autopilot\ap_int_base.h:214:67: Inlining function '_ZN8ssdm_intILi66ELb1EEC2EDq66_i' into 'ap_int_base<66, true>::ap_int_base(int)'
remark: D:/Xilinx/Vitis_HLS/2022.2/common/technology/autopilot\ap_int_base.h:1495:339: Inlining function 'ap_int_base<66, true>::ap_int_base<65, true>(ap_int_base<65, true> const&)' into 'ap_int_base<65, true>::RType<32, true>::plus operator+<65, true, 32, true>(ap_int_base<65, true> const&, ap_int_base<32, true> const&)'
remark: D:/Xilinx/Vitis_HLS/2022.2/common/technology/autopilot\ap_int_base.h:1495:516: Inlining function 'ap_int_base<66, true>::ap_int_base(int)' into 'ap_int_base<65, true>::RType<32, true>::plus operator+<65, true, 32, true>(ap_int_base<65, true> const&, ap_int_base<32, true> const&)'
remark: D:/Xilinx/Vitis_HLS/2022.2/common/technology/autopilot\ap_int_base.h:1495:427: Inlining function 'ap_int_base<66, true>::ap_int_base<32, true>(ap_int_base<32, true> const&)' into 'ap_int_base<65, true>::RType<32, true>::plus operator+<65, true, 32, true>(ap_int_base<65, true> const&, ap_int_base<32, true> const&)'
remark: D:/Xilinx/Vitis_HLS/2022.2/common/technology/autopilot\ap_int_base.h:1633:1006: Inlining function 'ap_int_base<32, true>::ap_int_base(int)' into 'ap_int_base<65, true>::RType<($_0)32, true>::plus operator+<65, true>(ap_int_base<65, true> const&, int)'
remark: D:/Xilinx/Vitis_HLS/2022.2/common/technology/autopilot\ap_int_base.h:1633:1004: Inlining function 'ap_int_base<65, true>::RType<32, true>::plus operator+<65, true, 32, true>(ap_int_base<65, true> const&, ap_int_base<32, true> const&)' into 'ap_int_base<65, true>::RType<($_0)32, true>::plus operator+<65, true>(ap_int_base<65, true> const&, int)'
remark: D:/Xilinx/Vitis_HLS/2022.2/common/technology/autopilot\ap_int_base.h:185:106: Inlining function '_ZN8ssdm_intILi56ELb1EEC2EDq56_i' into 'ap_int_base<56, true>::ap_int_base<48, true>(ap_int_base<48, true> const&)'
remark: D:/Xilinx/Vitis_HLS/2022.2/common/technology/autopilot\ap_int_base.h:185:106: Inlining function '_ZN8ssdm_intILi56ELb1EEC2EDq56_i' into 'ap_int_base<56, true>::ap_int_base<8, false>(ap_int_base<8, false> const&)'
remark: D:/Xilinx/Vitis_HLS/2022.2/common/technology/autopilot\ap_int_base.h:214:67: Inlining function '_ZN8ssdm_intILi56ELb1EEC2EDq56_i' into 'ap_int_base<56, true>::ap_int_base(int)'
remark: D:/Xilinx/Vitis_HLS/2022.2/common/technology/autopilot\ap_int_base.h:1494:339: Inlining function 'ap_int_base<56, true>::ap_int_base<48, true>(ap_int_base<48, true> const&)' into 'ap_int_base<48, true>::RType<8, false>::mult operator*<48, true, 8, false>(ap_int_base<48, true> const&, ap_int_base<8, false> const&)'
remark: D:/Xilinx/Vitis_HLS/2022.2/common/technology/autopilot\ap_int_base.h:1494:516: Inlining function 'ap_int_base<56, true>::ap_int_base(int)' into 'ap_int_base<48, true>::RType<8, false>::mult operator*<48, true, 8, false>(ap_int_base<48, true> const&, ap_int_base<8, false> const&)'
remark: D:/Xilinx/Vitis_HLS/2022.2/common/technology/autopilot\ap_int_base.h:1494:427: Inlining function 'ap_int_base<56, true>::ap_int_base<8, false>(ap_int_base<8, false> const&)' into 'ap_int_base<48, true>::RType<8, false>::mult operator*<48, true, 8, false>(ap_int_base<48, true> const&, ap_int_base<8, false> const&)'
remark: D:/Xilinx/Vitis_HLS/2022.2/common/technology/autopilot\ap_int_base.h:185:106: Inlining function 'ssdm_int<64, true>::ssdm_int(long)' into 'ap_int_base<64, true>::ap_int_base<56, true>(ap_int_base<56, true> const&)'
remark: D:/Xilinx/Vitis_HLS/2022.2/common/technology/autopilot\ap_int_base.h:185:106: Inlining function 'ssdm_int<64, true>::ssdm_int(long)' into 'ap_int_base<64, true>::ap_int_base<8, false>(ap_int_base<8, false> const&)'
remark: D:/Xilinx/Vitis_HLS/2022.2/common/technology/autopilot\ap_int_base.h:214:67: Inlining function 'ssdm_int<64, true>::ssdm_int(long)' into 'ap_int_base<64, true>::ap_int_base(int)'
remark: D:/Xilinx/Vitis_HLS/2022.2/common/technology/autopilot\ap_int_base.h:1494:339: Inlining function 'ap_int_base<64, true>::ap_int_base<56, true>(ap_int_base<56, true> const&)' into 'ap_int_base<56, true>::RType<8, false>::mult operator*<56, true, 8, false>(ap_int_base<56, true> const&, ap_int_base<8, false> const&)'
remark: D:/Xilinx/Vitis_HLS/2022.2/common/technology/autopilot\ap_int_base.h:1494:516: Inlining function 'ap_int_base<64, true>::ap_int_base(int)' into 'ap_int_base<56, true>::RType<8, false>::mult operator*<56, true, 8, false>(ap_int_base<56, true> const&, ap_int_base<8, false> const&)'
remark: D:/Xilinx/Vitis_HLS/2022.2/common/technology/autopilot\ap_int_base.h:1494:427: Inlining function 'ap_int_base<64, true>::ap_int_base<8, false>(ap_int_base<8, false> const&)' into 'ap_int_base<56, true>::RType<8, false>::mult operator*<56, true, 8, false>(ap_int_base<56, true> const&, ap_int_base<8, false> const&)'
remark: D:/Xilinx/Vitis_HLS/2022.2/common/technology/autopilot\ap_int_base.h:185:106: Inlining function '_ZN8ssdm_intILi48ELb1EEC2EDq48_i' into 'ap_int_base<48, true>::ap_int_base<40, true>(ap_int_base<40, true> const&)'
remark: D:/Xilinx/Vitis_HLS/2022.2/common/technology/autopilot\ap_int_base.h:185:106: Inlining function '_ZN8ssdm_intILi48ELb1EEC2EDq48_i' into 'ap_int_base<48, true>::ap_int_base<8, false>(ap_int_base<8, false> const&)'
remark: D:/Xilinx/Vitis_HLS/2022.2/common/technology/autopilot\ap_int_base.h:1494:339: Inlining function 'ap_int_base<48, true>::ap_int_base<40, true>(ap_int_base<40, true> const&)' into 'ap_int_base<40, true>::RType<8, false>::mult operator*<40, true, 8, false>(ap_int_base<40, true> const&, ap_int_base<8, false> const&)'
remark: D:/Xilinx/Vitis_HLS/2022.2/common/technology/autopilot\ap_int_base.h:1494:516: Inlining function 'ap_int_base<48, true>::ap_int_base(int)' into 'ap_int_base<40, true>::RType<8, false>::mult operator*<40, true, 8, false>(ap_int_base<40, true> const&, ap_int_base<8, false> const&)'
remark: D:/Xilinx/Vitis_HLS/2022.2/common/technology/autopilot\ap_int_base.h:1494:427: Inlining function 'ap_int_base<48, true>::ap_int_base<8, false>(ap_int_base<8, false> const&)' into 'ap_int_base<40, true>::RType<8, false>::mult operator*<40, true, 8, false>(ap_int_base<40, true> const&, ap_int_base<8, false> const&)'
remark: D:/Xilinx/Vitis_HLS/2022.2/common/technology/autopilot\ap_int_base.h:185:106: Inlining function '_ZN8ssdm_intILi65ELb1EEC2EDq65_i' into 'ap_int_base<65, true>::ap_int_base<64, true>(ap_int_base<64, true> const&)'
remark: D:/Xilinx/Vitis_HLS/2022.2/common/technology/autopilot\ap_int_base.h:185:106: Inlining function '_ZN8ssdm_intILi65ELb1EEC2EDq65_i' into 'ap_int_base<65, true>::ap_int_base<48, true>(ap_int_base<48, true> const&)'
remark: D:/Xilinx/Vitis_HLS/2022.2/common/technology/autopilot\ap_int_base.h:1495:339: Inlining function 'ap_int_base<65, true>::ap_int_base<64, true>(ap_int_base<64, true> const&)' into 'ap_int_base<64, true>::RType<48, true>::plus operator+<64, true, 48, true>(ap_int_base<64, true> const&, ap_int_base<48, true> const&)'
remark: D:/Xilinx/Vitis_HLS/2022.2/common/technology/autopilot\ap_int_base.h:1495:516: Inlining function 'ap_int_base<65, true>::ap_int_base(int)' into 'ap_int_base<64, true>::RType<48, true>::plus operator+<64, true, 48, true>(ap_int_base<64, true> const&, ap_int_base<48, true> const&)'
remark: D:/Xilinx/Vitis_HLS/2022.2/common/technology/autopilot\ap_int_base.h:1495:427: Inlining function 'ap_int_base<65, true>::ap_int_base<48, true>(ap_int_base<48, true> const&)' into 'ap_int_base<64, true>::RType<48, true>::plus operator+<64, true, 48, true>(ap_int_base<64, true> const&, ap_int_base<48, true> const&)'
remark: D:/Xilinx/Vitis_HLS/2022.2/common/technology/autopilot\ap_int_base.h:185:106: Inlining function '_ZN8ssdm_intILi66ELb1EEC2EDq66_i' into 'ap_int_base<66, true>::ap_int_base<40, true>(ap_int_base<40, true> const&)'
remark: D:/Xilinx/Vitis_HLS/2022.2/common/technology/autopilot\ap_int_base.h:1495:339: Inlining function 'ap_int_base<66, true>::ap_int_base<65, true>(ap_int_base<65, true> const&)' into 'ap_int_base<65, true>::RType<40, true>::plus operator+<65, true, 40, true>(ap_int_base<65, true> const&, ap_int_base<40, true> const&)'
remark: D:/Xilinx/Vitis_HLS/2022.2/common/technology/autopilot\ap_int_base.h:1495:516: Inlining function 'ap_int_base<66, true>::ap_int_base(int)' into 'ap_int_base<65, true>::RType<40, true>::plus operator+<65, true, 40, true>(ap_int_base<65, true> const&, ap_int_base<40, true> const&)'
remark: D:/Xilinx/Vitis_HLS/2022.2/common/technology/autopilot\ap_int_base.h:1495:427: Inlining function 'ap_int_base<66, true>::ap_int_base<40, true>(ap_int_base<40, true> const&)' into 'ap_int_base<65, true>::RType<40, true>::plus operator+<65, true, 40, true>(ap_int_base<65, true> const&, ap_int_base<40, true> const&)'
remark: D:/Xilinx/Vitis_HLS/2022.2/common/technology/autopilot\ap_int_base.h:185:106: Inlining function '_ZN8ssdm_intILi67ELb1EEC2EDq67_i' into 'ap_int_base<67, true>::ap_int_base<66, true>(ap_int_base<66, true> const&)'
remark: D:/Xilinx/Vitis_HLS/2022.2/common/technology/autopilot\ap_int_base.h:185:106: Inlining function '_ZN8ssdm_intILi67ELb1EEC2EDq67_i' into 'ap_int_base<67, true>::ap_int_base<32, true>(ap_int_base<32, true> const&)'
remark: D:/Xilinx/Vitis_HLS/2022.2/common/technology/autopilot\ap_int_base.h:214:67: Inlining function '_ZN8ssdm_intILi67ELb1EEC2EDq67_i' into 'ap_int_base<67, true>::ap_int_base(int)'
remark: D:/Xilinx/Vitis_HLS/2022.2/common/technology/autopilot\ap_int_base.h:1495:339: Inlining function 'ap_int_base<67, true>::ap_int_base<66, true>(ap_int_base<66, true> const&)' into 'ap_int_base<66, true>::RType<32, true>::plus operator+<66, true, 32, true>(ap_int_base<66, true> const&, ap_int_base<32, true> const&)'
remark: D:/Xilinx/Vitis_HLS/2022.2/common/technology/autopilot\ap_int_base.h:1495:516: Inlining function 'ap_int_base<67, true>::ap_int_base(int)' into 'ap_int_base<66, true>::RType<32, true>::plus operator+<66, true, 32, true>(ap_int_base<66, true> const&, ap_int_base<32, true> const&)'
remark: D:/Xilinx/Vitis_HLS/2022.2/common/technology/autopilot\ap_int_base.h:1495:427: Inlining function 'ap_int_base<67, true>::ap_int_base<32, true>(ap_int_base<32, true> const&)' into 'ap_int_base<66, true>::RType<32, true>::plus operator+<66, true, 32, true>(ap_int_base<66, true> const&, ap_int_base<32, true> const&)'
remark: D:/Xilinx/Vitis_HLS/2022.2/common/technology/autopilot\ap_int_base.h:1633:1006: Inlining function 'ap_int_base<32, true>::ap_int_base(int)' into 'ap_int_base<66, true>::RType<($_0)32, true>::plus operator+<66, true>(ap_int_base<66, true> const&, int)'
remark: D:/Xilinx/Vitis_HLS/2022.2/common/technology/autopilot\ap_int_base.h:1633:1004: Inlining function 'ap_int_base<66, true>::RType<32, true>::plus operator+<66, true, 32, true>(ap_int_base<66, true> const&, ap_int_base<32, true> const&)' into 'ap_int_base<66, true>::RType<($_0)32, true>::plus operator+<66, true>(ap_int_base<66, true> const&, int)'
remark: D:/Xilinx/Vitis_HLS/2022.2/common/technology/autopilot\ap_int_base.h:185:106: Inlining function '_ZN8ssdm_intILi49ELb1EEC2EDq49_i' into 'ap_int_base<49, true>::ap_int_base<40, true>(ap_int_base<40, true> const&)'
remark: D:/Xilinx/Vitis_HLS/2022.2/common/technology/autopilot\ap_int_base.h:1495:339: Inlining function 'ap_int_base<49, true>::ap_int_base<48, true>(ap_int_base<48, true> const&)' into 'ap_int_base<48, true>::RType<40, true>::plus operator+<48, true, 40, true>(ap_int_base<48, true> const&, ap_int_base<40, true> const&)'
remark: D:/Xilinx/Vitis_HLS/2022.2/common/technology/autopilot\ap_int_base.h:1495:516: Inlining function 'ap_int_base<49, true>::ap_int_base(int)' into 'ap_int_base<48, true>::RType<40, true>::plus operator+<48, true, 40, true>(ap_int_base<48, true> const&, ap_int_base<40, true> const&)'
remark: D:/Xilinx/Vitis_HLS/2022.2/common/technology/autopilot\ap_int_base.h:1495:427: Inlining function 'ap_int_base<49, true>::ap_int_base<40, true>(ap_int_base<40, true> const&)' into 'ap_int_base<48, true>::RType<40, true>::plus operator+<48, true, 40, true>(ap_int_base<48, true> const&, ap_int_base<40, true> const&)'
remark: D:/Xilinx/Vitis_HLS/2022.2/common/technology/autopilot\ap_int_base.h:185:106: Inlining function '_ZN8ssdm_intILi50ELb1EEC2EDq50_i' into 'ap_int_base<50, true>::ap_int_base<49, true>(ap_int_base<49, true> const&)'
remark: D:/Xilinx/Vitis_HLS/2022.2/common/technology/autopilot\ap_int_base.h:185:106: Inlining function '_ZN8ssdm_intILi50ELb1EEC2EDq50_i' into 'ap_int_base<50, true>::ap_int_base<32, true>(ap_int_base<32, true> const&)'
remark: D:/Xilinx/Vitis_HLS/2022.2/common/technology/autopilot\ap_int_base.h:214:67: Inlining function '_ZN8ssdm_intILi50ELb1EEC2EDq50_i' into 'ap_int_base<50, true>::ap_int_base(int)'
remark: D:/Xilinx/Vitis_HLS/2022.2/common/technology/autopilot\ap_int_base.h:1495:339: Inlining function 'ap_int_base<50, true>::ap_int_base<49, true>(ap_int_base<49, true> const&)' into 'ap_int_base<49, true>::RType<32, true>::plus operator+<49, true, 32, true>(ap_int_base<49, true> const&, ap_int_base<32, true> const&)'
remark: D:/Xilinx/Vitis_HLS/2022.2/common/technology/autopilot\ap_int_base.h:1495:516: Inlining function 'ap_int_base<50, true>::ap_int_base(int)' into 'ap_int_base<49, true>::RType<32, true>::plus operator+<49, true, 32, true>(ap_int_base<49, true> const&, ap_int_base<32, true> const&)'
remark: D:/Xilinx/Vitis_HLS/2022.2/common/technology/autopilot\ap_int_base.h:1495:427: Inlining function 'ap_int_base<50, true>::ap_int_base<32, true>(ap_int_base<32, true> const&)' into 'ap_int_base<49, true>::RType<32, true>::plus operator+<49, true, 32, true>(ap_int_base<49, true> const&, ap_int_base<32, true> const&)'
remark: D:/Xilinx/Vitis_HLS/2022.2/common/technology/autopilot\ap_int_base.h:1633:1006: Inlining function 'ap_int_base<32, true>::ap_int_base(int)' into 'ap_int_base<49, true>::RType<($_0)32, true>::plus operator+<49, true>(ap_int_base<49, true> const&, int)'
remark: D:/Xilinx/Vitis_HLS/2022.2/common/technology/autopilot\ap_int_base.h:1633:1004: Inlining function 'ap_int_base<49, true>::RType<32, true>::plus operator+<49, true, 32, true>(ap_int_base<49, true> const&, ap_int_base<32, true> const&)' into 'ap_int_base<49, true>::RType<($_0)32, true>::plus operator+<49, true>(ap_int_base<49, true> const&, int)'
remark: ../ip/ip6/conv_bn_relu.cpp:38:35: Inlining function 'ap_int_base<8, false>::RType<($_0)32, true>::mult operator*<8, false>(int, ap_int_base<8, false> const&)' into 'conv_bn_relu(ConvType, ap_uint<16>, ap_uint<16>, ap_uint<16>, ap_uint<16>, ap_uint<8>, ap_uint<8>, ap_uint<8>, float*, float*, float*, float*, float*, float*, float*)'
remark: ../ip/ip6/conv_bn_relu.cpp:189:38: Inlining function 'ap_int_base<66, true>::operator long long() const' into 'conv_bn_relu(ConvType, ap_uint<16>, ap_uint<16>, ap_uint<16>, ap_uint<16>, ap_uint<8>, ap_uint<8>, ap_uint<8>, float*, float*, float*, float*, float*, float*, float*)'
remark: ../ip/ip6/conv_bn_relu.cpp:189:70: Inlining function 'ap_int_base<65, true>::RType<($_0)32, true>::plus operator+<65, true>(ap_int_base<65, true> const&, int)' into 'conv_bn_relu(ConvType, ap_uint<16>, ap_uint<16>, ap_uint<16>, ap_uint<16>, ap_uint<8>, ap_uint<8>, ap_uint<8>, float*, float*, float*, float*, float*, float*, float*)'
remark: ../ip/ip6/conv_bn_relu.cpp:189:62: Inlining function 'ap_int_base<49, true>::RType<16, false>::mult operator*<49, true, 16, false>(ap_int_base<49, true> const&, ap_int_base<16, false> const&)' into 'conv_bn_relu(ConvType, ap_uint<16>, ap_uint<16>, ap_uint<16>, ap_uint<16>, ap_uint<8>, ap_uint<8>, ap_uint<8>, float*, float*, float*, float*, float*, float*, float*)'
remark: ../ip/ip6/conv_bn_relu.cpp:189:53: Inlining function 'ap_int_base<48, true>::RType<($_0)32, true>::plus operator+<48, true>(ap_int_base<48, true> const&, int)' into 'conv_bn_relu(ConvType, ap_uint<16>, ap_uint<16>, ap_uint<16>, ap_uint<16>, ap_uint<8>, ap_uint<8>, ap_uint<8>, float*, float*, float*, float*, float*, float*, float*)'
remark: ../ip/ip6/conv_bn_relu.cpp:189:45: Inlining function 'ap_int_base<16, false>::RType<($_0)32, true>::mult operator*<16, false>(int, ap_int_base<16, false> const&)' into 'conv_bn_relu(ConvType, ap_uint<16>, ap_uint<16>, ap_uint<16>, ap_uint<16>, ap_uint<8>, ap_uint<8>, ap_uint<8>, float*, float*, float*, float*, float*, float*, float*)'
remark: ../ip/ip6/conv_bn_relu.cpp:162:48: Inlining function 'ap_int_base<50, true>::operator long long() const' into 'conv_bn_relu(ConvType, ap_uint<16>, ap_uint<16>, ap_uint<16>, ap_uint<16>, ap_uint<8>, ap_uint<8>, ap_uint<8>, float*, float*, float*, float*, float*, float*, float*)'
remark: ../ip/ip6/conv_bn_relu.cpp:162:100: Inlining function 'ap_int_base<49, true>::RType<($_0)32, true>::plus operator+<49, true>(ap_int_base<49, true> const&, int)' into 'conv_bn_relu(ConvType, ap_uint<16>, ap_uint<16>, ap_uint<16>, ap_uint<16>, ap_uint<8>, ap_uint<8>, ap_uint<8>, float*, float*, float*, float*, float*, float*, float*)'
remark: ../ip/ip6/conv_bn_relu.cpp:162:81: Inlining function 'ap_int_base<48, true>::RType<40, true>::plus operator+<48, true, 40, true>(ap_int_base<48, true> const&, ap_int_base<40, true> const&)' into 'conv_bn_relu(ConvType, ap_uint<16>, ap_uint<16>, ap_uint<16>, ap_uint<16>, ap_uint<8>, ap_uint<8>, ap_uint<8>, float*, float*, float*, float*, float*, float*, float*)'
remark: ../ip/ip6/conv_bn_relu.cpp:162:86: Inlining function 'ap_int_base<8, false>::RType<($_0)32, true>::mult operator*<8, false>(int, ap_int_base<8, false> const&)' into 'conv_bn_relu(ConvType, ap_uint<16>, ap_uint<16>, ap_uint<16>, ap_uint<16>, ap_uint<8>, ap_uint<8>, ap_uint<8>, float*, float*, float*, float*, float*, float*, float*)'
remark: ../ip/ip6/conv_bn_relu.cpp:162:67: Inlining function 'ap_int_base<40, true>::RType<8, false>::mult operator*<40, true, 8, false>(ap_int_base<40, true> const&, ap_int_base<8, false> const&)' into 'conv_bn_relu(ConvType, ap_uint<16>, ap_uint<16>, ap_uint<16>, ap_uint<16>, ap_uint<8>, ap_uint<8>, ap_uint<8>, float*, float*, float*, float*, float*, float*, float*)'
remark: ../ip/ip6/conv_bn_relu.cpp:162:53: Inlining function 'ap_int_base<8, false>::RType<($_0)32, true>::mult operator*<8, false>(int, ap_int_base<8, false> const&)' into 'conv_bn_relu(ConvType, ap_uint<16>, ap_uint<16>, ap_uint<16>, ap_uint<16>, ap_uint<8>, ap_uint<8>, ap_uint<8>, float*, float*, float*, float*, float*, float*, float*)'
remark: ../ip/ip6/conv_bn_relu.cpp:160:49: Inlining function 'ap_int_base<66, true>::operator long long() const' into 'conv_bn_relu(ConvType, ap_uint<16>, ap_uint<16>, ap_uint<16>, ap_uint<16>, ap_uint<8>, ap_uint<8>, ap_uint<8>, float*, float*, float*, float*, float*, float*, float*)'
remark: ../ip/ip6/conv_bn_relu.cpp:160:77: Inlining function 'ap_int_base<65, true>::RType<($_0)32, true>::plus operator+<65, true>(ap_int_base<65, true> const&, int)' into 'conv_bn_relu(ConvType, ap_uint<16>, ap_uint<16>, ap_uint<16>, ap_uint<16>, ap_uint<8>, ap_uint<8>, ap_uint<8>, float*, float*, float*, float*, float*, float*, float*)'
remark: ../ip/ip6/conv_bn_relu.cpp:160:70: Inlining function 'ap_int_base<49, true>::RType<16, false>::mult operator*<49, true, 16, false>(ap_int_base<49, true> const&, ap_int_base<16, false> const&)' into 'conv_bn_relu(ConvType, ap_uint<16>, ap_uint<16>, ap_uint<16>, ap_uint<16>, ap_uint<8>, ap_uint<8>, ap_uint<8>, float*, float*, float*, float*, float*, float*, float*)'
remark: ../ip/ip6/conv_bn_relu.cpp:160:62: Inlining function 'ap_int_base<48, true>::RType<($_0)32, true>::plus operator+<48, true>(ap_int_base<48, true> const&, int)' into 'conv_bn_relu(ConvType, ap_uint<16>, ap_uint<16>, ap_uint<16>, ap_uint<16>, ap_uint<8>, ap_uint<8>, ap_uint<8>, float*, float*, float*, float*, float*, float*, float*)'
remark: ../ip/ip6/conv_bn_relu.cpp:160:55: Inlining function 'ap_int_base<16, false>::RType<($_0)32, true>::mult operator*<16, false>(int, ap_int_base<16, false> const&)' into 'conv_bn_relu(ConvType, ap_uint<16>, ap_uint<16>, ap_uint<16>, ap_uint<16>, ap_uint<8>, ap_uint<8>, ap_uint<8>, float*, float*, float*, float*, float*, float*, float*)'
remark: ../ip/ip6/conv_bn_relu.cpp:158:79: Inlining function 'bool operator<<16, false>(int, ap_int_base<16, false> const&)' into 'conv_bn_relu(ConvType, ap_uint<16>, ap_uint<16>, ap_uint<16>, ap_uint<16>, ap_uint<8>, ap_uint<8>, ap_uint<8>, float*, float*, float*, float*, float*, float*, float*)'
remark: ../ip/ip6/conv_bn_relu.cpp:158:51: Inlining function 'bool operator<<16, false>(int, ap_int_base<16, false> const&)' into 'conv_bn_relu(ConvType, ap_uint<16>, ap_uint<16>, ap_uint<16>, ap_uint<16>, ap_uint<8>, ap_uint<8>, ap_uint<8>, float*, float*, float*, float*, float*, float*, float*)'
remark: ../ip/ip6/conv_bn_relu.cpp:155:40: Inlining function 'ap_int_base<42, true>::operator long long() const' into 'conv_bn_relu(ConvType, ap_uint<16>, ap_uint<16>, ap_uint<16>, ap_uint<16>, ap_uint<8>, ap_uint<8>, ap_uint<8>, float*, float*, float*, float*, float*, float*, float*)'
remark: ../ip/ip6/conv_bn_relu.cpp:155:60: Inlining function 'ap_int_base<41, true>::RType<8, false>::minus operator-<41, true, 8, false>(ap_int_base<41, true> const&, ap_int_base<8, false> const&)' into 'conv_bn_relu(ConvType, ap_uint<16>, ap_uint<16>, ap_uint<16>, ap_uint<16>, ap_uint<8>, ap_uint<8>, ap_uint<8>, float*, float*, float*, float*, float*, float*, float*)'
remark: ../ip/ip6/conv_bn_relu.cpp:155:55: Inlining function 'ap_int_base<40, true>::RType<($_0)32, true>::plus operator+<40, true>(ap_int_base<40, true> const&, int)' into 'conv_bn_relu(ConvType, ap_uint<16>, ap_uint<16>, ap_uint<16>, ap_uint<16>, ap_uint<8>, ap_uint<8>, ap_uint<8>, float*, float*, float*, float*, float*, float*, float*)'
remark: ../ip/ip6/conv_bn_relu.cpp:155:46: Inlining function 'ap_int_base<8, false>::RType<($_0)32, true>::mult operator*<8, false>(int, ap_int_base<8, false> const&)' into 'conv_bn_relu(ConvType, ap_uint<16>, ap_uint<16>, ap_uint<16>, ap_uint<16>, ap_uint<8>, ap_uint<8>, ap_uint<8>, float*, float*, float*, float*, float*, float*, float*)'
remark: ../ip/ip6/conv_bn_relu.cpp:154:40: Inlining function 'ap_int_base<42, true>::operator long long() const' into 'conv_bn_relu(ConvType, ap_uint<16>, ap_uint<16>, ap_uint<16>, ap_uint<16>, ap_uint<8>, ap_uint<8>, ap_uint<8>, float*, float*, float*, float*, float*, float*, float*)'
remark: ../ip/ip6/conv_bn_relu.cpp:154:60: Inlining function 'ap_int_base<41, true>::RType<8, false>::minus operator-<41, true, 8, false>(ap_int_base<41, true> const&, ap_int_base<8, false> const&)' into 'conv_bn_relu(ConvType, ap_uint<16>, ap_uint<16>, ap_uint<16>, ap_uint<16>, ap_uint<8>, ap_uint<8>, ap_uint<8>, float*, float*, float*, float*, float*, float*, float*)'
remark: ../ip/ip6/conv_bn_relu.cpp:154:55: Inlining function 'ap_int_base<40, true>::RType<($_0)32, true>::plus operator+<40, true>(ap_int_base<40, true> const&, int)' into 'conv_bn_relu(ConvType, ap_uint<16>, ap_uint<16>, ap_uint<16>, ap_uint<16>, ap_uint<8>, ap_uint<8>, ap_uint<8>, float*, float*, float*, float*, float*, float*, float*)'
remark: ../ip/ip6/conv_bn_relu.cpp:154:46: Inlining function 'ap_int_base<8, false>::RType<($_0)32, true>::mult operator*<8, false>(int, ap_int_base<8, false> const&)' into 'conv_bn_relu(ConvType, ap_uint<16>, ap_uint<16>, ap_uint<16>, ap_uint<16>, ap_uint<8>, ap_uint<8>, ap_uint<8>, float*, float*, float*, float*, float*, float*, float*)'
remark: ../ip/ip6/conv_bn_relu.cpp:152:41: Inlining function 'bool operator<<8, false>(int, ap_int_base<8, false> const&)' into 'conv_bn_relu(ConvType, ap_uint<16>, ap_uint<16>, ap_uint<16>, ap_uint<16>, ap_uint<8>, ap_uint<8>, ap_uint<8>, float*, float*, float*, float*, float*, float*, float*)'
remark: ../ip/ip6/conv_bn_relu.cpp:150:60: Inlining function 'bool operator<<8, false>(int, ap_int_base<8, false> const&)' into 'conv_bn_relu(ConvType, ap_uint<16>, ap_uint<16>, ap_uint<16>, ap_uint<16>, ap_uint<8>, ap_uint<8>, ap_uint<8>, float*, float*, float*, float*, float*, float*, float*)'
remark: ../ip/ip6/conv_bn_relu.cpp:141:61: Inlining function 'bool operator<<16, false>(int, ap_int_base<16, false> const&)' into 'conv_bn_relu(ConvType, ap_uint<16>, ap_uint<16>, ap_uint<16>, ap_uint<16>, ap_uint<8>, ap_uint<8>, ap_uint<8>, float*, float*, float*, float*, float*, float*, float*)'
remark: ../ip/ip6/conv_bn_relu.cpp:139:57: Inlining function 'bool operator<<16, false>(int, ap_int_base<16, false> const&)' into 'conv_bn_relu(ConvType, ap_uint<16>, ap_uint<16>, ap_uint<16>, ap_uint<16>, ap_uint<8>, ap_uint<8>, ap_uint<8>, float*, float*, float*, float*, float*, float*, float*)'
remark: ../ip/ip6/conv_bn_relu.cpp:137:53: Inlining function 'bool operator<<16, false>(int, ap_int_base<16, false> const&)' into 'conv_bn_relu(ConvType, ap_uint<16>, ap_uint<16>, ap_uint<16>, ap_uint<16>, ap_uint<8>, ap_uint<8>, ap_uint<8>, float*, float*, float*, float*, float*, float*, float*)'
remark: ../ip/ip6/conv_bn_relu.cpp:129:38: Inlining function 'ap_int_base<66, true>::operator long long() const' into 'conv_bn_relu(ConvType, ap_uint<16>, ap_uint<16>, ap_uint<16>, ap_uint<16>, ap_uint<8>, ap_uint<8>, ap_uint<8>, float*, float*, float*, float*, float*, float*, float*)'
remark: ../ip/ip6/conv_bn_relu.cpp:129:70: Inlining function 'ap_int_base<65, true>::RType<($_0)32, true>::plus operator+<65, true>(ap_int_base<65, true> const&, int)' into 'conv_bn_relu(ConvType, ap_uint<16>, ap_uint<16>, ap_uint<16>, ap_uint<16>, ap_uint<8>, ap_uint<8>, ap_uint<8>, float*, float*, float*, float*, float*, float*, float*)'
remark: ../ip/ip6/conv_bn_relu.cpp:129:62: Inlining function 'ap_int_base<49, true>::RType<16, false>::mult operator*<49, true, 16, false>(ap_int_base<49, true> const&, ap_int_base<16, false> const&)' into 'conv_bn_relu(ConvType, ap_uint<16>, ap_uint<16>, ap_uint<16>, ap_uint<16>, ap_uint<8>, ap_uint<8>, ap_uint<8>, float*, float*, float*, float*, float*, float*, float*)'
remark: ../ip/ip6/conv_bn_relu.cpp:129:53: Inlining function 'ap_int_base<48, true>::RType<($_0)32, true>::plus operator+<48, true>(ap_int_base<48, true> const&, int)' into 'conv_bn_relu(ConvType, ap_uint<16>, ap_uint<16>, ap_uint<16>, ap_uint<16>, ap_uint<8>, ap_uint<8>, ap_uint<8>, float*, float*, float*, float*, float*, float*, float*)'
remark: ../ip/ip6/conv_bn_relu.cpp:129:45: Inlining function 'ap_int_base<16, false>::RType<($_0)32, true>::mult operator*<16, false>(int, ap_int_base<16, false> const&)' into 'conv_bn_relu(ConvType, ap_uint<16>, ap_uint<16>, ap_uint<16>, ap_uint<16>, ap_uint<8>, ap_uint<8>, ap_uint<8>, float*, float*, float*, float*, float*, float*, float*)'
remark: ../ip/ip6/conv_bn_relu.cpp:97:52: Inlining function 'ap_int_base<67, true>::operator long long() const' into 'conv_bn_relu(ConvType, ap_uint<16>, ap_uint<16>, ap_uint<16>, ap_uint<16>, ap_uint<8>, ap_uint<8>, ap_uint<8>, float*, float*, float*, float*, float*, float*, float*)'
remark: ../ip/ip6/conv_bn_relu.cpp:99:68: Inlining function 'ap_int_base<66, true>::RType<($_0)32, true>::plus operator+<66, true>(ap_int_base<66, true> const&, int)' into 'conv_bn_relu(ConvType, ap_uint<16>, ap_uint<16>, ap_uint<16>, ap_uint<16>, ap_uint<8>, ap_uint<8>, ap_uint<8>, float*, float*, float*, float*, float*, float*, float*)'
remark: ../ip/ip6/conv_bn_relu.cpp:98:84: Inlining function 'ap_int_base<65, true>::RType<40, true>::plus operator+<65, true, 40, true>(ap_int_base<65, true> const&, ap_int_base<40, true> const&)' into 'conv_bn_relu(ConvType, ap_uint<16>, ap_uint<16>, ap_uint<16>, ap_uint<16>, ap_uint<8>, ap_uint<8>, ap_uint<8>, float*, float*, float*, float*, float*, float*, float*)'
remark: ../ip/ip6/conv_bn_relu.cpp:99:54: Inlining function 'ap_int_base<8, false>::RType<($_0)32, true>::mult operator*<8, false>(int, ap_int_base<8, false> const&)' into 'conv_bn_relu(ConvType, ap_uint<16>, ap_uint<16>, ap_uint<16>, ap_uint<16>, ap_uint<8>, ap_uint<8>, ap_uint<8>, float*, float*, float*, float*, float*, float*, float*)'
remark: ../ip/ip6/conv_bn_relu.cpp:97:93: Inlining function 'ap_int_base<64, true>::RType<48, true>::plus operator+<64, true, 48, true>(ap_int_base<64, true> const&, ap_int_base<48, true> const&)' into 'conv_bn_relu(ConvType, ap_uint<16>, ap_uint<16>, ap_uint<16>, ap_uint<16>, ap_uint<8>, ap_uint<8>, ap_uint<8>, float*, float*, float*, float*, float*, float*, float*)'
remark: ../ip/ip6/conv_bn_relu.cpp:98:70: Inlining function 'ap_int_base<40, true>::RType<8, false>::mult operator*<40, true, 8, false>(ap_int_base<40, true> const&, ap_int_base<8, false> const&)' into 'conv_bn_relu(ConvType, ap_uint<16>, ap_uint<16>, ap_uint<16>, ap_uint<16>, ap_uint<8>, ap_uint<8>, ap_uint<8>, float*, float*, float*, float*, float*, float*, float*)'
remark: ../ip/ip6/conv_bn_relu.cpp:98:56: Inlining function 'ap_int_base<8, false>::RType<($_0)32, true>::mult operator*<8, false>(int, ap_int_base<8, false> const&)' into 'conv_bn_relu(ConvType, ap_uint<16>, ap_uint<16>, ap_uint<16>, ap_uint<16>, ap_uint<8>, ap_uint<8>, ap_uint<8>, float*, float*, float*, float*, float*, float*, float*)'
remark: ../ip/ip6/conv_bn_relu.cpp:97:79: Inlining function 'ap_int_base<56, true>::RType<8, false>::mult operator*<56, true, 8, false>(ap_int_base<56, true> const&, ap_int_base<8, false> const&)' into 'conv_bn_relu(ConvType, ap_uint<16>, ap_uint<16>, ap_uint<16>, ap_uint<16>, ap_uint<8>, ap_uint<8>, ap_uint<8>, float*, float*, float*, float*, float*, float*, float*)'
remark: ../ip/ip6/conv_bn_relu.cpp:97:65: Inlining function 'ap_int_base<48, true>::RType<8, false>::mult operator*<48, true, 8, false>(ap_int_base<48, true> const&, ap_int_base<8, false> const&)' into 'conv_bn_relu(ConvType, ap_uint<16>, ap_uint<16>, ap_uint<16>, ap_uint<16>, ap_uint<8>, ap_uint<8>, ap_uint<8>, float*, float*, float*, float*, float*, float*, float*)'
remark: ../ip/ip6/conv_bn_relu.cpp:97:58: Inlining function 'ap_int_base<16, false>::RType<($_0)32, true>::mult operator*<16, false>(int, ap_int_base<16, false> const&)' into 'conv_bn_relu(ConvType, ap_uint<16>, ap_uint<16>, ap_uint<16>, ap_uint<16>, ap_uint<8>, ap_uint<8>, ap_uint<8>, float*, float*, float*, float*, float*, float*, float*)'
remark: ../ip/ip6/conv_bn_relu.cpp:95:53: Inlining function 'ap_int_base<66, true>::operator long long() const' into 'conv_bn_relu(ConvType, ap_uint<16>, ap_uint<16>, ap_uint<16>, ap_uint<16>, ap_uint<8>, ap_uint<8>, ap_uint<8>, float*, float*, float*, float*, float*, float*, float*)'
remark: ../ip/ip6/conv_bn_relu.cpp:95:81: Inlining function 'ap_int_base<65, true>::RType<($_0)32, true>::plus operator+<65, true>(ap_int_base<65, true> const&, int)' into 'conv_bn_relu(ConvType, ap_uint<16>, ap_uint<16>, ap_uint<16>, ap_uint<16>, ap_uint<8>, ap_uint<8>, ap_uint<8>, float*, float*, float*, float*, float*, float*, float*)'
remark: ../ip/ip6/conv_bn_relu.cpp:95:74: Inlining function 'ap_int_base<49, true>::RType<16, false>::mult operator*<49, true, 16, false>(ap_int_base<49, true> const&, ap_int_base<16, false> const&)' into 'conv_bn_relu(ConvType, ap_uint<16>, ap_uint<16>, ap_uint<16>, ap_uint<16>, ap_uint<8>, ap_uint<8>, ap_uint<8>, float*, float*, float*, float*, float*, float*, float*)'
remark: ../ip/ip6/conv_bn_relu.cpp:95:66: Inlining function 'ap_int_base<48, true>::RType<($_0)32, true>::plus operator+<48, true>(ap_int_base<48, true> const&, int)' into 'conv_bn_relu(ConvType, ap_uint<16>, ap_uint<16>, ap_uint<16>, ap_uint<16>, ap_uint<8>, ap_uint<8>, ap_uint<8>, float*, float*, float*, float*, float*, float*, float*)'
remark: ../ip/ip6/conv_bn_relu.cpp:95:59: Inlining function 'ap_int_base<16, false>::RType<($_0)32, true>::mult operator*<16, false>(int, ap_int_base<16, false> const&)' into 'conv_bn_relu(ConvType, ap_uint<16>, ap_uint<16>, ap_uint<16>, ap_uint<16>, ap_uint<8>, ap_uint<8>, ap_uint<8>, float*, float*, float*, float*, float*, float*, float*)'
remark: ../ip/ip6/conv_bn_relu.cpp:93:83: Inlining function 'bool operator<<16, false>(int, ap_int_base<16, false> const&)' into 'conv_bn_relu(ConvType, ap_uint<16>, ap_uint<16>, ap_uint<16>, ap_uint<16>, ap_uint<8>, ap_uint<8>, ap_uint<8>, float*, float*, float*, float*, float*, float*, float*)'
remark: ../ip/ip6/conv_bn_relu.cpp:93:55: Inlining function 'bool operator<<16, false>(int, ap_int_base<16, false> const&)' into 'conv_bn_relu(ConvType, ap_uint<16>, ap_uint<16>, ap_uint<16>, ap_uint<16>, ap_uint<8>, ap_uint<8>, ap_uint<8>, float*, float*, float*, float*, float*, float*, float*)'
remark: ../ip/ip6/conv_bn_relu.cpp:90:44: Inlining function 'ap_int_base<42, true>::operator long long() const' into 'conv_bn_relu(ConvType, ap_uint<16>, ap_uint<16>, ap_uint<16>, ap_uint<16>, ap_uint<8>, ap_uint<8>, ap_uint<8>, float*, float*, float*, float*, float*, float*, float*)'
remark: ../ip/ip6/conv_bn_relu.cpp:90:64: Inlining function 'ap_int_base<41, true>::RType<8, false>::minus operator-<41, true, 8, false>(ap_int_base<41, true> const&, ap_int_base<8, false> const&)' into 'conv_bn_relu(ConvType, ap_uint<16>, ap_uint<16>, ap_uint<16>, ap_uint<16>, ap_uint<8>, ap_uint<8>, ap_uint<8>, float*, float*, float*, float*, float*, float*, float*)'
remark: ../ip/ip6/conv_bn_relu.cpp:90:59: Inlining function 'ap_int_base<40, true>::RType<($_0)32, true>::plus operator+<40, true>(ap_int_base<40, true> const&, int)' into 'conv_bn_relu(ConvType, ap_uint<16>, ap_uint<16>, ap_uint<16>, ap_uint<16>, ap_uint<8>, ap_uint<8>, ap_uint<8>, float*, float*, float*, float*, float*, float*, float*)'
remark: ../ip/ip6/conv_bn_relu.cpp:90:50: Inlining function 'ap_int_base<8, false>::RType<($_0)32, true>::mult operator*<8, false>(int, ap_int_base<8, false> const&)' into 'conv_bn_relu(ConvType, ap_uint<16>, ap_uint<16>, ap_uint<16>, ap_uint<16>, ap_uint<8>, ap_uint<8>, ap_uint<8>, float*, float*, float*, float*, float*, float*, float*)'
remark: ../ip/ip6/conv_bn_relu.cpp:89:44: Inlining function 'ap_int_base<42, true>::operator long long() const' into 'conv_bn_relu(ConvType, ap_uint<16>, ap_uint<16>, ap_uint<16>, ap_uint<16>, ap_uint<8>, ap_uint<8>, ap_uint<8>, float*, float*, float*, float*, float*, float*, float*)'
remark: ../ip/ip6/conv_bn_relu.cpp:89:64: Inlining function 'ap_int_base<41, true>::RType<8, false>::minus operator-<41, true, 8, false>(ap_int_base<41, true> const&, ap_int_base<8, false> const&)' into 'conv_bn_relu(ConvType, ap_uint<16>, ap_uint<16>, ap_uint<16>, ap_uint<16>, ap_uint<8>, ap_uint<8>, ap_uint<8>, float*, float*, float*, float*, float*, float*, float*)'
remark: ../ip/ip6/conv_bn_relu.cpp:89:59: Inlining function 'ap_int_base<40, true>::RType<($_0)32, true>::plus operator+<40, true>(ap_int_base<40, true> const&, int)' into 'conv_bn_relu(ConvType, ap_uint<16>, ap_uint<16>, ap_uint<16>, ap_uint<16>, ap_uint<8>, ap_uint<8>, ap_uint<8>, float*, float*, float*, float*, float*, float*, float*)'
remark: ../ip/ip6/conv_bn_relu.cpp:89:50: Inlining function 'ap_int_base<8, false>::RType<($_0)32, true>::mult operator*<8, false>(int, ap_int_base<8, false> const&)' into 'conv_bn_relu(ConvType, ap_uint<16>, ap_uint<16>, ap_uint<16>, ap_uint<16>, ap_uint<8>, ap_uint<8>, ap_uint<8>, float*, float*, float*, float*, float*, float*, float*)'
remark: ../ip/ip6/conv_bn_relu.cpp:87:39: Inlining function 'bool operator<<8, false>(int, ap_int_base<8, false> const&)' into 'conv_bn_relu(ConvType, ap_uint<16>, ap_uint<16>, ap_uint<16>, ap_uint<16>, ap_uint<8>, ap_uint<8>, ap_uint<8>, float*, float*, float*, float*, float*, float*, float*)'
remark: ../ip/ip6/conv_bn_relu.cpp:85:39: Inlining function 'bool operator<<8, false>(int, ap_int_base<8, false> const&)' into 'conv_bn_relu(ConvType, ap_uint<16>, ap_uint<16>, ap_uint<16>, ap_uint<16>, ap_uint<8>, ap_uint<8>, ap_uint<8>, float*, float*, float*, float*, float*, float*, float*)'
remark: ../ip/ip6/conv_bn_relu.cpp:83:62: Inlining function 'bool operator<<16, false>(int, ap_int_base<16, false> const&)' into 'conv_bn_relu(ConvType, ap_uint<16>, ap_uint<16>, ap_uint<16>, ap_uint<16>, ap_uint<8>, ap_uint<8>, ap_uint<8>, float*, float*, float*, float*, float*, float*, float*)'
remark: ../ip/ip6/conv_bn_relu.cpp:76:60: Inlining function 'bool operator<<16, false>(int, ap_int_base<16, false> const&)' into 'conv_bn_relu(ConvType, ap_uint<16>, ap_uint<16>, ap_uint<16>, ap_uint<16>, ap_uint<8>, ap_uint<8>, ap_uint<8>, float*, float*, float*, float*, float*, float*, float*)'
remark: ../ip/ip6/conv_bn_relu.cpp:74:56: Inlining function 'bool operator<<16, false>(int, ap_int_base<16, false> const&)' into 'conv_bn_relu(ConvType, ap_uint<16>, ap_uint<16>, ap_uint<16>, ap_uint<16>, ap_uint<8>, ap_uint<8>, ap_uint<8>, float*, float*, float*, float*, float*, float*, float*)'
remark: ../ip/ip6/conv_bn_relu.cpp:72:52: Inlining function 'bool operator<<16, false>(int, ap_int_base<16, false> const&)' into 'conv_bn_relu(ConvType, ap_uint<16>, ap_uint<16>, ap_uint<16>, ap_uint<16>, ap_uint<8>, ap_uint<8>, ap_uint<8>, float*, float*, float*, float*, float*, float*, float*)'
remark: ../ip/ip6/conv_bn_relu.cpp:39:69: Inlining function 'ap_int_base<42, true>::RType<($_0)32, true>::plus operator+<42, true>(ap_int_base<42, true> const&, int)' into 'conv_bn_relu(ConvType, ap_uint<16>, ap_uint<16>, ap_uint<16>, ap_uint<16>, ap_uint<8>, ap_uint<8>, ap_uint<8>, float*, float*, float*, float*, float*, float*, float*)'
remark: ../ip/ip6/conv_bn_relu.cpp:39:60: Inlining function 'ap_int_base<42, true>::RType<8, false>::div operator/<42, true, 8, false>(ap_int_base<42, true> const&, ap_int_base<8, false> const&)' into 'conv_bn_relu(ConvType, ap_uint<16>, ap_uint<16>, ap_uint<16>, ap_uint<16>, ap_uint<8>, ap_uint<8>, ap_uint<8>, float*, float*, float*, float*, float*, float*, float*)'
remark: ../ip/ip6/conv_bn_relu.cpp:39:45: Inlining function 'ap_int_base<41, true>::RType<8, false>::minus operator-<41, true, 8, false>(ap_int_base<41, true> const&, ap_int_base<8, false> const&)' into 'conv_bn_relu(ConvType, ap_uint<16>, ap_uint<16>, ap_uint<16>, ap_uint<16>, ap_uint<8>, ap_uint<8>, ap_uint<8>, float*, float*, float*, float*, float*, float*, float*)'
remark: ../ip/ip6/conv_bn_relu.cpp:39:31: Inlining function 'ap_int_base<16, false>::RType<40, true>::plus operator+<16, false, 40, true>(ap_int_base<16, false> const&, ap_int_base<40, true> const&)' into 'conv_bn_relu(ConvType, ap_uint<16>, ap_uint<16>, ap_uint<16>, ap_uint<16>, ap_uint<8>, ap_uint<8>, ap_uint<8>, float*, float*, float*, float*, float*, float*, float*)'
remark: ../ip/ip6/conv_bn_relu.cpp:39:35: Inlining function 'ap_int_base<8, false>::RType<($_0)32, true>::mult operator*<8, false>(int, ap_int_base<8, false> const&)' into 'conv_bn_relu(ConvType, ap_uint<16>, ap_uint<16>, ap_uint<16>, ap_uint<16>, ap_uint<8>, ap_uint<8>, ap_uint<8>, float*, float*, float*, float*, float*, float*, float*)'
remark: ../ip/ip6/conv_bn_relu.cpp:38:69: Inlining function 'ap_int_base<42, true>::RType<($_0)32, true>::plus operator+<42, true>(ap_int_base<42, true> const&, int)' into 'conv_bn_relu(ConvType, ap_uint<16>, ap_uint<16>, ap_uint<16>, ap_uint<16>, ap_uint<8>, ap_uint<8>, ap_uint<8>, float*, float*, float*, float*, float*, float*, float*)'
remark: ../ip/ip6/conv_bn_relu.cpp:38:60: Inlining function 'ap_int_base<42, true>::RType<8, false>::div operator/<42, true, 8, false>(ap_int_base<42, true> const&, ap_int_base<8, false> const&)' into 'conv_bn_relu(ConvType, ap_uint<16>, ap_uint<16>, ap_uint<16>, ap_uint<16>, ap_uint<8>, ap_uint<8>, ap_uint<8>, float*, float*, float*, float*, float*, float*, float*)'
remark: ../ip/ip6/conv_bn_relu.cpp:38:45: Inlining function 'ap_int_base<41, true>::RType<8, false>::minus operator-<41, true, 8, false>(ap_int_base<41, true> const&, ap_int_base<8, false> const&)' into 'conv_bn_relu(ConvType, ap_uint<16>, ap_uint<16>, ap_uint<16>, ap_uint<16>, ap_uint<8>, ap_uint<8>, ap_uint<8>, float*, float*, float*, float*, float*, float*, float*)'
remark: ../ip/ip6/conv_bn_relu.cpp:38:31: Inlining function 'ap_int_base<16, false>::RType<40, true>::plus operator+<16, false, 40, true>(ap_int_base<16, false> const&, ap_int_base<40, true> const&)' into 'conv_bn_relu(ConvType, ap_uint<16>, ap_uint<16>, ap_uint<16>, ap_uint<16>, ap_uint<8>, ap_uint<8>, ap_uint<8>, float*, float*, float*, float*, float*, float*, float*)'
remark: ../ip/ip6/conv_bn_relu.cpp:83:38: Loop 'VITIS_LOOP_83_4' is marked as complete unroll implied by the pipeline pragma
remark: ../ip/ip6/conv_bn_relu.cpp:85:19: Loop 'VITIS_LOOP_85_5' is marked as complete unroll implied by the pipeline pragma
remark: ../ip/ip6/conv_bn_relu.cpp:87:19: Loop 'VITIS_LOOP_87_6' is marked as complete unroll implied by the pipeline pragma
remark: ../ip/ip6/conv_bn_relu.cpp:150:40: Loop 'VITIS_LOOP_150_10' is marked as complete unroll implied by the pipeline pragma
remark: ../ip/ip6/conv_bn_relu.cpp:152:21: Loop 'VITIS_LOOP_152_11' is marked as complete unroll implied by the pipeline pragma
remark: ../ip/ip6/conv_bn_relu.cpp:76:34: Sequential read of variable length has been inferred _XLX_SEP_ OldID=for.end76.load.3,  _XLX_SEP_ bn_meanseq bn_mean gmem0 VITIS_LOOP_76_3 ../ip/ip6/conv_bn_relu.cpp:76:34 conv_bn_relu(ConvType, ap_uint<16>, ap_uint<16>, ap_uint<16>, ap_uint<16>, ap_uint<8>, ap_uint<8>, ap_uint<8>, float*, float*, float*, float*, float*, float*, float*) 
remark: ../ip/ip6/conv_bn_relu.cpp:76:34: Sequential read of variable length has been inferred _XLX_SEP_ OldID=for.end76.load.7,  _XLX_SEP_ bn_varseq bn_var gmem0 VITIS_LOOP_76_3 ../ip/ip6/conv_bn_relu.cpp:76:34 conv_bn_relu(ConvType, ap_uint<16>, ap_uint<16>, ap_uint<16>, ap_uint<16>, ap_uint<8>, ap_uint<8>, ap_uint<8>, float*, float*, float*, float*, float*, float*, float*) 
remark: ../ip/ip6/conv_bn_relu.cpp:76:34: Sequential read of variable length has been inferred _XLX_SEP_ OldID=for.end76.load.11,  _XLX_SEP_ bn_gammaseq bn_gamma gmem0 VITIS_LOOP_76_3 ../ip/ip6/conv_bn_relu.cpp:76:34 conv_bn_relu(ConvType, ap_uint<16>, ap_uint<16>, ap_uint<16>, ap_uint<16>, ap_uint<8>, ap_uint<8>, ap_uint<8>, float*, float*, float*, float*, float*, float*, float*) 
remark: ../ip/ip6/conv_bn_relu.cpp:76:34: Sequential read of variable length has been inferred _XLX_SEP_ OldID=for.end76.load.15,  _XLX_SEP_ bn_betaseq bn_beta gmem0 VITIS_LOOP_76_3 ../ip/ip6/conv_bn_relu.cpp:76:34 conv_bn_relu(ConvType, ap_uint<16>, ap_uint<16>, ap_uint<16>, ap_uint<16>, ap_uint<8>, ap_uint<8>, ap_uint<8>, float*, float*, float*, float*, float*, float*, float*) 
remark: ../ip/ip6/conv_bn_relu.cpp:74:30: Sequential write of variable length has been inferred _XLX_SEP_ OldID=for.end76.store.56,  _XLX_SEP_ scevgepseq feature_out gmem0 VITIS_LOOP_74_2 ../ip/ip6/conv_bn_relu.cpp:74:30 conv_bn_relu(ConvType, ap_uint<16>, ap_uint<16>, ap_uint<16>, ap_uint<16>, ap_uint<8>, ap_uint<8>, ap_uint<8>, float*, float*, float*, float*, float*, float*, float*) 
remark: ../ip/ip6/conv_bn_relu.cpp:141:35: Sequential read of variable length has been inferred _XLX_SEP_ OldID=for.inc214.load.3,  _XLX_SEP_ bn_meanseq2990 bn_mean gmem0 VITIS_LOOP_141_9 ../ip/ip6/conv_bn_relu.cpp:141:35 conv_bn_relu(ConvType, ap_uint<16>, ap_uint<16>, ap_uint<16>, ap_uint<16>, ap_uint<8>, ap_uint<8>, ap_uint<8>, float*, float*, float*, float*, float*, float*, float*) 
remark: ../ip/ip6/conv_bn_relu.cpp:141:35: Sequential read of variable length has been inferred _XLX_SEP_ OldID=for.inc214.load.7,  _XLX_SEP_ bn_varseq2991 bn_var gmem0 VITIS_LOOP_141_9 ../ip/ip6/conv_bn_relu.cpp:141:35 conv_bn_relu(ConvType, ap_uint<16>, ap_uint<16>, ap_uint<16>, ap_uint<16>, ap_uint<8>, ap_uint<8>, ap_uint<8>, float*, float*, float*, float*, float*, float*, float*) 
remark: ../ip/ip6/conv_bn_relu.cpp:141:35: Sequential read of variable length has been inferred _XLX_SEP_ OldID=for.inc214.load.11,  _XLX_SEP_ bn_gammaseq2992 bn_gamma gmem0 VITIS_LOOP_141_9 ../ip/ip6/conv_bn_relu.cpp:141:35 conv_bn_relu(ConvType, ap_uint<16>, ap_uint<16>, ap_uint<16>, ap_uint<16>, ap_uint<8>, ap_uint<8>, ap_uint<8>, float*, float*, float*, float*, float*, float*, float*) 
remark: ../ip/ip6/conv_bn_relu.cpp:141:35: Sequential read of variable length has been inferred _XLX_SEP_ OldID=for.inc214.load.15,  _XLX_SEP_ bn_betaseq2993 bn_beta gmem0 VITIS_LOOP_141_9 ../ip/ip6/conv_bn_relu.cpp:141:35 conv_bn_relu(ConvType, ap_uint<16>, ap_uint<16>, ap_uint<16>, ap_uint<16>, ap_uint<8>, ap_uint<8>, ap_uint<8>, float*, float*, float*, float*, float*, float*, float*) 
remark: ../ip/ip6/conv_bn_relu.cpp:139:31: Sequential write of variable length has been inferred _XLX_SEP_ OldID=for.inc214.store.51,  _XLX_SEP_ scevgep2994seq feature_out gmem0 VITIS_LOOP_139_8 ../ip/ip6/conv_bn_relu.cpp:139:31 conv_bn_relu(ConvType, ap_uint<16>, ap_uint<16>, ap_uint<16>, ap_uint<16>, ap_uint<8>, ap_uint<8>, ap_uint<8>, float*, float*, float*, float*, float*, float*, float*) 
remark: ../ip/ip6/conv_bn_relu.cpp:102:55: Access load is in the conditional branch _XLX_SEP_ if.then51.load.45 feature_in gmem0 VITIS_LOOP_87_6 ../ip/ip6/conv_bn_relu.cpp:87:19 conv_bn_relu(ConvType, ap_uint<16>, ap_uint<16>, ap_uint<16>, ap_uint<16>, ap_uint<8>, ap_uint<8>, ap_uint<8>, float*, float*, float*, float*, float*, float*, float*) 
remark: ../ip/ip6/conv_bn_relu.cpp:102:90: Access load is in the conditional branch _XLX_SEP_ if.then51.load.48 conv_kernel gmem0 VITIS_LOOP_87_6 ../ip/ip6/conv_bn_relu.cpp:87:19 conv_bn_relu(ConvType, ap_uint<16>, ap_uint<16>, ap_uint<16>, ap_uint<16>, ap_uint<8>, ap_uint<8>, ap_uint<8>, float*, float*, float*, float*, float*, float*, float*) 
remark: ../ip/ip6/conv_bn_relu.cpp:76:34: Could not analyze pattern _XLX_SEP_ bn_meanseq bn_mean gmem0 VITIS_LOOP_74_2 ../ip/ip6/conv_bn_relu.cpp:74:30 conv_bn_relu(ConvType, ap_uint<16>, ap_uint<16>, ap_uint<16>, ap_uint<16>, ap_uint<8>, ap_uint<8>, ap_uint<8>, float*, float*, float*, float*, float*, float*, float*) 
remark: ../ip/ip6/conv_bn_relu.cpp:76:34: Could not analyze pattern _XLX_SEP_ bn_varseq bn_var gmem0 VITIS_LOOP_74_2 ../ip/ip6/conv_bn_relu.cpp:74:30 conv_bn_relu(ConvType, ap_uint<16>, ap_uint<16>, ap_uint<16>, ap_uint<16>, ap_uint<8>, ap_uint<8>, ap_uint<8>, float*, float*, float*, float*, float*, float*, float*) 
remark: ../ip/ip6/conv_bn_relu.cpp:76:34: Could not analyze pattern _XLX_SEP_ bn_gammaseq bn_gamma gmem0 VITIS_LOOP_74_2 ../ip/ip6/conv_bn_relu.cpp:74:30 conv_bn_relu(ConvType, ap_uint<16>, ap_uint<16>, ap_uint<16>, ap_uint<16>, ap_uint<8>, ap_uint<8>, ap_uint<8>, float*, float*, float*, float*, float*, float*, float*) 
remark: ../ip/ip6/conv_bn_relu.cpp:76:34: Could not analyze pattern _XLX_SEP_ bn_betaseq bn_beta gmem0 VITIS_LOOP_74_2 ../ip/ip6/conv_bn_relu.cpp:74:30 conv_bn_relu(ConvType, ap_uint<16>, ap_uint<16>, ap_uint<16>, ap_uint<16>, ap_uint<8>, ap_uint<8>, ap_uint<8>, float*, float*, float*, float*, float*, float*, float*) 
remark: ../ip/ip6/conv_bn_relu.cpp:74:30: Stride is incompatible _XLX_SEP_ scevgepseq feature_out gmem0 VITIS_LOOP_72_1 ../ip/ip6/conv_bn_relu.cpp:72:26 conv_bn_relu(ConvType, ap_uint<16>, ap_uint<16>, ap_uint<16>, ap_uint<16>, ap_uint<8>, ap_uint<8>, ap_uint<8>, float*, float*, float*, float*, float*, float*, float*) 
remark: ../ip/ip6/conv_bn_relu.cpp:165:51: Access load is in the conditional branch _XLX_SEP_ if.then158.load.45 feature_in gmem0 VITIS_LOOP_152_11 ../ip/ip6/conv_bn_relu.cpp:152:21 conv_bn_relu(ConvType, ap_uint<16>, ap_uint<16>, ap_uint<16>, ap_uint<16>, ap_uint<8>, ap_uint<8>, ap_uint<8>, float*, float*, float*, float*, float*, float*, float*) 
remark: ../ip/ip6/conv_bn_relu.cpp:165:86: Access load is in the conditional branch _XLX_SEP_ if.then158.load.48 conv_kernel gmem0 VITIS_LOOP_152_11 ../ip/ip6/conv_bn_relu.cpp:152:21 conv_bn_relu(ConvType, ap_uint<16>, ap_uint<16>, ap_uint<16>, ap_uint<16>, ap_uint<8>, ap_uint<8>, ap_uint<8>, float*, float*, float*, float*, float*, float*, float*) 
remark: ../ip/ip6/conv_bn_relu.cpp:141:35: Could not analyze pattern _XLX_SEP_ bn_meanseq2990 bn_mean gmem0 VITIS_LOOP_139_8 ../ip/ip6/conv_bn_relu.cpp:139:31 conv_bn_relu(ConvType, ap_uint<16>, ap_uint<16>, ap_uint<16>, ap_uint<16>, ap_uint<8>, ap_uint<8>, ap_uint<8>, float*, float*, float*, float*, float*, float*, float*) 
remark: ../ip/ip6/conv_bn_relu.cpp:141:35: Could not analyze pattern _XLX_SEP_ bn_varseq2991 bn_var gmem0 VITIS_LOOP_139_8 ../ip/ip6/conv_bn_relu.cpp:139:31 conv_bn_relu(ConvType, ap_uint<16>, ap_uint<16>, ap_uint<16>, ap_uint<16>, ap_uint<8>, ap_uint<8>, ap_uint<8>, float*, float*, float*, float*, float*, float*, float*) 
remark: ../ip/ip6/conv_bn_relu.cpp:141:35: Could not analyze pattern _XLX_SEP_ bn_gammaseq2992 bn_gamma gmem0 VITIS_LOOP_139_8 ../ip/ip6/conv_bn_relu.cpp:139:31 conv_bn_relu(ConvType, ap_uint<16>, ap_uint<16>, ap_uint<16>, ap_uint<16>, ap_uint<8>, ap_uint<8>, ap_uint<8>, float*, float*, float*, float*, float*, float*, float*) 
remark: ../ip/ip6/conv_bn_relu.cpp:141:35: Could not analyze pattern _XLX_SEP_ bn_betaseq2993 bn_beta gmem0 VITIS_LOOP_139_8 ../ip/ip6/conv_bn_relu.cpp:139:31 conv_bn_relu(ConvType, ap_uint<16>, ap_uint<16>, ap_uint<16>, ap_uint<16>, ap_uint<8>, ap_uint<8>, ap_uint<8>, float*, float*, float*, float*, float*, float*, float*) 
remark: ../ip/ip6/conv_bn_relu.cpp:139:31: Stride is incompatible _XLX_SEP_ scevgep2994seq feature_out gmem0 VITIS_LOOP_137_7 ../ip/ip6/conv_bn_relu.cpp:137:27 conv_bn_relu(ConvType, ap_uint<16>, ap_uint<16>, ap_uint<16>, ap_uint<16>, ap_uint<8>, ap_uint<8>, ap_uint<8>, float*, float*, float*, float*, float*, float*, float*) 
remark: ../ip/ip6/conv_bn_relu.cpp:76:34: Could not widen since type float size is greater than or equal to the max_widen_bitwidth threshold of 0 _XLX_SEP_ bn_meanseq bn_mean gmem0 VITIS_LOOP_76_3 ../ip/ip6/conv_bn_relu.cpp:76:34 conv_bn_relu(ConvType, ap_uint<16>, ap_uint<16>, ap_uint<16>, ap_uint<16>, ap_uint<8>, ap_uint<8>, ap_uint<8>, float*, float*, float*, float*, float*, float*, float*) 
remark: ../ip/ip6/conv_bn_relu.cpp:76:34: Could not widen since type float size is greater than or equal to the max_widen_bitwidth threshold of 0 _XLX_SEP_ bn_varseq bn_var gmem0 VITIS_LOOP_76_3 ../ip/ip6/conv_bn_relu.cpp:76:34 conv_bn_relu(ConvType, ap_uint<16>, ap_uint<16>, ap_uint<16>, ap_uint<16>, ap_uint<8>, ap_uint<8>, ap_uint<8>, float*, float*, float*, float*, float*, float*, float*) 
remark: ../ip/ip6/conv_bn_relu.cpp:76:34: Could not widen since type float size is greater than or equal to the max_widen_bitwidth threshold of 0 _XLX_SEP_ bn_gammaseq bn_gamma gmem0 VITIS_LOOP_76_3 ../ip/ip6/conv_bn_relu.cpp:76:34 conv_bn_relu(ConvType, ap_uint<16>, ap_uint<16>, ap_uint<16>, ap_uint<16>, ap_uint<8>, ap_uint<8>, ap_uint<8>, float*, float*, float*, float*, float*, float*, float*) 
remark: ../ip/ip6/conv_bn_relu.cpp:76:34: Could not widen since type float size is greater than or equal to the max_widen_bitwidth threshold of 0 _XLX_SEP_ bn_betaseq bn_beta gmem0 VITIS_LOOP_76_3 ../ip/ip6/conv_bn_relu.cpp:76:34 conv_bn_relu(ConvType, ap_uint<16>, ap_uint<16>, ap_uint<16>, ap_uint<16>, ap_uint<8>, ap_uint<8>, ap_uint<8>, float*, float*, float*, float*, float*, float*, float*) 
remark: ../ip/ip6/conv_bn_relu.cpp:74:30: Could not widen since type float size is greater than or equal to the max_widen_bitwidth threshold of 0 _XLX_SEP_ scevgepseq feature_out gmem0 VITIS_LOOP_76_3 ../ip/ip6/conv_bn_relu.cpp:76:34 conv_bn_relu(ConvType, ap_uint<16>, ap_uint<16>, ap_uint<16>, ap_uint<16>, ap_uint<8>, ap_uint<8>, ap_uint<8>, float*, float*, float*, float*, float*, float*, float*) 
remark: ../ip/ip6/conv_bn_relu.cpp:141:35: Could not widen since type float size is greater than or equal to the max_widen_bitwidth threshold of 0 _XLX_SEP_ bn_meanseq2990 bn_mean gmem0 VITIS_LOOP_141_9 ../ip/ip6/conv_bn_relu.cpp:141:35 conv_bn_relu(ConvType, ap_uint<16>, ap_uint<16>, ap_uint<16>, ap_uint<16>, ap_uint<8>, ap_uint<8>, ap_uint<8>, float*, float*, float*, float*, float*, float*, float*) 
remark: ../ip/ip6/conv_bn_relu.cpp:141:35: Could not widen since type float size is greater than or equal to the max_widen_bitwidth threshold of 0 _XLX_SEP_ bn_varseq2991 bn_var gmem0 VITIS_LOOP_141_9 ../ip/ip6/conv_bn_relu.cpp:141:35 conv_bn_relu(ConvType, ap_uint<16>, ap_uint<16>, ap_uint<16>, ap_uint<16>, ap_uint<8>, ap_uint<8>, ap_uint<8>, float*, float*, float*, float*, float*, float*, float*) 
remark: ../ip/ip6/conv_bn_relu.cpp:141:35: Could not widen since type float size is greater than or equal to the max_widen_bitwidth threshold of 0 _XLX_SEP_ bn_gammaseq2992 bn_gamma gmem0 VITIS_LOOP_141_9 ../ip/ip6/conv_bn_relu.cpp:141:35 conv_bn_relu(ConvType, ap_uint<16>, ap_uint<16>, ap_uint<16>, ap_uint<16>, ap_uint<8>, ap_uint<8>, ap_uint<8>, float*, float*, float*, float*, float*, float*, float*) 
remark: ../ip/ip6/conv_bn_relu.cpp:141:35: Could not widen since type float size is greater than or equal to the max_widen_bitwidth threshold of 0 _XLX_SEP_ bn_betaseq2993 bn_beta gmem0 VITIS_LOOP_141_9 ../ip/ip6/conv_bn_relu.cpp:141:35 conv_bn_relu(ConvType, ap_uint<16>, ap_uint<16>, ap_uint<16>, ap_uint<16>, ap_uint<8>, ap_uint<8>, ap_uint<8>, float*, float*, float*, float*, float*, float*, float*) 
remark: ../ip/ip6/conv_bn_relu.cpp:139:31: Could not widen since type float size is greater than or equal to the max_widen_bitwidth threshold of 0 _XLX_SEP_ scevgep2994seq feature_out gmem0 VITIS_LOOP_141_9 ../ip/ip6/conv_bn_relu.cpp:141:35 conv_bn_relu(ConvType, ap_uint<16>, ap_uint<16>, ap_uint<16>, ap_uint<16>, ap_uint<8>, ap_uint<8>, ap_uint<8>, float*, float*, float*, float*, float*, float*, float*) 
remark: ../ip/ip6/conv_bn_relu.cpp:83:38: Loop 'VITIS_LOOP_83_4' is marked as complete unroll implied by the pipeline pragma
remark: ../ip/ip6/conv_bn_relu.cpp:85:19: Loop 'VITIS_LOOP_85_5' is marked as complete unroll implied by the pipeline pragma
remark: ../ip/ip6/conv_bn_relu.cpp:87:19: Loop 'VITIS_LOOP_87_6' is marked as complete unroll implied by the pipeline pragma
remark: ../ip/ip6/conv_bn_relu.cpp:150:40: Loop 'VITIS_LOOP_150_10' is marked as complete unroll implied by the pipeline pragma
remark: ../ip/ip6/conv_bn_relu.cpp:152:21: Loop 'VITIS_LOOP_152_11' is marked as complete unroll implied by the pipeline pragma
warning: ../ip/ip6/conv_bn_relu.cpp:20:17: Replacing invalid offset value '20' with '48' for s_axilite port 'C_in'.
warning: ../ip/ip6/conv_bn_relu.cpp:20:17: Replacing invalid offset value '28' with '56' for s_axilite port 'W_in'.
warning: ../ip/ip6/conv_bn_relu.cpp:20:17: Replacing invalid offset value '36' with '64' for s_axilite port 'kernel_size'.
warning: ../ip/ip6/conv_bn_relu.cpp:20:17: Replacing invalid offset value '44' with '72' for s_axilite port 'padding'.
remark: ../ip/ip6/conv_bn_relu.cpp:141:35: Could not burst due to multiple potential reads to the same bundle in the same region. _XLX_SEP_ seq1  gmem0 conv_bn_relu(ConvType, ap_uint<16>, ap_uint<16>, ap_uint<16>, ap_uint<16>, ap_uint<8>, ap_uint<8>, ap_uint<8>, float*, float*, float*, float*, float*, float*, float*) 
remark: ../ip/ip6/conv_bn_relu.cpp:141:35: Could not burst due to multiple potential reads to the same bundle in the same region. _XLX_SEP_ seq2  gmem0 conv_bn_relu(ConvType, ap_uint<16>, ap_uint<16>, ap_uint<16>, ap_uint<16>, ap_uint<8>, ap_uint<8>, ap_uint<8>, float*, float*, float*, float*, float*, float*, float*) 
remark: ../ip/ip6/conv_bn_relu.cpp:141:35: Could not burst due to multiple potential reads to the same bundle in the same region. _XLX_SEP_ seq3  gmem0 conv_bn_relu(ConvType, ap_uint<16>, ap_uint<16>, ap_uint<16>, ap_uint<16>, ap_uint<8>, ap_uint<8>, ap_uint<8>, float*, float*, float*, float*, float*, float*, float*) 
remark: ../ip/ip6/conv_bn_relu.cpp:141:35: Could not burst due to multiple potential reads to the same bundle in the same region. _XLX_SEP_ seq4  gmem0 conv_bn_relu(ConvType, ap_uint<16>, ap_uint<16>, ap_uint<16>, ap_uint<16>, ap_uint<8>, ap_uint<8>, ap_uint<8>, float*, float*, float*, float*, float*, float*, float*) 
remark: ../ip/ip6/conv_bn_relu.cpp:76:34: Could not burst due to multiple potential reads to the same bundle in the same region. _XLX_SEP_ seq6  gmem0 conv_bn_relu(ConvType, ap_uint<16>, ap_uint<16>, ap_uint<16>, ap_uint<16>, ap_uint<8>, ap_uint<8>, ap_uint<8>, float*, float*, float*, float*, float*, float*, float*) 
remark: ../ip/ip6/conv_bn_relu.cpp:76:34: Could not burst due to multiple potential reads to the same bundle in the same region. _XLX_SEP_ seq7  gmem0 conv_bn_relu(ConvType, ap_uint<16>, ap_uint<16>, ap_uint<16>, ap_uint<16>, ap_uint<8>, ap_uint<8>, ap_uint<8>, float*, float*, float*, float*, float*, float*, float*) 
remark: ../ip/ip6/conv_bn_relu.cpp:76:34: Could not burst due to multiple potential reads to the same bundle in the same region. _XLX_SEP_ seq8  gmem0 conv_bn_relu(ConvType, ap_uint<16>, ap_uint<16>, ap_uint<16>, ap_uint<16>, ap_uint<8>, ap_uint<8>, ap_uint<8>, float*, float*, float*, float*, float*, float*, float*) 
remark: ../ip/ip6/conv_bn_relu.cpp:76:34: Could not burst due to multiple potential reads to the same bundle in the same region. _XLX_SEP_ seq9  gmem0 conv_bn_relu(ConvType, ap_uint<16>, ap_uint<16>, ap_uint<16>, ap_uint<16>, ap_uint<8>, ap_uint<8>, ap_uint<8>, float*, float*, float*, float*, float*, float*, float*) 
remark: ../ip/ip6/conv_bn_relu.cpp:74:30: Multiple burst writes of variable length and bit width 32 has been inferred. These burst requests might be further partitioned into multiple requests during RTL generation, based on max_read_burst_length or max_write_burst_length settings. _XLX_SEP_ seq5  gmem0 VITIS_LOOP_76_3 ../ip/ip6/conv_bn_relu.cpp:76:34 conv_bn_relu(ConvType, ap_uint<16>, ap_uint<16>, ap_uint<16>, ap_uint<16>, ap_uint<8>, ap_uint<8>, ap_uint<8>, float*, float*, float*, float*, float*, float*, float*) 
remark: ../ip/ip6/conv_bn_relu.cpp:74:30: Multiple burst writes of variable length and bit width 32 in loop 'VITIS_LOOP_76_3'(../ip/ip6/conv_bn_relu.cpp:76:34) has been inferred on bundle 'gmem0'. These burst requests might be further partitioned into multiple requests during RTL generation, based on max_read_burst_length or max_write_burst_length settings.
remark: ../ip/ip6/conv_bn_relu.cpp:139:31: Multiple burst writes of variable length and bit width 32 has been inferred. These burst requests might be further partitioned into multiple requests during RTL generation, based on max_read_burst_length or max_write_burst_length settings. _XLX_SEP_ seq  gmem0 VITIS_LOOP_141_9 ../ip/ip6/conv_bn_relu.cpp:141:35 conv_bn_relu(ConvType, ap_uint<16>, ap_uint<16>, ap_uint<16>, ap_uint<16>, ap_uint<8>, ap_uint<8>, ap_uint<8>, float*, float*, float*, float*, float*, float*, float*) 
remark: ../ip/ip6/conv_bn_relu.cpp:139:31: Multiple burst writes of variable length and bit width 32 in loop 'VITIS_LOOP_141_9'(../ip/ip6/conv_bn_relu.cpp:141:35) has been inferred on bundle 'gmem0'. These burst requests might be further partitioned into multiple requests during RTL generation, based on max_read_burst_length or max_write_burst_length settings.
remark: ../ip/ip6/conv_bn_relu.cpp:83:38: Loop 'VITIS_LOOP_83_4' is marked as complete unroll implied by the pipeline pragma
remark: ../ip/ip6/conv_bn_relu.cpp:85:19: Loop 'VITIS_LOOP_85_5' is marked as complete unroll implied by the pipeline pragma
remark: ../ip/ip6/conv_bn_relu.cpp:87:19: Loop 'VITIS_LOOP_87_6' is marked as complete unroll implied by the pipeline pragma
remark: ../ip/ip6/conv_bn_relu.cpp:150:40: Loop 'VITIS_LOOP_150_10' is marked as complete unroll implied by the pipeline pragma
remark: ../ip/ip6/conv_bn_relu.cpp:152:21: Loop 'VITIS_LOOP_152_11' is marked as complete unroll implied by the pipeline pragma
