

================================================================
== Vitis HLS Report for 'conv_bn_relu'
================================================================
* Date:           Tue Nov  4 15:09:09 2025

* Version:        2022.2 (Build 3670227 on Oct 13 2022)
* Project:        ip7
* Solution:       solution1 (Vivado IP Flow Target)
* Product family: zynq
* Target device:  xc7z020-clg400-2


================================================================
== Performance Estimates
================================================================
+ Timing: 
    * Summary: 
    +--------+----------+----------+------------+
    |  Clock |  Target  | Estimated| Uncertainty|
    +--------+----------+----------+------------+
    |ap_clk  |  10.00 ns|  7.300 ns|     2.70 ns|
    +--------+----------+----------+------------+

+ Latency: 
    * Summary: 
    +---------+---------+----------+----------+-----+-----+---------+
    |  Latency (cycles) |  Latency (absolute) |  Interval | Pipeline|
    |   min   |   max   |    min   |    max   | min | max |   Type  |
    +---------+---------+----------+----------+-----+-----+---------+
    |        ?|        ?|         ?|         ?|    ?|    ?|       no|
    +---------+---------+----------+----------+-----+-----+---------+

    + Detail: 
        * Instance: 
        N/A

        * Loop: 
        +--------------------------------------+---------+-------------+------------------+-----------+-----------+-----------+----------+
        |                                      |    Latency (cycles)   |     Iteration    |  Initiation Interval  |    Trip   |          |
        |               Loop Name              |   min   |     max     |      Latency     |  achieved |   target  |   Count   | Pipelined|
        +--------------------------------------+---------+-------------+------------------+-----------+-----------+-----------+----------+
        |- VITIS_LOOP_72_1                     |        ?|            ?|                 ?|          -|          -|          ?|        no|
        | + VITIS_LOOP_74_2_VITIS_LOOP_76_3    |        ?|            ?|  51 ~ 98096261406|          -|          -|          ?|        no|
        |  ++ VITIS_LOOP_83_4                  |        0|  98096261355|       3 ~ 1496853|          -|          -|  0 ~ 65535|        no|
        |   +++ VITIS_LOOP_85_5                |        0|      1496850|          5 ~ 5870|          -|          -|    0 ~ 255|        no|
        |    ++++ VITIS_LOOP_87_6              |        0|         5865|            2 ~ 23|          -|          -|    0 ~ 255|        no|
        |- VITIS_LOOP_137_7                    |        ?|            ?|                 ?|          -|          -|          ?|        no|
        | + VITIS_LOOP_139_8_VITIS_LOOP_141_9  |        ?|            ?|      49 ~ 1496899|          -|          -|          ?|        no|
        |  ++ VITIS_LOOP_150_10                |        0|      1496850|          5 ~ 5870|          -|          -|    0 ~ 255|        no|
        |   +++ VITIS_LOOP_152_11              |        0|         5865|            2 ~ 23|          -|          -|    0 ~ 255|        no|
        +--------------------------------------+---------+-------------+------------------+-----------+-----------+-----------+----------+



================================================================
== Utilization Estimates
================================================================
* Summary: 
+-----------------+---------+-----+--------+-------+-----+
|       Name      | BRAM_18K| DSP |   FF   |  LUT  | URAM|
+-----------------+---------+-----+--------+-------+-----+
|DSP              |        -|    9|       -|      -|    -|
|Expression       |        -|    -|       0|   2000|    -|
|FIFO             |        -|    -|       -|      -|    -|
|Instance         |        0|   15|    2204|   3565|    -|
|Memory           |        -|    -|       -|      -|    -|
|Multiplexer      |        -|    -|       -|   1489|    -|
|Register         |        -|    -|    4603|      -|    -|
+-----------------+---------+-----+--------+-------+-----+
|Total            |        0|   24|    6807|   7054|    0|
+-----------------+---------+-----+--------+-------+-----+
|Available        |      280|  220|  106400|  53200|    0|
+-----------------+---------+-----+--------+-------+-----+
|Utilization (%)  |        0|   10|       6|     13|    0|
+-----------------+---------+-----+--------+-------+-----+

+ Detail: 
    * Instance: 
    +---------------------------------------+------------------------------------+---------+----+-----+------+-----+
    |                Instance               |               Module               | BRAM_18K| DSP|  FF |  LUT | URAM|
    +---------------------------------------+------------------------------------+---------+----+-----+------+-----+
    |control_s_axi_U                        |control_s_axi                       |        0|   0|  694|  1176|    0|
    |faddfsub_32ns_32ns_32_5_full_dsp_1_U1  |faddfsub_32ns_32ns_32_5_full_dsp_1  |        0|   2|  205|   391|    0|
    |fcmp_32ns_32ns_1_2_no_dsp_1_U4         |fcmp_32ns_32ns_1_2_no_dsp_1         |        0|   0|    0|     0|    0|
    |fdiv_32ns_32ns_32_12_no_dsp_1_U3       |fdiv_32ns_32ns_32_12_no_dsp_1       |        0|   0|    0|     0|    0|
    |fmul_32ns_32ns_32_4_max_dsp_1_U2       |fmul_32ns_32ns_32_4_max_dsp_1       |        0|   3|  143|   322|    0|
    |fsqrt_32ns_32ns_32_12_no_dsp_1_U5      |fsqrt_32ns_32ns_32_12_no_dsp_1      |        0|   0|    0|     0|    0|
    |gmem0_m_axi_U                          |gmem0_m_axi                         |        0|   0|  710|  1276|    0|
    |mul_16ns_32s_32_1_1_U8                 |mul_16ns_32s_32_1_1                 |        0|   2|    0|    21|    0|
    |mul_16ns_32s_32_1_1_U9                 |mul_16ns_32s_32_1_1                 |        0|   2|    0|    21|    0|
    |mul_32s_16ns_32_1_1_U12                |mul_32s_16ns_32_1_1                 |        0|   2|    0|    21|    0|
    |mul_32s_16ns_32_1_1_U13                |mul_32s_16ns_32_1_1                 |        0|   2|    0|    21|    0|
    |mul_32s_8ns_32_1_1_U10                 |mul_32s_8ns_32_1_1                  |        0|   1|    0|    21|    0|
    |mul_32s_8ns_32_1_1_U11                 |mul_32s_8ns_32_1_1                  |        0|   1|    0|    21|    0|
    |sdiv_18ns_9ns_16_22_seq_1_U6           |sdiv_18ns_9ns_16_22_seq_1           |        0|   0|  226|   137|    0|
    |sdiv_18ns_9ns_16_22_seq_1_U7           |sdiv_18ns_9ns_16_22_seq_1           |        0|   0|  226|   137|    0|
    +---------------------------------------+------------------------------------+---------+----+-----+------+-----+
    |Total                                  |                                    |        0|  15| 2204|  3565|    0|
    +---------------------------------------+------------------------------------+---------+----+-----+------+-----+

    * DSP: 
    +-------------------------------------+---------------------------------+----------------+
    |               Instance              |              Module             |   Expression   |
    +-------------------------------------+---------------------------------+----------------+
    |am_addmul_8ns_24ns_8ns_32_4_1_U22    |am_addmul_8ns_24ns_8ns_32_4_1    |  (i0 + i1) * i2|
    |mac_mul_sub_16ns_8ns_8ns_25_4_1_U16  |mac_mul_sub_16ns_8ns_8ns_25_4_1  |    i0 * i1 - i2|
    |mac_mul_sub_16ns_8ns_8ns_25_4_1_U19  |mac_mul_sub_16ns_8ns_8ns_25_4_1  |    i0 * i1 - i2|
    |mul_mul_16ns_16ns_32_4_1_U14         |mul_mul_16ns_16ns_32_4_1         |         i0 * i1|
    |mul_mul_16ns_16ns_32_4_1_U15         |mul_mul_16ns_16ns_32_4_1         |         i0 * i1|
    |mul_mul_16ns_16ns_32_4_1_U17         |mul_mul_16ns_16ns_32_4_1         |         i0 * i1|
    |mul_mul_16ns_8ns_24_4_1_U20          |mul_mul_16ns_8ns_24_4_1          |         i0 * i1|
    |mul_mul_25s_16ns_32_4_1_U18          |mul_mul_25s_16ns_32_4_1          |         i0 * i1|
    |mul_mul_25s_16ns_32_4_1_U21          |mul_mul_25s_16ns_32_4_1          |         i0 * i1|
    +-------------------------------------+---------------------------------+----------------+

    * Memory: 
    N/A

    * FIFO: 
    N/A

    * Expression: 
    +---------------------------+----------+----+---+----+------------+------------+
    |       Variable Name       | Operation| DSP| FF| LUT| Bitwidth P0| Bitwidth P1|
    +---------------------------+----------+----+---+----+------------+------------+
    |H_out_V_fu_880_p2          |         +|   0|  0|  16|          16|           1|
    |W_out_V_fu_890_p2          |         +|   0|  0|  16|          16|           1|
    |add_ln1027_1_fu_978_p2     |         +|   0|  0|  24|          24|          24|
    |add_ln1027_fu_992_p2       |         +|   0|  0|  24|          24|          24|
    |add_ln102_1_fu_1314_p2     |         +|   0|  0|  64|          64|          64|
    |add_ln102_fu_1359_p2       |         +|   0|  0|  64|          64|          64|
    |add_ln110_fu_1129_p2       |         +|   0|  0|  63|          63|          63|
    |add_ln111_fu_1143_p2       |         +|   0|  0|  63|          63|          63|
    |add_ln112_fu_1157_p2       |         +|   0|  0|  63|          63|          63|
    |add_ln113_fu_1171_p2       |         +|   0|  0|  63|          63|          63|
    |add_ln139_1_fu_1581_p2     |         +|   0|  0|  16|          16|           1|
    |add_ln139_fu_1562_p2       |         +|   0|  0|  32|          32|           1|
    |add_ln141_fu_1715_p2       |         +|   0|  0|  16|          16|           1|
    |add_ln1496_1_fu_854_p2     |         +|   0|  0|  17|          17|          17|
    |add_ln1496_fu_820_p2       |         +|   0|  0|  17|          17|          17|
    |add_ln165_1_fu_1790_p2     |         +|   0|  0|  64|          64|          64|
    |add_ln165_fu_1835_p2       |         +|   0|  0|  64|          64|          64|
    |add_ln172_fu_1659_p2       |         +|   0|  0|  63|          63|          63|
    |add_ln173_fu_1673_p2       |         +|   0|  0|  63|          63|          63|
    |add_ln174_fu_1687_p2       |         +|   0|  0|  63|          63|          63|
    |add_ln175_fu_1701_p2       |         +|   0|  0|  63|          63|          63|
    |add_ln541_fu_1768_p2       |         +|   0|  0|  32|          32|          32|
    |add_ln74_1_fu_1075_p2      |         +|   0|  0|  16|          16|           1|
    |add_ln74_fu_1056_p2        |         +|   0|  0|  32|          32|           1|
    |add_ln76_fu_1185_p2        |         +|   0|  0|  16|          16|           1|
    |add_ln95_fu_1292_p2        |         +|   0|  0|  32|          32|          32|
    |c_in_fu_1118_p2            |         +|   0|  0|  16|          16|           1|
    |empty_42_fu_1017_p2        |         +|   0|  0|  64|          64|          64|
    |empty_51_fu_1523_p2        |         +|   0|  0|  64|          64|          64|
    |grp_fu_759_p2              |         +|   0|  0|  16|          16|           1|
    |h_in_1_fu_1213_p2          |         +|   0|  0|  25|          25|          25|
    |h_in_fu_1637_p2            |         +|   0|  0|  25|          25|          25|
    |in_offset_1_fu_1343_p2     |         +|   0|  0|  32|          32|          32|
    |in_offset_fu_1819_p2       |         +|   0|  0|  32|          32|          32|
    |kh_2_fu_1631_p2            |         +|   0|  0|   8|           8|           1|
    |kh_3_fu_1207_p2            |         +|   0|  0|   8|           8|           1|
    |kw_2_fu_1738_p2            |         +|   0|  0|   8|           8|           1|
    |kw_3_fu_1262_p2            |         +|   0|  0|   8|           8|           1|
    |tmp32_fu_1235_p2           |         +|   0|  0|  32|          32|          32|
    |tmp33_fu_1124_p2           |         +|   0|  0|  32|          32|          32|
    |w_in_1_fu_1744_p2          |         +|   0|  0|  25|          25|          25|
    |w_in_fu_1268_p2            |         +|   0|  0|  25|          25|          25|
    |w_offset_1_fu_1297_p2      |         +|   0|  0|  32|          32|          32|
    |w_offset_fu_1773_p2        |         +|   0|  0|  32|          32|          32|
    |add_i_i410_fu_1552_p2      |         -|   0|  0|  25|          25|          25|
    |add_i_i994_fu_1046_p2      |         -|   0|  0|  25|          25|          25|
    |grp_fu_844_p0              |         -|   0|  0|  18|          18|          18|
    |grp_fu_870_p0              |         -|   0|  0|  18|          18|          18|
    |and_ln126_fu_1444_p2       |       and|   0|  0|   1|           1|           1|
    |and_ln158_1_fu_1758_p2     |       and|   0|  0|   1|           1|           1|
    |and_ln158_fu_1763_p2       |       and|   0|  0|   1|           1|           1|
    |and_ln93_1_fu_1282_p2      |       and|   0|  0|   1|           1|           1|
    |and_ln93_fu_1287_p2        |       and|   0|  0|   1|           1|           1|
    |grp_fu_702_p2              |      icmp|   0|  0|   7|          16|           1|
    |grp_fu_707_p2              |      icmp|   0|  0|   7|          16|           1|
    |grp_fu_754_p2              |      icmp|   0|  0|   7|          16|          16|
    |icmp_ln1027_2_fu_1568_p2   |      icmp|   0|  0|   7|          16|          16|
    |icmp_ln1027_3_fu_1062_p2   |      icmp|   0|  0|   7|          16|          16|
    |icmp_ln1027_4_fu_1113_p2   |      icmp|   0|  0|   7|          16|          16|
    |icmp_ln1027_5_fu_1626_p2   |      icmp|   0|  0|   4|           8|           8|
    |icmp_ln1027_6_fu_1202_p2   |      icmp|   0|  0|   4|           8|           8|
    |icmp_ln1027_7_fu_1733_p2   |      icmp|   0|  0|   4|           8|           8|
    |icmp_ln1027_8_fu_1257_p2   |      icmp|   0|  0|   4|           8|           8|
    |icmp_ln126_1_fu_1432_p2    |      icmp|   0|  0|   8|          23|           1|
    |icmp_ln126_fu_1426_p2      |      icmp|   0|  0|   4|           8|           2|
    |icmp_ln139_fu_1557_p2      |      icmp|   0|  0|  12|          32|          32|
    |icmp_ln158_fu_1753_p2      |      icmp|   0|  0|   9|          25|          25|
    |icmp_ln74_fu_1051_p2       |      icmp|   0|  0|  12|          32|          32|
    |icmp_ln93_fu_1277_p2       |      icmp|   0|  0|   9|          25|          25|
    |notrhs11_fu_1230_p2        |      icmp|   0|  0|   9|          25|          25|
    |notrhs_fu_1654_p2          |      icmp|   0|  0|   9|          25|          25|
    |or_ln126_fu_1438_p2        |        or|   0|  0|   1|           1|           1|
    |empty_40_fu_952_p3         |    select|   0|  0|  32|           1|          32|
    |empty_49_fu_1486_p3        |    select|   0|  0|  32|           1|          32|
    |select_ln130_fu_1450_p3    |    select|   0|  0|  32|           1|           1|
    |select_ln139_1_fu_1573_p3  |    select|   0|  0|  16|           1|           1|
    |select_ln139_2_fu_1587_p3  |    select|   0|  0|  16|           1|          16|
    |select_ln139_fu_1479_p3    |    select|   0|  0|  32|           1|          32|
    |select_ln74_1_fu_1067_p3   |    select|   0|  0|  16|           1|           1|
    |select_ln74_2_fu_1081_p3   |    select|   0|  0|  16|           1|          16|
    |select_ln74_fu_945_p3      |    select|   0|  0|  32|           1|          32|
    |rev47_fu_1720_p2           |       xor|   0|  0|   2|           1|           2|
    |rev_fu_1244_p2             |       xor|   0|  0|   2|           1|           2|
    +---------------------------+----------+----+---+----+------------+------------+
    |Total                      |          |   0|  0|2000|        1976|        1864|
    +---------------------------+----------+----+---+----+------------+------------+

    * Multiplexer: 
    +-------------------------+------+-----------+-----+-----------+
    |           Name          |  LUT | Input Size| Bits| Total Bits|
    +-------------------------+------+-----------+-----+-----------+
    |ap_NS_fsm                |  1055|        199|    1|        199|
    |c_in_1_reg_503           |     9|          2|   16|         32|
    |c_in_2_reg_606           |     9|          2|   16|         32|
    |c_out_reg_492            |     9|          2|   16|         32|
    |gmem0_ARADDR             |    53|         13|   64|        832|
    |gmem0_AWADDR             |    13|          3|   64|        192|
    |gmem0_AWLEN              |    13|          3|   32|         96|
    |gmem0_WDATA              |    13|          3|   32|         96|
    |gmem0_blk_n_AR           |     9|          2|    1|          2|
    |gmem0_blk_n_AW           |     9|          2|    1|          2|
    |gmem0_blk_n_B            |     9|          2|    1|          2|
    |gmem0_blk_n_R            |     9|          2|    1|          2|
    |gmem0_blk_n_W            |     9|          2|    1|          2|
    |grp_fu_675_opcode        |    13|          3|    2|          6|
    |grp_fu_675_p0            |    33|          8|   32|        256|
    |grp_fu_675_p1            |    29|          7|   32|        224|
    |grp_fu_684_p0            |    17|          4|   32|        128|
    |grp_fu_684_p1            |    21|          5|   32|        160|
    |h_out_1_fu_202           |     9|          2|   16|         32|
    |indvar_flatten6_reg_584  |     9|          2|   32|         64|
    |indvar_flatten_reg_470   |     9|          2|   32|         64|
    |kh_1_reg_617             |     9|          2|    8|         16|
    |kh_reg_526               |     9|          2|    8|         16|
    |kw_1_reg_640             |     9|          2|    8|         16|
    |kw_reg_549               |     9|          2|    8|         16|
    |phi_mul20_fu_198         |    13|          3|   24|         72|
    |sum_1_reg_628            |     9|          2|   32|         64|
    |sum_2_reg_537            |     9|          2|   32|         64|
    |sum_3_reg_572            |     9|          2|   32|         64|
    |sum_4_reg_663            |     9|          2|   32|         64|
    |sum_5_reg_651            |     9|          2|   32|         64|
    |sum_7_reg_560            |     9|          2|   32|         64|
    |sum_reg_514              |     9|          2|   32|         64|
    |w_out_1_reg_481          |     9|          2|   16|         32|
    |w_out_reg_595            |     9|          2|   16|         32|
    +-------------------------+------+-----------+-----+-----------+
    |Total                    |  1489|        299|  768|       3103|
    +-------------------------+------+-----------+-----+-----------+

    * Register: 
    +-----------------------------+-----+----+-----+-----------+
    |             Name            |  FF | LUT| Bits| Const Bits|
    +-----------------------------+-----+----+-----+-----------+
    |C_in_0_data_reg              |   16|   0|   16|          0|
    |C_in_0_vld_reg               |    0|   0|    1|          1|
    |C_in_read_reg_2043           |   16|   0|   16|          0|
    |C_out_0_data_reg             |   16|   0|   16|          0|
    |C_out_0_vld_reg              |    0|   0|    1|          1|
    |C_out_read_reg_2020          |   16|   0|   16|          0|
    |H_in_0_data_reg              |   16|   0|   16|          0|
    |H_in_0_vld_reg               |    0|   0|    1|          1|
    |H_in_cast12_reg_2113         |   16|   0|   25|          9|
    |H_in_cast9_reg_2463          |   16|   0|   25|          9|
    |H_in_read_reg_2037           |   16|   0|   16|          0|
    |H_out_V_reg_2070             |   16|   0|   16|          0|
    |W_in_0_data_reg              |   16|   0|   16|          0|
    |W_in_0_vld_reg               |    0|   0|    1|          1|
    |W_in_cast13_reg_2123         |   16|   0|   25|          9|
    |W_in_read_reg_2029           |   16|   0|   16|          0|
    |add_i_i410_reg_2532          |   25|   0|   25|          0|
    |add_i_i994_reg_2203          |   25|   0|   25|          0|
    |add_ln1027_1_reg_2171        |   24|   0|   24|          0|
    |add_ln1027_reg_2184          |   24|   0|   24|          0|
    |add_ln139_reg_2540           |   32|   0|   32|          0|
    |add_ln141_reg_2637           |   16|   0|   16|          0|
    |add_ln541_reg_2668           |   32|   0|   32|          0|
    |add_ln74_reg_2211            |   32|   0|   32|          0|
    |add_ln76_reg_2297            |   16|   0|   16|          0|
    |add_ln95_reg_2361            |   32|   0|   32|          0|
    |ap_CS_fsm                    |  198|   0|  198|          0|
    |bn_beta_read_reg_1947        |   64|   0|   64|          0|
    |bn_gamma_read_reg_1952       |   64|   0|   64|          0|
    |bn_mean_read_reg_1962        |   64|   0|   64|          0|
    |bn_var_read_reg_1957         |   64|   0|   64|          0|
    |c_in_1_reg_503               |   16|   0|   16|          0|
    |c_in_2_reg_606               |   16|   0|   16|          0|
    |c_in_reg_2263                |   16|   0|   16|          0|
    |c_out_2_cast22_reg_2580      |   16|   0|   32|         16|
    |c_out_reg_492                |   16|   0|   16|          0|
    |cmp_i_i10542953_reg_2081     |    1|   0|    1|          0|
    |cmp_i_i4632967_reg_2091      |    1|   0|    1|          0|
    |conv_i_i1032_reg_2107        |    8|   0|   32|         24|
    |conv_i_i1039_reg_2101        |   16|   0|   32|         16|
    |conv_i_i287_reg_2468         |   16|   0|   32|         16|
    |conv_i_i448_reg_2453         |    8|   0|   32|         24|
    |conv_i_i869_reg_2118         |   16|   0|   32|         16|
    |conv_kernel_read_reg_1967    |   64|   0|   64|          0|
    |conv_type_0_data_reg         |   32|   0|   32|          0|
    |conv_type_0_vld_reg          |    0|   0|    1|          1|
    |empty_40_reg_2140            |   32|   0|   32|          0|
    |empty_41_reg_2179            |   32|   0|   32|          0|
    |empty_48_reg_2483            |   32|   0|   32|          0|
    |empty_49_reg_2495            |   32|   0|   32|          0|
    |empty_50_reg_2192            |   32|   0|   32|          0|
    |empty_reg_2128               |   32|   0|   32|          0|
    |feature_in_read_reg_1973     |   64|   0|   64|          0|
    |feature_out_read_reg_1941    |   64|   0|   64|          0|
    |gmem0_addr_10_read_reg_2690  |   32|   0|   32|          0|
    |gmem0_addr_10_reg_2684       |   64|   0|   64|          0|
    |gmem0_addr_11_read_reg_2695  |   32|   0|   32|          0|
    |gmem0_addr_11_reg_2673       |   64|   0|   64|          0|
    |gmem0_addr_12_read_reg_2383  |   32|   0|   32|          0|
    |gmem0_addr_12_reg_2377       |   64|   0|   64|          0|
    |gmem0_addr_13_read_reg_2388  |   32|   0|   32|          0|
    |gmem0_addr_13_reg_2366       |   64|   0|   64|          0|
    |gmem0_addr_1_reg_2526        |   64|   0|   64|          0|
    |gmem0_addr_2_read_reg_2408   |   32|   0|   32|          0|
    |gmem0_addr_2_reg_2273        |   64|   0|   64|          0|
    |gmem0_addr_3_read_reg_2418   |   32|   0|   32|          0|
    |gmem0_addr_3_reg_2279        |   64|   0|   64|          0|
    |gmem0_addr_4_read_reg_2428   |   32|   0|   32|          0|
    |gmem0_addr_4_reg_2285        |   64|   0|   64|          0|
    |gmem0_addr_5_read_reg_2438   |   32|   0|   32|          0|
    |gmem0_addr_5_reg_2291        |   64|   0|   64|          0|
    |gmem0_addr_6_read_reg_2715   |   32|   0|   32|          0|
    |gmem0_addr_6_reg_2613        |   64|   0|   64|          0|
    |gmem0_addr_7_read_reg_2725   |   32|   0|   32|          0|
    |gmem0_addr_7_reg_2619        |   64|   0|   64|          0|
    |gmem0_addr_8_read_reg_2735   |   32|   0|   32|          0|
    |gmem0_addr_8_reg_2625        |   64|   0|   64|          0|
    |gmem0_addr_9_read_reg_2745   |   32|   0|   32|          0|
    |gmem0_addr_9_reg_2631        |   64|   0|   64|          0|
    |gmem0_addr_reg_2197          |   64|   0|   64|          0|
    |h_out_1_fu_202               |   16|   0|   16|          0|
    |indvar_flatten6_reg_584      |   32|   0|   32|          0|
    |indvar_flatten_reg_470       |   32|   0|   32|          0|
    |kernel_size_0_data_reg       |    8|   0|    8|          0|
    |kernel_size_0_vld_reg        |    0|   0|    1|          1|
    |kernel_size_cast7_reg_2458   |    8|   0|   24|         16|
    |kernel_size_read_reg_2009    |    8|   0|    8|          0|
    |kh_1_reg_617                 |    8|   0|    8|          0|
    |kh_2_reg_2593                |    8|   0|    8|          0|
    |kh_3_reg_2310                |    8|   0|    8|          0|
    |kh_reg_526                   |    8|   0|    8|          0|
    |kw_1_reg_640                 |    8|   0|    8|          0|
    |kw_2_reg_2660                |    8|   0|    8|          0|
    |kw_3_reg_2353                |    8|   0|    8|          0|
    |kw_reg_549                   |    8|   0|    8|          0|
    |mul_ln162_reg_2585           |   24|   0|   24|          0|
    |mul_ln541_1_reg_2679         |   32|   0|   32|          0|
    |mul_ln541_reg_2642           |   32|   0|   32|          0|
    |mul_ln95_1_reg_2372          |   32|   0|   32|          0|
    |mul_ln95_reg_2340            |   32|   0|   32|          0|
    |mul_ln97_reg_2250            |   32|   0|   32|          0|
    |notrhs11_reg_2325            |    1|   0|    1|          0|
    |notrhs_reg_2608              |    1|   0|    1|          0|
    |padding_0_data_reg           |    8|   0|    8|          0|
    |padding_0_vld_reg            |    0|   0|    1|          1|
    |padding_read_reg_1997        |    8|   0|    8|          0|
    |phi_mul20_fu_198             |   24|   0|   24|          0|
    |reg_765                      |   24|   0|   24|          0|
    |reg_769                      |   16|   0|   16|          0|
    |reg_773                      |   32|   0|   32|          0|
    |reg_779                      |   32|   0|   32|          0|
    |reg_785                      |   32|   0|   32|          0|
    |reg_790                      |   32|   0|   32|          0|
    |reg_795                      |   32|   0|   32|          0|
    |rev47_reg_2647               |    1|   0|    1|          0|
    |rev_reg_2345                 |    1|   0|    1|          0|
    |select_ln130_reg_2448        |   32|   0|   32|          0|
    |select_ln139_1_reg_2545      |   16|   0|   16|          0|
    |select_ln139_2_reg_2552      |   16|   0|   16|          0|
    |select_ln74_1_reg_2216       |   16|   0|   16|          0|
    |select_ln74_2_reg_2222       |   16|   0|   16|          0|
    |sext_ln141_1_reg_2505        |   63|   0|   63|          0|
    |sext_ln141_2_reg_2510        |   63|   0|   63|          0|
    |sext_ln141_reg_2500          |   63|   0|   63|          0|
    |sext_ln76_1_reg_2150         |   63|   0|   63|          0|
    |sext_ln76_2_reg_2155         |   63|   0|   63|          0|
    |sext_ln76_reg_2145           |   63|   0|   63|          0|
    |stride_0_data_reg            |    8|   0|    8|          0|
    |stride_0_vld_reg             |    0|   0|    1|          1|
    |stride_read_reg_2003         |    8|   0|    8|          0|
    |sub_ln139_reg_2567           |   25|   0|   25|          0|
    |sub_ln74_reg_2237            |   25|   0|   25|          0|
    |sum_1_reg_628                |   32|   0|   32|          0|
    |sum_2_reg_537                |   32|   0|   32|          0|
    |sum_3_reg_572                |   32|   0|   32|          0|
    |sum_4_reg_663                |   32|   0|   32|          0|
    |sum_5_reg_651                |   32|   0|   32|          0|
    |sum_6_reg_2710               |   32|   0|   32|          0|
    |sum_7_reg_560                |   32|   0|   32|          0|
    |sum_8_reg_2403               |   32|   0|   32|          0|
    |sum_reg_514                  |   32|   0|   32|          0|
    |tmp32_reg_2330               |   32|   0|   32|          0|
    |tmp33_reg_2268               |   32|   0|   32|          0|
    |tmp34_reg_2302               |   32|   0|   32|          0|
    |tmp35_reg_2335               |   32|   0|   32|          0|
    |tmp37_reg_2652               |   32|   0|   32|          0|
    |tmp_4_reg_2603               |    1|   0|    1|          0|
    |tmp_5_reg_2320               |    1|   0|    1|          0|
    |trunc_ln141_3_cast_reg_2515  |   63|   0|   63|          0|
    |trunc_ln17_reg_2050          |    1|   0|    1|          0|
    |trunc_ln76_3_cast_reg_2160   |   63|   0|   63|          0|
    |w_out_1_reg_481              |   16|   0|   16|          0|
    |w_out_reg_595                |   16|   0|   16|          0|
    |zext_ln1027_1_reg_2242       |   16|   0|   63|         47|
    |zext_ln1027_4_reg_2255       |   16|   0|   32|         16|
    |zext_ln1027_reg_2572         |   16|   0|   63|         47|
    |zext_ln137_1_reg_2520        |    8|   0|   25|         17|
    |zext_ln139_reg_2489          |    8|   0|   24|         16|
    |zext_ln541_1_reg_2473        |   16|   0|   25|          9|
    |zext_ln541_reg_2478          |   16|   0|   32|         16|
    |zext_ln72_1_reg_2165         |    8|   0|   25|         17|
    |zext_ln74_reg_2134           |    8|   0|   24|         16|
    +-----------------------------+-----+----+-----+-----------+
    |Total                        | 4603|   0| 4967|        364|
    +-----------------------------+-----+----+-----+-----------+



================================================================
== Interface
================================================================
* Summary: 
+-----------------------+-----+-----+------------+--------------+--------------+
|       RTL Ports       | Dir | Bits|  Protocol  | Source Object|    C Type    |
+-----------------------+-----+-----+------------+--------------+--------------+
|s_axi_control_AWVALID  |   in|    1|       s_axi|       control|        scalar|
|s_axi_control_AWREADY  |  out|    1|       s_axi|       control|        scalar|
|s_axi_control_AWADDR   |   in|    8|       s_axi|       control|        scalar|
|s_axi_control_WVALID   |   in|    1|       s_axi|       control|        scalar|
|s_axi_control_WREADY   |  out|    1|       s_axi|       control|        scalar|
|s_axi_control_WDATA    |   in|   32|       s_axi|       control|        scalar|
|s_axi_control_WSTRB    |   in|    4|       s_axi|       control|        scalar|
|s_axi_control_ARVALID  |   in|    1|       s_axi|       control|        scalar|
|s_axi_control_ARREADY  |  out|    1|       s_axi|       control|        scalar|
|s_axi_control_ARADDR   |   in|    8|       s_axi|       control|        scalar|
|s_axi_control_RVALID   |  out|    1|       s_axi|       control|        scalar|
|s_axi_control_RREADY   |   in|    1|       s_axi|       control|        scalar|
|s_axi_control_RDATA    |  out|   32|       s_axi|       control|        scalar|
|s_axi_control_RRESP    |  out|    2|       s_axi|       control|        scalar|
|s_axi_control_BVALID   |  out|    1|       s_axi|       control|        scalar|
|s_axi_control_BREADY   |   in|    1|       s_axi|       control|        scalar|
|s_axi_control_BRESP    |  out|    2|       s_axi|       control|        scalar|
|ap_clk                 |   in|    1|  ap_ctrl_hs|  conv_bn_relu|  return value|
|ap_rst_n               |   in|    1|  ap_ctrl_hs|  conv_bn_relu|  return value|
|interrupt              |  out|    1|  ap_ctrl_hs|  conv_bn_relu|  return value|
|m_axi_gmem0_AWVALID    |  out|    1|       m_axi|         gmem0|       pointer|
|m_axi_gmem0_AWREADY    |   in|    1|       m_axi|         gmem0|       pointer|
|m_axi_gmem0_AWADDR     |  out|   64|       m_axi|         gmem0|       pointer|
|m_axi_gmem0_AWID       |  out|    1|       m_axi|         gmem0|       pointer|
|m_axi_gmem0_AWLEN      |  out|    8|       m_axi|         gmem0|       pointer|
|m_axi_gmem0_AWSIZE     |  out|    3|       m_axi|         gmem0|       pointer|
|m_axi_gmem0_AWBURST    |  out|    2|       m_axi|         gmem0|       pointer|
|m_axi_gmem0_AWLOCK     |  out|    2|       m_axi|         gmem0|       pointer|
|m_axi_gmem0_AWCACHE    |  out|    4|       m_axi|         gmem0|       pointer|
|m_axi_gmem0_AWPROT     |  out|    3|       m_axi|         gmem0|       pointer|
|m_axi_gmem0_AWQOS      |  out|    4|       m_axi|         gmem0|       pointer|
|m_axi_gmem0_AWREGION   |  out|    4|       m_axi|         gmem0|       pointer|
|m_axi_gmem0_AWUSER     |  out|    1|       m_axi|         gmem0|       pointer|
|m_axi_gmem0_WVALID     |  out|    1|       m_axi|         gmem0|       pointer|
|m_axi_gmem0_WREADY     |   in|    1|       m_axi|         gmem0|       pointer|
|m_axi_gmem0_WDATA      |  out|   32|       m_axi|         gmem0|       pointer|
|m_axi_gmem0_WSTRB      |  out|    4|       m_axi|         gmem0|       pointer|
|m_axi_gmem0_WLAST      |  out|    1|       m_axi|         gmem0|       pointer|
|m_axi_gmem0_WID        |  out|    1|       m_axi|         gmem0|       pointer|
|m_axi_gmem0_WUSER      |  out|    1|       m_axi|         gmem0|       pointer|
|m_axi_gmem0_ARVALID    |  out|    1|       m_axi|         gmem0|       pointer|
|m_axi_gmem0_ARREADY    |   in|    1|       m_axi|         gmem0|       pointer|
|m_axi_gmem0_ARADDR     |  out|   64|       m_axi|         gmem0|       pointer|
|m_axi_gmem0_ARID       |  out|    1|       m_axi|         gmem0|       pointer|
|m_axi_gmem0_ARLEN      |  out|    8|       m_axi|         gmem0|       pointer|
|m_axi_gmem0_ARSIZE     |  out|    3|       m_axi|         gmem0|       pointer|
|m_axi_gmem0_ARBURST    |  out|    2|       m_axi|         gmem0|       pointer|
|m_axi_gmem0_ARLOCK     |  out|    2|       m_axi|         gmem0|       pointer|
|m_axi_gmem0_ARCACHE    |  out|    4|       m_axi|         gmem0|       pointer|
|m_axi_gmem0_ARPROT     |  out|    3|       m_axi|         gmem0|       pointer|
|m_axi_gmem0_ARQOS      |  out|    4|       m_axi|         gmem0|       pointer|
|m_axi_gmem0_ARREGION   |  out|    4|       m_axi|         gmem0|       pointer|
|m_axi_gmem0_ARUSER     |  out|    1|       m_axi|         gmem0|       pointer|
|m_axi_gmem0_RVALID     |   in|    1|       m_axi|         gmem0|       pointer|
|m_axi_gmem0_RREADY     |  out|    1|       m_axi|         gmem0|       pointer|
|m_axi_gmem0_RDATA      |   in|   32|       m_axi|         gmem0|       pointer|
|m_axi_gmem0_RLAST      |   in|    1|       m_axi|         gmem0|       pointer|
|m_axi_gmem0_RID        |   in|    1|       m_axi|         gmem0|       pointer|
|m_axi_gmem0_RUSER      |   in|    1|       m_axi|         gmem0|       pointer|
|m_axi_gmem0_RRESP      |   in|    2|       m_axi|         gmem0|       pointer|
|m_axi_gmem0_BVALID     |   in|    1|       m_axi|         gmem0|       pointer|
|m_axi_gmem0_BREADY     |  out|    1|       m_axi|         gmem0|       pointer|
|m_axi_gmem0_BRESP      |   in|    2|       m_axi|         gmem0|       pointer|
|m_axi_gmem0_BID        |   in|    1|       m_axi|         gmem0|       pointer|
|m_axi_gmem0_BUSER      |   in|    1|       m_axi|         gmem0|       pointer|
+-----------------------+-----+-----+------------+--------------+--------------+

