

================================================================
== Synthesis Summary Report of 'shufflenet_block'
================================================================
+ General Information: 
    * Date:           Thu Oct 30 14:52:19 2025
    * Version:        2022.2 (Build 3670227 on Oct 13 2022)
    * Project:        ip2
    * Solution:       solution1 (Vivado IP Flow Target)
    * Product family: zynq
    * Target device:  xc7z020-clg400-2
    

+ Performance & Resource Estimates: 
    
    PS: '+' for module; 'o' for loop; '*' for dataflow
    +---------------------------------------------------------------------------------+------+------+-------------+-----------+-------------+---------+-------+----------+---------+----------+-------------+-------------+-----+
    |                                     Modules                                     | Issue|      |   Latency   |  Latency  |  Iteration  |         |  Trip |          |         |          |             |             |     |
    |                                     & Loops                                     | Type | Slack|   (cycles)  |    (ns)   |   Latency   | Interval| Count | Pipelined|  BRAM   |    DSP   |      FF     |     LUT     | URAM|
    +---------------------------------------------------------------------------------+------+------+-------------+-----------+-------------+---------+-------+----------+---------+----------+-------------+-------------+-----+
    |+ shufflenet_block                                                               |     -|  0.00|            -|          -|            -|        -|      -|        no|  2 (~0%)|  53 (24%)|  20029 (18%)|  25423 (47%)|    -|
    | + shufflenet_block_Pipeline_VITIS_LOOP_162_1_VITIS_LOOP_163_2_VITIS_LOOP_165_3  |     -|  0.00|            -|          -|            -|        -|      -|        no|        -|    4 (1%)|    735 (~0%)|     841 (1%)|    -|
    |  o VITIS_LOOP_162_1_VITIS_LOOP_163_2_VITIS_LOOP_165_3                           |     -|  7.30|            -|          -|           19|        1|      -|       yes|        -|         -|            -|            -|    -|
    | + shufflenet_block_Pipeline_VITIS_LOOP_299_15                                   |     -|  0.00|            -|          -|            -|        -|      -|        no|        -|   2 (~0%)|    522 (~0%)|     642 (1%)|    -|
    |  o VITIS_LOOP_297_13_VITIS_LOOP_298_14_VITIS_LOOP_299_15                        |     -|  7.30|            -|          -|           10|        1|      -|       yes|        -|         -|            -|            -|    -|
    | o VITIS_LOOP_188_4_VITIS_LOOP_189_5                                             |     -|  7.30|            -|          -|            -|        -|      -|        no|        -|         -|            -|            -|    -|
    |  o VITIS_LOOP_193_6                                                             |     -|  7.30|            -|          -|  27917582344|        -|      -|        no|        -|         -|            -|            -|    -|
    |   o VITIS_LOOP_196_7                                                            |     -|  7.30|  27917582325|  2.792e+11|       425995|        -|  65535|        no|        -|         -|            -|            -|    -|
    |    o VITIS_LOOP_200_8                                                           |     -|  7.30|       425971|  4.260e+06|           13|        -|  32767|        no|        -|         -|            -|            -|    -|
    | o VITIS_LOOP_228_9_VITIS_LOOP_229_10                                            |     -|  7.30|            -|          -|            -|        -|      -|        no|        -|         -|            -|            -|    -|
    |  o VITIS_LOOP_233_11                                                            |     -|  7.30|            -|          -|            -|        -|      -|        no|        -|         -|            -|            -|    -|
    |   o VITIS_LOOP_236_12                                                           |     -|  7.30|            -|          -|          112|        -|      -|        no|        -|         -|            -|            -|    -|
    | o VITIS_LOOP_309_16_VITIS_LOOP_310_17                                           |     -|  7.30|            -|          -|            -|        -|      -|        no|        -|         -|            -|            -|    -|
    |  o VITIS_LOOP_314_18                                                            |     -|  7.30|            -|          -|            -|        -|      -|        no|        -|         -|            -|            -|    -|
    |   o VITIS_LOOP_318_19                                                           |     -|  7.30|            -|          -|            9|        -|      -|        no|        -|         -|            -|            -|    -|
    |   o VITIS_LOOP_324_20                                                           |     -|  7.30|            -|          -|            -|        -|      -|        no|        -|         -|            -|            -|    -|
    |    o VITIS_LOOP_327_21                                                          |     -|  7.30|            -|          -|            -|        -|      -|        no|        -|         -|            -|            -|    -|
    |     o VITIS_LOOP_333_22                                                         |     -|  7.30|            -|          -|           20|        -|      -|        no|        -|         -|            -|            -|    -|
    |   o VITIS_LOOP_342_23                                                           |     -|  7.30|            -|          -|           30|        -|      -|        no|        -|         -|            -|            -|    -|
    | o VITIS_LOOP_372_24_VITIS_LOOP_373_25                                           |     -|  7.30|            -|          -|            -|        -|      -|        no|        -|         -|            -|            -|    -|
    |  o VITIS_LOOP_377_26                                                            |     -|  7.30|            -|          -|            -|        -|      -|        no|        -|         -|            -|            -|    -|
    |   o VITIS_LOOP_382_27                                                           |     -|  7.30|            -|          -|           11|        -|      -|        no|        -|         -|            -|            -|    -|
    |   o VITIS_LOOP_388_28                                                           |     -|  7.30|            -|          -|           45|        -|      -|        no|        -|         -|            -|            -|    -|
    +---------------------------------------------------------------------------------+------+------+-------------+-----------+-------------+---------+-------+----------+---------+----------+-------------+-------------+-----+


================================================================
== HW Interfaces
================================================================
* M_AXI
+---------------------+------------+---------------+---------+--------+----------+-----------+--------------+--------------+-------------+-------------+
| Interface           | Data Width | Address Width | Latency | Offset | Register | Max Widen | Max Read     | Max Write    | Num Read    | Num Write   |
|                     | (SW->HW)   |               |         |        |          | Bitwidth  | Burst Length | Burst Length | Outstanding | Outstanding |
+---------------------+------------+---------------+---------+--------+----------+-----------+--------------+--------------+-------------+-------------+
| m_axi_gmem_bn1      | 8 -> 8     | 64            | 0       | slave  | 0        | 0         | 16           | 16           | 16          | 16          |
| m_axi_gmem_bn2      | 8 -> 8     | 64            | 0       | slave  | 0        | 0         | 16           | 16           | 16          | 16          |
| m_axi_gmem_bn3      | 8 -> 8     | 64            | 0       | slave  | 0        | 0         | 16           | 16           | 16          | 16          |
| m_axi_gmem_in       | 8 -> 8     | 64            | 0       | slave  | 0        | 0         | 16           | 16           | 16          | 16          |
| m_axi_gmem_out      | 8 -> 8     | 64            | 0       | slave  | 0        | 0         | 16           | 16           | 16          | 16          |
| m_axi_gmem_weights1 | 8 -> 8     | 64            | 0       | slave  | 0        | 0         | 16           | 16           | 16          | 16          |
| m_axi_gmem_weights2 | 8 -> 8     | 64            | 0       | slave  | 0        | 0         | 16           | 16           | 16          | 16          |
| m_axi_gmem_weights3 | 8 -> 8     | 64            | 0       | slave  | 0        | 0         | 16           | 16           | 16          | 16          |
+---------------------+------------+---------------+---------+--------+----------+-----------+--------------+--------------+-------------+-------------+

* S_AXILITE Interfaces
+---------------+------------+---------------+--------+----------+
| Interface     | Data Width | Address Width | Offset | Register |
+---------------+------------+---------------+--------+----------+
| s_axi_control | 32         | 9             | 40     | 0        |
+---------------+------------+---------------+--------+----------+

* S_AXILITE Registers
+---------------+----------------+--------+-------+--------+----------------------------------+----------------------------------------------------------------------+
| Interface     | Register       | Offset | Width | Access | Description                      | Bit Fields                                                           |
+---------------+----------------+--------+-------+--------+----------------------------------+----------------------------------------------------------------------+
| s_axi_control | CTRL           | 0x00   | 32    | RW     | Control signals                  | 0=AP_START 1=AP_DONE 2=AP_IDLE 3=AP_READY 7=AUTO_RESTART 9=INTERRUPT |
| s_axi_control | GIER           | 0x04   | 32    | RW     | Global Interrupt Enable Register | 0=Enable                                                             |
| s_axi_control | IP_IER         | 0x08   | 32    | RW     | IP Interrupt Enable Register     | 0=CHAN0_INT_EN 1=CHAN1_INT_EN                                        |
| s_axi_control | IP_ISR         | 0x0c   | 32    | RW     | IP Interrupt Status Register     | 0=CHAN0_INT_ST 1=CHAN1_INT_ST                                        |
| s_axi_control | c_in           | 0x10   | 32    | W      | Data signal of c_in              |                                                                      |
| s_axi_control | h_w            | 0x18   | 32    | W      | Data signal of h_w               |                                                                      |
| s_axi_control | stride         | 0x20   | 32    | W      | Data signal of stride            |                                                                      |
| s_axi_control | in_r_1         | 0x28   | 32    | W      | Data signal of in_r              |                                                                      |
| s_axi_control | in_r_2         | 0x2c   | 32    | W      | Data signal of in_r              |                                                                      |
| s_axi_control | conv1_kernel_1 | 0x34   | 32    | W      | Data signal of conv1_kernel      |                                                                      |
| s_axi_control | conv1_kernel_2 | 0x38   | 32    | W      | Data signal of conv1_kernel      |                                                                      |
| s_axi_control | dw_kernel_1    | 0x40   | 32    | W      | Data signal of dw_kernel         |                                                                      |
| s_axi_control | dw_kernel_2    | 0x44   | 32    | W      | Data signal of dw_kernel         |                                                                      |
| s_axi_control | conv2_kernel_1 | 0x4c   | 32    | W      | Data signal of conv2_kernel      |                                                                      |
| s_axi_control | conv2_kernel_2 | 0x50   | 32    | W      | Data signal of conv2_kernel      |                                                                      |
| s_axi_control | bn1_mean_1     | 0x58   | 32    | W      | Data signal of bn1_mean          |                                                                      |
| s_axi_control | bn1_mean_2     | 0x5c   | 32    | W      | Data signal of bn1_mean          |                                                                      |
| s_axi_control | bn1_var_1      | 0x64   | 32    | W      | Data signal of bn1_var           |                                                                      |
| s_axi_control | bn1_var_2      | 0x68   | 32    | W      | Data signal of bn1_var           |                                                                      |
| s_axi_control | bn1_gamma_1    | 0x70   | 32    | W      | Data signal of bn1_gamma         |                                                                      |
| s_axi_control | bn1_gamma_2    | 0x74   | 32    | W      | Data signal of bn1_gamma         |                                                                      |
| s_axi_control | bn1_beta_1     | 0x7c   | 32    | W      | Data signal of bn1_beta          |                                                                      |
| s_axi_control | bn1_beta_2     | 0x80   | 32    | W      | Data signal of bn1_beta          |                                                                      |
| s_axi_control | bn2_mean_1     | 0x88   | 32    | W      | Data signal of bn2_mean          |                                                                      |
| s_axi_control | bn2_mean_2     | 0x8c   | 32    | W      | Data signal of bn2_mean          |                                                                      |
| s_axi_control | bn2_var_1      | 0x94   | 32    | W      | Data signal of bn2_var           |                                                                      |
| s_axi_control | bn2_var_2      | 0x98   | 32    | W      | Data signal of bn2_var           |                                                                      |
| s_axi_control | bn2_gamma_1    | 0xa0   | 32    | W      | Data signal of bn2_gamma         |                                                                      |
| s_axi_control | bn2_gamma_2    | 0xa4   | 32    | W      | Data signal of bn2_gamma         |                                                                      |
| s_axi_control | bn2_beta_1     | 0xac   | 32    | W      | Data signal of bn2_beta          |                                                                      |
| s_axi_control | bn2_beta_2     | 0xb0   | 32    | W      | Data signal of bn2_beta          |                                                                      |
| s_axi_control | bn3_mean_1     | 0xb8   | 32    | W      | Data signal of bn3_mean          |                                                                      |
| s_axi_control | bn3_mean_2     | 0xbc   | 32    | W      | Data signal of bn3_mean          |                                                                      |
| s_axi_control | bn3_var_1      | 0xc4   | 32    | W      | Data signal of bn3_var           |                                                                      |
| s_axi_control | bn3_var_2      | 0xc8   | 32    | W      | Data signal of bn3_var           |                                                                      |
| s_axi_control | bn3_gamma_1    | 0xd0   | 32    | W      | Data signal of bn3_gamma         |                                                                      |
| s_axi_control | bn3_gamma_2    | 0xd4   | 32    | W      | Data signal of bn3_gamma         |                                                                      |
| s_axi_control | bn3_beta_1     | 0xdc   | 32    | W      | Data signal of bn3_beta          |                                                                      |
| s_axi_control | bn3_beta_2     | 0xe0   | 32    | W      | Data signal of bn3_beta          |                                                                      |
| s_axi_control | out_r_1        | 0xe8   | 32    | W      | Data signal of out_r             |                                                                      |
| s_axi_control | out_r_2        | 0xec   | 32    | W      | Data signal of out_r             |                                                                      |
| s_axi_control | c_out          | 0xf4   | 32    | W      | Data signal of c_out             |                                                                      |
| s_axi_control | c_reduce       | 0xfc   | 32    | W      | Data signal of c_reduce          |                                                                      |
+---------------+----------------+--------+-------+--------+----------------------------------+----------------------------------------------------------------------+

* TOP LEVEL CONTROL
+-----------+------------+-----------+
| Interface | Type       | Ports     |
+-----------+------------+-----------+
| ap_clk    | clock      | ap_clk    |
| ap_rst_n  | reset      | ap_rst_n  |
| interrupt | interrupt  | interrupt |
| ap_ctrl   | ap_ctrl_hs |           |
+-----------+------------+-----------+


================================================================
== SW I/O Information
================================================================
* Top Function Arguments
+--------------+-----------+-------------------+
| Argument     | Direction | Datatype          |
+--------------+-----------+-------------------+
| in           | in        | ap_int<8> const * |
| conv1_kernel | in        | ap_int<8> const * |
| dw_kernel    | in        | ap_int<8> const * |
| conv2_kernel | in        | ap_int<8> const * |
| bn1_mean     | in        | ap_int<8> const * |
| bn1_var      | in        | ap_int<8> const * |
| bn1_gamma    | in        | ap_int<8> const * |
| bn1_beta     | in        | ap_int<8> const * |
| bn2_mean     | in        | ap_int<8> const * |
| bn2_var      | in        | ap_int<8> const * |
| bn2_gamma    | in        | ap_int<8> const * |
| bn2_beta     | in        | ap_int<8> const * |
| bn3_mean     | in        | ap_int<8> const * |
| bn3_var      | in        | ap_int<8> const * |
| bn3_gamma    | in        | ap_int<8> const * |
| bn3_beta     | in        | ap_int<8> const * |
| out          | inout     | ap_int<8>*        |
| c_in         | in        | ap_uint<16>       |
| c_out        | in        | ap_uint<16>       |
| h_w          | in        | ap_uint<16>       |
| c_reduce     | in        | ap_uint<16>       |
| stride       | in        | ap_uint<8>        |
+--------------+-----------+-------------------+

* SW-to-HW Mapping
+--------------+---------------------+-----------+----------+------------------------------------------+
| Argument     | HW Interface        | HW Type   | HW Usage | HW Info                                  |
+--------------+---------------------+-----------+----------+------------------------------------------+
| in           | m_axi_gmem_in       | interface |          |                                          |
| in           | s_axi_control       | interface | offset   |                                          |
| conv1_kernel | m_axi_gmem_weights1 | interface |          |                                          |
| conv1_kernel | s_axi_control       | register  | offset   | name=conv1_kernel_1 offset=0x34 range=32 |
| conv1_kernel | s_axi_control       | register  | offset   | name=conv1_kernel_2 offset=0x38 range=32 |
| dw_kernel    | m_axi_gmem_weights2 | interface |          |                                          |
| dw_kernel    | s_axi_control       | register  | offset   | name=dw_kernel_1 offset=0x40 range=32    |
| dw_kernel    | s_axi_control       | register  | offset   | name=dw_kernel_2 offset=0x44 range=32    |
| conv2_kernel | m_axi_gmem_weights3 | interface |          |                                          |
| conv2_kernel | s_axi_control       | register  | offset   | name=conv2_kernel_1 offset=0x4c range=32 |
| conv2_kernel | s_axi_control       | register  | offset   | name=conv2_kernel_2 offset=0x50 range=32 |
| bn1_mean     | m_axi_gmem_bn1      | interface |          |                                          |
| bn1_mean     | s_axi_control       | register  | offset   | name=bn1_mean_1 offset=0x58 range=32     |
| bn1_mean     | s_axi_control       | register  | offset   | name=bn1_mean_2 offset=0x5c range=32     |
| bn1_var      | m_axi_gmem_bn1      | interface |          |                                          |
| bn1_var      | s_axi_control       | register  | offset   | name=bn1_var_1 offset=0x64 range=32      |
| bn1_var      | s_axi_control       | register  | offset   | name=bn1_var_2 offset=0x68 range=32      |
| bn1_gamma    | m_axi_gmem_bn1      | interface |          |                                          |
| bn1_gamma    | s_axi_control       | register  | offset   | name=bn1_gamma_1 offset=0x70 range=32    |
| bn1_gamma    | s_axi_control       | register  | offset   | name=bn1_gamma_2 offset=0x74 range=32    |
| bn1_beta     | m_axi_gmem_bn1      | interface |          |                                          |
| bn1_beta     | s_axi_control       | register  | offset   | name=bn1_beta_1 offset=0x7c range=32     |
| bn1_beta     | s_axi_control       | register  | offset   | name=bn1_beta_2 offset=0x80 range=32     |
| bn2_mean     | m_axi_gmem_bn2      | interface |          |                                          |
| bn2_mean     | s_axi_control       | register  | offset   | name=bn2_mean_1 offset=0x88 range=32     |
| bn2_mean     | s_axi_control       | register  | offset   | name=bn2_mean_2 offset=0x8c range=32     |
| bn2_var      | m_axi_gmem_bn2      | interface |          |                                          |
| bn2_var      | s_axi_control       | register  | offset   | name=bn2_var_1 offset=0x94 range=32      |
| bn2_var      | s_axi_control       | register  | offset   | name=bn2_var_2 offset=0x98 range=32      |
| bn2_gamma    | m_axi_gmem_bn2      | interface |          |                                          |
| bn2_gamma    | s_axi_control       | register  | offset   | name=bn2_gamma_1 offset=0xa0 range=32    |
| bn2_gamma    | s_axi_control       | register  | offset   | name=bn2_gamma_2 offset=0xa4 range=32    |
| bn2_beta     | m_axi_gmem_bn2      | interface |          |                                          |
| bn2_beta     | s_axi_control       | register  | offset   | name=bn2_beta_1 offset=0xac range=32     |
| bn2_beta     | s_axi_control       | register  | offset   | name=bn2_beta_2 offset=0xb0 range=32     |
| bn3_mean     | m_axi_gmem_bn3      | interface |          |                                          |
| bn3_mean     | s_axi_control       | register  | offset   | name=bn3_mean_1 offset=0xb8 range=32     |
| bn3_mean     | s_axi_control       | register  | offset   | name=bn3_mean_2 offset=0xbc range=32     |
| bn3_var      | m_axi_gmem_bn3      | interface |          |                                          |
| bn3_var      | s_axi_control       | register  | offset   | name=bn3_var_1 offset=0xc4 range=32      |
| bn3_var      | s_axi_control       | register  | offset   | name=bn3_var_2 offset=0xc8 range=32      |
| bn3_gamma    | m_axi_gmem_bn3      | interface |          |                                          |
| bn3_gamma    | s_axi_control       | register  | offset   | name=bn3_gamma_1 offset=0xd0 range=32    |
| bn3_gamma    | s_axi_control       | register  | offset   | name=bn3_gamma_2 offset=0xd4 range=32    |
| bn3_beta     | m_axi_gmem_bn3      | interface |          |                                          |
| bn3_beta     | s_axi_control       | register  | offset   | name=bn3_beta_1 offset=0xdc range=32     |
| bn3_beta     | s_axi_control       | register  | offset   | name=bn3_beta_2 offset=0xe0 range=32     |
| out          | m_axi_gmem_out      | interface |          |                                          |
| out          | s_axi_control       | interface | offset   |                                          |
| c_in         | s_axi_control       | register  |          | name=c_in offset=0x10 range=32           |
| c_out        | s_axi_control       | register  |          | name=c_out offset=0xf4 range=32          |
| h_w          | s_axi_control       | register  |          | name=h_w offset=0x18 range=32            |
| c_reduce     | s_axi_control       | register  |          | name=c_reduce offset=0xfc range=32       |
| stride       | s_axi_control       | register  |          | name=stride offset=0x20 range=32         |
+--------------+---------------------+-----------+----------+------------------------------------------+


================================================================
== M_AXI Burst Information
================================================================
 Note: All burst requests might be further partitioned into multiple requests during RTL generation based on max_read_burst_length or max_write_burst_length settings.

* Inferred Burst Summary
+---------------------+-------------------+-----------+----------+-------+-----------------------------------------+
| HW Interface        | Loop              | Direction | Length   | Width | Location                                |
+---------------------+-------------------+-----------+----------+-------+-----------------------------------------+
| m_axi_gmem_weights1 | VITIS_LOOP_196_7  | read      | variable | 8     | ../../ip/ip2/channel_shuffle.cpp:196:35 |
| m_axi_gmem_out      | VITIS_LOOP_298_14 | write     | variable | 8     | ../../ip/ip2/channel_shuffle.cpp:298:28 |
+---------------------+-------------------+-----------+----------+-------+-----------------------------------------+

* Inferred Bursts and Widening Missed
+---------------------+--------------+-------------------+------------------------------------------------------------------------------------------------------+------------+-----------------------------------------+
| HW Interface        | Variable     | Loop              | Problem                                                                                              | Resolution | Location                                |
+---------------------+--------------+-------------------+------------------------------------------------------------------------------------------------------+------------+-----------------------------------------+
| m_axi_gmem_in       | in           | VITIS_LOOP_165_3  | Stride is incompatible                                                                               | 214-230    | ../../ip/ip2/channel_shuffle.cpp:165:20 |
| m_axi_gmem_out      | out          | VITIS_LOOP_165_3  | Stride is incompatible                                                                               | 214-230    | ../../ip/ip2/channel_shuffle.cpp:165:20 |
| m_axi_gmem_in       | in           | VITIS_LOOP_200_8  | Stride is incompatible                                                                               | 214-230    | ../../ip/ip2/channel_shuffle.cpp:200:39 |
| m_axi_gmem_weights2 | dw_kernel    | VITIS_LOOP_236_12 | Stride is incompatible                                                                               | 214-230    | ../../ip/ip2/channel_shuffle.cpp:236:36 |
| m_axi_gmem_weights2 | dw_kernel    | VITIS_LOOP_236_12 | Stride is incompatible                                                                               | 214-230    | ../../ip/ip2/channel_shuffle.cpp:236:36 |
| m_axi_gmem_weights2 | dw_kernel    | VITIS_LOOP_236_12 | Access load is in the conditional branch                                                             | 214-232    | ../../ip/ip2/channel_shuffle.cpp:236:36 |
| m_axi_gmem_weights2 | dw_kernel    | VITIS_LOOP_236_12 | Stride is incompatible                                                                               | 214-230    | ../../ip/ip2/channel_shuffle.cpp:236:36 |
| m_axi_gmem_weights2 | dw_kernel    | VITIS_LOOP_236_12 | Stride is incompatible                                                                               | 214-230    | ../../ip/ip2/channel_shuffle.cpp:236:36 |
| m_axi_gmem_weights2 | dw_kernel    | VITIS_LOOP_236_12 | Stride is incompatible                                                                               | 214-230    | ../../ip/ip2/channel_shuffle.cpp:236:36 |
| m_axi_gmem_weights2 | dw_kernel    | VITIS_LOOP_236_12 | Access load is in the conditional branch                                                             | 214-232    | ../../ip/ip2/channel_shuffle.cpp:236:36 |
| m_axi_gmem_weights2 | dw_kernel    | VITIS_LOOP_236_12 | Stride is incompatible                                                                               | 214-230    | ../../ip/ip2/channel_shuffle.cpp:236:36 |
| m_axi_gmem_weights2 | dw_kernel    | VITIS_LOOP_236_12 | Access load is in the conditional branch                                                             | 214-232    | ../../ip/ip2/channel_shuffle.cpp:236:36 |
| m_axi_gmem_out      | out          | VITIS_LOOP_297_13 | Stride is incompatible                                                                               | 214-230    | ../../ip/ip2/channel_shuffle.cpp:297:24 |
| m_axi_gmem_out      | out          | VITIS_LOOP_318_19 | Stride is incompatible                                                                               | 214-230    | ../../ip/ip2/channel_shuffle.cpp:318:36 |
| m_axi_gmem_weights3 | conv2_kernel | VITIS_LOOP_333_22 | Stride is incompatible                                                                               | 214-230    | ../../ip/ip2/channel_shuffle.cpp:333:44 |
| m_axi_gmem_out      | out          | VITIS_LOOP_333_22 | Stride is incompatible                                                                               | 214-230    | ../../ip/ip2/channel_shuffle.cpp:333:44 |
| m_axi_gmem_out      | out          | VITIS_LOOP_333_22 | Stride is incompatible                                                                               | 214-230    | ../../ip/ip2/channel_shuffle.cpp:333:44 |
| m_axi_gmem_out      | out          | VITIS_LOOP_342_23 | Stride is incompatible                                                                               | 214-230    | ../../ip/ip2/channel_shuffle.cpp:342:36 |
| m_axi_gmem_out      | out          | VITIS_LOOP_342_23 | Stride is incompatible                                                                               | 214-230    | ../../ip/ip2/channel_shuffle.cpp:342:36 |
| m_axi_gmem_out      | out          | VITIS_LOOP_382_27 | Stride is incompatible                                                                               | 214-230    | ../../ip/ip2/channel_shuffle.cpp:382:36 |
| m_axi_gmem_out      | out          | VITIS_LOOP_388_28 | Access store is in the conditional branch                                                            | 214-232    | ../../ip/ip2/channel_shuffle.cpp:388:36 |
| m_axi_gmem_out      | out          | VITIS_LOOP_299_15 | Could not widen since type i8 size is greater than or equal to the max_widen_bitwidth threshold of 0 | 214-353    | ../../ip/ip2/channel_shuffle.cpp:299:32 |
| m_axi_gmem_weights1 | conv1_kernel | VITIS_LOOP_200_8  | Could not widen since type i8 size is greater than or equal to the max_widen_bitwidth threshold of 0 | 214-353    | ../../ip/ip2/channel_shuffle.cpp:200:39 |
+---------------------+--------------+-------------------+------------------------------------------------------------------------------------------------------+------------+-----------------------------------------+

    * Resolution URL: www.xilinx.com/cgi-bin/docs/rdoc?v=2022.2;t=hls+guidance;d=XXX-YYY.html (replace XXX-YYY with column value)

================================================================
== Bind Op Report
================================================================
+---------------------------------------------------------------------------------+-----+--------+----------------+-----+--------+---------+
| Name                                                                            | DSP | Pragma | Variable       | Op  | Impl   | Latency |
+---------------------------------------------------------------------------------+-----+--------+----------------+-----+--------+---------+
| + shufflenet_block                                                              | 53  |        |                |     |        |         |
|   sub_ln162_fu_1466_p2                                                          | -   |        | sub_ln162      | sub | fabric | 0       |
|   mul_16ns_32ns_48_1_1_U23                                                      | 2   |        | mul_ln101      | mul | auto   | 0       |
|   mul_16ns_48ns_64_2_1_U24                                                      | 2   |        | mul_ln101_1    | mul | auto   | 1       |
|   mul_mul_16ns_16ns_32_4_1_U45                                                  | 1   |        | ret_V_11       | mul | dsp48  | 3       |
|   mul_6s_6s_6_1_1_U25                                                           | -   |        | mul_ln186      | mul | auto   | 0       |
|   add_ln1027_fu_1573_p2                                                         | -   |        | add_ln1027     | add | fabric | 0       |
|   add_ln840_fu_1590_p2                                                          | -   |        | add_ln840      | add | fabric | 0       |
|   mul_mul_16ns_16ns_32_4_1_U46                                                  | 1   |        | mul_ln1027     | mul | dsp48  | 3       |
|   add_ln186_1_fu_1660_p2                                                        | -   |        | add_ln186_1    | add | fabric | 0       |
|   add_ln193_fu_1670_p2                                                          | -   |        | add_ln193      | add | fabric | 0       |
|   mul_mul_16ns_15ns_31_4_1_U47                                                  | 1   |        | mul_ln186_1    | mul | dsp48  | 3       |
|   add_ln186_2_fu_1722_p2                                                        | -   |        | add_ln186_2    | add | fabric | 0       |
|   ret_V_fu_1702_p2                                                              | -   |        | ret_V          | add | fabric | 0       |
|   cr_end_V_fu_1727_p2                                                           | -   |        | cr_end_V       | add | fabric | 0       |
|   sub_ln196_fu_1745_p2                                                          | -   |        | sub_ln196      | sub | fabric | 0       |
|   mul_mul_16ns_15ns_31_4_1_U48                                                  | 1   |        | mul_ln196      | mul | dsp48  | 3       |
|   add_ln196_fu_1778_p2                                                          | -   |        | add_ln196      | add | fabric | 0       |
|   add_ln196_1_fu_1828_p2                                                        | -   |        | add_ln196_1    | add | fabric | 0       |
|   add_ln200_fu_1845_p2                                                          | -   |        | add_ln200      | add | fabric | 0       |
|   add_ln186_16_fu_1851_p2                                                       | -   |        | add_ln186_16   | add | fabric | 0       |
|   in_idx_V_fu_1856_p2                                                           | -   |        | in_idx_V       | add | fabric | 0       |
|   add_ln186_9_fu_1865_p2                                                        | -   |        | add_ln186_9    | add | fabric | 0       |
|   mac_muladd_8s_8s_30s_30_4_1_U51                                               | 1   |        | ret_V_12       | mul | dsp48  | 3       |
|   mac_muladd_8s_8s_30s_30_4_1_U51                                               | 1   |        | conv1_sum_V_1  | add | dsp48  | 3       |
|   ama_submuladd_6ns_6ns_6s_6ns_6_4_1_U49                                        | 1   |        | sub_ln186_1    | sub | dsp48  | 3       |
|   ama_submuladd_6ns_6ns_6s_6ns_6_4_1_U49                                        | 1   |        | mul_ln186_3    | mul | dsp48  | 3       |
|   ama_submuladd_6ns_6ns_6s_6ns_6_4_1_U49                                        | 1   |        | add_ln186_10   | add | dsp48  | 3       |
|   buf_idx_V_fu_1915_p2                                                          | -   |        | buf_idx_V      | add | fabric | 0       |
|   am_submul_22s_8s_8s_31_4_1_U50                                                | 1   |        | sub_ln27       | sub | dsp48  | 3       |
|   am_submul_22s_8s_8s_31_4_1_U50                                                | 1   |        | lhs            | mul | dsp48  | 3       |
|   mul_31s_17ns_47_1_1_U27                                                       | 2   |        | mul_ln1494_2   | mul | auto   | 0       |
|   bn_val_V_fu_1954_p2                                                           | -   |        | bn_val_V       | add | fabric | 0       |
|   add_ln27_fu_1959_p2                                                           | -   |        | add_ln27       | add | fabric | 0       |
|   add_ln840_10_fu_1903_p2                                                       | -   |        | add_ln840_10   | add | fabric | 0       |
|   add_ln193_1_fu_1834_p2                                                        | -   |        | add_ln193_1    | add | fabric | 0       |
|   w_V_5_fu_1680_p2                                                              | -   |        | w_V_5          | add | fabric | 0       |
|   sub_i_i3401_fu_2000_p2                                                        | -   |        | sub_i_i3401    | add | fabric | 0       |
|   add_ln1027_2_fu_2024_p2                                                       | -   |        | add_ln1027_2   | add | fabric | 0       |
|   add_ln1027_3_fu_2065_p2                                                       | -   |        | add_ln1027_3   | add | fabric | 0       |
|   add_ln840_4_fu_2087_p2                                                        | -   |        | add_ln840_4    | add | fabric | 0       |
|   mul_ln228_fu_2201_p0                                                          | -   |        | add_ln228      | add | fabric | 0       |
|   mul_6s_6s_6_1_1_U29                                                           | -   |        | mul_ln228      | mul | auto   | 0       |
|   mul_ln228_1_fu_2211_p0                                                        | -   |        | add_ln228_1    | add | fabric | 0       |
|   mul_6s_6s_6_1_1_U30                                                           | -   |        | mul_ln228_1    | mul | auto   | 0       |
|   mul_6s_6s_6_1_1_U31                                                           | -   |        | mul_ln228_2    | mul | auto   | 0       |
|   add_ln186_fu_2225_p2                                                          | -   |        | add_ln186      | add | fabric | 0       |
|   w_V_7_fu_2230_p2                                                              | -   |        | w_V_7          | add | fabric | 0       |
|   w_V_5_cast_fu_2235_p2                                                         | -   |        | w_V_5_cast     | add | fabric | 0       |
|   add_ln186_5_fu_2258_p2                                                        | -   |        | add_ln186_5    | add | fabric | 0       |
|   add_ln1027_4_fu_2269_p2                                                       | -   |        | add_ln1027_4   | add | fabric | 0       |
|   ret_V_1_fu_2296_p2                                                            | -   |        | ret_V_1        | add | fabric | 0       |
|   cr_end_V_5_fu_2307_p2                                                         | -   |        | cr_end_V_5     | add | fabric | 0       |
|   buf_idx_base_V_fu_2343_p0                                                     | -   |        | sub_ln186      | sub | fabric | 0       |
|   mul_6s_6s_6_1_1_U33                                                           | -   |        | buf_idx_base_V | mul | auto   | 0       |
|   ret_V_92_fu_2364_p2                                                           | -   |        | ret_V_92       | add | fabric | 0       |
|   add_ln186_4_fu_2374_p2                                                        | -   |        | add_ln186_4    | add | fabric | 0       |
|   mul_8s_8s_16_1_1_U34                                                          | -   |        | ret_V_93       | mul | auto   | 0       |
|   ret_V_22_fu_2421_p2                                                           | -   |        | ret_V_22       | add | fabric | 0       |
|   add_ln186_12_fu_2430_p2                                                       | -   |        | add_ln186_12   | add | fabric | 0       |
|   mac_muladd_8s_8s_16s_17_4_1_U52                                               | 1   |        | ret_V_24       | mul | dsp48  | 3       |
|   mac_muladd_8s_8s_16s_17_4_1_U52                                               | 1   |        | dw_sum_V_2     | add | dsp48  | 3       |
|   ret_V_34_fu_2466_p2                                                           | -   |        | ret_V_34       | add | fabric | 0       |
|   add_ln186_14_fu_2475_p2                                                       | -   |        | add_ln186_14   | add | fabric | 0       |
|   mac_muladd_8s_8s_17s_17_4_1_U53                                               | 1   |        | ret_V_38       | mul | dsp48  | 3       |
|   mac_muladd_8s_8s_17s_17_4_1_U53                                               | 1   |        | dw_sum_V_4     | add | dsp48  | 3       |
|   buf_idx_V_5_fu_2535_p2                                                        | -   |        | buf_idx_V_5    | add | fabric | 0       |
|   ret_V_49_fu_2515_p2                                                           | -   |        | ret_V_49       | add | fabric | 0       |
|   add_ln186_17_fu_2524_p2                                                       | -   |        | add_ln186_17   | add | fabric | 0       |
|   mac_muladd_8s_8s_17s_18_4_1_U54                                               | 1   |        | ret_V_52       | mul | dsp48  | 3       |
|   mac_muladd_8s_8s_17s_18_4_1_U54                                               | 1   |        | dw_sum_V_6     | add | dsp48  | 3       |
|   add_ln186_30_fu_2579_p2                                                       | -   |        | add_ln186_30   | add | fabric | 0       |
|   buf_idx_V_6_fu_2583_p2                                                        | -   |        | buf_idx_V_6    | add | fabric | 0       |
|   ret_V_59_fu_2559_p2                                                           | -   |        | ret_V_59       | add | fabric | 0       |
|   add_ln186_19_fu_2568_p2                                                       | -   |        | add_ln186_19   | add | fabric | 0       |
|   mac_muladd_8s_8s_18s_18_4_1_U55                                               | 1   |        | ret_V_62       | mul | dsp48  | 3       |
|   mac_muladd_8s_8s_18s_18_4_1_U55                                               | 1   |        | dw_sum_V_8     | add | dsp48  | 3       |
|   buf_idx_V_7_fu_2628_p2                                                        | -   |        | buf_idx_V_7    | add | fabric | 0       |
|   ret_V_68_fu_2608_p2                                                           | -   |        | ret_V_68       | add | fabric | 0       |
|   add_ln186_21_fu_2617_p2                                                       | -   |        | add_ln186_21   | add | fabric | 0       |
|   mac_muladd_8s_8s_18s_18_4_1_U56                                               | 1   |        | ret_V_69       | mul | dsp48  | 3       |
|   mac_muladd_8s_8s_18s_18_4_1_U56                                               | 1   |        | dw_sum_V_9     | add | dsp48  | 3       |
|   ret_V_76_fu_2652_p2                                                           | -   |        | ret_V_76       | add | fabric | 0       |
|   add_ln186_23_fu_2661_p2                                                       | -   |        | add_ln186_23   | add | fabric | 0       |
|   mac_muladd_8s_8s_18s_18_4_1_U57                                               | 1   |        | ret_V_77       | mul | dsp48  | 3       |
|   mac_muladd_8s_8s_18s_18_4_1_U57                                               | 1   |        | dw_sum_V_11    | add | dsp48  | 3       |
|   ret_V_82_fu_2701_p2                                                           | -   |        | ret_V_82       | add | fabric | 0       |
|   add_ln186_27_fu_2710_p2                                                       | -   |        | add_ln186_27   | add | fabric | 0       |
|   mac_muladd_8s_8s_18s_19_4_1_U58                                               | 1   |        | ret_V_83       | mul | dsp48  | 3       |
|   mac_muladd_8s_8s_18s_19_4_1_U58                                               | 1   |        | dw_sum_V_13    | add | dsp48  | 3       |
|   ret_V_89_fu_2751_p2                                                           | -   |        | ret_V_89       | add | fabric | 0       |
|   add_ln186_32_fu_2760_p2                                                       | -   |        | add_ln186_32   | add | fabric | 0       |
|   mac_muladd_8s_8s_19s_19_4_1_U59                                               | 1   |        | ret_V_90       | mul | dsp48  | 3       |
|   mac_muladd_8s_8s_19s_19_4_1_U59                                               | 1   |        | dw_sum_V_15    | add | dsp48  | 3       |
|   am_submul_11s_8s_8s_20_4_1_U60                                                | 1   |        | sub_ln27_2     | sub | dsp48  | 3       |
|   am_submul_11s_8s_8s_20_4_1_U60                                                | 1   |        | lhs_2          | mul | dsp48  | 3       |
|   mul_mul_20s_17ns_32_4_1_U61                                                   | 1   |        | mul_ln1494     | mul | dsp48  | 3       |
|   bn_val_V_3_fu_2822_p2                                                         | -   |        | bn_val_V_3     | add | fabric | 0       |
|   cr_V_9_fu_2804_p2                                                             | -   |        | cr_V_9         | add | fabric | 0       |
|   mul_15ns_32ns_47_1_1_U28                                                      | 2   |        | bound73        | mul | auto   | 0       |
|   add_ln342_fu_2877_p2                                                          | -   |        | add_ln342      | add | fabric | 0       |
|   add_ln1027_5_fu_2900_p2                                                       | -   |        | add_ln1027_5   | add | fabric | 0       |
|   add_ln840_6_fu_2917_p2                                                        | -   |        | add_ln840_6    | add | fabric | 0       |
|   mul_mul_16ns_16ns_32_4_1_U62                                                  | 1   |        | mul_ln1027_1   | mul | dsp48  | 3       |
|   add_ln1495_fu_2998_p2                                                         | -   |        | add_ln1495     | add | fabric | 0       |
|   add_ln342_1_fu_3008_p2                                                        | -   |        | add_ln342_1    | add | fabric | 0       |
|   ret_V_2_fu_3022_p2                                                            | -   |        | ret_V_2        | add | fabric | 0       |
|   c_out_end_V_fu_3033_p2                                                        | -   |        | c_out_end_V    | add | fabric | 0       |
|   mul_32s_32s_32_1_1_U35                                                        | 3   |        | mul_ln1495     | mul | auto   | 0       |
|   out_idx_V_fu_3084_p2                                                          | -   |        | out_idx_V      | add | fabric | 0       |
|   add_ln320_fu_3092_p2                                                          | -   |        | add_ln320      | add | fabric | 0       |
|   add_ln840_13_fu_3078_p2                                                       | -   |        | add_ln840_13   | add | fabric | 0       |
|   ret_V_40_fu_3112_p2                                                           | -   |        | ret_V_40       | add | fabric | 0       |
|   cr_end_V_6_fu_3123_p2                                                         | -   |        | cr_end_V_6     | add | fabric | 0       |
|   ama_submuladd_6ns_6ns_6s_6ns_6_4_1_U63                                        | 1   |        | sub_ln186_2    | sub | dsp48  | 3       |
|   ama_submuladd_6ns_6ns_6s_6ns_6_4_1_U63                                        | 1   |        | mul_ln186_4    | mul | dsp48  | 3       |
|   ama_submuladd_6ns_6ns_6s_6ns_6_4_1_U63                                        | 1   |        | add_ln186_38   | add | dsp48  | 3       |
|   buf_idx_V_11_fu_3149_p2                                                       | -   |        | buf_idx_V_11   | add | fabric | 0       |
|   mul_32s_16ns_32_1_1_U36                                                       | 2   |        | ret_V_85       | mul | auto   | 0       |
|   kernel_idx_V_fu_3201_p2                                                       | -   |        | kernel_idx_V   | add | fabric | 0       |
|   mul_32s_32s_32_1_1_U37                                                        | 3   |        | mul_ln1495_4   | mul | auto   | 0       |
|   out_idx_V_2_fu_3205_p2                                                        | -   |        | out_idx_V_2    | add | fabric | 0       |
|   add_ln186_37_fu_3213_p2                                                       | -   |        | add_ln186_37   | add | fabric | 0       |
|   mac_muladd_8s_8s_8ns_8_4_1_U64                                                | 1   |        | mul_ln840      | mul | dsp48  | 3       |
|   add_ln840_25_fu_3228_p2                                                       | -   |        | add_ln840_25   | add | fabric | 0       |
|   mac_muladd_8s_8s_8ns_8_4_1_U64                                                | 1   |        | add_ln840_26   | add | dsp48  | 3       |
|   add_ln840_27_fu_3189_p2                                                       | -   |        | add_ln840_27   | add | fabric | 0       |
|   cr_V_8_fu_3195_p2                                                             | -   |        | cr_V_8         | add | fabric | 0       |
|   mul_32s_32s_32_1_1_U38                                                        | 3   |        | mul_ln1495_2   | mul | auto   | 0       |
|   out_idx_V_1_fu_3264_p2                                                        | -   |        | out_idx_V_1    | add | fabric | 0       |
|   add_ln1669_fu_3272_p2                                                         | -   |        | add_ln1669     | add | fabric | 0       |
|   sub_ln27_1_fu_3298_p2                                                         | -   |        | sub_ln27_1     | sub | fabric | 0       |
|   mul_9s_8s_17_1_1_U40                                                          | -   |        | lhs_1          | mul | auto   | 0       |
|   mul_mul_17s_17ns_33_4_1_U65                                                   | 1   |        | ret_V_72       | mul | dsp48  | 3       |
|   bn_val_V_1_fu_3341_p2                                                         | -   |        | bn_val_V_1     | add | fabric | 0       |
|   add_ln27_1_fu_3346_p2                                                         | -   |        | add_ln27_1     | add | fabric | 0       |
|   add_ln840_21_fu_3258_p2                                                       | -   |        | add_ln840_21   | add | fabric | 0       |
|   w_V_8_fu_3046_p2                                                              | -   |        | w_V_8          | add | fabric | 0       |
|   add_ln388_fu_2951_p2                                                          | -   |        | add_ln388      | add | fabric | 0       |
|   add_ln1027_6_fu_3383_p2                                                       | -   |        | add_ln1027_6   | add | fabric | 0       |
|   add_ln840_7_fu_3408_p2                                                        | -   |        | add_ln840_7    | add | fabric | 0       |
|   mac_muladd_16ns_16ns_16ns_32_4_1_U66                                          | 1   |        | mul_ln1027_2   | mul | dsp48  | 3       |
|   mac_muladd_16ns_16ns_16ns_32_4_1_U66                                          | 1   |        | add_ln1495_1   | add | dsp48  | 3       |
|   add_ln388_1_fu_3434_p2                                                        | -   |        | add_ln388_1    | add | fabric | 0       |
|   ret_V_16_fu_3448_p2                                                           | -   |        | ret_V_16       | add | fabric | 0       |
|   block_end_V_fu_3459_p2                                                        | -   |        | block_end_V    | add | fabric | 0       |
|   mul_32s_32s_32_1_1_U41                                                        | 3   |        | mul_ln1495_1   | mul | auto   | 0       |
|   src_idx_V_fu_3520_p2                                                          | -   |        | src_idx_V      | add | fabric | 0       |
|   add_ln384_fu_3528_p2                                                          | -   |        | add_ln384      | add | fabric | 0       |
|   add_ln840_18_fu_3514_p2                                                       | -   |        | add_ln840_18   | add | fabric | 0       |
|   new_c_V_fu_3601_p2                                                            | -   |        | new_c_V        | add | fabric | 0       |
|   mul_32s_32s_32_1_1_U44                                                        | 3   |        | mul_ln1495_3   | mul | auto   | 0       |
|   dst_idx_V_fu_3637_p2                                                          | -   |        | dst_idx_V      | add | fabric | 0       |
|   ret_V_84_fu_3633_p2                                                           | -   |        | ret_V_84       | add | fabric | 0       |
|   add_ln398_fu_3649_p2                                                          | -   |        | add_ln398      | add | fabric | 0       |
|   add_ln840_24_fu_3660_p2                                                       | -   |        | add_ln840_24   | add | fabric | 0       |
|   w_V_9_fu_3478_p2                                                              | -   |        | w_V_9          | add | fabric | 0       |
|  + shufflenet_block_Pipeline_VITIS_LOOP_162_1_VITIS_LOOP_163_2_VITIS_LOOP_165_3 | 4   |        |                |     |        |         |
|    add_ln1027_1_fu_229_p2                                                       | -   |        | add_ln1027_1   | add | fabric | 0       |
|    add_ln840_fu_314_p2                                                          | -   |        | add_ln840      | add | fabric | 0       |
|    w_V_4_fu_351_p2                                                              | -   |        | w_V_4          | add | fabric | 0       |
|    mul_32s_16ns_32_1_1_U1                                                       | 2   |        | mul_ln186      | mul | auto   | 0       |
|    tmp_fu_331_p2                                                                | -   |        | tmp            | add | fabric | 0       |
|    mul_32s_16ns_32_1_1_U2                                                       | 2   |        | tmp70          | mul | auto   | 0       |
|    in_idx_V_fu_376_p2                                                           | -   |        | in_idx_V       | add | fabric | 0       |
|    add_ln170_fu_385_p2                                                          | -   |        | add_ln170      | add | fabric | 0       |
|    add_ln170_1_fu_390_p2                                                        | -   |        | add_ln170_1    | add | fabric | 0       |
|    add_ln840_2_fu_272_p2                                                        | -   |        | add_ln840_2    | add | fabric | 0       |
|    add_ln1027_fu_278_p2                                                         | -   |        | add_ln1027     | add | fabric | 0       |
|  + shufflenet_block_Pipeline_VITIS_LOOP_299_15                                  | 2   |        |                |     |        |         |
|    add_ln1027_fu_218_p2                                                         | -   |        | add_ln1027     | add | fabric | 0       |
|    add_ln840_fu_238_p2                                                          | -   |        | add_ln840      | add | fabric | 0       |
|    mul_15ns_32s_32_1_1_U14                                                      | 2   |        | mul_ln297      | mul | auto   | 0       |
|    add_ln297_fu_397_p2                                                          | -   |        | add_ln297      | add | fabric | 0       |
|    add_ln298_fu_365_p2                                                          | -   |        | add_ln298      | add | fabric | 0       |
|    add_ln840_1_fu_288_p2                                                        | -   |        | add_ln840_1    | add | fabric | 0       |
|    add_ln298_1_fu_378_p2                                                        | -   |        | add_ln298_1    | add | fabric | 0       |
|    add_ln298_2_fu_313_p2                                                        | -   |        | add_ln298_2    | add | fabric | 0       |
+---------------------------------------------------------------------------------+-----+--------+----------------+-----+--------+---------+


================================================================
== Bind Storage Report
================================================================
+--------------------+------+------+--------+----------------+---------+------+---------+
| Name               | BRAM | URAM | Pragma | Variable       | Storage | Impl | Latency |
+--------------------+------+------+--------+----------------+---------+------+---------+
| + shufflenet_block | 2    | 0    |        |                |         |      |         |
|   shuffle_temp_V_U | 1    | -    | yes    | shuffle_temp_V | ram_s2p | bram | 1       |
|   conv_branch_V_U  | 1    | -    | pragma | conv_branch_V  | ram_s2p | bram | 1       |
+--------------------+------+------+--------+----------------+---------+------+---------+


================================================================
== Pragma Report
================================================================
* Valid Pragma Syntax
+----------------+-------------------------------------------------------------------+------------------------------------------------------------------------+
| Type           | Options                                                           | Location                                                               |
+----------------+-------------------------------------------------------------------+------------------------------------------------------------------------+
| interface      | m_axi port=in bundle=gmem_in depth=1024*1024*1024                 | ../../ip/ip2/channel_shuffle.cpp:67 in channel_shuffle, in             |
| interface      | m_axi port=out bundle=gmem_out depth=1024*1024*1024               | ../../ip/ip2/channel_shuffle.cpp:68 in channel_shuffle, out            |
| interface      | s_axilite port=c_in bundle=control offset=0x10                    | ../../ip/ip2/channel_shuffle.cpp:69 in channel_shuffle, c_in           |
| interface      | s_axilite port=c_out bundle=control offset=0x14                   | ../../ip/ip2/channel_shuffle.cpp:70 in channel_shuffle, c_out          |
| interface      | s_axilite port=h_w bundle=control offset=0x18                     | ../../ip/ip2/channel_shuffle.cpp:71 in channel_shuffle, h_w            |
| interface      | s_axilite port=groups bundle=control offset=0x24                  | ../../ip/ip2/channel_shuffle.cpp:72 in channel_shuffle, groups         |
| interface      | s_axilite port=return bundle=control                              | ../../ip/ip2/channel_shuffle.cpp:73 in channel_shuffle, return         |
| inline         | off                                                               | ../../ip/ip2/channel_shuffle.cpp:76 in channel_shuffle                 |
| pipeline       | II=1                                                              | ../../ip/ip2/channel_shuffle.cpp:83 in channel_shuffle                 |
| loop_tripcount | min=1 max=512                                                     | ../../ip/ip2/channel_shuffle.cpp:84 in channel_shuffle                 |
| unroll         | factor=2                                                          | ../../ip/ip2/channel_shuffle.cpp:87 in channel_shuffle                 |
| interface      | m_axi port=in bundle=gmem_in depth=1024*1024*1024                 | ../../ip/ip2/channel_shuffle.cpp:126 in shufflenet_block, in           |
| interface      | m_axi port=conv1_kernel bundle=gmem_weights1 depth=1024*1024*1024 | ../../ip/ip2/channel_shuffle.cpp:127 in shufflenet_block, conv1_kernel |
| interface      | m_axi port=dw_kernel bundle=gmem_weights2 depth=1024*1024*1024    | ../../ip/ip2/channel_shuffle.cpp:128 in shufflenet_block, dw_kernel    |
| interface      | m_axi port=conv2_kernel bundle=gmem_weights3 depth=1024*1024*1024 | ../../ip/ip2/channel_shuffle.cpp:129 in shufflenet_block, conv2_kernel |
| interface      | m_axi port=bn1_mean bundle=gmem_bn1 depth=1024*1024               | ../../ip/ip2/channel_shuffle.cpp:130 in shufflenet_block, bn1_mean     |
| interface      | m_axi port=bn1_var bundle=gmem_bn1 depth=1024*1024                | ../../ip/ip2/channel_shuffle.cpp:131 in shufflenet_block, bn1_var      |
| interface      | m_axi port=bn1_gamma bundle=gmem_bn1 depth=1024*1024              | ../../ip/ip2/channel_shuffle.cpp:132 in shufflenet_block, bn1_gamma    |
| interface      | m_axi port=bn1_beta bundle=gmem_bn1 depth=1024*1024               | ../../ip/ip2/channel_shuffle.cpp:133 in shufflenet_block, bn1_beta     |
| interface      | m_axi port=bn2_mean bundle=gmem_bn2 depth=1024*1024               | ../../ip/ip2/channel_shuffle.cpp:134 in shufflenet_block, bn2_mean     |
| interface      | m_axi port=bn2_var bundle=gmem_bn2 depth=1024*1024                | ../../ip/ip2/channel_shuffle.cpp:135 in shufflenet_block, bn2_var      |
| interface      | m_axi port=bn2_gamma bundle=gmem_bn2 depth=1024*1024              | ../../ip/ip2/channel_shuffle.cpp:136 in shufflenet_block, bn2_gamma    |
| interface      | m_axi port=bn2_beta bundle=gmem_bn2 depth=1024*1024               | ../../ip/ip2/channel_shuffle.cpp:137 in shufflenet_block, bn2_beta     |
| interface      | m_axi port=bn3_mean bundle=gmem_bn3 depth=1024*1024               | ../../ip/ip2/channel_shuffle.cpp:138 in shufflenet_block, bn3_mean     |
| interface      | m_axi port=bn3_var bundle=gmem_bn3 depth=1024*1024                | ../../ip/ip2/channel_shuffle.cpp:139 in shufflenet_block, bn3_var      |
| interface      | m_axi port=bn3_gamma bundle=gmem_bn3 depth=1024*1024              | ../../ip/ip2/channel_shuffle.cpp:140 in shufflenet_block, bn3_gamma    |
| interface      | m_axi port=bn3_beta bundle=gmem_bn3 depth=1024*1024               | ../../ip/ip2/channel_shuffle.cpp:141 in shufflenet_block, bn3_beta     |
| interface      | m_axi port=out bundle=gmem_out depth=1024*1024*1024               | ../../ip/ip2/channel_shuffle.cpp:142 in shufflenet_block, out          |
| interface      | s_axilite port=c_in bundle=control offset=0x10                    | ../../ip/ip2/channel_shuffle.cpp:143 in shufflenet_block, c_in         |
| interface      | s_axilite port=c_out bundle=control offset=0x14                   | ../../ip/ip2/channel_shuffle.cpp:144 in shufflenet_block, c_out        |
| interface      | s_axilite port=h_w bundle=control offset=0x18                     | ../../ip/ip2/channel_shuffle.cpp:145 in shufflenet_block, h_w          |
| interface      | s_axilite port=c_reduce bundle=control offset=0x1C                | ../../ip/ip2/channel_shuffle.cpp:146 in shufflenet_block, c_reduce     |
| interface      | s_axilite port=stride bundle=control offset=0x20                  | ../../ip/ip2/channel_shuffle.cpp:147 in shufflenet_block, stride       |
| interface      | s_axilite port=return bundle=control                              | ../../ip/ip2/channel_shuffle.cpp:148 in shufflenet_block, return       |
| bind_storage   | variable=mini_buffer type=RAM_S2P                                 | ../../ip/ip2/channel_shuffle.cpp:156 in shufflenet_block, mini_buffer  |
| pipeline       | II=1                                                              | ../../ip/ip2/channel_shuffle.cpp:164 in shufflenet_block               |
| bind_storage   | variable=conv_branch type=RAM_S2P                                 | ../../ip/ip2/channel_shuffle.cpp:179 in shufflenet_block, conv_branch  |
| pipeline       | II=1                                                              | ../../ip/ip2/channel_shuffle.cpp:190 in shufflenet_block               |
| loop_tripcount | min=1 max=512                                                     | ../../ip/ip2/channel_shuffle.cpp:191 in shufflenet_block               |
| pipeline       | II=1                                                              | ../../ip/ip2/channel_shuffle.cpp:230 in shufflenet_block               |
| loop_tripcount | min=1 max=512                                                     | ../../ip/ip2/channel_shuffle.cpp:231 in shufflenet_block               |
| pipeline       | II=1                                                              | ../../ip/ip2/channel_shuffle.cpp:300 in shufflenet_block               |
| pipeline       | II=1                                                              | ../../ip/ip2/channel_shuffle.cpp:311 in shufflenet_block               |
| loop_tripcount | min=1 max=512                                                     | ../../ip/ip2/channel_shuffle.cpp:312 in shufflenet_block               |
| bind_storage   | variable=shuffle_temp type=RAM_S2P                                | ../../ip/ip2/channel_shuffle.cpp:369 in shufflenet_block, shuffle_temp |
| pipeline       | II=1                                                              | ../../ip/ip2/channel_shuffle.cpp:374 in shufflenet_block               |
| loop_tripcount | min=1 max=512                                                     | ../../ip/ip2/channel_shuffle.cpp:375 in shufflenet_block               |
+----------------+-------------------------------------------------------------------+------------------------------------------------------------------------+


