

================================================================
== Vitis HLS Report for 'shufflenet_block_Pipeline_VITIS_LOOP_162_1_VITIS_LOOP_163_2_VITIS_LOOP_165_3'
================================================================
* Date:           Thu Oct 30 14:52:05 2025

* Version:        2022.2 (Build 3670227 on Oct 13 2022)
* Project:        ip2
* Solution:       solution1 (Vivado IP Flow Target)
* Product family: zynq
* Target device:  xc7z020-clg400-2


================================================================
== Performance Estimates
================================================================
+ Timing: 
    * Summary: 
    +--------+----------+----------+------------+
    |  Clock |  Target  | Estimated| Uncertainty|
    +--------+----------+----------+------------+
    |ap_clk  |  10.00 ns|  7.300 ns|     2.70 ns|
    +--------+----------+----------+------------+

+ Latency: 
    * Summary: 
    +---------+---------+----------+----------+-----+-----+---------+
    |  Latency (cycles) |  Latency (absolute) |  Interval | Pipeline|
    |   min   |   max   |    min   |    max   | min | max |   Type  |
    +---------+---------+----------+----------+-----+-----+---------+
    |        ?|        ?|         ?|         ?|    ?|    ?|       no|
    +---------+---------+----------+----------+-----+-----+---------+

    + Detail: 
        * Instance: 
        N/A

        * Loop: 
        +------------------------------------------------------+---------+---------+----------+-----------+-----------+------+----------+
        |                                                      |  Latency (cycles) | Iteration|  Initiation Interval  | Trip |          |
        |                       Loop Name                      |   min   |   max   |  Latency |  achieved |   target  | Count| Pipelined|
        +------------------------------------------------------+---------+---------+----------+-----------+-----------+------+----------+
        |- VITIS_LOOP_162_1_VITIS_LOOP_163_2_VITIS_LOOP_165_3  |        ?|        ?|        19|          1|          1|     ?|       yes|
        +------------------------------------------------------+---------+---------+----------+-----------+-----------+------+----------+



================================================================
== Utilization Estimates
================================================================
* Summary: 
+-----------------+---------+-----+--------+-------+-----+
|       Name      | BRAM_18K| DSP |   FF   |  LUT  | URAM|
+-----------------+---------+-----+--------+-------+-----+
|DSP              |        -|    -|       -|      -|    -|
|Expression       |        -|    -|       0|    586|    -|
|FIFO             |        -|    -|       -|      -|    -|
|Instance         |        -|    4|       0|     42|    -|
|Memory           |        -|    -|       -|      -|    -|
|Multiplexer      |        -|    -|       -|    117|    -|
|Register         |        -|    -|     735|     96|    -|
+-----------------+---------+-----+--------+-------+-----+
|Total            |        0|    4|     735|    841|    0|
+-----------------+---------+-----+--------+-------+-----+
|Available        |      280|  220|  106400|  53200|    0|
+-----------------+---------+-----+--------+-------+-----+
|Utilization (%)  |        0|    1|      ~0|      1|    0|
+-----------------+---------+-----+--------+-------+-----+

+ Detail: 
    * Instance: 
    +------------------------+---------------------+---------+----+---+----+-----+
    |        Instance        |        Module       | BRAM_18K| DSP| FF| LUT| URAM|
    +------------------------+---------------------+---------+----+---+----+-----+
    |mul_32s_16ns_32_1_1_U1  |mul_32s_16ns_32_1_1  |        0|   2|  0|  21|    0|
    |mul_32s_16ns_32_1_1_U2  |mul_32s_16ns_32_1_1  |        0|   2|  0|  21|    0|
    +------------------------+---------------------+---------+----+---+----+-----+
    |Total                   |                     |        0|   4|  0|  42|    0|
    +------------------------+---------------------+---------+----+---+----+-----+

    * DSP: 
    N/A

    * Memory: 
    N/A

    * FIFO: 
    N/A

    * Expression: 
    +---------------------------+----------+----+---+----+------------+------------+
    |       Variable Name       | Operation| DSP| FF| LUT| Bitwidth P0| Bitwidth P1|
    +---------------------------+----------+----+---+----+------------+------------+
    |add_ln1027_1_fu_229_p2     |         +|   0|  0|  64|          64|           1|
    |add_ln1027_fu_278_p2       |         +|   0|  0|  48|          48|           1|
    |add_ln170_1_fu_390_p2      |         +|   0|  0|  64|          64|          64|
    |add_ln170_fu_385_p2        |         +|   0|  0|  64|          64|          64|
    |add_ln840_2_fu_272_p2      |         +|   0|  0|  32|          32|           1|
    |add_ln840_fu_314_p2        |         +|   0|  0|  16|          16|           1|
    |in_idx_V_fu_376_p2         |         +|   0|  0|  32|          32|          32|
    |tmp_fu_331_p2              |         +|   0|  0|  32|          32|          32|
    |w_V_4_fu_351_p2            |         +|   0|  0|  16|          16|           1|
    |icmp_ln1027_3_fu_241_p2    |      icmp|   0|  0|  17|          48|          48|
    |icmp_ln1027_4_fu_253_p2    |      icmp|   0|  0|  12|          32|          32|
    |icmp_ln1027_fu_224_p2      |      icmp|   0|  0|  23|          64|          64|
    |ap_block_pp0_stage0_01001  |        or|   0|  0|   1|           1|           1|
    |ap_block_pp0_stage0_11001  |        or|   0|  0|   1|           1|           1|
    |select_ln1027_1_fu_246_p3  |    select|   0|  0|  32|           1|          32|
    |select_ln1027_2_fu_320_p3  |    select|   0|  0|  16|           1|          16|
    |select_ln1027_3_fu_258_p3  |    select|   0|  0|   2|           1|           1|
    |select_ln1027_4_fu_284_p3  |    select|   0|  0|  48|           1|           1|
    |select_ln1027_fu_344_p3    |    select|   0|  0|  16|           1|           1|
    |select_ln164_1_fu_357_p3   |    select|   0|  0|  16|           1|          16|
    |select_ln164_fu_265_p3     |    select|   0|  0|  32|           1|          32|
    |ap_enable_pp0              |       xor|   0|  0|   2|           1|           2|
    +---------------------------+----------+----+---+----+------------+------------+
    |Total                      |          |   0|  0| 586|         522|         444|
    +---------------------------+----------+----+---+----+------------+------------+

    * Multiplexer: 
    +-------------------------+----+-----------+-----+-----------+
    |           Name          | LUT| Input Size| Bits| Total Bits|
    +-------------------------+----+-----------+-----+-----------+
    |ap_done_int              |   9|          2|    1|          2|
    |ap_enable_reg_pp0_iter1  |   9|          2|    1|          2|
    |ap_enable_reg_pp0_iter2  |   9|          2|    1|          2|
    |gmem_in_blk_n_AR         |   9|          2|    1|          2|
    |gmem_in_blk_n_R          |   9|          2|    1|          2|
    |gmem_out_blk_n_AW        |   9|          2|    1|          2|
    |gmem_out_blk_n_B         |   9|          2|    1|          2|
    |gmem_out_blk_n_W         |   9|          2|    1|          2|
    |h_V_fu_100               |   9|          2|   16|         32|
    |indvar_flatten42_fu_104  |   9|          2|   64|        128|
    |indvar_flatten_fu_96     |   9|          2|   48|         96|
    |lhs_V_fu_88              |   9|          2|   32|         64|
    |w_V_fu_92                |   9|          2|   16|         32|
    +-------------------------+----+-----------+-----+-----------+
    |Total                    | 117|         26|  184|        368|
    +-------------------------+----+-----------+-----+-----------+

    * Register: 
    +-----------------------------------+----+----+-----+-----------+
    |                Name               | FF | LUT| Bits| Const Bits|
    +-----------------------------------+----+----+-----+-----------+
    |ap_CS_fsm                          |   1|   0|    1|          0|
    |ap_done_reg                        |   1|   0|    1|          0|
    |ap_enable_reg_pp0_iter1            |   1|   0|    1|          0|
    |ap_enable_reg_pp0_iter10           |   1|   0|    1|          0|
    |ap_enable_reg_pp0_iter11           |   1|   0|    1|          0|
    |ap_enable_reg_pp0_iter12           |   1|   0|    1|          0|
    |ap_enable_reg_pp0_iter13           |   1|   0|    1|          0|
    |ap_enable_reg_pp0_iter14           |   1|   0|    1|          0|
    |ap_enable_reg_pp0_iter15           |   1|   0|    1|          0|
    |ap_enable_reg_pp0_iter16           |   1|   0|    1|          0|
    |ap_enable_reg_pp0_iter17           |   1|   0|    1|          0|
    |ap_enable_reg_pp0_iter18           |   1|   0|    1|          0|
    |ap_enable_reg_pp0_iter19           |   1|   0|    1|          0|
    |ap_enable_reg_pp0_iter2            |   1|   0|    1|          0|
    |ap_enable_reg_pp0_iter3            |   1|   0|    1|          0|
    |ap_enable_reg_pp0_iter4            |   1|   0|    1|          0|
    |ap_enable_reg_pp0_iter5            |   1|   0|    1|          0|
    |ap_enable_reg_pp0_iter6            |   1|   0|    1|          0|
    |ap_enable_reg_pp0_iter7            |   1|   0|    1|          0|
    |ap_enable_reg_pp0_iter8            |   1|   0|    1|          0|
    |ap_enable_reg_pp0_iter9            |   1|   0|    1|          0|
    |ap_loop_exit_ready_pp0_iter10_reg  |   1|   0|    1|          0|
    |ap_loop_exit_ready_pp0_iter11_reg  |   1|   0|    1|          0|
    |ap_loop_exit_ready_pp0_iter12_reg  |   1|   0|    1|          0|
    |ap_loop_exit_ready_pp0_iter13_reg  |   1|   0|    1|          0|
    |ap_loop_exit_ready_pp0_iter14_reg  |   1|   0|    1|          0|
    |ap_loop_exit_ready_pp0_iter15_reg  |   1|   0|    1|          0|
    |ap_loop_exit_ready_pp0_iter16_reg  |   1|   0|    1|          0|
    |ap_loop_exit_ready_pp0_iter17_reg  |   1|   0|    1|          0|
    |ap_loop_exit_ready_pp0_iter18_reg  |   1|   0|    1|          0|
    |ap_loop_exit_ready_pp0_iter2_reg   |   1|   0|    1|          0|
    |ap_loop_exit_ready_pp0_iter3_reg   |   1|   0|    1|          0|
    |ap_loop_exit_ready_pp0_iter4_reg   |   1|   0|    1|          0|
    |ap_loop_exit_ready_pp0_iter5_reg   |   1|   0|    1|          0|
    |ap_loop_exit_ready_pp0_iter6_reg   |   1|   0|    1|          0|
    |ap_loop_exit_ready_pp0_iter7_reg   |   1|   0|    1|          0|
    |ap_loop_exit_ready_pp0_iter8_reg   |   1|   0|    1|          0|
    |ap_loop_exit_ready_pp0_iter9_reg   |   1|   0|    1|          0|
    |gmem_in_addr_read_reg_536          |   8|   0|    8|          0|
    |gmem_in_addr_reg_524               |  64|   0|   64|          0|
    |gmem_out_addr_reg_530              |  64|   0|   64|          0|
    |h_V_fu_100                         |  16|   0|   16|          0|
    |icmp_ln1027_3_reg_488              |   1|   0|    1|          0|
    |indvar_flatten42_fu_104            |  64|   0|   64|          0|
    |indvar_flatten_fu_96               |  48|   0|   48|          0|
    |lhs_V_fu_88                        |  32|   0|   32|          0|
    |mul_ln186_reg_504                  |  32|   0|   32|          0|
    |rhs_6_cast_reg_467                 |  16|   0|   32|         16|
    |rhs_V_3_cast_reg_478               |  15|   0|   32|         17|
    |select_ln1027_3_reg_494            |   1|   0|    1|          0|
    |select_ln164_1_reg_514             |  16|   0|   16|          0|
    |select_ln164_reg_499               |  32|   0|   32|          0|
    |tmp70_reg_519                      |  32|   0|   32|          0|
    |tmp_reg_509                        |  32|   0|   32|          0|
    |w_V_fu_92                          |  16|   0|   16|          0|
    |zext_ln1513_cast_reg_473           |  16|   0|   32|         16|
    |gmem_out_addr_reg_530              |  64|  32|   64|          0|
    |icmp_ln1027_3_reg_488              |  64|  32|    1|          0|
    |select_ln1027_3_reg_494            |  64|  32|    1|          0|
    +-----------------------------------+----+----+-----+-----------+
    |Total                              | 735|  96|  658|         49|
    +-----------------------------------+----+----+-----+-----------+



================================================================
== Interface
================================================================
* Summary: 
+-------------------------+-----+-----+------------+------------------------------------------------------------------------------+--------------+
|        RTL Ports        | Dir | Bits|  Protocol  |                                 Source Object                                |    C Type    |
+-------------------------+-----+-----+------------+------------------------------------------------------------------------------+--------------+
|ap_clk                   |   in|    1|  ap_ctrl_hs|  shufflenet_block_Pipeline_VITIS_LOOP_162_1_VITIS_LOOP_163_2_VITIS_LOOP_165_3|  return value|
|ap_rst                   |   in|    1|  ap_ctrl_hs|  shufflenet_block_Pipeline_VITIS_LOOP_162_1_VITIS_LOOP_163_2_VITIS_LOOP_165_3|  return value|
|ap_start                 |   in|    1|  ap_ctrl_hs|  shufflenet_block_Pipeline_VITIS_LOOP_162_1_VITIS_LOOP_163_2_VITIS_LOOP_165_3|  return value|
|ap_done                  |  out|    1|  ap_ctrl_hs|  shufflenet_block_Pipeline_VITIS_LOOP_162_1_VITIS_LOOP_163_2_VITIS_LOOP_165_3|  return value|
|ap_idle                  |  out|    1|  ap_ctrl_hs|  shufflenet_block_Pipeline_VITIS_LOOP_162_1_VITIS_LOOP_163_2_VITIS_LOOP_165_3|  return value|
|ap_ready                 |  out|    1|  ap_ctrl_hs|  shufflenet_block_Pipeline_VITIS_LOOP_162_1_VITIS_LOOP_163_2_VITIS_LOOP_165_3|  return value|
|m_axi_gmem_in_AWVALID    |  out|    1|       m_axi|                                                                       gmem_in|       pointer|
|m_axi_gmem_in_AWREADY    |   in|    1|       m_axi|                                                                       gmem_in|       pointer|
|m_axi_gmem_in_AWADDR     |  out|   64|       m_axi|                                                                       gmem_in|       pointer|
|m_axi_gmem_in_AWID       |  out|    1|       m_axi|                                                                       gmem_in|       pointer|
|m_axi_gmem_in_AWLEN      |  out|   32|       m_axi|                                                                       gmem_in|       pointer|
|m_axi_gmem_in_AWSIZE     |  out|    3|       m_axi|                                                                       gmem_in|       pointer|
|m_axi_gmem_in_AWBURST    |  out|    2|       m_axi|                                                                       gmem_in|       pointer|
|m_axi_gmem_in_AWLOCK     |  out|    2|       m_axi|                                                                       gmem_in|       pointer|
|m_axi_gmem_in_AWCACHE    |  out|    4|       m_axi|                                                                       gmem_in|       pointer|
|m_axi_gmem_in_AWPROT     |  out|    3|       m_axi|                                                                       gmem_in|       pointer|
|m_axi_gmem_in_AWQOS      |  out|    4|       m_axi|                                                                       gmem_in|       pointer|
|m_axi_gmem_in_AWREGION   |  out|    4|       m_axi|                                                                       gmem_in|       pointer|
|m_axi_gmem_in_AWUSER     |  out|    1|       m_axi|                                                                       gmem_in|       pointer|
|m_axi_gmem_in_WVALID     |  out|    1|       m_axi|                                                                       gmem_in|       pointer|
|m_axi_gmem_in_WREADY     |   in|    1|       m_axi|                                                                       gmem_in|       pointer|
|m_axi_gmem_in_WDATA      |  out|    8|       m_axi|                                                                       gmem_in|       pointer|
|m_axi_gmem_in_WSTRB      |  out|    1|       m_axi|                                                                       gmem_in|       pointer|
|m_axi_gmem_in_WLAST      |  out|    1|       m_axi|                                                                       gmem_in|       pointer|
|m_axi_gmem_in_WID        |  out|    1|       m_axi|                                                                       gmem_in|       pointer|
|m_axi_gmem_in_WUSER      |  out|    1|       m_axi|                                                                       gmem_in|       pointer|
|m_axi_gmem_in_ARVALID    |  out|    1|       m_axi|                                                                       gmem_in|       pointer|
|m_axi_gmem_in_ARREADY    |   in|    1|       m_axi|                                                                       gmem_in|       pointer|
|m_axi_gmem_in_ARADDR     |  out|   64|       m_axi|                                                                       gmem_in|       pointer|
|m_axi_gmem_in_ARID       |  out|    1|       m_axi|                                                                       gmem_in|       pointer|
|m_axi_gmem_in_ARLEN      |  out|   32|       m_axi|                                                                       gmem_in|       pointer|
|m_axi_gmem_in_ARSIZE     |  out|    3|       m_axi|                                                                       gmem_in|       pointer|
|m_axi_gmem_in_ARBURST    |  out|    2|       m_axi|                                                                       gmem_in|       pointer|
|m_axi_gmem_in_ARLOCK     |  out|    2|       m_axi|                                                                       gmem_in|       pointer|
|m_axi_gmem_in_ARCACHE    |  out|    4|       m_axi|                                                                       gmem_in|       pointer|
|m_axi_gmem_in_ARPROT     |  out|    3|       m_axi|                                                                       gmem_in|       pointer|
|m_axi_gmem_in_ARQOS      |  out|    4|       m_axi|                                                                       gmem_in|       pointer|
|m_axi_gmem_in_ARREGION   |  out|    4|       m_axi|                                                                       gmem_in|       pointer|
|m_axi_gmem_in_ARUSER     |  out|    1|       m_axi|                                                                       gmem_in|       pointer|
|m_axi_gmem_in_RVALID     |   in|    1|       m_axi|                                                                       gmem_in|       pointer|
|m_axi_gmem_in_RREADY     |  out|    1|       m_axi|                                                                       gmem_in|       pointer|
|m_axi_gmem_in_RDATA      |   in|    8|       m_axi|                                                                       gmem_in|       pointer|
|m_axi_gmem_in_RLAST      |   in|    1|       m_axi|                                                                       gmem_in|       pointer|
|m_axi_gmem_in_RID        |   in|    1|       m_axi|                                                                       gmem_in|       pointer|
|m_axi_gmem_in_RFIFONUM   |   in|   11|       m_axi|                                                                       gmem_in|       pointer|
|m_axi_gmem_in_RUSER      |   in|    1|       m_axi|                                                                       gmem_in|       pointer|
|m_axi_gmem_in_RRESP      |   in|    2|       m_axi|                                                                       gmem_in|       pointer|
|m_axi_gmem_in_BVALID     |   in|    1|       m_axi|                                                                       gmem_in|       pointer|
|m_axi_gmem_in_BREADY     |  out|    1|       m_axi|                                                                       gmem_in|       pointer|
|m_axi_gmem_in_BRESP      |   in|    2|       m_axi|                                                                       gmem_in|       pointer|
|m_axi_gmem_in_BID        |   in|    1|       m_axi|                                                                       gmem_in|       pointer|
|m_axi_gmem_in_BUSER      |   in|    1|       m_axi|                                                                       gmem_in|       pointer|
|m_axi_gmem_out_AWVALID   |  out|    1|       m_axi|                                                                      gmem_out|       pointer|
|m_axi_gmem_out_AWREADY   |   in|    1|       m_axi|                                                                      gmem_out|       pointer|
|m_axi_gmem_out_AWADDR    |  out|   64|       m_axi|                                                                      gmem_out|       pointer|
|m_axi_gmem_out_AWID      |  out|    1|       m_axi|                                                                      gmem_out|       pointer|
|m_axi_gmem_out_AWLEN     |  out|   32|       m_axi|                                                                      gmem_out|       pointer|
|m_axi_gmem_out_AWSIZE    |  out|    3|       m_axi|                                                                      gmem_out|       pointer|
|m_axi_gmem_out_AWBURST   |  out|    2|       m_axi|                                                                      gmem_out|       pointer|
|m_axi_gmem_out_AWLOCK    |  out|    2|       m_axi|                                                                      gmem_out|       pointer|
|m_axi_gmem_out_AWCACHE   |  out|    4|       m_axi|                                                                      gmem_out|       pointer|
|m_axi_gmem_out_AWPROT    |  out|    3|       m_axi|                                                                      gmem_out|       pointer|
|m_axi_gmem_out_AWQOS     |  out|    4|       m_axi|                                                                      gmem_out|       pointer|
|m_axi_gmem_out_AWREGION  |  out|    4|       m_axi|                                                                      gmem_out|       pointer|
|m_axi_gmem_out_AWUSER    |  out|    1|       m_axi|                                                                      gmem_out|       pointer|
|m_axi_gmem_out_WVALID    |  out|    1|       m_axi|                                                                      gmem_out|       pointer|
|m_axi_gmem_out_WREADY    |   in|    1|       m_axi|                                                                      gmem_out|       pointer|
|m_axi_gmem_out_WDATA     |  out|    8|       m_axi|                                                                      gmem_out|       pointer|
|m_axi_gmem_out_WSTRB     |  out|    1|       m_axi|                                                                      gmem_out|       pointer|
|m_axi_gmem_out_WLAST     |  out|    1|       m_axi|                                                                      gmem_out|       pointer|
|m_axi_gmem_out_WID       |  out|    1|       m_axi|                                                                      gmem_out|       pointer|
|m_axi_gmem_out_WUSER     |  out|    1|       m_axi|                                                                      gmem_out|       pointer|
|m_axi_gmem_out_ARVALID   |  out|    1|       m_axi|                                                                      gmem_out|       pointer|
|m_axi_gmem_out_ARREADY   |   in|    1|       m_axi|                                                                      gmem_out|       pointer|
|m_axi_gmem_out_ARADDR    |  out|   64|       m_axi|                                                                      gmem_out|       pointer|
|m_axi_gmem_out_ARID      |  out|    1|       m_axi|                                                                      gmem_out|       pointer|
|m_axi_gmem_out_ARLEN     |  out|   32|       m_axi|                                                                      gmem_out|       pointer|
|m_axi_gmem_out_ARSIZE    |  out|    3|       m_axi|                                                                      gmem_out|       pointer|
|m_axi_gmem_out_ARBURST   |  out|    2|       m_axi|                                                                      gmem_out|       pointer|
|m_axi_gmem_out_ARLOCK    |  out|    2|       m_axi|                                                                      gmem_out|       pointer|
|m_axi_gmem_out_ARCACHE   |  out|    4|       m_axi|                                                                      gmem_out|       pointer|
|m_axi_gmem_out_ARPROT    |  out|    3|       m_axi|                                                                      gmem_out|       pointer|
|m_axi_gmem_out_ARQOS     |  out|    4|       m_axi|                                                                      gmem_out|       pointer|
|m_axi_gmem_out_ARREGION  |  out|    4|       m_axi|                                                                      gmem_out|       pointer|
|m_axi_gmem_out_ARUSER    |  out|    1|       m_axi|                                                                      gmem_out|       pointer|
|m_axi_gmem_out_RVALID    |   in|    1|       m_axi|                                                                      gmem_out|       pointer|
|m_axi_gmem_out_RREADY    |  out|    1|       m_axi|                                                                      gmem_out|       pointer|
|m_axi_gmem_out_RDATA     |   in|    8|       m_axi|                                                                      gmem_out|       pointer|
|m_axi_gmem_out_RLAST     |   in|    1|       m_axi|                                                                      gmem_out|       pointer|
|m_axi_gmem_out_RID       |   in|    1|       m_axi|                                                                      gmem_out|       pointer|
|m_axi_gmem_out_RFIFONUM  |   in|   11|       m_axi|                                                                      gmem_out|       pointer|
|m_axi_gmem_out_RUSER     |   in|    1|       m_axi|                                                                      gmem_out|       pointer|
|m_axi_gmem_out_RRESP     |   in|    2|       m_axi|                                                                      gmem_out|       pointer|
|m_axi_gmem_out_BVALID    |   in|    1|       m_axi|                                                                      gmem_out|       pointer|
|m_axi_gmem_out_BREADY    |  out|    1|       m_axi|                                                                      gmem_out|       pointer|
|m_axi_gmem_out_BRESP     |   in|    2|       m_axi|                                                                      gmem_out|       pointer|
|m_axi_gmem_out_BID       |   in|    1|       m_axi|                                                                      gmem_out|       pointer|
|m_axi_gmem_out_BUSER     |   in|    1|       m_axi|                                                                      gmem_out|       pointer|
|rhs_V_3                  |   in|   15|     ap_none|                                                                       rhs_V_3|        scalar|
|mul_ln101_1              |   in|   64|     ap_none|                                                                   mul_ln101_1|        scalar|
|mul_ln101                |   in|   48|     ap_none|                                                                     mul_ln101|        scalar|
|zext_ln1513              |   in|   16|     ap_none|                                                                   zext_ln1513|        scalar|
|empty                    |   in|    1|     ap_none|                                                                         empty|        scalar|
|rhs_6                    |   in|   16|     ap_none|                                                                         rhs_6|        scalar|
|in_r                     |   in|   64|     ap_none|                                                                          in_r|        scalar|
|out_r                    |   in|   64|     ap_none|                                                                         out_r|        scalar|
+-------------------------+-----+-----+------------+------------------------------------------------------------------------------+--------------+

