

================================================================
== Vitis HLS Report for 'channel_shuffle'
================================================================
* Date:           Wed Nov  5 11:19:21 2025

* Version:        2022.2 (Build 3670227 on Oct 13 2022)
* Project:        channel
* Solution:       solution1 (Vivado IP Flow Target)
* Product family: zynq
* Target device:  xc7z020-clg400-2


================================================================
== Performance Estimates
================================================================
+ Timing: 
    * Summary: 
    +--------+----------+----------+------------+
    |  Clock |  Target  | Estimated| Uncertainty|
    +--------+----------+----------+------------+
    |ap_clk  |  10.00 ns|  7.300 ns|     2.70 ns|
    +--------+----------+----------+------------+

+ Latency: 
    * Summary: 
    +---------+---------+----------+----------+-----+-----+---------+
    |  Latency (cycles) |  Latency (absolute) |  Interval | Pipeline|
    |   min   |   max   |    min   |    max   | min | max |   Type  |
    +---------+---------+----------+----------+-----+-----+---------+
    |        ?|        ?|         ?|         ?|    ?|    ?|       no|
    +---------+---------+----------+----------+-----+-----+---------+

    + Detail: 
        * Instance: 
        N/A

        * Loop: 
        +------------------------------------------------------+---------+---------+----------+-----------+-----------+------+----------+
        |                                                      |  Latency (cycles) | Iteration|  Initiation Interval  | Trip |          |
        |                       Loop Name                      |   min   |   max   |  Latency |  achieved |   target  | Count| Pipelined|
        +------------------------------------------------------+---------+---------+----------+-----------+-----------+------+----------+
        |- VITIS_LOOP_40_1                                     |        ?|        ?|         ?|          -|          -|     ?|        no|
        | + VITIS_LOOP_41_2                                    |        ?|        ?|         ?|          -|          -|     ?|        no|
        |  ++ VITIS_LOOP_42_3_VITIS_LOOP_43_4_VITIS_LOOP_45_5  |        ?|        ?|         ?|          -|          -|     ?|        no|
        |   +++ VITIS_LOOP_47_6                                |        ?|        ?|         8|          -|          -|     ?|        no|
        +------------------------------------------------------+---------+---------+----------+-----------+-----------+------+----------+



================================================================
== Utilization Estimates
================================================================
* Summary: 
+-----------------+---------+-----+--------+-------+-----+
|       Name      | BRAM_18K| DSP |   FF   |  LUT  | URAM|
+-----------------+---------+-----+--------+-------+-----+
|DSP              |        -|    5|       -|      -|    -|
|Expression       |        -|    -|       0|   1042|    -|
|FIFO             |        -|    -|       -|      -|    -|
|Instance         |        0|    2|    1348|   1919|    -|
|Memory           |        -|    -|       -|      -|    -|
|Multiplexer      |        -|    -|       -|    488|    -|
|Register         |        -|    -|    1155|      -|    -|
+-----------------+---------+-----+--------+-------+-----+
|Total            |        0|    7|    2503|   3449|    0|
+-----------------+---------+-----+--------+-------+-----+
|Available        |      280|  220|  106400|  53200|    0|
+-----------------+---------+-----+--------+-------+-----+
|Utilization (%)  |        0|    3|       2|      6|    0|
+-----------------+---------+-----+--------+-------+-----+

+ Detail: 
    * Instance: 
    +------------------------------+---------------------------+---------+----+-----+------+-----+
    |           Instance           |           Module          | BRAM_18K| DSP|  FF |  LUT | URAM|
    +------------------------------+---------------------------+---------+----+-----+------+-----+
    |control_s_axi_U               |control_s_axi              |        0|   0|  234|   376|    0|
    |gmem0_m_axi_U                 |gmem0_m_axi                |        0|   0|  710|  1276|    0|
    |mul_32s_16ns_32_1_1_U3        |mul_32s_16ns_32_1_1        |        0|   2|    0|    21|    0|
    |udiv_16ns_8ns_16_20_seq_1_U2  |udiv_16ns_8ns_16_20_seq_1  |        0|   0|  202|   123|    0|
    |urem_16ns_8ns_8_20_seq_1_U1   |urem_16ns_8ns_8_20_seq_1   |        0|   0|  202|   123|    0|
    +------------------------------+---------------------------+---------+----+-----+------+-----+
    |Total                         |                           |        0|   2| 1348|  1919|    0|
    +------------------------------+---------------------------+---------+----+-----+------+-----+

    * DSP: 
    +-----------------------------+--------------------------+-----------+
    |           Instance          |          Module          | Expression|
    +-----------------------------+--------------------------+-----------+
    |mul_mul_16ns_16ns_32_4_1_U6  |mul_mul_16ns_16ns_32_4_1  |    i0 * i1|
    |mul_mul_16ns_16ns_32_4_1_U7  |mul_mul_16ns_16ns_32_4_1  |    i0 * i1|
    |mul_mul_17ns_25ns_42_4_1_U5  |mul_mul_17ns_25ns_42_4_1  |    i0 * i1|
    |mul_mul_17ns_8ns_25_4_1_U4   |mul_mul_17ns_8ns_25_4_1   |    i0 * i1|
    |mul_mul_8ns_16ns_16_4_1_U8   |mul_mul_8ns_16ns_16_4_1   |    i0 * i1|
    +-----------------------------+--------------------------+-----------+

    * Memory: 
    N/A

    * FIFO: 
    N/A

    * Expression: 
    +---------------------------+----------+----+---+----+------------+------------+
    |       Variable Name       | Operation| DSP| FF| LUT| Bitwidth P0| Bitwidth P1|
    +---------------------------+----------+----+---+----+------------+------------+
    |add_ln1027_1_fu_631_p2     |         +|   0|  0|  32|          32|          32|
    |add_ln1027_2_fu_650_p2     |         +|   0|  0|  32|          32|          32|
    |add_ln1027_3_fu_790_p2     |         +|   0|  0|  25|          25|           1|
    |add_ln1027_4_fu_540_p2     |         +|   0|  0|  42|          42|           1|
    |add_ln1027_fu_550_p2       |         +|   0|  0|  32|          32|          32|
    |add_ln186_fu_729_p2        |         +|   0|  0|  16|          16|          16|
    |add_ln40_1_fu_392_p2       |         +|   0|  0|  17|          17|           2|
    |add_ln40_2_fu_357_p2       |         +|   0|  0|  17|          17|           4|
    |add_ln40_4_fu_460_p2       |         +|   0|  0|  16|          16|           5|
    |add_ln40_fu_377_p2         |         +|   0|  0|  16|          16|          16|
    |add_ln41_1_fu_491_p2       |         +|   0|  0|  17|          17|           2|
    |add_ln41_2_fu_435_p2       |         +|   0|  0|  17|          17|           4|
    |add_ln41_4_fu_604_p2       |         +|   0|  0|  16|          16|           5|
    |add_ln41_fu_476_p2         |         +|   0|  0|  16|          16|          16|
    |add_ln47_1_fu_693_p2       |         +|   0|  0|  64|          64|          64|
    |add_ln47_fu_676_p2         |         +|   0|  0|  32|          32|          32|
    |add_ln56_fu_760_p2         |         +|   0|  0|  64|          64|          64|
    |add_ln840_fu_568_p2        |         +|   0|  0|  16|          16|           1|
    |c_V_1_fu_723_p2            |         +|   0|  0|  16|          16|           1|
    |g_V_1_fu_785_p2            |         +|   0|  0|   8|           8|           1|
    |h_block_V_fu_455_p2        |         +|   0|  0|  16|          16|           4|
    |out_c_V_fu_734_p2          |         +|   0|  0|  16|          16|          16|
    |out_idx_V_fu_743_p2        |         +|   0|  0|  32|          32|          32|
    |w_V_fu_641_p2              |         +|   0|  0|  16|          16|           1|
    |w_block_V_fu_598_p2        |         +|   0|  0|  16|          16|           4|
    |sub_ln40_fu_397_p2         |         -|   0|  0|  17|          17|          17|
    |sub_ln41_fu_496_p2         |         -|   0|  0|  17|          17|          17|
    |icmp_ln1023_fu_310_p2      |      icmp|   0|  0|   4|           8|           1|
    |icmp_ln1027_1_fu_426_p2    |      icmp|   0|  0|   7|          16|          16|
    |icmp_ln1027_2_fu_340_p2    |      icmp|   0|  0|   4|           8|           1|
    |icmp_ln1027_3_fu_535_p2    |      icmp|   0|  0|  15|          42|          42|
    |icmp_ln1027_4_fu_555_p2    |      icmp|   0|  0|   9|          25|          25|
    |icmp_ln1027_5_fu_578_p2    |      icmp|   0|  0|   4|           8|           8|
    |icmp_ln1027_fu_348_p2      |      icmp|   0|  0|   7|          16|          16|
    |icmp_ln40_1_fu_402_p2      |      icmp|   0|  0|   7|          17|          17|
    |icmp_ln40_fu_363_p2        |      icmp|   0|  0|   7|          17|          17|
    |icmp_ln41_1_fu_501_p2      |      icmp|   0|  0|   7|          17|          17|
    |icmp_ln41_fu_441_p2        |      icmp|   0|  0|   7|          17|          17|
    |icmp_ln47_fu_718_p2        |      icmp|   0|  0|   7|          16|          16|
    |or_ln43_fu_610_p2          |        or|   0|  0|   1|           1|           1|
    |select_ln1027_1_fu_663_p3  |    select|   0|  0|  16|           1|          16|
    |select_ln1027_2_fu_796_p3  |    select|   0|  0|  25|           1|           1|
    |select_ln1027_fu_590_p3    |    select|   0|  0|  16|           1|          16|
    |select_ln40_1_fu_408_p3    |    select|   0|  0|  17|           1|          17|
    |select_ln40_fu_369_p3      |    select|   0|  0|  17|           1|          17|
    |select_ln41_1_fu_507_p3    |    select|   0|  0|  17|           1|          17|
    |select_ln41_fu_447_p3      |    select|   0|  0|  17|           1|          17|
    |select_ln42_1_fu_626_p3    |    select|   0|  0|  32|           1|          32|
    |select_ln42_2_fu_635_p3    |    select|   0|  0|  32|           1|          32|
    |select_ln42_3_fu_583_p3    |    select|   0|  0|   2|           1|           1|
    |select_ln42_fu_560_p3      |    select|   0|  0|  16|           1|          16|
    |select_ln43_1_fu_656_p3    |    select|   0|  0|  32|           1|          32|
    |select_ln43_fu_614_p3      |    select|   0|  0|   8|           1|           1|
    |xor_ln40_1_fu_416_p2       |       xor|   0|  0|  17|          17|           2|
    |xor_ln40_fu_386_p2         |       xor|   0|  0|  17|          17|           2|
    |xor_ln41_1_fu_515_p2       |       xor|   0|  0|  17|          17|           2|
    |xor_ln41_fu_485_p2         |       xor|   0|  0|  17|          17|           2|
    +---------------------------+----------+----+---+----+------------+------------+
    |Total                      |          |   0|  0|1042|         930|         839|
    +---------------------------+----------+----+---+----+------------+------------+

    * Multiplexer: 
    +--------------------------+-----+-----------+-----+-----------+
    |           Name           | LUT | Input Size| Bits| Total Bits|
    +--------------------------+-----+-----------+-----+-----------+
    |ap_NS_fsm                 |  344|         75|    1|         75|
    |c_V_reg_268               |    9|          2|   16|         32|
    |g_V_reg_256               |    9|          2|    8|         16|
    |gmem0_blk_n_AR            |    9|          2|    1|          2|
    |gmem0_blk_n_AW            |    9|          2|    1|          2|
    |gmem0_blk_n_B             |    9|          2|    1|          2|
    |gmem0_blk_n_R             |    9|          2|    1|          2|
    |gmem0_blk_n_W             |    9|          2|    1|          2|
    |h_V_1_reg_224             |    9|          2|   16|         32|
    |h_V_fu_128                |    9|          2|   16|         32|
    |indvar_flatten57_reg_213  |    9|          2|   42|         84|
    |indvar_flatten_reg_234    |    9|          2|   25|         50|
    |phi_ln40_fu_124           |    9|          2|   16|         32|
    |phi_ln41_reg_189          |    9|          2|   16|         32|
    |phi_mul_reg_279           |    9|          2|   16|         32|
    |w_V_1_reg_246             |    9|          2|   16|         32|
    |w_block_V_1_reg_201       |    9|          2|   16|         32|
    +--------------------------+-----+-----------+-----+-----------+
    |Total                     |  488|        107|  209|        491|
    +--------------------------+-----+-----------+-----+-----------+

    * Register: 
    +--------------------------+----+----+-----+-----------+
    |           Name           | FF | LUT| Bits| Const Bits|
    +--------------------------+----+----+-----+-----------+
    |add_ln1027_4_reg_998      |  42|   0|   42|          0|
    |add_ln1027_reg_1008       |  32|   0|   32|          0|
    |add_ln186_reg_1095        |  16|   0|   16|          0|
    |ap_CS_fsm                 |  74|   0|   74|          0|
    |c_V_1_reg_1090            |  16|   0|   16|          0|
    |c_V_reg_268               |  16|   0|   16|          0|
    |c_in_read_reg_859         |  16|   0|   16|          0|
    |conv3_i12_i300_reg_902    |  16|   0|   32|         16|
    |data_in_read_reg_838      |  64|   0|   64|          0|
    |data_out_read_reg_833     |  64|   0|   64|          0|
    |g_V_reg_256               |   8|   0|    8|          0|
    |gmem0_addr_1_reg_1100     |  64|   0|   64|          0|
    |gmem0_addr_read_reg_1116  |  32|   0|   32|          0|
    |gmem0_addr_reg_1081       |  64|   0|   64|          0|
    |groups_read_reg_843       |   8|   0|    8|          0|
    |h_V_1_reg_224             |  16|   0|   16|          0|
    |h_V_fu_128                |  16|   0|   16|          0|
    |h_block_V_1_reg_923       |  16|   0|   16|          0|
    |h_w_read_reg_850          |  16|   0|   16|          0|
    |icmp_ln1023_reg_878       |   1|   0|    1|          0|
    |icmp_ln1027_2_reg_918     |   1|   0|    1|          0|
    |icmp_ln1027_3_reg_994     |   1|   0|    1|          0|
    |icmp_ln1027_4_reg_1013    |   1|   0|    1|          0|
    |indvar_flatten57_reg_213  |  42|   0|   42|          0|
    |indvar_flatten_reg_234    |  25|   0|   25|          0|
    |mul_ln1027_reg_1003       |  32|   0|   32|          0|
    |mul_ln41_1_reg_979        |  42|   0|   42|          0|
    |mul_ln41_reg_969          |  25|   0|   25|          0|
    |mul_ln43_reg_1075         |  32|   0|   32|          0|
    |phi_ln40_fu_124           |  16|   0|   16|          0|
    |phi_ln41_reg_189          |  16|   0|   16|          0|
    |phi_mul_reg_279           |  16|   0|   16|          0|
    |ret_V_2_reg_896           |  16|   0|   16|          0|
    |select_ln1027_1_reg_1070  |  16|   0|   16|          0|
    |select_ln1027_reg_1039    |  16|   0|   16|          0|
    |select_ln40_reg_936       |  17|   0|   17|          0|
    |select_ln41_reg_954       |  17|   0|   17|          0|
    |select_ln42_3_reg_1032    |   1|   0|    1|          0|
    |select_ln42_reg_1021      |  16|   0|   16|          0|
    |select_ln43_1_reg_1065    |  32|   0|   32|          0|
    |select_ln43_reg_1054      |   8|   0|    8|          0|
    |w_V_1_reg_246             |  16|   0|   16|          0|
    |w_block_V_1_reg_201       |  16|   0|   16|          0|
    |xor_ln41_1_reg_959        |  17|   0|   17|          0|
    |zext_ln1027_1_reg_984     |  16|   0|   32|         16|
    |zext_ln1514_1_reg_866     |   8|   0|   16|          8|
    |zext_ln1514_reg_873       |  16|   0|   32|         16|
    |zext_ln186_reg_1059       |   8|   0|   16|          8|
    |zext_ln40_2_reg_931       |  16|   0|   17|          1|
    |zext_ln40_reg_908         |  16|   0|   32|         16|
    |zext_ln41_1_reg_941       |  17|   0|   42|         25|
    |zext_ln41_3_reg_949       |  16|   0|   17|          1|
    |zext_ln41_reg_913         |   8|   0|   25|         17|
    +--------------------------+----+----+-----+-----------+
    |Total                     |1155|   0| 1279|        124|
    +--------------------------+----+----+-----+-----------+



================================================================
== Interface
================================================================
* Summary: 
+-----------------------+-----+-----+------------+-----------------+--------------+
|       RTL Ports       | Dir | Bits|  Protocol  |  Source Object  |    C Type    |
+-----------------------+-----+-----+------------+-----------------+--------------+
|s_axi_control_AWVALID  |   in|    1|       s_axi|          control|        scalar|
|s_axi_control_AWREADY  |  out|    1|       s_axi|          control|        scalar|
|s_axi_control_AWADDR   |   in|    6|       s_axi|          control|        scalar|
|s_axi_control_WVALID   |   in|    1|       s_axi|          control|        scalar|
|s_axi_control_WREADY   |  out|    1|       s_axi|          control|        scalar|
|s_axi_control_WDATA    |   in|   32|       s_axi|          control|        scalar|
|s_axi_control_WSTRB    |   in|    4|       s_axi|          control|        scalar|
|s_axi_control_ARVALID  |   in|    1|       s_axi|          control|        scalar|
|s_axi_control_ARREADY  |  out|    1|       s_axi|          control|        scalar|
|s_axi_control_ARADDR   |   in|    6|       s_axi|          control|        scalar|
|s_axi_control_RVALID   |  out|    1|       s_axi|          control|        scalar|
|s_axi_control_RREADY   |   in|    1|       s_axi|          control|        scalar|
|s_axi_control_RDATA    |  out|   32|       s_axi|          control|        scalar|
|s_axi_control_RRESP    |  out|    2|       s_axi|          control|        scalar|
|s_axi_control_BVALID   |  out|    1|       s_axi|          control|        scalar|
|s_axi_control_BREADY   |   in|    1|       s_axi|          control|        scalar|
|s_axi_control_BRESP    |  out|    2|       s_axi|          control|        scalar|
|ap_clk                 |   in|    1|  ap_ctrl_hs|  channel_shuffle|  return value|
|ap_rst_n               |   in|    1|  ap_ctrl_hs|  channel_shuffle|  return value|
|interrupt              |  out|    1|  ap_ctrl_hs|  channel_shuffle|  return value|
|m_axi_gmem0_AWVALID    |  out|    1|       m_axi|            gmem0|       pointer|
|m_axi_gmem0_AWREADY    |   in|    1|       m_axi|            gmem0|       pointer|
|m_axi_gmem0_AWADDR     |  out|   64|       m_axi|            gmem0|       pointer|
|m_axi_gmem0_AWID       |  out|    1|       m_axi|            gmem0|       pointer|
|m_axi_gmem0_AWLEN      |  out|    8|       m_axi|            gmem0|       pointer|
|m_axi_gmem0_AWSIZE     |  out|    3|       m_axi|            gmem0|       pointer|
|m_axi_gmem0_AWBURST    |  out|    2|       m_axi|            gmem0|       pointer|
|m_axi_gmem0_AWLOCK     |  out|    2|       m_axi|            gmem0|       pointer|
|m_axi_gmem0_AWCACHE    |  out|    4|       m_axi|            gmem0|       pointer|
|m_axi_gmem0_AWPROT     |  out|    3|       m_axi|            gmem0|       pointer|
|m_axi_gmem0_AWQOS      |  out|    4|       m_axi|            gmem0|       pointer|
|m_axi_gmem0_AWREGION   |  out|    4|       m_axi|            gmem0|       pointer|
|m_axi_gmem0_AWUSER     |  out|    1|       m_axi|            gmem0|       pointer|
|m_axi_gmem0_WVALID     |  out|    1|       m_axi|            gmem0|       pointer|
|m_axi_gmem0_WREADY     |   in|    1|       m_axi|            gmem0|       pointer|
|m_axi_gmem0_WDATA      |  out|   32|       m_axi|            gmem0|       pointer|
|m_axi_gmem0_WSTRB      |  out|    4|       m_axi|            gmem0|       pointer|
|m_axi_gmem0_WLAST      |  out|    1|       m_axi|            gmem0|       pointer|
|m_axi_gmem0_WID        |  out|    1|       m_axi|            gmem0|       pointer|
|m_axi_gmem0_WUSER      |  out|    1|       m_axi|            gmem0|       pointer|
|m_axi_gmem0_ARVALID    |  out|    1|       m_axi|            gmem0|       pointer|
|m_axi_gmem0_ARREADY    |   in|    1|       m_axi|            gmem0|       pointer|
|m_axi_gmem0_ARADDR     |  out|   64|       m_axi|            gmem0|       pointer|
|m_axi_gmem0_ARID       |  out|    1|       m_axi|            gmem0|       pointer|
|m_axi_gmem0_ARLEN      |  out|    8|       m_axi|            gmem0|       pointer|
|m_axi_gmem0_ARSIZE     |  out|    3|       m_axi|            gmem0|       pointer|
|m_axi_gmem0_ARBURST    |  out|    2|       m_axi|            gmem0|       pointer|
|m_axi_gmem0_ARLOCK     |  out|    2|       m_axi|            gmem0|       pointer|
|m_axi_gmem0_ARCACHE    |  out|    4|       m_axi|            gmem0|       pointer|
|m_axi_gmem0_ARPROT     |  out|    3|       m_axi|            gmem0|       pointer|
|m_axi_gmem0_ARQOS      |  out|    4|       m_axi|            gmem0|       pointer|
|m_axi_gmem0_ARREGION   |  out|    4|       m_axi|            gmem0|       pointer|
|m_axi_gmem0_ARUSER     |  out|    1|       m_axi|            gmem0|       pointer|
|m_axi_gmem0_RVALID     |   in|    1|       m_axi|            gmem0|       pointer|
|m_axi_gmem0_RREADY     |  out|    1|       m_axi|            gmem0|       pointer|
|m_axi_gmem0_RDATA      |   in|   32|       m_axi|            gmem0|       pointer|
|m_axi_gmem0_RLAST      |   in|    1|       m_axi|            gmem0|       pointer|
|m_axi_gmem0_RID        |   in|    1|       m_axi|            gmem0|       pointer|
|m_axi_gmem0_RUSER      |   in|    1|       m_axi|            gmem0|       pointer|
|m_axi_gmem0_RRESP      |   in|    2|       m_axi|            gmem0|       pointer|
|m_axi_gmem0_BVALID     |   in|    1|       m_axi|            gmem0|       pointer|
|m_axi_gmem0_BREADY     |  out|    1|       m_axi|            gmem0|       pointer|
|m_axi_gmem0_BRESP      |   in|    2|       m_axi|            gmem0|       pointer|
|m_axi_gmem0_BID        |   in|    1|       m_axi|            gmem0|       pointer|
|m_axi_gmem0_BUSER      |   in|    1|       m_axi|            gmem0|       pointer|
+-----------------------+-----+-----+------------+-----------------+--------------+

