

================================================================
== Synthesis Summary Report of 'channel_shuffle'
================================================================
+ General Information: 
    * Date:           Wed Nov  5 11:19:22 2025
    * Version:        2022.2 (Build 3670227 on Oct 13 2022)
    * Project:        channel
    * Solution:       solution1 (Vivado IP Flow Target)
    * Product family: zynq
    * Target device:  xc7z020-clg400-2
    

+ Performance & Resource Estimates: 
    
    PS: '+' for module; 'o' for loop; '*' for dataflow
    +------------------------------------------------------+------+------+---------+--------+----------+---------+------+----------+------+--------+-----------+-----------+-----+
    |                        Modules                       | Issue|      | Latency | Latency| Iteration|         | Trip |          |      |        |           |           |     |
    |                        & Loops                       | Type | Slack| (cycles)|  (ns)  |  Latency | Interval| Count| Pipelined| BRAM |   DSP  |     FF    |    LUT    | URAM|
    +------------------------------------------------------+------+------+---------+--------+----------+---------+------+----------+------+--------+-----------+-----------+-----+
    |+ channel_shuffle                                     |     -|  0.00|        -|       -|         -|        -|     -|        no|     -|  7 (3%)|  2503 (2%)|  3449 (6%)|    -|
    | o VITIS_LOOP_40_1                                    |     -|  7.30|        -|       -|         -|        -|     -|        no|     -|       -|          -|          -|    -|
    |  o VITIS_LOOP_41_2                                   |     -|  7.30|        -|       -|         -|        -|     -|        no|     -|       -|          -|          -|    -|
    |   o VITIS_LOOP_42_3_VITIS_LOOP_43_4_VITIS_LOOP_45_5  |     -|  7.30|        -|       -|         -|        -|     -|        no|     -|       -|          -|          -|    -|
    |    o VITIS_LOOP_47_6                                 |     -|  7.30|        -|       -|         8|        -|     -|        no|     -|       -|          -|          -|    -|
    +------------------------------------------------------+------+------+---------+--------+----------+---------+------+----------+------+--------+-----------+-----------+-----+


================================================================
== HW Interfaces
================================================================
* M_AXI
+-------------+------------+---------------+---------+--------+----------+-----------+--------------+--------------+-------------+-------------+
| Interface   | Data Width | Address Width | Latency | Offset | Register | Max Widen | Max Read     | Max Write    | Num Read    | Num Write   |
|             | (SW->HW)   |               |         |        |          | Bitwidth  | Burst Length | Burst Length | Outstanding | Outstanding |
+-------------+------------+---------------+---------+--------+----------+-----------+--------------+--------------+-------------+-------------+
| m_axi_gmem0 | 32 -> 32   | 64            | 0       | slave  | 0        | 0         | 16           | 16           | 16          | 16          |
+-------------+------------+---------------+---------+--------+----------+-----------+--------------+--------------+-------------+-------------+

* S_AXILITE Interfaces
+---------------+------------+---------------+--------+----------+
| Interface     | Data Width | Address Width | Offset | Register |
+---------------+------------+---------------+--------+----------+
| s_axi_control | 32         | 6             | 16     | 0        |
+---------------+------------+---------------+--------+----------+

* S_AXILITE Registers
+---------------+------------+--------+-------+--------+----------------------------------+----------------------------------------------------------------------+
| Interface     | Register   | Offset | Width | Access | Description                      | Bit Fields                                                           |
+---------------+------------+--------+-------+--------+----------------------------------+----------------------------------------------------------------------+
| s_axi_control | CTRL       | 0x00   | 32    | RW     | Control signals                  | 0=AP_START 1=AP_DONE 2=AP_IDLE 3=AP_READY 7=AUTO_RESTART 9=INTERRUPT |
| s_axi_control | GIER       | 0x04   | 32    | RW     | Global Interrupt Enable Register | 0=Enable                                                             |
| s_axi_control | IP_IER     | 0x08   | 32    | RW     | IP Interrupt Enable Register     | 0=CHAN0_INT_EN 1=CHAN1_INT_EN                                        |
| s_axi_control | IP_ISR     | 0x0c   | 32    | RW     | IP Interrupt Status Register     | 0=CHAN0_INT_ST 1=CHAN1_INT_ST                                        |
| s_axi_control | c_in       | 0x10   | 32    | W      | Data signal of c_in              |                                                                      |
| s_axi_control | groups     | 0x18   | 32    | W      | Data signal of groups            |                                                                      |
| s_axi_control | h_w        | 0x20   | 32    | W      | Data signal of h_w               |                                                                      |
| s_axi_control | data_in_1  | 0x28   | 32    | W      | Data signal of data_in           |                                                                      |
| s_axi_control | data_in_2  | 0x2c   | 32    | W      | Data signal of data_in           |                                                                      |
| s_axi_control | data_out_1 | 0x34   | 32    | W      | Data signal of data_out          |                                                                      |
| s_axi_control | data_out_2 | 0x38   | 32    | W      | Data signal of data_out          |                                                                      |
+---------------+------------+--------+-------+--------+----------------------------------+----------------------------------------------------------------------+

* TOP LEVEL CONTROL
+-----------+------------+-----------+
| Interface | Type       | Ports     |
+-----------+------------+-----------+
| ap_clk    | clock      | ap_clk    |
| ap_rst_n  | reset      | ap_rst_n  |
| interrupt | interrupt  | interrupt |
| ap_ctrl   | ap_ctrl_hs |           |
+-----------+------------+-----------+


================================================================
== SW I/O Information
================================================================
* Top Function Arguments
+----------+-----------+-------------+
| Argument | Direction | Datatype    |
+----------+-----------+-------------+
| c_in     | in        | ap_uint<16> |
| h_w      | in        | ap_uint<16> |
| groups   | in        | ap_uint<8>  |
| data_in  | inout     | float*      |
| data_out | inout     | float*      |
+----------+-----------+-------------+

* SW-to-HW Mapping
+----------+---------------+-----------+----------+--------------------------------------+
| Argument | HW Interface  | HW Type   | HW Usage | HW Info                              |
+----------+---------------+-----------+----------+--------------------------------------+
| c_in     | s_axi_control | register  |          | name=c_in offset=0x10 range=32       |
| h_w      | s_axi_control | register  |          | name=h_w offset=0x20 range=32        |
| groups   | s_axi_control | register  |          | name=groups offset=0x18 range=32     |
| data_in  | m_axi_gmem0   | interface |          |                                      |
| data_in  | s_axi_control | register  | offset   | name=data_in_1 offset=0x28 range=32  |
| data_in  | s_axi_control | register  | offset   | name=data_in_2 offset=0x2c range=32  |
| data_out | m_axi_gmem0   | interface |          |                                      |
| data_out | s_axi_control | register  | offset   | name=data_out_1 offset=0x34 range=32 |
| data_out | s_axi_control | register  | offset   | name=data_out_2 offset=0x38 range=32 |
+----------+---------------+-----------+----------+--------------------------------------+


================================================================
== M_AXI Burst Information
================================================================
 Note: All burst requests might be further partitioned into multiple requests during RTL generation based on max_read_burst_length or max_write_burst_length settings.

* Inferred Burst Summary
+--------------+-----------------+-----------+----------+-------+-------------------------------------+
| HW Interface | Loop            | Direction | Length   | Width | Location                            |
+--------------+-----------------+-----------+----------+-------+-------------------------------------+
| m_axi_gmem0  | VITIS_LOOP_47_6 | read      | variable | 32    | ../ip/ip6/channel_shuffle.cpp:47:19 |
+--------------+-----------------+-----------+----------+-------+-------------------------------------+

* Inferred Bursts and Widening Missed
+--------------+----------+-----------------+---------------------------------------------------------------------------------------------------------+------------+-------------------------------------+
| HW Interface | Variable | Loop            | Problem                                                                                                 | Resolution | Location                            |
+--------------+----------+-----------------+---------------------------------------------------------------------------------------------------------+------------+-------------------------------------+
| m_axi_gmem0  | data_out | VITIS_LOOP_47_6 | Stride is incompatible                                                                                  | 214-230    | ../ip/ip6/channel_shuffle.cpp:47:19 |
| m_axi_gmem0  | data_in  | VITIS_LOOP_45_5 | Stride is incompatible                                                                                  | 214-230    | ../ip/ip6/channel_shuffle.cpp:45:19 |
| m_axi_gmem0  | data_in  | VITIS_LOOP_47_6 | Could not widen since type float size is greater than or equal to the max_widen_bitwidth threshold of 0 | 214-353    | ../ip/ip6/channel_shuffle.cpp:47:19 |
+--------------+----------+-----------------+---------------------------------------------------------------------------------------------------------+------------+-------------------------------------+

    * Resolution URL: www.xilinx.com/cgi-bin/docs/rdoc?v=2022.2;t=hls+guidance;d=XXX-YYY.html (replace XXX-YYY with column value)

================================================================
== Bind Op Report
================================================================
+-------------------------------+-----+--------+--------------+-----+--------+---------+
| Name                          | DSP | Pragma | Variable     | Op  | Impl   | Latency |
+-------------------------------+-----+--------+--------------+-----+--------+---------+
| + channel_shuffle             | 7   |        |              |     |        |         |
|   add_ln40_fu_377_p2          | -   |        | add_ln40     | add | fabric | 0       |
|   add_ln40_2_fu_357_p2        | -   |        | add_ln40_2   | add | fabric | 0       |
|   add_ln41_fu_476_p2          | -   |        | add_ln41     | add | fabric | 0       |
|   add_ln41_2_fu_435_p2        | -   |        | add_ln41_2   | add | fabric | 0       |
|   mul_mul_17ns_8ns_25_4_1_U4  | 1   |        | mul_ln41     | mul | dsp48  | 3       |
|   mul_mul_17ns_25ns_42_4_1_U5 | 1   |        | mul_ln41_1   | mul | dsp48  | 3       |
|   mul_mul_16ns_16ns_32_4_1_U6 | 1   |        | mul_ln1027   | mul | dsp48  | 3       |
|   add_ln1027_fu_550_p2        | -   |        | add_ln1027   | add | fabric | 0       |
|   add_ln1027_4_fu_540_p2      | -   |        | add_ln1027_4 | add | fabric | 0       |
|   add_ln840_fu_568_p2         | -   |        | add_ln840    | add | fabric | 0       |
|   mul_mul_16ns_16ns_32_4_1_U7 | 1   |        | mul_ln1027_1 | mul | dsp48  | 3       |
|   add_ln1027_1_fu_631_p2      | -   |        | add_ln1027_1 | add | fabric | 0       |
|   w_V_fu_641_p2               | -   |        | w_V          | add | fabric | 0       |
|   add_ln1027_2_fu_650_p2      | -   |        | add_ln1027_2 | add | fabric | 0       |
|   mul_32s_16ns_32_1_1_U3      | 2   |        | mul_ln43     | mul | auto   | 0       |
|   mul_mul_8ns_16ns_16_4_1_U8  | 1   |        | mul_ln47     | mul | dsp48  | 3       |
|   add_ln47_fu_676_p2          | -   |        | add_ln47     | add | fabric | 0       |
|   add_ln47_1_fu_693_p2        | -   |        | add_ln47_1   | add | fabric | 0       |
|   c_V_1_fu_723_p2             | -   |        | c_V_1        | add | fabric | 0       |
|   add_ln186_fu_729_p2         | -   |        | add_ln186    | add | fabric | 0       |
|   out_c_V_fu_734_p2           | -   |        | out_c_V      | add | fabric | 0       |
|   out_idx_V_fu_743_p2         | -   |        | out_idx_V    | add | fabric | 0       |
|   add_ln56_fu_760_p2          | -   |        | add_ln56     | add | fabric | 0       |
|   g_V_1_fu_785_p2             | -   |        | g_V_1        | add | fabric | 0       |
|   add_ln1027_3_fu_790_p2      | -   |        | add_ln1027_3 | add | fabric | 0       |
|   w_block_V_fu_598_p2         | -   |        | w_block_V    | add | fabric | 0       |
|   add_ln41_4_fu_604_p2        | -   |        | add_ln41_4   | add | fabric | 0       |
|   h_block_V_fu_455_p2         | -   |        | h_block_V    | add | fabric | 0       |
|   add_ln40_4_fu_460_p2        | -   |        | add_ln40_4   | add | fabric | 0       |
+-------------------------------+-----+--------+--------------+-----+--------+---------+


================================================================
== Bind Storage Report
================================================================
  No bind storage info in design

================================================================
== Pragma Report
================================================================
* Valid Pragma Syntax
+-----------+----------------------------------------------------------------+---------------------------------------------------------------+
| Type      | Options                                                        | Location                                                      |
+-----------+----------------------------------------------------------------+---------------------------------------------------------------+
| interface | m_axi depth=2147483647 port=data_out bundle=gmem0 offset=slave | ../ip/ip6/channel_shuffle.cpp:20 in channel_shuffle, data_out |
| interface | m_axi depth=2147483647 port=data_in bundle=gmem0 offset=slave  | ../ip/ip6/channel_shuffle.cpp:21 in channel_shuffle, data_in  |
| interface | s_axilite port=return                                          | ../ip/ip6/channel_shuffle.cpp:24 in channel_shuffle, return   |
| interface | s_axilite port=c_in offset=0x10                                | ../ip/ip6/channel_shuffle.cpp:25 in channel_shuffle, c_in     |
| interface | s_axilite port=h_w offset=0x20                                 | ../ip/ip6/channel_shuffle.cpp:26 in channel_shuffle, h_w      |
| interface | s_axilite port=groups offset=0x18                              | ../ip/ip6/channel_shuffle.cpp:27 in channel_shuffle, groups   |
| pipeline  | II=1                                                           | ../ip/ip6/channel_shuffle.cpp:44 in channel_shuffle           |
| unroll    | factor=4                                                       | ../ip/ip6/channel_shuffle.cpp:46 in channel_shuffle           |
+-----------+----------------------------------------------------------------+---------------------------------------------------------------+


