

================================================================
== Synthesis Summary Report of 'output_conv_pool_bn'
================================================================
+ General Information: 
    * Date:           Thu Oct 30 14:58:18 2025
    * Version:        2022.2 (Build 3670227 on Oct 13 2022)
    * Project:        ip4
    * Solution:       solution1 (Vivado IP Flow Target)
    * Product family: zynq
    * Target device:  xc7z020-clg400-2
    

+ Performance & Resource Estimates: 
    
    PS: '+' for module; 'o' for loop; '*' for dataflow
    +------------------------+------+------+------------------+-----------+------------------+---------+-------+----------+---------+--------+-----------+------------+-----+
    |         Modules        | Issue|      |     Latency      |  Latency  |     Iteration    |         |  Trip |          |         |        |           |            |     |
    |         & Loops        | Type | Slack|     (cycles)     |    (ns)   |      Latency     | Interval| Count | Pipelined|  BRAM   |   DSP  |     FF    |     LUT    | URAM|
    +------------------------+------+------+------------------+-----------+------------------+---------+-------+----------+---------+--------+-----------+------------+-----+
    |+ output_conv_pool_bn   |     -|  0.00|                 -|          -|                 -|        -|      -|        no|  1 (~0%)|  8 (3%)|  6756 (6%)|  6857 (12%)|    -|
    | o VITIS_LOOP_115_1     |     -|  7.30|                 -|          -|  3659020081233940|        -|      -|        no|        -|       -|          -|           -|    -|
    |  o VITIS_LOOP_121_2    |     -|  7.30|  3659020081233900|  3.659e+16|       55833067540|        -|  65535|        no|        -|       -|          -|           -|    -|
    |   o VITIS_LOOP_122_3   |     -|  7.30|       55833067530|  5.583e+11|            851958|        -|  65535|        no|        -|       -|          -|           -|    -|
    |    o VITIS_LOOP_123_4  |     -|  7.30|            851955|  8.520e+06|                13|        -|  65535|        no|        -|       -|          -|           -|    -|
    | o VITIS_LOOP_158_5     |     -|  7.30|         872336385|  8.723e+09|             13311|        -|  65535|        no|        -|       -|          -|           -|    -|
    |  o VITIS_LOOP_163_6    |     -|  7.30|             13299|  1.330e+05|                13|        -|   1023|        no|        -|       -|          -|           -|    -|
    +------------------------+------+------+------------------+-----------+------------------+---------+-------+----------+---------+--------+-----------+------------+-----+


================================================================
== HW Interfaces
================================================================
* M_AXI
+-------------+------------+---------------+---------+--------+----------+-----------+--------------+--------------+-------------+-------------+
| Interface   | Data Width | Address Width | Latency | Offset | Register | Max Widen | Max Read     | Max Write    | Num Read    | Num Write   |
|             | (SW->HW)   |               |         |        |          | Bitwidth  | Burst Length | Burst Length | Outstanding | Outstanding |
+-------------+------------+---------------+---------+--------+----------+-----------+--------------+--------------+-------------+-------------+
| m_axi_gmem0 | 8 -> 8     | 64            | 0       | slave  | 0        | 0         | 16           | 16           | 16          | 16          |
+-------------+------------+---------------+---------+--------+----------+-----------+--------------+--------------+-------------+-------------+

* S_AXILITE Interfaces
+---------------+------------+---------------+--------+----------+
| Interface     | Data Width | Address Width | Offset | Register |
+---------------+------------+---------------+--------+----------+
| s_axi_control | 32         | 8             | 32     | 0        |
+---------------+------------+---------------+--------+----------+

* S_AXILITE Registers
+---------------+---------------+--------+-------+--------+----------------------------------+----------------------------------------------------------------------+
| Interface     | Register      | Offset | Width | Access | Description                      | Bit Fields                                                           |
+---------------+---------------+--------+-------+--------+----------------------------------+----------------------------------------------------------------------+
| s_axi_control | CTRL          | 0x00   | 32    | RW     | Control signals                  | 0=AP_START 1=AP_DONE 2=AP_IDLE 3=AP_READY 7=AUTO_RESTART 9=INTERRUPT |
| s_axi_control | GIER          | 0x04   | 32    | RW     | Global Interrupt Enable Register | 0=Enable                                                             |
| s_axi_control | IP_IER        | 0x08   | 32    | RW     | IP Interrupt Enable Register     | 0=CHAN0_INT_EN 1=CHAN1_INT_EN                                        |
| s_axi_control | IP_ISR        | 0x0c   | 32    | RW     | IP Interrupt Status Register     | 0=CHAN0_INT_ST 1=CHAN1_INT_ST                                        |
| s_axi_control | c_in          | 0x10   | 32    | W      | Data signal of c_in              |                                                                      |
| s_axi_control | h_w           | 0x18   | 32    | W      | Data signal of h_w               |                                                                      |
| s_axi_control | in_r_1        | 0x20   | 32    | W      | Data signal of in_r              |                                                                      |
| s_axi_control | in_r_2        | 0x24   | 32    | W      | Data signal of in_r              |                                                                      |
| s_axi_control | conv_kernel_1 | 0x2c   | 32    | W      | Data signal of conv_kernel       |                                                                      |
| s_axi_control | conv_kernel_2 | 0x30   | 32    | W      | Data signal of conv_kernel       |                                                                      |
| s_axi_control | bn_mean_1     | 0x38   | 32    | W      | Data signal of bn_mean           |                                                                      |
| s_axi_control | bn_mean_2     | 0x3c   | 32    | W      | Data signal of bn_mean           |                                                                      |
| s_axi_control | bn_var_1      | 0x44   | 32    | W      | Data signal of bn_var            |                                                                      |
| s_axi_control | bn_var_2      | 0x48   | 32    | W      | Data signal of bn_var            |                                                                      |
| s_axi_control | bn_gamma_1    | 0x50   | 32    | W      | Data signal of bn_gamma          |                                                                      |
| s_axi_control | bn_gamma_2    | 0x54   | 32    | W      | Data signal of bn_gamma          |                                                                      |
| s_axi_control | bn_beta_1     | 0x5c   | 32    | W      | Data signal of bn_beta           |                                                                      |
| s_axi_control | bn_beta_2     | 0x60   | 32    | W      | Data signal of bn_beta           |                                                                      |
| s_axi_control | fc_weights_1  | 0x68   | 32    | W      | Data signal of fc_weights        |                                                                      |
| s_axi_control | fc_weights_2  | 0x6c   | 32    | W      | Data signal of fc_weights        |                                                                      |
| s_axi_control | fc_biases_1   | 0x74   | 32    | W      | Data signal of fc_biases         |                                                                      |
| s_axi_control | fc_biases_2   | 0x78   | 32    | W      | Data signal of fc_biases         |                                                                      |
| s_axi_control | out_r_1       | 0x80   | 32    | W      | Data signal of out_r             |                                                                      |
| s_axi_control | out_r_2       | 0x84   | 32    | W      | Data signal of out_r             |                                                                      |
| s_axi_control | c_out         | 0x8c   | 32    | W      | Data signal of c_out             |                                                                      |
| s_axi_control | num_classes   | 0x94   | 32    | W      | Data signal of num_classes       |                                                                      |
+---------------+---------------+--------+-------+--------+----------------------------------+----------------------------------------------------------------------+

* TOP LEVEL CONTROL
+-----------+------------+-----------+
| Interface | Type       | Ports     |
+-----------+------------+-----------+
| ap_clk    | clock      | ap_clk    |
| ap_rst_n  | reset      | ap_rst_n  |
| interrupt | interrupt  | interrupt |
| ap_ctrl   | ap_ctrl_hs |           |
+-----------+------------+-----------+


================================================================
== SW I/O Information
================================================================
* Top Function Arguments
+-------------+-----------+-------------------+
| Argument    | Direction | Datatype          |
+-------------+-----------+-------------------+
| in          | inout     | ap_int<8> const * |
| conv_kernel | inout     | ap_int<8> const * |
| bn_mean     | inout     | ap_int<8> const * |
| bn_var      | inout     | ap_int<8> const * |
| bn_gamma    | inout     | ap_int<8> const * |
| bn_beta     | inout     | ap_int<8> const * |
| fc_weights  | inout     | ap_int<8> const * |
| fc_biases   | inout     | ap_int<8> const * |
| out         | inout     | ap_int<8>*        |
| c_in        | in        | ap_uint<16>       |
| c_out       | in        | ap_uint<16>       |
| h_w         | in        | ap_uint<16>       |
| num_classes | in        | ap_uint<16>       |
+-------------+-----------+-------------------+

* SW-to-HW Mapping
+-------------+---------------+-----------+----------+-----------------------------------------+
| Argument    | HW Interface  | HW Type   | HW Usage | HW Info                                 |
+-------------+---------------+-----------+----------+-----------------------------------------+
| in          | m_axi_gmem0   | interface |          |                                         |
| in          | s_axi_control | interface | offset   |                                         |
| conv_kernel | m_axi_gmem0   | interface |          |                                         |
| conv_kernel | s_axi_control | register  | offset   | name=conv_kernel_1 offset=0x2c range=32 |
| conv_kernel | s_axi_control | register  | offset   | name=conv_kernel_2 offset=0x30 range=32 |
| bn_mean     | m_axi_gmem0   | interface |          |                                         |
| bn_mean     | s_axi_control | register  | offset   | name=bn_mean_1 offset=0x38 range=32     |
| bn_mean     | s_axi_control | register  | offset   | name=bn_mean_2 offset=0x3c range=32     |
| bn_var      | m_axi_gmem0   | interface |          |                                         |
| bn_var      | s_axi_control | register  | offset   | name=bn_var_1 offset=0x44 range=32      |
| bn_var      | s_axi_control | register  | offset   | name=bn_var_2 offset=0x48 range=32      |
| bn_gamma    | m_axi_gmem0   | interface |          |                                         |
| bn_gamma    | s_axi_control | register  | offset   | name=bn_gamma_1 offset=0x50 range=32    |
| bn_gamma    | s_axi_control | register  | offset   | name=bn_gamma_2 offset=0x54 range=32    |
| bn_beta     | m_axi_gmem0   | interface |          |                                         |
| bn_beta     | s_axi_control | register  | offset   | name=bn_beta_1 offset=0x5c range=32     |
| bn_beta     | s_axi_control | register  | offset   | name=bn_beta_2 offset=0x60 range=32     |
| fc_weights  | m_axi_gmem0   | interface |          |                                         |
| fc_weights  | s_axi_control | register  | offset   | name=fc_weights_1 offset=0x68 range=32  |
| fc_weights  | s_axi_control | register  | offset   | name=fc_weights_2 offset=0x6c range=32  |
| fc_biases   | m_axi_gmem0   | interface |          |                                         |
| fc_biases   | s_axi_control | register  | offset   | name=fc_biases_1 offset=0x74 range=32   |
| fc_biases   | s_axi_control | register  | offset   | name=fc_biases_2 offset=0x78 range=32   |
| out         | m_axi_gmem0   | interface |          |                                         |
| out         | s_axi_control | interface | offset   |                                         |
| c_in        | s_axi_control | register  |          | name=c_in offset=0x10 range=32          |
| c_out       | s_axi_control | register  |          | name=c_out offset=0x8c range=32         |
| h_w         | s_axi_control | register  |          | name=h_w offset=0x18 range=32           |
| num_classes | s_axi_control | register  |          | name=num_classes offset=0x94 range=32   |
+-------------+---------------+-----------+----------+-----------------------------------------+


================================================================
== M_AXI Burst Information
================================================================
 Note: All burst requests might be further partitioned into multiple requests during RTL generation based on max_read_burst_length or max_write_burst_length settings.

* Inferred Burst Summary
+--------------+------------------+-----------+----------+-------+------------------------------------------+
| HW Interface | Loop             | Direction | Length   | Width | Location                                 |
+--------------+------------------+-----------+----------+-------+------------------------------------------+
| m_axi_gmem0  | VITIS_LOOP_158_5 | write     | variable | 8     | ../ip/ip4/output_conv_pool_bn.cpp:158:23 |
+--------------+------------------+-----------+----------+-------+------------------------------------------+

* Inferred Bursts and Widening Missed
+--------------+------------+------------------+------------------------------------------------------------------------------------------------------+------------+------------------------------------------+
| HW Interface | Variable   | Loop             | Problem                                                                                              | Resolution | Location                                 |
+--------------+------------+------------------+------------------------------------------------------------------------------------------------------+------------+------------------------------------------+
| m_axi_gmem0  | in         | VITIS_LOOP_115_1 | Could not analyze pattern                                                                            | 214-229    | ../ip/ip4/output_conv_pool_bn.cpp:115:23 |
| m_axi_gmem0  | fc_biases  | VITIS_LOOP_158_5 | Could not widen since type i8 size is greater than or equal to the max_widen_bitwidth threshold of 0 | 214-353    | ../ip/ip4/output_conv_pool_bn.cpp:158:23 |
| m_axi_gmem0  | out        | VITIS_LOOP_158_5 | Could not widen since type i8 size is greater than or equal to the max_widen_bitwidth threshold of 0 | 214-353    | ../ip/ip4/output_conv_pool_bn.cpp:158:23 |
| m_axi_gmem0  | fc_weights | VITIS_LOOP_163_6 | Could not widen since type i8 size is greater than or equal to the max_widen_bitwidth threshold of 0 | 214-353    | ../ip/ip4/output_conv_pool_bn.cpp:163:27 |
| m_axi_gmem0  | bn_mean    | VITIS_LOOP_115_1 | Could not widen since type i8 size is greater than or equal to the max_widen_bitwidth threshold of 0 | 214-353    | ../ip/ip4/output_conv_pool_bn.cpp:115:23 |
| m_axi_gmem0  | bn_var     | VITIS_LOOP_115_1 | Could not widen since type i8 size is greater than or equal to the max_widen_bitwidth threshold of 0 | 214-353    | ../ip/ip4/output_conv_pool_bn.cpp:115:23 |
| m_axi_gmem0  | bn_gamma   | VITIS_LOOP_115_1 | Could not widen since type i8 size is greater than or equal to the max_widen_bitwidth threshold of 0 | 214-353    | ../ip/ip4/output_conv_pool_bn.cpp:115:23 |
| m_axi_gmem0  | bn_beta    | VITIS_LOOP_115_1 | Could not widen since type i8 size is greater than or equal to the max_widen_bitwidth threshold of 0 | 214-353    | ../ip/ip4/output_conv_pool_bn.cpp:115:23 |
| m_axi_gmem0  | in         | VITIS_LOOP_123_4 | Could not widen since type i8 size is greater than or equal to the max_widen_bitwidth threshold of 0 | 214-353    | ../ip/ip4/output_conv_pool_bn.cpp:123:35 |
| m_axi_gmem0  |            |                  | Could not burst due to multiple potential reads to the same bundle in the same region.               | 214-224    | ../ip/ip4/output_conv_pool_bn.cpp:115:23 |
| m_axi_gmem0  |            |                  | Could not burst due to multiple potential reads to the same bundle in the same region.               | 214-224    | ../ip/ip4/output_conv_pool_bn.cpp:115:23 |
| m_axi_gmem0  |            |                  | Could not burst due to multiple potential reads to the same bundle in the same region.               | 214-224    | ../ip/ip4/output_conv_pool_bn.cpp:115:23 |
| m_axi_gmem0  |            |                  | Could not burst due to multiple potential reads to the same bundle in the same region.               | 214-224    | ../ip/ip4/output_conv_pool_bn.cpp:115:23 |
| m_axi_gmem0  |            |                  | Could not burst due to multiple potential reads to the same bundle in the same region.               | 214-224    | ../ip/ip4/output_conv_pool_bn.cpp:115:23 |
| m_axi_gmem0  |            |                  | Could not burst due to multiple potential reads to the same bundle in the same region.               | 214-224    | ../ip/ip4/output_conv_pool_bn.cpp:158:23 |
+--------------+------------+------------------+------------------------------------------------------------------------------------------------------+------------+------------------------------------------+

    * Resolution URL: www.xilinx.com/cgi-bin/docs/rdoc?v=2022.2;t=hls+guidance;d=XXX-YYY.html (replace XXX-YYY with column value)

================================================================
== Bind Op Report
================================================================
+----------------------------------+-----+--------+---------------+-----+--------+---------+
| Name                             | DSP | Pragma | Variable      | Op  | Impl   | Latency |
+----------------------------------+-----+--------+---------------+-----+--------+---------+
| + output_conv_pool_bn            | 8   |        |               |     |        |         |
|   mul_mul_16ns_16ns_24_4_1_U6    | 1   |        | i_op_assign12 | mul | dsp48  | 3       |
|   add_ln1027_fu_539_p2           | -   |        | add_ln1027    | add | fabric | 0       |
|   add_ln840_fu_553_p2            | -   |        | add_ln840     | add | fabric | 0       |
|   add_ln1027_2_fu_582_p2         | -   |        | add_ln1027_2  | add | fabric | 0       |
|   add_ln840_3_fu_596_p2          | -   |        | add_ln840_3   | add | fabric | 0       |
|   add_ln840_6_fu_684_p2          | -   |        | add_ln840_6   | add | fabric | 0       |
|   tmp_fu_690_p2                  | -   |        | tmp           | add | fabric | 0       |
|   mul_32ns_16ns_48_1_1_U2        | 2   |        | tmp4          | mul | auto   | 0       |
|   add_ln840_9_fu_717_p2          | -   |        | add_ln840_9   | add | fabric | 0       |
|   mac_muladd_8s_8s_32s_32_4_1_U7 | 1   |        | ret_V_1       | mul | dsp48  | 3       |
|   mac_muladd_8s_8s_32s_32_4_1_U7 | 1   |        | sum_V_4       | add | dsp48  | 3       |
|   add_ln144_fu_623_p2            | -   |        | add_ln144     | add | fabric | 0       |
|   add_ln145_fu_633_p2            | -   |        | add_ln145     | add | fabric | 0       |
|   add_ln146_fu_643_p2            | -   |        | add_ln146     | add | fabric | 0       |
|   add_ln147_fu_653_p2            | -   |        | add_ln147     | add | fabric | 0       |
|   sub_ln27_fu_760_p2             | -   |        | sub_ln27      | sub | fabric | 0       |
|   mul_32s_8s_32_1_1_U4           | 1   |        | lhs           | mul | auto   | 0       |
|   mul_32s_17ns_48_1_1_U5         | 2   |        | mul_ln1494    | mul | auto   | 0       |
|   bn_val_V_fu_812_p2             | -   |        | bn_val_V      | add | fabric | 0       |
|   add_ln51_fu_817_p2             | -   |        | add_ln51      | add | fabric | 0       |
|   add_ln1027_1_fu_857_p2         | -   |        | add_ln1027_1  | add | fabric | 0       |
|   add_ln840_2_fu_867_p2          | -   |        | add_ln840_2   | add | fabric | 0       |
|   add_ln840_5_fu_895_p2          | -   |        | add_ln840_5   | add | fabric | 0       |
|   mac_muladd_8s_8s_25s_25_4_1_U8 | 1   |        | ret_V         | mul | dsp48  | 3       |
|   mac_muladd_8s_8s_25s_25_4_1_U8 | 1   |        | fc_sum_V_2    | add | dsp48  | 3       |
|   add_ln840_1_fu_917_p2          | -   |        | add_ln840_1   | add | fabric | 0       |
|   fc_sum_V_fu_948_p2             | -   |        | fc_sum_V      | add | fabric | 0       |
+----------------------------------+-----+--------+---------------+-----+--------+---------+


================================================================
== Bind Storage Report
================================================================
+-----------------------+------+------+--------+-----------------+---------+------+---------+
| Name                  | BRAM | URAM | Pragma | Variable        | Storage | Impl | Latency |
+-----------------------+------+------+--------+-----------------+---------+------+---------+
| + output_conv_pool_bn | 1    | 0    |        |                 |         |      |         |
|   conv_features_V_U   | 1    | -    |        | conv_features_V | ram_1p  | auto | 1       |
+-----------------------+------+------+--------+-----------------+---------+------+---------+


================================================================
== Pragma Report
================================================================
* Valid Pragma Syntax
+--------------+----------------------------------------------------------+--------------------------------------------------------------------------------+
| Type         | Options                                                  | Location                                                                       |
+--------------+----------------------------------------------------------+--------------------------------------------------------------------------------+
| interface    | s_axilite port=return bundle=control                     | ../ip/ip4/output_conv_pool_bn.cpp:84 in output_conv_pool_bn, return            |
| interface    | m_axi port=in bundle=gmem0 depth=1024*1024*1024          | ../ip/ip4/output_conv_pool_bn.cpp:85 in output_conv_pool_bn, in                |
| interface    | m_axi port=conv_kernel bundle=gmem0 depth=1024*1024*1024 | ../ip/ip4/output_conv_pool_bn.cpp:86 in output_conv_pool_bn, conv_kernel       |
| interface    | m_axi port=bn_mean bundle=gmem0 depth=1024*1024          | ../ip/ip4/output_conv_pool_bn.cpp:87 in output_conv_pool_bn, bn_mean           |
| interface    | m_axi port=bn_var bundle=gmem0 depth=1024*1024           | ../ip/ip4/output_conv_pool_bn.cpp:88 in output_conv_pool_bn, bn_var            |
| interface    | m_axi port=bn_gamma bundle=gmem0 depth=1024*1024         | ../ip/ip4/output_conv_pool_bn.cpp:89 in output_conv_pool_bn, bn_gamma          |
| interface    | m_axi port=bn_beta bundle=gmem0 depth=1024*1024          | ../ip/ip4/output_conv_pool_bn.cpp:90 in output_conv_pool_bn, bn_beta           |
| interface    | m_axi port=fc_weights bundle=gmem0 depth=1024*1024       | ../ip/ip4/output_conv_pool_bn.cpp:91 in output_conv_pool_bn, fc_weights        |
| interface    | m_axi port=fc_biases bundle=gmem0 depth=1024*1024        | ../ip/ip4/output_conv_pool_bn.cpp:92 in output_conv_pool_bn, fc_biases         |
| interface    | m_axi port=out bundle=gmem0 depth=1024*1024              | ../ip/ip4/output_conv_pool_bn.cpp:93 in output_conv_pool_bn, out               |
| interface    | s_axilite port=c_in bundle=control offset=0x10           | ../ip/ip4/output_conv_pool_bn.cpp:94 in output_conv_pool_bn, c_in              |
| interface    | s_axilite port=c_out bundle=control offset=0x14          | ../ip/ip4/output_conv_pool_bn.cpp:95 in output_conv_pool_bn, c_out             |
| interface    | s_axilite port=h_w bundle=control offset=0x18            | ../ip/ip4/output_conv_pool_bn.cpp:96 in output_conv_pool_bn, h_w               |
| interface    | s_axilite port=num_classes bundle=control offset=0x1C    | ../ip/ip4/output_conv_pool_bn.cpp:97 in output_conv_pool_bn, num_classes       |
| bind_storage | variable=mini_accumulator type=RAM_S2P                   | ../ip/ip4/output_conv_pool_bn.cpp:104 in output_conv_pool_bn, mini_accumulator |
| pipeline     | II=1                                                     | ../ip/ip4/output_conv_pool_bn.cpp:116 in output_conv_pool_bn                   |
| pipeline     | II=1                                                     | ../ip/ip4/output_conv_pool_bn.cpp:159 in output_conv_pool_bn                   |
| unroll       | factor=4                                                 | ../ip/ip4/output_conv_pool_bn.cpp:164 in output_conv_pool_bn                   |
+--------------+----------------------------------------------------------+--------------------------------------------------------------------------------+


