

================================================================
== Vitis HLS Report for 'output_conv_pool_bn'
================================================================
* Date:           Thu Oct 30 14:58:18 2025

* Version:        2022.2 (Build 3670227 on Oct 13 2022)
* Project:        ip4
* Solution:       solution1 (Vivado IP Flow Target)
* Product family: zynq
* Target device:  xc7z020-clg400-2


================================================================
== Performance Estimates
================================================================
+ Timing: 
    * Summary: 
    +--------+----------+----------+------------+
    |  Clock |  Target  | Estimated| Uncertainty|
    +--------+----------+----------+------------+
    |ap_clk  |  10.00 ns|  7.300 ns|     2.70 ns|
    +--------+----------+----------+------------+

+ Latency: 
    * Summary: 
    +---------+---------+----------+----------+-----+-----+---------+
    |  Latency (cycles) |  Latency (absolute) |  Interval | Pipeline|
    |   min   |   max   |    min   |    max   | min | max |   Type  |
    +---------+---------+----------+----------+-----+-----+---------+
    |       11|        ?|  0.110 us|         ?|   12|    ?|       no|
    +---------+---------+----------+----------+-----+-----+---------+

    + Detail: 
        * Instance: 
        N/A

        * Loop: 
        +-------------------------+---------+------------------+-----------------------+-----------+-----------+-----------+----------+
        |                         |      Latency (cycles)      |       Iteration       |  Initiation Interval  |    Trip   |          |
        |        Loop Name        |   min   |        max       |        Latency        |  achieved |   target  |   Count   | Pipelined|
        +-------------------------+---------+------------------+-----------------------+-----------+-----------+-----------+----------+
        |- VITIS_LOOP_115_1       |        0|                 ?|  40 ~ 3659020081233940|          -|          -|  0 ~ 65535|        no|
        | + VITIS_LOOP_121_2      |        0|  3659020081233900|       10 ~ 55833067540|          -|          -|  0 ~ 65535|        no|
        |  ++ VITIS_LOOP_122_3    |        0|       55833067530|             3 ~ 851958|          -|          -|  0 ~ 65535|        no|
        |   +++ VITIS_LOOP_123_4  |        0|            851955|                     13|          -|          -|  0 ~ 65535|        no|
        |- VITIS_LOOP_158_5       |        0|         872336385|             12 ~ 13311|          -|          -|  0 ~ 65535|        no|
        | + VITIS_LOOP_163_6      |        0|             13299|                     13|          -|          -|   0 ~ 1023|        no|
        +-------------------------+---------+------------------+-----------------------+-----------+-----------+-----------+----------+



================================================================
== Utilization Estimates
================================================================
* Summary: 
+-----------------+---------+-----+--------+-------+-----+
|       Name      | BRAM_18K| DSP |   FF   |  LUT  | URAM|
+-----------------+---------+-----+--------+-------+-----+
|DSP              |        -|    3|       -|      -|    -|
|Expression       |        -|    -|       0|   1079|    -|
|FIFO             |        -|    -|       -|      -|    -|
|Instance         |        0|    5|    4515|   5076|    -|
|Memory           |        1|    -|       0|      0|    0|
|Multiplexer      |        -|    -|       -|    702|    -|
|Register         |        -|    -|    2241|      -|    -|
+-----------------+---------+-----+--------+-------+-----+
|Total            |        1|    8|    6756|   6857|    0|
+-----------------+---------+-----+--------+-------+-----+
|Available        |      280|  220|  106400|  53200|    0|
+-----------------+---------+-----+--------+-------+-----+
|Utilization (%)  |       ~0|    3|       6|     12|    0|
+-----------------+---------+-----+--------+-------+-----+

+ Detail: 
    * Instance: 
    +---------------------------+------------------------+---------+----+------+------+-----+
    |          Instance         |         Module         | BRAM_18K| DSP|  FF  |  LUT | URAM|
    +---------------------------+------------------------+---------+----+------+------+-----+
    |control_s_axi_U            |control_s_axi           |        0|   0|   754|  1320|    0|
    |gmem0_m_axi_U              |gmem0_m_axi             |        0|   0|   746|  1396|    0|
    |mul_32ns_16ns_48_1_1_U2    |mul_32ns_16ns_48_1_1    |        0|   2|     0|    21|    0|
    |mul_32s_17ns_48_1_1_U5     |mul_32s_17ns_48_1_1     |        0|   2|     0|    21|    0|
    |mul_32s_8s_32_1_1_U4       |mul_32s_8s_32_1_1       |        0|   1|     0|    21|    0|
    |sdiv_32ns_32ns_32_36_1_U1  |sdiv_32ns_32ns_32_36_1  |        0|   0|  2283|  1738|    0|
    |udiv_17s_8ns_17_21_1_U3    |udiv_17s_8ns_17_21_1    |        0|   0|   732|   559|    0|
    +---------------------------+------------------------+---------+----+------+------+-----+
    |Total                      |                        |        0|   5|  4515|  5076|    0|
    +---------------------------+------------------------+---------+----+------+------+-----+

    * DSP: 
    +--------------------------------+-----------------------------+--------------+
    |            Instance            |            Module           |  Expression  |
    +--------------------------------+-----------------------------+--------------+
    |mac_muladd_8s_8s_25s_25_4_1_U8  |mac_muladd_8s_8s_25s_25_4_1  |  i0 * i1 + i2|
    |mac_muladd_8s_8s_32s_32_4_1_U7  |mac_muladd_8s_8s_32s_32_4_1  |  i0 * i1 + i2|
    |mul_mul_16ns_16ns_24_4_1_U6     |mul_mul_16ns_16ns_24_4_1     |       i0 * i0|
    +--------------------------------+-----------------------------+--------------+

    * Memory: 
    +-------------------+-------------------------------+---------+---+----+-----+------+-----+------+-------------+
    |       Memory      |             Module            | BRAM_18K| FF| LUT| URAM| Words| Bits| Banks| W*Bits*Banks|
    +-------------------+-------------------------------+---------+---+----+-----+------+-----+------+-------------+
    |conv_features_V_U  |conv_features_V_RAM_AUTO_1R1W  |        1|  0|   0|    0|   512|    8|     1|         4096|
    +-------------------+-------------------------------+---------+---+----+-----+------+-----+------+-------------+
    |Total              |                               |        1|  0|   0|    0|   512|    8|     1|         4096|
    +-------------------+-------------------------------+---------+---+----+-----+------+-----+------+-------------+

    * FIFO: 
    N/A

    * Expression: 
    +-------------------------+----------+----+---+----+------------+------------+
    |      Variable Name      | Operation| DSP| FF| LUT| Bitwidth P0| Bitwidth P1|
    +-------------------------+----------+----+---+----+------------+------------+
    |add_ln1027_1_fu_857_p2   |         +|   0|  0|  26|          26|          26|
    |add_ln1027_2_fu_582_p2   |         +|   0|  0|  32|          32|          32|
    |add_ln1027_fu_539_p2     |         +|   0|  0|  26|          26|          26|
    |add_ln126_1_fu_723_p2    |         +|   0|  0|  64|          64|          64|
    |add_ln126_fu_728_p2      |         +|   0|  0|  64|          64|          64|
    |add_ln144_fu_623_p2      |         +|   0|  0|  64|          64|          64|
    |add_ln145_fu_633_p2      |         +|   0|  0|  64|          64|          64|
    |add_ln146_fu_643_p2      |         +|   0|  0|  64|          64|          64|
    |add_ln147_fu_653_p2      |         +|   0|  0|  64|          64|          64|
    |add_ln186_1_fu_901_p2    |         +|   0|  0|  64|          64|          64|
    |add_ln186_fu_906_p2      |         +|   0|  0|  64|          64|          64|
    |add_ln51_fu_817_p2       |         +|   0|  0|  24|          24|          24|
    |add_ln840_1_fu_917_p2    |         +|   0|  0|  64|          64|          64|
    |add_ln840_2_fu_867_p2    |         +|   0|  0|  16|          16|           1|
    |add_ln840_3_fu_596_p2    |         +|   0|  0|  16|          16|           1|
    |add_ln840_5_fu_895_p2    |         +|   0|  0|  10|          10|           1|
    |add_ln840_6_fu_684_p2    |         +|   0|  0|  16|          16|           1|
    |add_ln840_9_fu_717_p2    |         +|   0|  0|  16|          16|           1|
    |add_ln840_fu_553_p2      |         +|   0|  0|  10|          10|           1|
    |bn_val_V_fu_812_p2       |         +|   0|  0|  32|          32|          32|
    |empty_37_fu_607_p2       |         +|   0|  0|  64|          64|          64|
    |fc_sum_V_fu_948_p2       |         +|   0|  0|  16|          16|          16|
    |tmp1_fu_602_p2           |         +|   0|  0|  64|          64|          64|
    |tmp_fu_690_p2            |         +|   0|  0|  32|          32|          32|
    |sub_ln27_fu_760_p2       |         -|   0|  0|  32|          32|          32|
    |icmp_ln1027_1_fu_862_p2  |      icmp|   0|  0|   7|          16|          16|
    |icmp_ln1027_2_fu_591_p2  |      icmp|   0|  0|   7|          16|          16|
    |icmp_ln1027_3_fu_890_p2  |      icmp|   0|  0|   7|          16|          16|
    |icmp_ln1027_4_fu_679_p2  |      icmp|   0|  0|   7|          16|          16|
    |icmp_ln1027_5_fu_712_p2  |      icmp|   0|  0|   7|          16|          16|
    |icmp_ln1027_fu_548_p2    |      icmp|   0|  0|   7|          16|          16|
    |icmp_ln1035_fu_822_p2    |      icmp|   0|  0|  12|          32|           1|
    |conv_features_V_d0       |    select|   0|  0|   8|           1|           8|
    |xor_ln1513_fu_742_p2     |       xor|   0|  0|   9|           8|           9|
    +-------------------------+----------+----+---+----+------------+------------+
    |Total                    |          |   0|  0|1079|        1145|        1044|
    +-------------------------+----------+----+---+----+------------+------------+

    * Multiplexer: 
    +--------------------------+-----+-----------+-----+-----------+
    |           Name           | LUT | Input Size| Bits| Total Bits|
    +--------------------------+-----+-----------+-----+-----------+
    |ap_NS_fsm                 |  490|         98|    1|         98|
    |c_in_idx_V_reg_396        |    9|          2|   16|         32|
    |c_out_idx_V_fu_172        |    9|          2|   10|         20|
    |class_idx_V_fu_184        |    9|          2|   16|         32|
    |conv_features_V_address0  |   13|          3|    9|         27|
    |fc_sum_V_1_reg_488        |    9|          2|   25|         50|
    |feat_idx_V_reg_477        |    9|          2|   10|         20|
    |gmem0_ARADDR              |   37|          9|   64|        576|
    |gmem0_blk_n_AR            |    9|          2|    1|          2|
    |gmem0_blk_n_AW            |    9|          2|    1|          2|
    |gmem0_blk_n_B             |    9|          2|    1|          2|
    |gmem0_blk_n_R             |    9|          2|    1|          2|
    |gmem0_blk_n_W             |    9|          2|    1|          2|
    |h_V_reg_431               |    9|          2|   16|         32|
    |phi_mul2_fu_168           |    9|          2|   26|         52|
    |phi_mul5_fu_180           |    9|          2|   26|         52|
    |phi_mul_reg_419           |    9|          2|   32|         64|
    |sum_V_1_reg_442           |    9|          2|   32|         64|
    |sum_V_3_reg_465           |    9|          2|   32|         64|
    |sum_V_reg_407             |    9|          2|   32|         64|
    |w_V_reg_454               |    9|          2|   16|         32|
    +--------------------------+-----+-----------+-----+-----------+
    |Total                     |  702|        146|  368|       1289|
    +--------------------------+-----+-----------+-----+-----------+

    * Register: 
    +----------------------------+----+----+-----+-----------+
    |            Name            | FF | LUT| Bits| Const Bits|
    +----------------------------+----+----+-----+-----------+
    |add_ln1027_1_reg_1296       |  26|   0|   26|          0|
    |add_ln1027_2_reg_1150       |  32|   0|   32|          0|
    |add_ln1027_reg_1103         |  26|   0|   26|          0|
    |add_ln840_2_reg_1304        |  16|   0|   16|          0|
    |add_ln840_3_reg_1158        |  16|   0|   16|          0|
    |add_ln840_5_reg_1322        |  10|   0|   10|          0|
    |add_ln840_6_reg_1201        |  16|   0|   16|          0|
    |add_ln840_9_reg_1219        |  16|   0|   16|          0|
    |add_ln840_reg_1111          |  10|   0|   10|          0|
    |ap_CS_fsm                   |  97|   0|   97|          0|
    |beta_V_reg_1280             |   8|   0|    8|          0|
    |bn_beta_read_reg_1042       |  64|   0|   64|          0|
    |bn_gamma_read_reg_1047      |  64|   0|   64|          0|
    |bn_mean_read_reg_1057       |  64|   0|   64|          0|
    |bn_var_read_reg_1052        |  64|   0|   64|          0|
    |c_in_idx_V_reg_396          |  16|   0|   16|          0|
    |c_in_read_reg_1021          |  16|   0|   16|          0|
    |c_out_idx_V_fu_172          |  10|   0|   10|          0|
    |c_out_read_reg_1014         |  16|   0|   16|          0|
    |class_idx_V_fu_184          |  16|   0|   16|          0|
    |conv_kernel_read_reg_1062   |  64|   0|   64|          0|
    |fc_biases_read_reg_1032     |  64|   0|   64|          0|
    |fc_sum_V_1_reg_488          |  25|   0|   25|          0|
    |fc_weights_read_reg_1037    |  64|   0|   64|          0|
    |feat_idx_V_reg_477          |  10|   0|   10|          0|
    |gamma_V_reg_1260            |   8|   0|    8|          0|
    |gmem0_addr_1_read_reg_1245  |   8|   0|    8|          0|
    |gmem0_addr_1_reg_1169       |  64|   0|   64|          0|
    |gmem0_addr_2_read_reg_1250  |   8|   0|    8|          0|
    |gmem0_addr_2_reg_1175       |  64|   0|   64|          0|
    |gmem0_addr_3_reg_1181       |  64|   0|   64|          0|
    |gmem0_addr_4_reg_1187       |  64|   0|   64|          0|
    |gmem0_addr_5_reg_1163       |  64|   0|   64|          0|
    |gmem0_addr_6_read_reg_1369  |   8|   0|    8|          0|
    |gmem0_addr_6_reg_1338       |  64|   0|   64|          0|
    |gmem0_addr_7_reg_1332       |  64|   0|   64|          0|
    |gmem0_addr_8_reg_1224       |  64|   0|   64|          0|
    |gmem0_addr_reg_1144         |  64|   0|   64|          0|
    |h_V_reg_431                 |  16|   0|   16|          0|
    |h_w_read_reg_1006           |  16|   0|   16|          0|
    |i_op_assign_reg_1078        |  24|   0|   32|          8|
    |in_r_read_reg_1067          |  64|   0|   64|          0|
    |lhs_1_reg_1344              |   8|   0|    8|          0|
    |lhs_reg_1275                |  32|   0|   32|          0|
    |num_classes_read_reg_1000   |  16|   0|   16|          0|
    |out_r_read_reg_1027         |  64|   0|   64|          0|
    |phi_mul2_fu_168             |  26|   0|   26|          0|
    |phi_mul5_fu_180             |  26|   0|   26|          0|
    |phi_mul_reg_419             |  32|   0|   32|          0|
    |pixel_val_V_reg_1230        |   8|   0|    8|          0|
    |rhs_1_reg_1349              |   8|   0|    8|          0|
    |rhs_2_reg_1193              |  16|   0|   16|          0|
    |rhs_reg_1270                |  17|   0|   17|          0|
    |sub_ln27_reg_1265           |  32|   0|   32|          0|
    |sum_V_1_reg_442             |  32|   0|   32|          0|
    |sum_V_3_reg_465             |  32|   0|   32|          0|
    |sum_V_reg_407               |  32|   0|   32|          0|
    |tmp_reg_1206                |  32|   0|   32|          0|
    |trunc_ln1_reg_1291          |  24|   0|   24|          0|
    |trunc_ln4_reg_1374          |   8|   0|    8|          0|
    |trunc_ln_reg_1286           |  32|   0|   32|          0|
    |w_V_reg_454                 |  16|   0|   16|          0|
    |zext_ln1027_3_reg_1309      |  16|   0|   64|         48|
    |zext_ln1027_reg_1116        |  10|   0|   64|         54|
    |zext_ln115_1_reg_1088       |  16|   0|   32|         16|
    |zext_ln115_2_reg_1093       |  16|   0|   26|         10|
    |zext_ln115_3_reg_1098       |  16|   0|   26|         10|
    |zext_ln115_reg_1083         |  16|   0|   48|         32|
    |zext_ln121_reg_1125         |  26|   0|   64|         38|
    |zext_ln123_reg_1211         |  48|   0|   64|         16|
    |zext_ln163_reg_1314         |  26|   0|   64|         38|
    +----------------------------+----+----+-----+-----------+
    |Total                       |2241|   0| 2511|        270|
    +----------------------------+----+----+-----+-----------+



================================================================
== Interface
================================================================
* Summary: 
+-----------------------+-----+-----+------------+---------------------+--------------+
|       RTL Ports       | Dir | Bits|  Protocol  |    Source Object    |    C Type    |
+-----------------------+-----+-----+------------+---------------------+--------------+
|s_axi_control_AWVALID  |   in|    1|       s_axi|              control|        scalar|
|s_axi_control_AWREADY  |  out|    1|       s_axi|              control|        scalar|
|s_axi_control_AWADDR   |   in|    8|       s_axi|              control|        scalar|
|s_axi_control_WVALID   |   in|    1|       s_axi|              control|        scalar|
|s_axi_control_WREADY   |  out|    1|       s_axi|              control|        scalar|
|s_axi_control_WDATA    |   in|   32|       s_axi|              control|        scalar|
|s_axi_control_WSTRB    |   in|    4|       s_axi|              control|        scalar|
|s_axi_control_ARVALID  |   in|    1|       s_axi|              control|        scalar|
|s_axi_control_ARREADY  |  out|    1|       s_axi|              control|        scalar|
|s_axi_control_ARADDR   |   in|    8|       s_axi|              control|        scalar|
|s_axi_control_RVALID   |  out|    1|       s_axi|              control|        scalar|
|s_axi_control_RREADY   |   in|    1|       s_axi|              control|        scalar|
|s_axi_control_RDATA    |  out|   32|       s_axi|              control|        scalar|
|s_axi_control_RRESP    |  out|    2|       s_axi|              control|        scalar|
|s_axi_control_BVALID   |  out|    1|       s_axi|              control|        scalar|
|s_axi_control_BREADY   |   in|    1|       s_axi|              control|        scalar|
|s_axi_control_BRESP    |  out|    2|       s_axi|              control|        scalar|
|ap_clk                 |   in|    1|  ap_ctrl_hs|  output_conv_pool_bn|  return value|
|ap_rst_n               |   in|    1|  ap_ctrl_hs|  output_conv_pool_bn|  return value|
|interrupt              |  out|    1|  ap_ctrl_hs|  output_conv_pool_bn|  return value|
|m_axi_gmem0_AWVALID    |  out|    1|       m_axi|                gmem0|       pointer|
|m_axi_gmem0_AWREADY    |   in|    1|       m_axi|                gmem0|       pointer|
|m_axi_gmem0_AWADDR     |  out|   64|       m_axi|                gmem0|       pointer|
|m_axi_gmem0_AWID       |  out|    1|       m_axi|                gmem0|       pointer|
|m_axi_gmem0_AWLEN      |  out|    8|       m_axi|                gmem0|       pointer|
|m_axi_gmem0_AWSIZE     |  out|    3|       m_axi|                gmem0|       pointer|
|m_axi_gmem0_AWBURST    |  out|    2|       m_axi|                gmem0|       pointer|
|m_axi_gmem0_AWLOCK     |  out|    2|       m_axi|                gmem0|       pointer|
|m_axi_gmem0_AWCACHE    |  out|    4|       m_axi|                gmem0|       pointer|
|m_axi_gmem0_AWPROT     |  out|    3|       m_axi|                gmem0|       pointer|
|m_axi_gmem0_AWQOS      |  out|    4|       m_axi|                gmem0|       pointer|
|m_axi_gmem0_AWREGION   |  out|    4|       m_axi|                gmem0|       pointer|
|m_axi_gmem0_AWUSER     |  out|    1|       m_axi|                gmem0|       pointer|
|m_axi_gmem0_WVALID     |  out|    1|       m_axi|                gmem0|       pointer|
|m_axi_gmem0_WREADY     |   in|    1|       m_axi|                gmem0|       pointer|
|m_axi_gmem0_WDATA      |  out|   32|       m_axi|                gmem0|       pointer|
|m_axi_gmem0_WSTRB      |  out|    4|       m_axi|                gmem0|       pointer|
|m_axi_gmem0_WLAST      |  out|    1|       m_axi|                gmem0|       pointer|
|m_axi_gmem0_WID        |  out|    1|       m_axi|                gmem0|       pointer|
|m_axi_gmem0_WUSER      |  out|    1|       m_axi|                gmem0|       pointer|
|m_axi_gmem0_ARVALID    |  out|    1|       m_axi|                gmem0|       pointer|
|m_axi_gmem0_ARREADY    |   in|    1|       m_axi|                gmem0|       pointer|
|m_axi_gmem0_ARADDR     |  out|   64|       m_axi|                gmem0|       pointer|
|m_axi_gmem0_ARID       |  out|    1|       m_axi|                gmem0|       pointer|
|m_axi_gmem0_ARLEN      |  out|    8|       m_axi|                gmem0|       pointer|
|m_axi_gmem0_ARSIZE     |  out|    3|       m_axi|                gmem0|       pointer|
|m_axi_gmem0_ARBURST    |  out|    2|       m_axi|                gmem0|       pointer|
|m_axi_gmem0_ARLOCK     |  out|    2|       m_axi|                gmem0|       pointer|
|m_axi_gmem0_ARCACHE    |  out|    4|       m_axi|                gmem0|       pointer|
|m_axi_gmem0_ARPROT     |  out|    3|       m_axi|                gmem0|       pointer|
|m_axi_gmem0_ARQOS      |  out|    4|       m_axi|                gmem0|       pointer|
|m_axi_gmem0_ARREGION   |  out|    4|       m_axi|                gmem0|       pointer|
|m_axi_gmem0_ARUSER     |  out|    1|       m_axi|                gmem0|       pointer|
|m_axi_gmem0_RVALID     |   in|    1|       m_axi|                gmem0|       pointer|
|m_axi_gmem0_RREADY     |  out|    1|       m_axi|                gmem0|       pointer|
|m_axi_gmem0_RDATA      |   in|   32|       m_axi|                gmem0|       pointer|
|m_axi_gmem0_RLAST      |   in|    1|       m_axi|                gmem0|       pointer|
|m_axi_gmem0_RID        |   in|    1|       m_axi|                gmem0|       pointer|
|m_axi_gmem0_RUSER      |   in|    1|       m_axi|                gmem0|       pointer|
|m_axi_gmem0_RRESP      |   in|    2|       m_axi|                gmem0|       pointer|
|m_axi_gmem0_BVALID     |   in|    1|       m_axi|                gmem0|       pointer|
|m_axi_gmem0_BREADY     |  out|    1|       m_axi|                gmem0|       pointer|
|m_axi_gmem0_BRESP      |   in|    2|       m_axi|                gmem0|       pointer|
|m_axi_gmem0_BID        |   in|    1|       m_axi|                gmem0|       pointer|
|m_axi_gmem0_BUSER      |   in|    1|       m_axi|                gmem0|       pointer|
+-----------------------+-----+-----+------------+---------------------+--------------+

