remark: D:/Xilinx/Vitis_HLS/2022.2/common/technology/autopilot\ap_int_base.h:214:67: Inlining function 'ssdm_int<16, false>::ssdm_int(unsigned short)' into 'ap_int_base<16, false>::ap_int_base(int)'
remark: D:/Xilinx/Vitis_HLS/2022.2/common/technology/autopilot\ap_int_base.h:1513:337: Inlining function 'ap_int_base<16, false>::ap_int_base(int)' into 'ap_int_base<16, false>::RType<8, false>::div operator/<16, false, 8, false>(ap_int_base<16, false> const&, ap_int_base<8, false> const&)'
remark: <unknown>:0:0: Inlining function 'ap_int_base<16, false>::ap_int_base(int)' into 'ap_uint<16>::ap_uint(int)'
remark: D:/Xilinx/Vitis_HLS/2022.2/common/technology/autopilot\ap_int_base.h:214:67: Inlining function 'ssdm_int<8, false>::ssdm_int(unsigned char)' into 'ap_int_base<8, false>::ap_int_base(int)'
remark: <unknown>:0:0: Inlining function 'ap_int_base<8, false>::ap_int_base(int)' into 'ap_uint<8>::ap_uint(int)'
remark: D:/Xilinx/Vitis_HLS/2022.2/common/technology/autopilot\ap_int_base.h:185:106: Inlining function '_ZN8ssdm_intILi24ELb0EEC2EDq24_j' into 'ap_int_base<24, false>::ap_int_base<8, false>(ap_int_base<8, false> const&)'
remark: D:/Xilinx/Vitis_HLS/2022.2/common/technology/autopilot\ap_int_base.h:185:106: Inlining function '_ZN8ssdm_intILi24ELb0EEC2EDq24_j' into 'ap_int_base<24, false>::ap_int_base<16, false>(ap_int_base<16, false> const&)'
remark: D:/Xilinx/Vitis_HLS/2022.2/common/technology/autopilot\ap_int_base.h:214:67: Inlining function '_ZN8ssdm_intILi24ELb0EEC2EDq24_j' into 'ap_int_base<24, false>::ap_int_base(int)'
remark: D:/Xilinx/Vitis_HLS/2022.2/common/technology/autopilot\ap_int_base.h:1494:339: Inlining function 'ap_int_base<24, false>::ap_int_base<8, false>(ap_int_base<8, false> const&)' into 'ap_int_base<8, false>::RType<16, false>::mult operator*<8, false, 16, false>(ap_int_base<8, false> const&, ap_int_base<16, false> const&)'
remark: D:/Xilinx/Vitis_HLS/2022.2/common/technology/autopilot\ap_int_base.h:1494:516: Inlining function 'ap_int_base<24, false>::ap_int_base(int)' into 'ap_int_base<8, false>::RType<16, false>::mult operator*<8, false, 16, false>(ap_int_base<8, false> const&, ap_int_base<16, false> const&)'
remark: D:/Xilinx/Vitis_HLS/2022.2/common/technology/autopilot\ap_int_base.h:1494:427: Inlining function 'ap_int_base<24, false>::ap_int_base<16, false>(ap_int_base<16, false> const&)' into 'ap_int_base<8, false>::RType<16, false>::mult operator*<8, false, 16, false>(ap_int_base<8, false> const&, ap_int_base<16, false> const&)'
remark: D:/Xilinx/Vitis_HLS/2022.2/common/technology/autopilot\ap_int_base.h:185:106: Inlining function '_ZN8ssdm_intILi25ELb0EEC2EDq25_j' into 'ap_int_base<25, false>::ap_int_base<24, false>(ap_int_base<24, false> const&)'
remark: D:/Xilinx/Vitis_HLS/2022.2/common/technology/autopilot\ap_int_base.h:185:106: Inlining function '_ZN8ssdm_intILi25ELb0EEC2EDq25_j' into 'ap_int_base<25, false>::ap_int_base<16, false>(ap_int_base<16, false> const&)'
remark: D:/Xilinx/Vitis_HLS/2022.2/common/technology/autopilot\ap_int_base.h:214:67: Inlining function '_ZN8ssdm_intILi25ELb0EEC2EDq25_j' into 'ap_int_base<25, false>::ap_int_base(int)'
remark: D:/Xilinx/Vitis_HLS/2022.2/common/technology/autopilot\ap_int_base.h:1495:339: Inlining function 'ap_int_base<25, false>::ap_int_base<24, false>(ap_int_base<24, false> const&)' into 'ap_int_base<24, false>::RType<16, false>::plus operator+<24, false, 16, false>(ap_int_base<24, false> const&, ap_int_base<16, false> const&)'
remark: D:/Xilinx/Vitis_HLS/2022.2/common/technology/autopilot\ap_int_base.h:1495:516: Inlining function 'ap_int_base<25, false>::ap_int_base(int)' into 'ap_int_base<24, false>::RType<16, false>::plus operator+<24, false, 16, false>(ap_int_base<24, false> const&, ap_int_base<16, false> const&)'
remark: D:/Xilinx/Vitis_HLS/2022.2/common/technology/autopilot\ap_int_base.h:1495:427: Inlining function 'ap_int_base<25, false>::ap_int_base<16, false>(ap_int_base<16, false> const&)' into 'ap_int_base<24, false>::RType<16, false>::plus operator+<24, false, 16, false>(ap_int_base<24, false> const&, ap_int_base<16, false> const&)'
remark: D:/Xilinx/Vitis_HLS/2022.2/common/technology/autopilot\ap_int_base.h:185:106: Inlining function '_ZN8ssdm_intILi41ELb0EEC2EDq41_j' into 'ap_int_base<41, false>::ap_int_base<25, false>(ap_int_base<25, false> const&)'
remark: D:/Xilinx/Vitis_HLS/2022.2/common/technology/autopilot\ap_int_base.h:185:106: Inlining function '_ZN8ssdm_intILi41ELb0EEC2EDq41_j' into 'ap_int_base<41, false>::ap_int_base<16, false>(ap_int_base<16, false> const&)'
remark: D:/Xilinx/Vitis_HLS/2022.2/common/technology/autopilot\ap_int_base.h:214:67: Inlining function '_ZN8ssdm_intILi41ELb0EEC2EDq41_j' into 'ap_int_base<41, false>::ap_int_base(int)'
remark: D:/Xilinx/Vitis_HLS/2022.2/common/technology/autopilot\ap_int_base.h:1494:339: Inlining function 'ap_int_base<41, false>::ap_int_base<25, false>(ap_int_base<25, false> const&)' into 'ap_int_base<25, false>::RType<16, false>::mult operator*<25, false, 16, false>(ap_int_base<25, false> const&, ap_int_base<16, false> const&)'
remark: D:/Xilinx/Vitis_HLS/2022.2/common/technology/autopilot\ap_int_base.h:1494:516: Inlining function 'ap_int_base<41, false>::ap_int_base(int)' into 'ap_int_base<25, false>::RType<16, false>::mult operator*<25, false, 16, false>(ap_int_base<25, false> const&, ap_int_base<16, false> const&)'
remark: D:/Xilinx/Vitis_HLS/2022.2/common/technology/autopilot\ap_int_base.h:1494:427: Inlining function 'ap_int_base<41, false>::ap_int_base<16, false>(ap_int_base<16, false> const&)' into 'ap_int_base<25, false>::RType<16, false>::mult operator*<25, false, 16, false>(ap_int_base<25, false> const&, ap_int_base<16, false> const&)'
remark: D:/Xilinx/Vitis_HLS/2022.2/common/technology/autopilot\ap_int_base.h:185:106: Inlining function '_ZN8ssdm_intILi57ELb0EEC2EDq57_j' into 'ap_int_base<57, false>::ap_int_base<41, false>(ap_int_base<41, false> const&)'
remark: D:/Xilinx/Vitis_HLS/2022.2/common/technology/autopilot\ap_int_base.h:185:106: Inlining function '_ZN8ssdm_intILi57ELb0EEC2EDq57_j' into 'ap_int_base<57, false>::ap_int_base<16, false>(ap_int_base<16, false> const&)'
remark: D:/Xilinx/Vitis_HLS/2022.2/common/technology/autopilot\ap_int_base.h:214:67: Inlining function '_ZN8ssdm_intILi57ELb0EEC2EDq57_j' into 'ap_int_base<57, false>::ap_int_base(int)'
remark: D:/Xilinx/Vitis_HLS/2022.2/common/technology/autopilot\ap_int_base.h:1494:339: Inlining function 'ap_int_base<57, false>::ap_int_base<41, false>(ap_int_base<41, false> const&)' into 'ap_int_base<41, false>::RType<16, false>::mult operator*<41, false, 16, false>(ap_int_base<41, false> const&, ap_int_base<16, false> const&)'
remark: D:/Xilinx/Vitis_HLS/2022.2/common/technology/autopilot\ap_int_base.h:1494:516: Inlining function 'ap_int_base<57, false>::ap_int_base(int)' into 'ap_int_base<41, false>::RType<16, false>::mult operator*<41, false, 16, false>(ap_int_base<41, false> const&, ap_int_base<16, false> const&)'
remark: D:/Xilinx/Vitis_HLS/2022.2/common/technology/autopilot\ap_int_base.h:1494:427: Inlining function 'ap_int_base<57, false>::ap_int_base<16, false>(ap_int_base<16, false> const&)' into 'ap_int_base<41, false>::RType<16, false>::mult operator*<41, false, 16, false>(ap_int_base<41, false> const&, ap_int_base<16, false> const&)'
remark: D:/Xilinx/Vitis_HLS/2022.2/common/technology/autopilot\ap_int_base.h:185:106: Inlining function 'ssdm_int<32, false>::ssdm_int(unsigned int)' into 'ap_int_base<32, false>::ap_int_base<16, false>(ap_int_base<16, false> const&)'
remark: D:/Xilinx/Vitis_HLS/2022.2/common/technology/autopilot\ap_int_base.h:214:67: Inlining function 'ssdm_int<32, false>::ssdm_int(unsigned int)' into 'ap_int_base<32, false>::ap_int_base(int)'
remark: D:/Xilinx/Vitis_HLS/2022.2/common/technology/autopilot\ap_int_base.h:1494:339: Inlining function 'ap_int_base<32, false>::ap_int_base<16, false>(ap_int_base<16, false> const&)' into 'ap_int_base<16, false>::RType<16, false>::mult operator*<16, false, 16, false>(ap_int_base<16, false> const&, ap_int_base<16, false> const&)'
remark: D:/Xilinx/Vitis_HLS/2022.2/common/technology/autopilot\ap_int_base.h:1494:516: Inlining function 'ap_int_base<32, false>::ap_int_base(int)' into 'ap_int_base<16, false>::RType<16, false>::mult operator*<16, false, 16, false>(ap_int_base<16, false> const&, ap_int_base<16, false> const&)'
remark: D:/Xilinx/Vitis_HLS/2022.2/common/technology/autopilot\ap_int_base.h:1494:427: Inlining function 'ap_int_base<32, false>::ap_int_base<16, false>(ap_int_base<16, false> const&)' into 'ap_int_base<16, false>::RType<16, false>::mult operator*<16, false, 16, false>(ap_int_base<16, false> const&, ap_int_base<16, false> const&)'
remark: D:/Xilinx/Vitis_HLS/2022.2/common/technology/autopilot\ap_int_base.h:185:106: Inlining function '_ZN8ssdm_intILi58ELb0EEC2EDq58_j' into 'ap_int_base<58, false>::ap_int_base<57, false>(ap_int_base<57, false> const&)'
remark: D:/Xilinx/Vitis_HLS/2022.2/common/technology/autopilot\ap_int_base.h:185:106: Inlining function '_ZN8ssdm_intILi58ELb0EEC2EDq58_j' into 'ap_int_base<58, false>::ap_int_base<32, false>(ap_int_base<32, false> const&)'
remark: D:/Xilinx/Vitis_HLS/2022.2/common/technology/autopilot\ap_int_base.h:214:67: Inlining function '_ZN8ssdm_intILi58ELb0EEC2EDq58_j' into 'ap_int_base<58, false>::ap_int_base(int)'
remark: D:/Xilinx/Vitis_HLS/2022.2/common/technology/autopilot\ap_int_base.h:1495:339: Inlining function 'ap_int_base<58, false>::ap_int_base<57, false>(ap_int_base<57, false> const&)' into 'ap_int_base<57, false>::RType<32, false>::plus operator+<57, false, 32, false>(ap_int_base<57, false> const&, ap_int_base<32, false> const&)'
remark: D:/Xilinx/Vitis_HLS/2022.2/common/technology/autopilot\ap_int_base.h:1495:516: Inlining function 'ap_int_base<58, false>::ap_int_base(int)' into 'ap_int_base<57, false>::RType<32, false>::plus operator+<57, false, 32, false>(ap_int_base<57, false> const&, ap_int_base<32, false> const&)'
remark: D:/Xilinx/Vitis_HLS/2022.2/common/technology/autopilot\ap_int_base.h:1495:427: Inlining function 'ap_int_base<58, false>::ap_int_base<32, false>(ap_int_base<32, false> const&)' into 'ap_int_base<57, false>::RType<32, false>::plus operator+<57, false, 32, false>(ap_int_base<57, false> const&, ap_int_base<32, false> const&)'
remark: D:/Xilinx/Vitis_HLS/2022.2/common/technology/autopilot\ap_int_base.h:185:106: Inlining function '_ZN8ssdm_intILi59ELb0EEC2EDq59_j' into 'ap_int_base<59, false>::ap_int_base<58, false>(ap_int_base<58, false> const&)'
remark: D:/Xilinx/Vitis_HLS/2022.2/common/technology/autopilot\ap_int_base.h:185:106: Inlining function '_ZN8ssdm_intILi59ELb0EEC2EDq59_j' into 'ap_int_base<59, false>::ap_int_base<16, false>(ap_int_base<16, false> const&)'
remark: D:/Xilinx/Vitis_HLS/2022.2/common/technology/autopilot\ap_int_base.h:214:67: Inlining function '_ZN8ssdm_intILi59ELb0EEC2EDq59_j' into 'ap_int_base<59, false>::ap_int_base(int)'
remark: D:/Xilinx/Vitis_HLS/2022.2/common/technology/autopilot\ap_int_base.h:1495:339: Inlining function 'ap_int_base<59, false>::ap_int_base<58, false>(ap_int_base<58, false> const&)' into 'ap_int_base<58, false>::RType<16, false>::plus operator+<58, false, 16, false>(ap_int_base<58, false> const&, ap_int_base<16, false> const&)'
remark: D:/Xilinx/Vitis_HLS/2022.2/common/technology/autopilot\ap_int_base.h:1495:516: Inlining function 'ap_int_base<59, false>::ap_int_base(int)' into 'ap_int_base<58, false>::RType<16, false>::plus operator+<58, false, 16, false>(ap_int_base<58, false> const&, ap_int_base<16, false> const&)'
remark: D:/Xilinx/Vitis_HLS/2022.2/common/technology/autopilot\ap_int_base.h:1495:427: Inlining function 'ap_int_base<59, false>::ap_int_base<16, false>(ap_int_base<16, false> const&)' into 'ap_int_base<58, false>::RType<16, false>::plus operator+<58, false, 16, false>(ap_int_base<58, false> const&, ap_int_base<16, false> const&)'
remark: D:/Xilinx/Vitis_HLS/2022.2/common/technology/autopilot\ap_int_base.h:185:106: Inlining function 'ssdm_int<32, false>::ssdm_int(unsigned int)' into 'ap_int_base<32, false>::ap_int_base<59, false>(ap_int_base<59, false> const&)'
remark: <unknown>:0:0: Inlining function 'ap_int_base<32, false>::ap_int_base<59, false>(ap_int_base<59, false> const&)' into 'ap_uint<32>::ap_uint<59>(ap_uint<59> const&)'
remark: D:/Xilinx/Vitis_HLS/2022.2/common/technology/autopilot\ap_int_base.h:1494:339: Inlining function 'ap_int_base<24, false>::ap_int_base<16, false>(ap_int_base<16, false> const&)' into 'ap_int_base<16, false>::RType<8, false>::mult operator*<16, false, 8, false>(ap_int_base<16, false> const&, ap_int_base<8, false> const&)'
remark: D:/Xilinx/Vitis_HLS/2022.2/common/technology/autopilot\ap_int_base.h:1494:516: Inlining function 'ap_int_base<24, false>::ap_int_base(int)' into 'ap_int_base<16, false>::RType<8, false>::mult operator*<16, false, 8, false>(ap_int_base<16, false> const&, ap_int_base<8, false> const&)'
remark: D:/Xilinx/Vitis_HLS/2022.2/common/technology/autopilot\ap_int_base.h:1494:427: Inlining function 'ap_int_base<24, false>::ap_int_base<8, false>(ap_int_base<8, false> const&)' into 'ap_int_base<16, false>::RType<8, false>::mult operator*<16, false, 8, false>(ap_int_base<16, false> const&, ap_int_base<8, false> const&)'
remark: D:/Xilinx/Vitis_HLS/2022.2/common/technology/autopilot\ap_int_base.h:185:106: Inlining function '_ZN8ssdm_intILi25ELb0EEC2EDq25_j' into 'ap_int_base<25, false>::ap_int_base<8, false>(ap_int_base<8, false> const&)'
remark: D:/Xilinx/Vitis_HLS/2022.2/common/technology/autopilot\ap_int_base.h:1495:339: Inlining function 'ap_int_base<25, false>::ap_int_base<24, false>(ap_int_base<24, false> const&)' into 'ap_int_base<24, false>::RType<8, false>::plus operator+<24, false, 8, false>(ap_int_base<24, false> const&, ap_int_base<8, false> const&)'
remark: D:/Xilinx/Vitis_HLS/2022.2/common/technology/autopilot\ap_int_base.h:1495:516: Inlining function 'ap_int_base<25, false>::ap_int_base(int)' into 'ap_int_base<24, false>::RType<8, false>::plus operator+<24, false, 8, false>(ap_int_base<24, false> const&, ap_int_base<8, false> const&)'
remark: D:/Xilinx/Vitis_HLS/2022.2/common/technology/autopilot\ap_int_base.h:1495:427: Inlining function 'ap_int_base<25, false>::ap_int_base<8, false>(ap_int_base<8, false> const&)' into 'ap_int_base<24, false>::RType<8, false>::plus operator+<24, false, 8, false>(ap_int_base<24, false> const&, ap_int_base<8, false> const&)'
remark: D:/Xilinx/Vitis_HLS/2022.2/common/technology/autopilot\ap_int_base.h:185:106: Inlining function 'ssdm_int<16, false>::ssdm_int(unsigned short)' into 'ap_int_base<16, false>::ap_int_base<25, false>(ap_int_base<25, false> const&)'
remark: <unknown>:0:0: Inlining function 'ap_int_base<16, false>::ap_int_base<25, false>(ap_int_base<25, false> const&)' into 'ap_uint<16>::ap_uint<25>(ap_uint<25> const&)'
remark: D:/Xilinx/Vitis_HLS/2022.2/common/technology/autopilot\ap_int_base.h:185:106: Inlining function '_ZN8ssdm_intILi48ELb0EEC2EDq48_j' into 'ap_int_base<48, false>::ap_int_base<32, false>(ap_int_base<32, false> const&)'
remark: D:/Xilinx/Vitis_HLS/2022.2/common/technology/autopilot\ap_int_base.h:185:106: Inlining function '_ZN8ssdm_intILi48ELb0EEC2EDq48_j' into 'ap_int_base<48, false>::ap_int_base<16, false>(ap_int_base<16, false> const&)'
remark: D:/Xilinx/Vitis_HLS/2022.2/common/technology/autopilot\ap_int_base.h:214:67: Inlining function '_ZN8ssdm_intILi48ELb0EEC2EDq48_j' into 'ap_int_base<48, false>::ap_int_base(int)'
remark: D:/Xilinx/Vitis_HLS/2022.2/common/technology/autopilot\ap_int_base.h:1494:339: Inlining function 'ap_int_base<48, false>::ap_int_base<32, false>(ap_int_base<32, false> const&)' into 'ap_int_base<32, false>::RType<16, false>::mult operator*<32, false, 16, false>(ap_int_base<32, false> const&, ap_int_base<16, false> const&)'
remark: D:/Xilinx/Vitis_HLS/2022.2/common/technology/autopilot\ap_int_base.h:1494:516: Inlining function 'ap_int_base<48, false>::ap_int_base(int)' into 'ap_int_base<32, false>::RType<16, false>::mult operator*<32, false, 16, false>(ap_int_base<32, false> const&, ap_int_base<16, false> const&)'
remark: D:/Xilinx/Vitis_HLS/2022.2/common/technology/autopilot\ap_int_base.h:1494:427: Inlining function 'ap_int_base<48, false>::ap_int_base<16, false>(ap_int_base<16, false> const&)' into 'ap_int_base<32, false>::RType<16, false>::mult operator*<32, false, 16, false>(ap_int_base<32, false> const&, ap_int_base<16, false> const&)'
remark: D:/Xilinx/Vitis_HLS/2022.2/common/technology/autopilot\ap_int_base.h:185:106: Inlining function '_ZN8ssdm_intILi49ELb0EEC2EDq49_j' into 'ap_int_base<49, false>::ap_int_base<48, false>(ap_int_base<48, false> const&)'
remark: D:/Xilinx/Vitis_HLS/2022.2/common/technology/autopilot\ap_int_base.h:185:106: Inlining function '_ZN8ssdm_intILi49ELb0EEC2EDq49_j' into 'ap_int_base<49, false>::ap_int_base<32, false>(ap_int_base<32, false> const&)'
remark: D:/Xilinx/Vitis_HLS/2022.2/common/technology/autopilot\ap_int_base.h:214:67: Inlining function '_ZN8ssdm_intILi49ELb0EEC2EDq49_j' into 'ap_int_base<49, false>::ap_int_base(int)'
remark: D:/Xilinx/Vitis_HLS/2022.2/common/technology/autopilot\ap_int_base.h:1495:339: Inlining function 'ap_int_base<49, false>::ap_int_base<48, false>(ap_int_base<48, false> const&)' into 'ap_int_base<48, false>::RType<32, false>::plus operator+<48, false, 32, false>(ap_int_base<48, false> const&, ap_int_base<32, false> const&)'
remark: D:/Xilinx/Vitis_HLS/2022.2/common/technology/autopilot\ap_int_base.h:1495:516: Inlining function 'ap_int_base<49, false>::ap_int_base(int)' into 'ap_int_base<48, false>::RType<32, false>::plus operator+<48, false, 32, false>(ap_int_base<48, false> const&, ap_int_base<32, false> const&)'
remark: D:/Xilinx/Vitis_HLS/2022.2/common/technology/autopilot\ap_int_base.h:1495:427: Inlining function 'ap_int_base<49, false>::ap_int_base<32, false>(ap_int_base<32, false> const&)' into 'ap_int_base<48, false>::RType<32, false>::plus operator+<48, false, 32, false>(ap_int_base<48, false> const&, ap_int_base<32, false> const&)'
remark: D:/Xilinx/Vitis_HLS/2022.2/common/technology/autopilot\ap_int_base.h:185:106: Inlining function '_ZN8ssdm_intILi50ELb0EEC2EDq50_j' into 'ap_int_base<50, false>::ap_int_base<49, false>(ap_int_base<49, false> const&)'
remark: D:/Xilinx/Vitis_HLS/2022.2/common/technology/autopilot\ap_int_base.h:185:106: Inlining function '_ZN8ssdm_intILi50ELb0EEC2EDq50_j' into 'ap_int_base<50, false>::ap_int_base<16, false>(ap_int_base<16, false> const&)'
remark: D:/Xilinx/Vitis_HLS/2022.2/common/technology/autopilot\ap_int_base.h:214:67: Inlining function '_ZN8ssdm_intILi50ELb0EEC2EDq50_j' into 'ap_int_base<50, false>::ap_int_base(int)'
remark: D:/Xilinx/Vitis_HLS/2022.2/common/technology/autopilot\ap_int_base.h:1495:339: Inlining function 'ap_int_base<50, false>::ap_int_base<49, false>(ap_int_base<49, false> const&)' into 'ap_int_base<49, false>::RType<16, false>::plus operator+<49, false, 16, false>(ap_int_base<49, false> const&, ap_int_base<16, false> const&)'
remark: D:/Xilinx/Vitis_HLS/2022.2/common/technology/autopilot\ap_int_base.h:1495:516: Inlining function 'ap_int_base<50, false>::ap_int_base(int)' into 'ap_int_base<49, false>::RType<16, false>::plus operator+<49, false, 16, false>(ap_int_base<49, false> const&, ap_int_base<16, false> const&)'
remark: D:/Xilinx/Vitis_HLS/2022.2/common/technology/autopilot\ap_int_base.h:1495:427: Inlining function 'ap_int_base<50, false>::ap_int_base<16, false>(ap_int_base<16, false> const&)' into 'ap_int_base<49, false>::RType<16, false>::plus operator+<49, false, 16, false>(ap_int_base<49, false> const&, ap_int_base<16, false> const&)'
remark: D:/Xilinx/Vitis_HLS/2022.2/common/technology/autopilot\ap_int_base.h:185:106: Inlining function 'ssdm_int<32, false>::ssdm_int(unsigned int)' into 'ap_int_base<32, false>::ap_int_base<50, false>(ap_int_base<50, false> const&)'
remark: <unknown>:0:0: Inlining function 'ap_int_base<32, false>::ap_int_base<50, false>(ap_int_base<50, false> const&)' into 'ap_uint<32>::ap_uint<50>(ap_uint<50> const&)'
remark: D:/Xilinx/Vitis_HLS/2022.2/common/technology/autopilot\ap_int_base.h:214:67: Inlining function '_ZN8ssdm_intILi1ELb0EEC2EDq1_j' into 'ap_int_base<1, false>::ap_int_base(int)'
remark: D:/Xilinx/Vitis_HLS/2022.2/common/technology/autopilot\ap_int_base.h:879:16: Inlining function 'ap_int_base<1, false>::ap_int_base(int)' into 'ap_int_base<16, false>::operator++(int)'
remark: D:/Xilinx/Vitis_HLS/2022.2/common/technology/autopilot\ap_int_base.h:879:5: Inlining function 'ap_int_base<16, false>& ap_int_base<16, false>::operator+=<1, false>(ap_int_base<1, false> const&)' into 'ap_int_base<16, false>::operator++(int)'
remark: D:/Xilinx/Vitis_HLS/2022.2/common/technology/autopilot\ap_int_base.h:879:16: Inlining function 'ap_int_base<1, false>::ap_int_base(int)' into 'ap_int_base<8, false>::operator++(int)'
remark: D:/Xilinx/Vitis_HLS/2022.2/common/technology/autopilot\ap_int_base.h:879:5: Inlining function 'ap_int_base<8, false>& ap_int_base<8, false>::operator+=<1, false>(ap_int_base<1, false> const&)' into 'ap_int_base<8, false>::operator++(int)'
remark: ../ip/ip6/channel_shuffle.cpp:29:36: Inlining function 'ap_int_base<16, false>::RType<8, false>::div operator/<16, false, 8, false>(ap_int_base<16, false> const&, ap_int_base<8, false> const&)' into 'channel_shuffle(ap_uint<16>, ap_uint<16>, ap_uint<8>, float*, float*)'
remark: ../ip/ip6/channel_shuffle.cpp:32:55: Inlining function 'ap_int_base<16, false>::operator++(int)' into 'channel_shuffle(ap_uint<16>, ap_uint<16>, ap_uint<8>, float*, float*)'
remark: ../ip/ip6/channel_shuffle.cpp:33:59: Inlining function 'ap_int_base<16, false>::operator++(int)' into 'channel_shuffle(ap_uint<16>, ap_uint<16>, ap_uint<8>, float*, float*)'
remark: ../ip/ip6/channel_shuffle.cpp:36:54: Inlining function 'ap_int_base<8, false>::operator++(int)' into 'channel_shuffle(ap_uint<16>, ap_uint<16>, ap_uint<8>, float*, float*)'
remark: ../ip/ip6/channel_shuffle.cpp:37:72: Inlining function 'ap_int_base<16, false>::operator++(int)' into 'channel_shuffle(ap_uint<16>, ap_uint<16>, ap_uint<8>, float*, float*)'
remark: ../ip/ip6/channel_shuffle.cpp:46:25: Inlining function 'ap_int_base<32, false>::operator unsigned long long() const' into 'channel_shuffle(ap_uint<16>, ap_uint<16>, ap_uint<8>, float*, float*)'
remark: ../ip/ip6/channel_shuffle.cpp:46:39: Inlining function 'ap_int_base<32, false>::operator unsigned long long() const' into 'channel_shuffle(ap_uint<16>, ap_uint<16>, ap_uint<8>, float*, float*)'
remark: ../ip/ip6/channel_shuffle.cpp:43:71: Inlining function 'ap_int_base<49, false>::RType<16, false>::plus operator+<49, false, 16, false>(ap_int_base<49, false> const&, ap_int_base<16, false> const&)' into 'channel_shuffle(ap_uint<16>, ap_uint<16>, ap_uint<8>, float*, float*)'
remark: ../ip/ip6/channel_shuffle.cpp:43:61: Inlining function 'ap_int_base<48, false>::RType<32, false>::plus operator+<48, false, 32, false>(ap_int_base<48, false> const&, ap_int_base<32, false> const&)' into 'channel_shuffle(ap_uint<16>, ap_uint<16>, ap_uint<8>, float*, float*)'
remark: ../ip/ip6/channel_shuffle.cpp:43:65: Inlining function 'ap_int_base<16, false>::RType<16, false>::mult operator*<16, false, 16, false>(ap_int_base<16, false> const&, ap_int_base<16, false> const&)' into 'channel_shuffle(ap_uint<16>, ap_uint<16>, ap_uint<8>, float*, float*)'
remark: ../ip/ip6/channel_shuffle.cpp:43:55: Inlining function 'ap_int_base<32, false>::RType<16, false>::mult operator*<32, false, 16, false>(ap_int_base<32, false> const&, ap_int_base<16, false> const&)' into 'channel_shuffle(ap_uint<16>, ap_uint<16>, ap_uint<8>, float*, float*)'
remark: ../ip/ip6/channel_shuffle.cpp:43:49: Inlining function 'ap_int_base<16, false>::RType<16, false>::mult operator*<16, false, 16, false>(ap_int_base<16, false> const&, ap_int_base<16, false> const&)' into 'channel_shuffle(ap_uint<16>, ap_uint<16>, ap_uint<8>, float*, float*)'
remark: ../ip/ip6/channel_shuffle.cpp:41:52: Inlining function 'ap_int_base<24, false>::RType<8, false>::plus operator+<24, false, 8, false>(ap_int_base<24, false> const&, ap_int_base<8, false> const&)' into 'channel_shuffle(ap_uint<16>, ap_uint<16>, ap_uint<8>, float*, float*)'
remark: ../ip/ip6/channel_shuffle.cpp:41:43: Inlining function 'ap_int_base<16, false>::RType<8, false>::mult operator*<16, false, 8, false>(ap_int_base<16, false> const&, ap_int_base<8, false> const&)' into 'channel_shuffle(ap_uint<16>, ap_uint<16>, ap_uint<8>, float*, float*)'
remark: ../ip/ip6/channel_shuffle.cpp:39:83: Inlining function 'ap_int_base<58, false>::RType<16, false>::plus operator+<58, false, 16, false>(ap_int_base<58, false> const&, ap_int_base<16, false> const&)' into 'channel_shuffle(ap_uint<16>, ap_uint<16>, ap_uint<8>, float*, float*)'
remark: ../ip/ip6/channel_shuffle.cpp:39:73: Inlining function 'ap_int_base<57, false>::RType<32, false>::plus operator+<57, false, 32, false>(ap_int_base<57, false> const&, ap_int_base<32, false> const&)' into 'channel_shuffle(ap_uint<16>, ap_uint<16>, ap_uint<8>, float*, float*)'
remark: ../ip/ip6/channel_shuffle.cpp:39:77: Inlining function 'ap_int_base<16, false>::RType<16, false>::mult operator*<16, false, 16, false>(ap_int_base<16, false> const&, ap_int_base<16, false> const&)' into 'channel_shuffle(ap_uint<16>, ap_uint<16>, ap_uint<8>, float*, float*)'
remark: ../ip/ip6/channel_shuffle.cpp:39:67: Inlining function 'ap_int_base<41, false>::RType<16, false>::mult operator*<41, false, 16, false>(ap_int_base<41, false> const&, ap_int_base<16, false> const&)' into 'channel_shuffle(ap_uint<16>, ap_uint<16>, ap_uint<8>, float*, float*)'
remark: ../ip/ip6/channel_shuffle.cpp:39:61: Inlining function 'ap_int_base<25, false>::RType<16, false>::mult operator*<25, false, 16, false>(ap_int_base<25, false> const&, ap_int_base<16, false> const&)' into 'channel_shuffle(ap_uint<16>, ap_uint<16>, ap_uint<8>, float*, float*)'
remark: ../ip/ip6/channel_shuffle.cpp:39:56: Inlining function 'ap_int_base<24, false>::RType<16, false>::plus operator+<24, false, 16, false>(ap_int_base<24, false> const&, ap_int_base<16, false> const&)' into 'channel_shuffle(ap_uint<16>, ap_uint<16>, ap_uint<8>, float*, float*)'
remark: ../ip/ip6/channel_shuffle.cpp:39:45: Inlining function 'ap_int_base<8, false>::RType<16, false>::mult operator*<8, false, 16, false>(ap_int_base<8, false> const&, ap_int_base<16, false> const&)' into 'channel_shuffle(ap_uint<16>, ap_uint<16>, ap_uint<8>, float*, float*)'
remark: ../ip/ip6/channel_shuffle.cpp:37:60: Inlining function 'bool ap_int_base<16, false>::operator<<16, false>(ap_int_base<16, false> const&) const' into 'channel_shuffle(ap_uint<16>, ap_uint<16>, ap_uint<8>, float*, float*)'
remark: ../ip/ip6/channel_shuffle.cpp:36:44: Inlining function 'bool ap_int_base<8, false>::operator<<8, false>(ap_int_base<8, false> const&) const' into 'channel_shuffle(ap_uint<16>, ap_uint<16>, ap_uint<8>, float*, float*)'
remark: ../ip/ip6/channel_shuffle.cpp:33:52: Inlining function 'bool ap_int_base<16, false>::operator<<16, false>(ap_int_base<16, false> const&) const' into 'channel_shuffle(ap_uint<16>, ap_uint<16>, ap_uint<8>, float*, float*)'
remark: ../ip/ip6/channel_shuffle.cpp:32:48: Inlining function 'bool ap_int_base<16, false>::operator<<16, false>(ap_int_base<16, false> const&) const' into 'channel_shuffle(ap_uint<16>, ap_uint<16>, ap_uint<8>, float*, float*)'
remark: ../ip/ip6/channel_shuffle.cpp:36:19: Loop 'VITIS_LOOP_36_3' is marked as complete unroll implied by the pipeline pragma
remark: ../ip/ip6/channel_shuffle.cpp:37:34: Loop 'VITIS_LOOP_37_4' is marked as complete unroll implied by the pipeline pragma
remark: ../ip/ip6/channel_shuffle.cpp:46:36: Stride is incompatible _XLX_SEP_ for.inc.load.90 in gmem_in VITIS_LOOP_37_4 ../ip/ip6/channel_shuffle.cpp:37:34 channel_shuffle(ap_uint<16>, ap_uint<16>, ap_uint<8>, float*, float*) 
remark: ../ip/ip6/channel_shuffle.cpp:46:34: Stride is incompatible _XLX_SEP_ for.inc.store.93 out gmem_out VITIS_LOOP_37_4 ../ip/ip6/channel_shuffle.cpp:37:34 channel_shuffle(ap_uint<16>, ap_uint<16>, ap_uint<8>, float*, float*) 
remark: ../ip/ip6/channel_shuffle.cpp:36:19: Loop 'VITIS_LOOP_36_3' is marked as complete unroll implied by the pipeline pragma
remark: ../ip/ip6/channel_shuffle.cpp:37:34: Loop 'VITIS_LOOP_37_4' is marked as complete unroll implied by the pipeline pragma
warning: ../ip/ip6/channel_shuffle.cpp:12:17: Replacing invalid offset value '20' with '32' for s_axilite port 'h_w'.
remark: ../ip/ip6/channel_shuffle.cpp:36:19: Loop 'VITIS_LOOP_36_3' is marked as complete unroll implied by the pipeline pragma
remark: ../ip/ip6/channel_shuffle.cpp:37:34: Loop 'VITIS_LOOP_37_4' is marked as complete unroll implied by the pipeline pragma
