

================================================================
== Vitis HLS Report for 'channel_shuffle'
================================================================
* Date:           Tue Nov  4 14:30:58 2025

* Version:        2022.2 (Build 3670227 on Oct 13 2022)
* Project:        ip5
* Solution:       solution1 (Vivado IP Flow Target)
* Product family: zynq
* Target device:  xc7z020-clg400-2


================================================================
== Performance Estimates
================================================================
+ Timing: 
    * Summary: 
    +--------+----------+----------+------------+
    |  Clock |  Target  | Estimated| Uncertainty|
    +--------+----------+----------+------------+
    |ap_clk  |  10.00 ns|  7.300 ns|     2.70 ns|
    +--------+----------+----------+------------+

+ Latency: 
    * Summary: 
    +---------+---------+----------+----------+-----+-----+---------+
    |  Latency (cycles) |  Latency (absolute) |  Interval | Pipeline|
    |   min   |   max   |    min   |    max   | min | max |   Type  |
    +---------+---------+----------+----------+-----+-----+---------+
    |        ?|        ?|         ?|         ?|    ?|    ?|       no|
    +---------+---------+----------+----------+-----+-----+---------+

    + Detail: 
        * Instance: 
        N/A

        * Loop: 
        +---------------------------------------------------+---------+---------+----------+-----------+-----------+------+----------+
        |                                                   |  Latency (cycles) | Iteration|  Initiation Interval  | Trip |          |
        |                     Loop Name                     |   min   |   max   |  Latency |  achieved |   target  | Count| Pipelined|
        +---------------------------------------------------+---------+---------+----------+-----------+-----------+------+----------+
        |- VITIS_LOOP_32_1_VITIS_LOOP_33_2_VITIS_LOOP_36_3  |        ?|        ?|         ?|          -|          -|     ?|        no|
        | + VITIS_LOOP_37_4                                 |        ?|        ?|        17|          -|          -|     ?|        no|
        +---------------------------------------------------+---------+---------+----------+-----------+-----------+------+----------+

============================================================
+ Verbose Summary: Synthesis Manager
============================================================
InlineROM: 1
ExposeGlobal: 0
============================================================
+ Verbose Summary: CDFG Model
============================================================
IsTopModel: 1
ResetActiveHigh: 1
IsCombinational: 0
IsDatapathOnly: 0
HasWiredReturn: 1
HasMFsm: 0
HasVarLatency: 1
IsPipeline: 0
IsRtlPipelined: 0
IsInstanceOverlapped: 0
IsDontTouch: 0
HasImplIP: 0
IsGatedGlobalClock: 0


============================================================
+ Verbose Summary: Schedule
============================================================
* Number of FSM states : 44
* Pipeline : 0
* Dataflow Pipeline: 0

* FSM state transitions: 
1 --> 2 
2 --> 3 
3 --> 4 
4 --> 5 
5 --> 6 
6 --> 7 
7 --> 8 
8 --> 9 
9 --> 10 
10 --> 11 
11 --> 12 
12 --> 13 
13 --> 14 
14 --> 15 
15 --> 16 
16 --> 17 
17 --> 18 
18 --> 19 
19 --> 20 
20 --> 21 
21 --> 22 
22 --> 23 
23 --> 24 
24 --> 25 
25 --> 26 
26 --> 27 
27 --> 28 
28 --> 29 21 
29 --> 30 
30 --> 31 
31 --> 32 
32 --> 33 
33 --> 34 
34 --> 35 
35 --> 36 
36 --> 37 
37 --> 38 
38 --> 39 
39 --> 40 
40 --> 41 
41 --> 42 
42 --> 43 
43 --> 44 
44 --> 28 

* FSM state operations: 

State 1 <SV = 0> <Delay = 4.01>
ST_1 : Operation 45 [1/1] (0.00ns)   --->   "%g_V = alloca i32 1"   --->   Operation 45 'alloca' 'g_V' <Predicate = true> <Delay = 0.00>
ST_1 : Operation 46 [1/1] (0.00ns)   --->   "%w_V = alloca i32 1"   --->   Operation 46 'alloca' 'w_V' <Predicate = true> <Delay = 0.00>
ST_1 : Operation 47 [1/1] (0.00ns)   --->   "%indvar_flatten = alloca i32 1"   --->   Operation 47 'alloca' 'indvar_flatten' <Predicate = true> <Delay = 0.00>
ST_1 : Operation 48 [1/1] (0.00ns)   --->   "%h_V = alloca i32 1"   --->   Operation 48 'alloca' 'h_V' <Predicate = true> <Delay = 0.00>
ST_1 : Operation 49 [1/1] (0.00ns)   --->   "%indvar_flatten15 = alloca i32 1"   --->   Operation 49 'alloca' 'indvar_flatten15' <Predicate = true> <Delay = 0.00>
ST_1 : Operation 50 [1/1] (1.00ns)   --->   "%out_r_read = read i64 @_ssdm_op_Read.s_axilite.i64, i64 %out_r" [../ip/ip6/channel_shuffle.cpp:12]   --->   Operation 50 'read' 'out_r_read' <Predicate = true> <Delay = 1.00> <CoreInst = "s_axilite">   --->   Core 114 's_axilite' <Latency = 0> <II = 1> <Delay = 1.00> <Adapter> <Opcode : 'read' 'write'>
ST_1 : Operation 51 [1/1] (1.00ns)   --->   "%in_r_read = read i64 @_ssdm_op_Read.s_axilite.i64, i64 %in_r" [../ip/ip6/channel_shuffle.cpp:12]   --->   Operation 51 'read' 'in_r_read' <Predicate = true> <Delay = 1.00> <CoreInst = "s_axilite">   --->   Core 114 's_axilite' <Latency = 0> <II = 1> <Delay = 1.00> <Adapter> <Opcode : 'read' 'write'>
ST_1 : Operation 52 [1/1] (1.00ns)   --->   "%groups_read = read i8 @_ssdm_op_Read.s_axilite.i8, i8 %groups" [../ip/ip6/channel_shuffle.cpp:12]   --->   Operation 52 'read' 'groups_read' <Predicate = true> <Delay = 1.00> <CoreInst = "s_axilite">   --->   Core 114 's_axilite' <Latency = 0> <II = 1> <Delay = 1.00> <Adapter> <Opcode : 'read' 'write'>
ST_1 : Operation 53 [1/1] (1.00ns)   --->   "%h_w_read = read i16 @_ssdm_op_Read.s_axilite.i16, i16 %h_w" [../ip/ip6/channel_shuffle.cpp:12]   --->   Operation 53 'read' 'h_w_read' <Predicate = true> <Delay = 1.00> <CoreInst = "s_axilite">   --->   Core 114 's_axilite' <Latency = 0> <II = 1> <Delay = 1.00> <Adapter> <Opcode : 'read' 'write'>
ST_1 : Operation 54 [1/1] (1.00ns)   --->   "%c_in_read = read i16 @_ssdm_op_Read.s_axilite.i16, i16 %c_in" [../ip/ip6/channel_shuffle.cpp:12]   --->   Operation 54 'read' 'c_in_read' <Predicate = true> <Delay = 1.00> <CoreInst = "s_axilite">   --->   Core 114 's_axilite' <Latency = 0> <II = 1> <Delay = 1.00> <Adapter> <Opcode : 'read' 'write'>
ST_1 : Operation 55 [1/1] (0.00ns)   --->   "%zext_ln1513 = zext i8 %groups_read"   --->   Operation 55 'zext' 'zext_ln1513' <Predicate = true> <Delay = 0.00>
ST_1 : Operation 56 [20/20] (3.01ns)   --->   "%ret_V_4 = udiv i16 %c_in_read, i16 %zext_ln1513"   --->   Operation 56 'udiv' 'ret_V_4' <Predicate = true> <Delay = 3.01> <CoreInst = "DivnS_SEQ">   --->   Core 7 'DivnS_SEQ' <Latency = 19> <II = 16> <Delay = 3.01> <FuncUnit> <Opcode : 'sdiv' 'srem' 'udiv' 'urem'> <InPorts = 2> <OutPorts = 1>
ST_1 : Operation 57 [1/1] (1.29ns)   --->   "%store_ln32 = store i40 0, i40 %indvar_flatten15" [../ip/ip6/channel_shuffle.cpp:32]   --->   Operation 57 'store' 'store_ln32' <Predicate = true> <Delay = 1.29>
ST_1 : Operation 58 [1/1] (1.29ns)   --->   "%store_ln32 = store i16 0, i16 %h_V" [../ip/ip6/channel_shuffle.cpp:32]   --->   Operation 58 'store' 'store_ln32' <Predicate = true> <Delay = 1.29>
ST_1 : Operation 59 [1/1] (1.29ns)   --->   "%store_ln32 = store i24 0, i24 %indvar_flatten" [../ip/ip6/channel_shuffle.cpp:32]   --->   Operation 59 'store' 'store_ln32' <Predicate = true> <Delay = 1.29>
ST_1 : Operation 60 [1/1] (1.29ns)   --->   "%store_ln32 = store i16 0, i16 %w_V" [../ip/ip6/channel_shuffle.cpp:32]   --->   Operation 60 'store' 'store_ln32' <Predicate = true> <Delay = 1.29>
ST_1 : Operation 61 [1/1] (1.29ns)   --->   "%store_ln32 = store i8 0, i8 %g_V" [../ip/ip6/channel_shuffle.cpp:32]   --->   Operation 61 'store' 'store_ln32' <Predicate = true> <Delay = 1.29>

State 2 <SV = 1> <Delay = 3.01>
ST_2 : Operation 62 [19/20] (3.01ns)   --->   "%ret_V_4 = udiv i16 %c_in_read, i16 %zext_ln1513"   --->   Operation 62 'udiv' 'ret_V_4' <Predicate = true> <Delay = 3.01> <CoreInst = "DivnS_SEQ">   --->   Core 7 'DivnS_SEQ' <Latency = 19> <II = 16> <Delay = 3.01> <FuncUnit> <Opcode : 'sdiv' 'srem' 'udiv' 'urem'> <InPorts = 2> <OutPorts = 1>

State 3 <SV = 2> <Delay = 3.01>
ST_3 : Operation 63 [18/20] (3.01ns)   --->   "%ret_V_4 = udiv i16 %c_in_read, i16 %zext_ln1513"   --->   Operation 63 'udiv' 'ret_V_4' <Predicate = true> <Delay = 3.01> <CoreInst = "DivnS_SEQ">   --->   Core 7 'DivnS_SEQ' <Latency = 19> <II = 16> <Delay = 3.01> <FuncUnit> <Opcode : 'sdiv' 'srem' 'udiv' 'urem'> <InPorts = 2> <OutPorts = 1>

State 4 <SV = 3> <Delay = 3.01>
ST_4 : Operation 64 [17/20] (3.01ns)   --->   "%ret_V_4 = udiv i16 %c_in_read, i16 %zext_ln1513"   --->   Operation 64 'udiv' 'ret_V_4' <Predicate = true> <Delay = 3.01> <CoreInst = "DivnS_SEQ">   --->   Core 7 'DivnS_SEQ' <Latency = 19> <II = 16> <Delay = 3.01> <FuncUnit> <Opcode : 'sdiv' 'srem' 'udiv' 'urem'> <InPorts = 2> <OutPorts = 1>

State 5 <SV = 4> <Delay = 3.01>
ST_5 : Operation 65 [16/20] (3.01ns)   --->   "%ret_V_4 = udiv i16 %c_in_read, i16 %zext_ln1513"   --->   Operation 65 'udiv' 'ret_V_4' <Predicate = true> <Delay = 3.01> <CoreInst = "DivnS_SEQ">   --->   Core 7 'DivnS_SEQ' <Latency = 19> <II = 16> <Delay = 3.01> <FuncUnit> <Opcode : 'sdiv' 'srem' 'udiv' 'urem'> <InPorts = 2> <OutPorts = 1>

State 6 <SV = 5> <Delay = 3.01>
ST_6 : Operation 66 [15/20] (3.01ns)   --->   "%ret_V_4 = udiv i16 %c_in_read, i16 %zext_ln1513"   --->   Operation 66 'udiv' 'ret_V_4' <Predicate = true> <Delay = 3.01> <CoreInst = "DivnS_SEQ">   --->   Core 7 'DivnS_SEQ' <Latency = 19> <II = 16> <Delay = 3.01> <FuncUnit> <Opcode : 'sdiv' 'srem' 'udiv' 'urem'> <InPorts = 2> <OutPorts = 1>

State 7 <SV = 6> <Delay = 3.01>
ST_7 : Operation 67 [14/20] (3.01ns)   --->   "%ret_V_4 = udiv i16 %c_in_read, i16 %zext_ln1513"   --->   Operation 67 'udiv' 'ret_V_4' <Predicate = true> <Delay = 3.01> <CoreInst = "DivnS_SEQ">   --->   Core 7 'DivnS_SEQ' <Latency = 19> <II = 16> <Delay = 3.01> <FuncUnit> <Opcode : 'sdiv' 'srem' 'udiv' 'urem'> <InPorts = 2> <OutPorts = 1>

State 8 <SV = 7> <Delay = 3.01>
ST_8 : Operation 68 [13/20] (3.01ns)   --->   "%ret_V_4 = udiv i16 %c_in_read, i16 %zext_ln1513"   --->   Operation 68 'udiv' 'ret_V_4' <Predicate = true> <Delay = 3.01> <CoreInst = "DivnS_SEQ">   --->   Core 7 'DivnS_SEQ' <Latency = 19> <II = 16> <Delay = 3.01> <FuncUnit> <Opcode : 'sdiv' 'srem' 'udiv' 'urem'> <InPorts = 2> <OutPorts = 1>

State 9 <SV = 8> <Delay = 3.01>
ST_9 : Operation 69 [12/20] (3.01ns)   --->   "%ret_V_4 = udiv i16 %c_in_read, i16 %zext_ln1513"   --->   Operation 69 'udiv' 'ret_V_4' <Predicate = true> <Delay = 3.01> <CoreInst = "DivnS_SEQ">   --->   Core 7 'DivnS_SEQ' <Latency = 19> <II = 16> <Delay = 3.01> <FuncUnit> <Opcode : 'sdiv' 'srem' 'udiv' 'urem'> <InPorts = 2> <OutPorts = 1>

State 10 <SV = 9> <Delay = 3.01>
ST_10 : Operation 70 [11/20] (3.01ns)   --->   "%ret_V_4 = udiv i16 %c_in_read, i16 %zext_ln1513"   --->   Operation 70 'udiv' 'ret_V_4' <Predicate = true> <Delay = 3.01> <CoreInst = "DivnS_SEQ">   --->   Core 7 'DivnS_SEQ' <Latency = 19> <II = 16> <Delay = 3.01> <FuncUnit> <Opcode : 'sdiv' 'srem' 'udiv' 'urem'> <InPorts = 2> <OutPorts = 1>

State 11 <SV = 10> <Delay = 3.01>
ST_11 : Operation 71 [10/20] (3.01ns)   --->   "%ret_V_4 = udiv i16 %c_in_read, i16 %zext_ln1513"   --->   Operation 71 'udiv' 'ret_V_4' <Predicate = true> <Delay = 3.01> <CoreInst = "DivnS_SEQ">   --->   Core 7 'DivnS_SEQ' <Latency = 19> <II = 16> <Delay = 3.01> <FuncUnit> <Opcode : 'sdiv' 'srem' 'udiv' 'urem'> <InPorts = 2> <OutPorts = 1>

State 12 <SV = 11> <Delay = 3.01>
ST_12 : Operation 72 [9/20] (3.01ns)   --->   "%ret_V_4 = udiv i16 %c_in_read, i16 %zext_ln1513"   --->   Operation 72 'udiv' 'ret_V_4' <Predicate = true> <Delay = 3.01> <CoreInst = "DivnS_SEQ">   --->   Core 7 'DivnS_SEQ' <Latency = 19> <II = 16> <Delay = 3.01> <FuncUnit> <Opcode : 'sdiv' 'srem' 'udiv' 'urem'> <InPorts = 2> <OutPorts = 1>

State 13 <SV = 12> <Delay = 3.01>
ST_13 : Operation 73 [8/20] (3.01ns)   --->   "%ret_V_4 = udiv i16 %c_in_read, i16 %zext_ln1513"   --->   Operation 73 'udiv' 'ret_V_4' <Predicate = true> <Delay = 3.01> <CoreInst = "DivnS_SEQ">   --->   Core 7 'DivnS_SEQ' <Latency = 19> <II = 16> <Delay = 3.01> <FuncUnit> <Opcode : 'sdiv' 'srem' 'udiv' 'urem'> <InPorts = 2> <OutPorts = 1>

State 14 <SV = 13> <Delay = 3.01>
ST_14 : Operation 74 [7/20] (3.01ns)   --->   "%ret_V_4 = udiv i16 %c_in_read, i16 %zext_ln1513"   --->   Operation 74 'udiv' 'ret_V_4' <Predicate = true> <Delay = 3.01> <CoreInst = "DivnS_SEQ">   --->   Core 7 'DivnS_SEQ' <Latency = 19> <II = 16> <Delay = 3.01> <FuncUnit> <Opcode : 'sdiv' 'srem' 'udiv' 'urem'> <InPorts = 2> <OutPorts = 1>
ST_14 : Operation 75 [1/1] (0.00ns)   --->   "%zext_ln11 = zext i16 %h_w_read" [../ip/ip6/channel_shuffle.cpp:11]   --->   Operation 75 'zext' 'zext_ln11' <Predicate = true> <Delay = 0.00>
ST_14 : Operation 76 [1/1] (0.00ns)   --->   "%zext_ln11_1 = zext i8 %groups_read" [../ip/ip6/channel_shuffle.cpp:11]   --->   Operation 76 'zext' 'zext_ln11_1' <Predicate = true> <Delay = 0.00>
ST_14 : Operation 77 [4/4] (1.82ns) (root node of the DSP)   --->   "%mul_ln11 = mul i24 %zext_ln11, i24 %zext_ln11_1" [../ip/ip6/channel_shuffle.cpp:11]   --->   Operation 77 'mul' 'mul_ln11' <Predicate = true> <Delay = 1.82> <CoreInst = "DSP48">   --->   Core 119 'DSP48' <Latency = 3> <II = 1> <Delay = 1.82> <IPBlock> <Opcode : 'mul' 'add' 'sub' 'select'> <InPorts = 0> <OutPorts = 1> <Sync> <CReg>

State 15 <SV = 14> <Delay = 3.01>
ST_15 : Operation 78 [6/20] (3.01ns)   --->   "%ret_V_4 = udiv i16 %c_in_read, i16 %zext_ln1513"   --->   Operation 78 'udiv' 'ret_V_4' <Predicate = true> <Delay = 3.01> <CoreInst = "DivnS_SEQ">   --->   Core 7 'DivnS_SEQ' <Latency = 19> <II = 16> <Delay = 3.01> <FuncUnit> <Opcode : 'sdiv' 'srem' 'udiv' 'urem'> <InPorts = 2> <OutPorts = 1>
ST_15 : Operation 79 [3/4] (1.82ns) (root node of the DSP)   --->   "%mul_ln11 = mul i24 %zext_ln11, i24 %zext_ln11_1" [../ip/ip6/channel_shuffle.cpp:11]   --->   Operation 79 'mul' 'mul_ln11' <Predicate = true> <Delay = 1.82> <CoreInst = "DSP48">   --->   Core 119 'DSP48' <Latency = 3> <II = 1> <Delay = 1.82> <IPBlock> <Opcode : 'mul' 'add' 'sub' 'select'> <InPorts = 0> <OutPorts = 1> <Sync> <CReg>

State 16 <SV = 15> <Delay = 3.01>
ST_16 : Operation 80 [5/20] (3.01ns)   --->   "%ret_V_4 = udiv i16 %c_in_read, i16 %zext_ln1513"   --->   Operation 80 'udiv' 'ret_V_4' <Predicate = true> <Delay = 3.01> <CoreInst = "DivnS_SEQ">   --->   Core 7 'DivnS_SEQ' <Latency = 19> <II = 16> <Delay = 3.01> <FuncUnit> <Opcode : 'sdiv' 'srem' 'udiv' 'urem'> <InPorts = 2> <OutPorts = 1>
ST_16 : Operation 81 [2/4] (1.82ns) (root node of the DSP)   --->   "%mul_ln11 = mul i24 %zext_ln11, i24 %zext_ln11_1" [../ip/ip6/channel_shuffle.cpp:11]   --->   Operation 81 'mul' 'mul_ln11' <Predicate = true> <Delay = 1.82> <CoreInst = "DSP48">   --->   Core 119 'DSP48' <Latency = 3> <II = 1> <Delay = 1.82> <IPBlock> <Opcode : 'mul' 'add' 'sub' 'select'> <InPorts = 0> <OutPorts = 1> <Sync> <CReg>

State 17 <SV = 16> <Delay = 3.01>
ST_17 : Operation 82 [4/20] (3.01ns)   --->   "%ret_V_4 = udiv i16 %c_in_read, i16 %zext_ln1513"   --->   Operation 82 'udiv' 'ret_V_4' <Predicate = true> <Delay = 3.01> <CoreInst = "DivnS_SEQ">   --->   Core 7 'DivnS_SEQ' <Latency = 19> <II = 16> <Delay = 3.01> <FuncUnit> <Opcode : 'sdiv' 'srem' 'udiv' 'urem'> <InPorts = 2> <OutPorts = 1>
ST_17 : Operation 83 [1/1] (0.00ns)   --->   "%zext_ln186 = zext i16 %h_w_read"   --->   Operation 83 'zext' 'zext_ln186' <Predicate = true> <Delay = 0.00>
ST_17 : Operation 84 [4/4] (1.82ns) (root node of the DSP)   --->   "%ret_V_3 = mul i32 %zext_ln186, i32 %zext_ln186"   --->   Operation 84 'mul' 'ret_V_3' <Predicate = true> <Delay = 1.82> <CoreInst = "DSP48">   --->   Core 119 'DSP48' <Latency = 3> <II = 1> <Delay = 1.82> <IPBlock> <Opcode : 'mul' 'add' 'sub' 'select'> <InPorts = 0> <OutPorts = 1> <Sync> <CReg>
ST_17 : Operation 85 [1/4] (0.00ns) (root node of the DSP)   --->   "%mul_ln11 = mul i24 %zext_ln11, i24 %zext_ln11_1" [../ip/ip6/channel_shuffle.cpp:11]   --->   Operation 85 'mul' 'mul_ln11' <Predicate = true> <Delay = 0.00> <CoreInst = "DSP48">   --->   Core 119 'DSP48' <Latency = 3> <II = 1> <Delay = 1.82> <IPBlock> <Opcode : 'mul' 'add' 'sub' 'select'> <InPorts = 0> <OutPorts = 1> <Sync> <CReg>
ST_17 : Operation 86 [1/1] (0.00ns)   --->   "%zext_ln11_2 = zext i16 %h_w_read" [../ip/ip6/channel_shuffle.cpp:11]   --->   Operation 86 'zext' 'zext_ln11_2' <Predicate = true> <Delay = 0.00>
ST_17 : Operation 87 [1/1] (0.00ns)   --->   "%zext_ln11_3 = zext i24 %mul_ln11" [../ip/ip6/channel_shuffle.cpp:11]   --->   Operation 87 'zext' 'zext_ln11_3' <Predicate = true> <Delay = 0.00>
ST_17 : Operation 88 [4/4] (1.82ns) (root node of the DSP)   --->   "%mul_ln11_1 = mul i40 %zext_ln11_2, i40 %zext_ln11_3" [../ip/ip6/channel_shuffle.cpp:11]   --->   Operation 88 'mul' 'mul_ln11_1' <Predicate = true> <Delay = 1.82> <CoreInst = "DSP48">   --->   Core 119 'DSP48' <Latency = 3> <II = 1> <Delay = 1.82> <IPBlock> <Opcode : 'mul' 'add' 'sub' 'select'> <InPorts = 0> <OutPorts = 1> <Sync> <CReg>

State 18 <SV = 17> <Delay = 3.01>
ST_18 : Operation 89 [3/20] (3.01ns)   --->   "%ret_V_4 = udiv i16 %c_in_read, i16 %zext_ln1513"   --->   Operation 89 'udiv' 'ret_V_4' <Predicate = true> <Delay = 3.01> <CoreInst = "DivnS_SEQ">   --->   Core 7 'DivnS_SEQ' <Latency = 19> <II = 16> <Delay = 3.01> <FuncUnit> <Opcode : 'sdiv' 'srem' 'udiv' 'urem'> <InPorts = 2> <OutPorts = 1>
ST_18 : Operation 90 [3/4] (1.82ns) (root node of the DSP)   --->   "%ret_V_3 = mul i32 %zext_ln186, i32 %zext_ln186"   --->   Operation 90 'mul' 'ret_V_3' <Predicate = true> <Delay = 1.82> <CoreInst = "DSP48">   --->   Core 119 'DSP48' <Latency = 3> <II = 1> <Delay = 1.82> <IPBlock> <Opcode : 'mul' 'add' 'sub' 'select'> <InPorts = 0> <OutPorts = 1> <Sync> <CReg>
ST_18 : Operation 91 [3/4] (1.82ns) (root node of the DSP)   --->   "%mul_ln11_1 = mul i40 %zext_ln11_2, i40 %zext_ln11_3" [../ip/ip6/channel_shuffle.cpp:11]   --->   Operation 91 'mul' 'mul_ln11_1' <Predicate = true> <Delay = 1.82> <CoreInst = "DSP48">   --->   Core 119 'DSP48' <Latency = 3> <II = 1> <Delay = 1.82> <IPBlock> <Opcode : 'mul' 'add' 'sub' 'select'> <InPorts = 0> <OutPorts = 1> <Sync> <CReg>

State 19 <SV = 18> <Delay = 3.01>
ST_19 : Operation 92 [2/20] (3.01ns)   --->   "%ret_V_4 = udiv i16 %c_in_read, i16 %zext_ln1513"   --->   Operation 92 'udiv' 'ret_V_4' <Predicate = true> <Delay = 3.01> <CoreInst = "DivnS_SEQ">   --->   Core 7 'DivnS_SEQ' <Latency = 19> <II = 16> <Delay = 3.01> <FuncUnit> <Opcode : 'sdiv' 'srem' 'udiv' 'urem'> <InPorts = 2> <OutPorts = 1>
ST_19 : Operation 93 [2/4] (1.82ns) (root node of the DSP)   --->   "%ret_V_3 = mul i32 %zext_ln186, i32 %zext_ln186"   --->   Operation 93 'mul' 'ret_V_3' <Predicate = true> <Delay = 1.82> <CoreInst = "DSP48">   --->   Core 119 'DSP48' <Latency = 3> <II = 1> <Delay = 1.82> <IPBlock> <Opcode : 'mul' 'add' 'sub' 'select'> <InPorts = 0> <OutPorts = 1> <Sync> <CReg>
ST_19 : Operation 94 [2/4] (1.82ns) (root node of the DSP)   --->   "%mul_ln11_1 = mul i40 %zext_ln11_2, i40 %zext_ln11_3" [../ip/ip6/channel_shuffle.cpp:11]   --->   Operation 94 'mul' 'mul_ln11_1' <Predicate = true> <Delay = 1.82> <CoreInst = "DSP48">   --->   Core 119 'DSP48' <Latency = 3> <II = 1> <Delay = 1.82> <IPBlock> <Opcode : 'mul' 'add' 'sub' 'select'> <InPorts = 0> <OutPorts = 1> <Sync> <CReg>

State 20 <SV = 19> <Delay = 3.01>
ST_20 : Operation 95 [1/1] (0.00ns)   --->   "%spectopmodule_ln11 = spectopmodule void @_ssdm_op_SpecTopModule, void @empty_13" [../ip/ip6/channel_shuffle.cpp:11]   --->   Operation 95 'spectopmodule' 'spectopmodule_ln11' <Predicate = true> <Delay = 0.00>
ST_20 : Operation 96 [1/1] (0.00ns)   --->   "%specinterface_ln0 = specinterface void @_ssdm_op_SpecInterface, i32 %gmem_in, void @empty, i32 0, i32 0, void @empty_0, i32 0, i32 1073741824, void @empty_1, void @empty_2, void @empty_0, i32 16, i32 16, i32 16, i32 16, void @empty_0, void @empty_0, i32 4294967295, i32 0"   --->   Operation 96 'specinterface' 'specinterface_ln0' <Predicate = true> <Delay = 0.00>
ST_20 : Operation 97 [1/1] (0.00ns)   --->   "%specbitsmap_ln0 = specbitsmap void @_ssdm_op_SpecBitsMap, i32 %gmem_in"   --->   Operation 97 'specbitsmap' 'specbitsmap_ln0' <Predicate = true> <Delay = 0.00>
ST_20 : Operation 98 [1/1] (0.00ns)   --->   "%specinterface_ln0 = specinterface void @_ssdm_op_SpecInterface, i32 %gmem_out, void @empty, i32 0, i32 0, void @empty_0, i32 0, i32 1073741824, void @empty_3, void @empty_2, void @empty_0, i32 16, i32 16, i32 16, i32 16, void @empty_0, void @empty_0, i32 4294967295, i32 0"   --->   Operation 98 'specinterface' 'specinterface_ln0' <Predicate = true> <Delay = 0.00>
ST_20 : Operation 99 [1/1] (0.00ns)   --->   "%specbitsmap_ln0 = specbitsmap void @_ssdm_op_SpecBitsMap, i32 %gmem_out"   --->   Operation 99 'specbitsmap' 'specbitsmap_ln0' <Predicate = true> <Delay = 0.00>
ST_20 : Operation 100 [1/1] (0.00ns)   --->   "%specbitsmap_ln0 = specbitsmap void @_ssdm_op_SpecBitsMap, i16 %c_in"   --->   Operation 100 'specbitsmap' 'specbitsmap_ln0' <Predicate = true> <Delay = 0.00>
ST_20 : Operation 101 [1/1] (0.00ns)   --->   "%specinterface_ln0 = specinterface void @_ssdm_op_SpecInterface, i16 %c_in, void @empty_4, i32 0, i32 0, void @empty_0, i32 0, i32 0, void @empty_5, void @empty_6, void @empty_0, i32 0, i32 0, i32 0, i32 0, void @empty_0, void @empty_0, i32 4294967295, i32 0"   --->   Operation 101 'specinterface' 'specinterface_ln0' <Predicate = true> <Delay = 0.00>
ST_20 : Operation 102 [1/1] (0.00ns)   --->   "%specinterface_ln0 = specinterface void @_ssdm_op_SpecInterface, i16 %c_in, void @empty_7, i32 0, i32 0, void @empty_0, i32 0, i32 0, void @empty_0, void @empty_0, void @empty_0, i32 0, i32 0, i32 0, i32 0, void @empty_0, void @empty_0, i32 4294967295, i32 0"   --->   Operation 102 'specinterface' 'specinterface_ln0' <Predicate = true> <Delay = 0.00>
ST_20 : Operation 103 [1/1] (0.00ns)   --->   "%specbitsmap_ln0 = specbitsmap void @_ssdm_op_SpecBitsMap, i16 %h_w"   --->   Operation 103 'specbitsmap' 'specbitsmap_ln0' <Predicate = true> <Delay = 0.00>
ST_20 : Operation 104 [1/1] (0.00ns)   --->   "%specinterface_ln0 = specinterface void @_ssdm_op_SpecInterface, i16 %h_w, void @empty_4, i32 0, i32 0, void @empty_0, i32 0, i32 0, void @empty_5, void @empty_8, void @empty_0, i32 0, i32 0, i32 0, i32 0, void @empty_0, void @empty_0, i32 4294967295, i32 0"   --->   Operation 104 'specinterface' 'specinterface_ln0' <Predicate = true> <Delay = 0.00>
ST_20 : Operation 105 [1/1] (0.00ns)   --->   "%specinterface_ln0 = specinterface void @_ssdm_op_SpecInterface, i16 %h_w, void @empty_7, i32 0, i32 0, void @empty_0, i32 0, i32 0, void @empty_0, void @empty_0, void @empty_0, i32 0, i32 0, i32 0, i32 0, void @empty_0, void @empty_0, i32 4294967295, i32 0"   --->   Operation 105 'specinterface' 'specinterface_ln0' <Predicate = true> <Delay = 0.00>
ST_20 : Operation 106 [1/1] (0.00ns)   --->   "%specbitsmap_ln0 = specbitsmap void @_ssdm_op_SpecBitsMap, i8 %groups"   --->   Operation 106 'specbitsmap' 'specbitsmap_ln0' <Predicate = true> <Delay = 0.00>
ST_20 : Operation 107 [1/1] (0.00ns)   --->   "%specinterface_ln0 = specinterface void @_ssdm_op_SpecInterface, i8 %groups, void @empty_4, i32 0, i32 0, void @empty_0, i32 0, i32 0, void @empty_5, void @empty_9, void @empty_0, i32 0, i32 0, i32 0, i32 0, void @empty_0, void @empty_0, i32 4294967295, i32 0"   --->   Operation 107 'specinterface' 'specinterface_ln0' <Predicate = true> <Delay = 0.00>
ST_20 : Operation 108 [1/1] (0.00ns)   --->   "%specinterface_ln0 = specinterface void @_ssdm_op_SpecInterface, i8 %groups, void @empty_7, i32 0, i32 0, void @empty_0, i32 0, i32 0, void @empty_0, void @empty_0, void @empty_0, i32 0, i32 0, i32 0, i32 0, void @empty_0, void @empty_0, i32 4294967295, i32 0"   --->   Operation 108 'specinterface' 'specinterface_ln0' <Predicate = true> <Delay = 0.00>
ST_20 : Operation 109 [1/1] (0.00ns)   --->   "%specinterface_ln0 = specinterface void @_ssdm_op_SpecInterface, i64 %in_r, void @empty_4, i32 0, i32 0, void @empty_0, i32 0, i32 0, void @empty_5, void @empty_10, void @empty_0, i32 0, i32 0, i32 0, i32 0, void @empty_0, void @empty_11, i32 4294967295, i32 0"   --->   Operation 109 'specinterface' 'specinterface_ln0' <Predicate = true> <Delay = 0.00>
ST_20 : Operation 110 [1/1] (0.00ns)   --->   "%specinterface_ln0 = specinterface void @_ssdm_op_SpecInterface, i64 %in_r, void @empty_7, i32 0, i32 0, void @empty_0, i32 0, i32 0, void @empty_0, void @empty_0, void @empty_0, i32 0, i32 0, i32 0, i32 0, void @empty_0, void @empty_11, i32 4294967295, i32 0"   --->   Operation 110 'specinterface' 'specinterface_ln0' <Predicate = true> <Delay = 0.00>
ST_20 : Operation 111 [1/1] (0.00ns)   --->   "%specinterface_ln0 = specinterface void @_ssdm_op_SpecInterface, i64 %out_r, void @empty_4, i32 0, i32 0, void @empty_0, i32 0, i32 0, void @empty_5, void @empty_12, void @empty_0, i32 0, i32 0, i32 0, i32 0, void @empty_0, void @empty_11, i32 4294967295, i32 0"   --->   Operation 111 'specinterface' 'specinterface_ln0' <Predicate = true> <Delay = 0.00>
ST_20 : Operation 112 [1/1] (0.00ns)   --->   "%specinterface_ln0 = specinterface void @_ssdm_op_SpecInterface, i64 %out_r, void @empty_7, i32 0, i32 0, void @empty_0, i32 0, i32 0, void @empty_0, void @empty_0, void @empty_0, i32 0, i32 0, i32 0, i32 0, void @empty_0, void @empty_11, i32 4294967295, i32 0"   --->   Operation 112 'specinterface' 'specinterface_ln0' <Predicate = true> <Delay = 0.00>
ST_20 : Operation 113 [1/1] (0.00ns)   --->   "%specinterface_ln0 = specinterface void @_ssdm_op_SpecInterface, i32 0, void @empty_4, i32 0, i32 0, void @empty_0, i32 0, i32 0, void @empty_5, void @empty_0, void @empty_0, i32 0, i32 0, i32 0, i32 0, void @empty_0, void @empty_0, i32 4294967295, i32 0"   --->   Operation 113 'specinterface' 'specinterface_ln0' <Predicate = true> <Delay = 0.00>
ST_20 : Operation 114 [1/20] (3.01ns)   --->   "%ret_V_4 = udiv i16 %c_in_read, i16 %zext_ln1513"   --->   Operation 114 'udiv' 'ret_V_4' <Predicate = true> <Delay = 3.01> <CoreInst = "DivnS_SEQ">   --->   Core 7 'DivnS_SEQ' <Latency = 19> <II = 16> <Delay = 3.01> <FuncUnit> <Opcode : 'sdiv' 'srem' 'udiv' 'urem'> <InPorts = 2> <OutPorts = 1>
ST_20 : Operation 115 [1/1] (0.00ns)   --->   "%conv3_i11_i329 = zext i16 %ret_V_4"   --->   Operation 115 'zext' 'conv3_i11_i329' <Predicate = true> <Delay = 0.00>
ST_20 : Operation 116 [1/4] (0.00ns) (root node of the DSP)   --->   "%ret_V_3 = mul i32 %zext_ln186, i32 %zext_ln186"   --->   Operation 116 'mul' 'ret_V_3' <Predicate = true> <Delay = 0.00> <CoreInst = "DSP48">   --->   Core 119 'DSP48' <Latency = 3> <II = 1> <Delay = 1.82> <IPBlock> <Opcode : 'mul' 'add' 'sub' 'select'> <InPorts = 0> <OutPorts = 1> <Sync> <CReg>
ST_20 : Operation 117 [1/4] (0.00ns) (root node of the DSP)   --->   "%mul_ln11_1 = mul i40 %zext_ln11_2, i40 %zext_ln11_3" [../ip/ip6/channel_shuffle.cpp:11]   --->   Operation 117 'mul' 'mul_ln11_1' <Predicate = true> <Delay = 0.00> <CoreInst = "DSP48">   --->   Core 119 'DSP48' <Latency = 3> <II = 1> <Delay = 1.82> <IPBlock> <Opcode : 'mul' 'add' 'sub' 'select'> <InPorts = 0> <OutPorts = 1> <Sync> <CReg>
ST_20 : Operation 118 [1/1] (1.31ns)   --->   "%icmp_ln1027 = icmp_eq  i8 %groups_read, i8 0"   --->   Operation 118 'icmp' 'icmp_ln1027' <Predicate = true> <Delay = 1.31> <CoreInst = "Cmp">   --->   Core 9 'Cmp' <Latency = 0> <II = 1> <Delay = 1.31> <FuncUnit> <Opcode : 'icmp'> <InPorts = 2> <OutPorts = 1>
ST_20 : Operation 119 [1/1] (0.00ns)   --->   "%br_ln32 = br void %VITIS_LOOP_37_4" [../ip/ip6/channel_shuffle.cpp:32]   --->   Operation 119 'br' 'br_ln32' <Predicate = true> <Delay = 0.00>

State 21 <SV = 20> <Delay = 1.82>
ST_21 : Operation 120 [1/1] (0.00ns)   --->   "%h_V_2 = load i16 %h_V"   --->   Operation 120 'load' 'h_V_2' <Predicate = true> <Delay = 0.00>
ST_21 : Operation 121 [1/1] (0.00ns)   --->   "%zext_ln1027 = zext i16 %h_V_2"   --->   Operation 121 'zext' 'zext_ln1027' <Predicate = true> <Delay = 0.00>
ST_21 : Operation 122 [4/4] (1.82ns) (root node of the DSP)   --->   "%ret_V_1 = mul i32 %zext_ln1027, i32 %zext_ln186"   --->   Operation 122 'mul' 'ret_V_1' <Predicate = true> <Delay = 1.82> <CoreInst = "DSP48">   --->   Core 119 'DSP48' <Latency = 3> <II = 1> <Delay = 1.82> <IPBlock> <Opcode : 'mul' 'add' 'sub' 'select'> <InPorts = 0> <OutPorts = 1> <Sync> <CReg>

State 22 <SV = 21> <Delay = 1.82>
ST_22 : Operation 123 [3/4] (1.82ns) (root node of the DSP)   --->   "%ret_V_1 = mul i32 %zext_ln1027, i32 %zext_ln186"   --->   Operation 123 'mul' 'ret_V_1' <Predicate = true> <Delay = 1.82> <CoreInst = "DSP48">   --->   Core 119 'DSP48' <Latency = 3> <II = 1> <Delay = 1.82> <IPBlock> <Opcode : 'mul' 'add' 'sub' 'select'> <InPorts = 0> <OutPorts = 1> <Sync> <CReg>

State 23 <SV = 22> <Delay = 1.82>
ST_23 : Operation 124 [2/4] (1.82ns) (root node of the DSP)   --->   "%ret_V_1 = mul i32 %zext_ln1027, i32 %zext_ln186"   --->   Operation 124 'mul' 'ret_V_1' <Predicate = true> <Delay = 1.82> <CoreInst = "DSP48">   --->   Core 119 'DSP48' <Latency = 3> <II = 1> <Delay = 1.82> <IPBlock> <Opcode : 'mul' 'add' 'sub' 'select'> <InPorts = 0> <OutPorts = 1> <Sync> <CReg>

State 24 <SV = 23> <Delay = 5.46>
ST_24 : Operation 125 [1/1] (0.00ns)   --->   "%w_V_1 = load i16 %w_V"   --->   Operation 125 'load' 'w_V_1' <Predicate = true> <Delay = 0.00>
ST_24 : Operation 126 [1/1] (0.00ns)   --->   "%indvar_flatten15_load = load i40 %indvar_flatten15"   --->   Operation 126 'load' 'indvar_flatten15_load' <Predicate = true> <Delay = 0.00>
ST_24 : Operation 127 [1/4] (0.00ns) (root node of the DSP)   --->   "%ret_V_1 = mul i32 %zext_ln1027, i32 %zext_ln186"   --->   Operation 127 'mul' 'ret_V_1' <Predicate = true> <Delay = 0.00> <CoreInst = "DSP48">   --->   Core 119 'DSP48' <Latency = 3> <II = 1> <Delay = 1.82> <IPBlock> <Opcode : 'mul' 'add' 'sub' 'select'> <InPorts = 0> <OutPorts = 1> <Sync> <CReg>
ST_24 : Operation 128 [1/1] (0.00ns)   --->   "%specpipeline_ln34 = specpipeline void @_ssdm_op_SpecPipeline, i32 1, i32 0, i32 0, i32 0, void @empty_0" [../ip/ip6/channel_shuffle.cpp:34]   --->   Operation 128 'specpipeline' 'specpipeline_ln34' <Predicate = true> <Delay = 0.00>
ST_24 : Operation 129 [1/1] (0.00ns)   --->   "%zext_ln186_1 = zext i16 %w_V_1"   --->   Operation 129 'zext' 'zext_ln186_1' <Predicate = true> <Delay = 0.00>
ST_24 : Operation 130 [1/1] (1.89ns)   --->   "%add_ln186 = add i32 %ret_V_1, i32 %zext_ln186_1"   --->   Operation 130 'add' 'add_ln186' <Predicate = true> <Delay = 1.89> <CoreInst = "Adder">   --->   Core 1 'Adder' <Latency = 0> <II = 1> <Delay = 1.89> <FuncUnit> <Opcode : 'add' 'sub'> <InPorts = 2> <OutPorts = 1>
ST_24 : Operation 131 [1/1] (2.10ns)   --->   "%icmp_ln1027_1 = icmp_eq  i40 %indvar_flatten15_load, i40 %mul_ln11_1"   --->   Operation 131 'icmp' 'icmp_ln1027_1' <Predicate = true> <Delay = 2.10> <CoreInst = "Cmp">   --->   Core 9 'Cmp' <Latency = 0> <II = 1> <Delay = 2.10> <FuncUnit> <Opcode : 'icmp'> <InPorts = 2> <OutPorts = 1>
ST_24 : Operation 132 [1/1] (2.09ns)   --->   "%add_ln1027_1 = add i40 %indvar_flatten15_load, i40 1"   --->   Operation 132 'add' 'add_ln1027_1' <Predicate = true> <Delay = 2.09> <CoreInst = "Adder">   --->   Core 1 'Adder' <Latency = 0> <II = 1> <Delay = 2.09> <FuncUnit> <Opcode : 'add' 'sub'> <InPorts = 2> <OutPorts = 1>
ST_24 : Operation 133 [1/1] (0.00ns)   --->   "%br_ln1027 = br i1 %icmp_ln1027_1, void %for.inc38, void %for.end40.loopexit"   --->   Operation 133 'br' 'br_ln1027' <Predicate = true> <Delay = 0.00>
ST_24 : Operation 134 [1/1] (0.00ns)   --->   "%g_V_load = load i8 %g_V"   --->   Operation 134 'load' 'g_V_load' <Predicate = (!icmp_ln1027_1)> <Delay = 0.00>
ST_24 : Operation 135 [1/1] (0.00ns)   --->   "%indvar_flatten_load_1 = load i24 %indvar_flatten"   --->   Operation 135 'load' 'indvar_flatten_load_1' <Predicate = (!icmp_ln1027_1)> <Delay = 0.00>
ST_24 : Operation 136 [1/1] (2.03ns)   --->   "%icmp_ln1027_2 = icmp_eq  i24 %indvar_flatten_load_1, i24 %mul_ln11"   --->   Operation 136 'icmp' 'icmp_ln1027_2' <Predicate = (!icmp_ln1027_1)> <Delay = 2.03> <CoreInst = "Cmp">   --->   Core 9 'Cmp' <Latency = 0> <II = 1> <Delay = 2.03> <FuncUnit> <Opcode : 'icmp'> <InPorts = 2> <OutPorts = 1>
ST_24 : Operation 137 [1/1] (1.54ns)   --->   "%add_ln840 = add i16 %h_V_2, i16 1"   --->   Operation 137 'add' 'add_ln840' <Predicate = (!icmp_ln1027_1)> <Delay = 1.54> <CoreInst = "Adder">   --->   Core 1 'Adder' <Latency = 0> <II = 1> <Delay = 1.54> <FuncUnit> <Opcode : 'add' 'sub'> <InPorts = 2> <OutPorts = 1>
ST_24 : Operation 138 [1/1] (0.00ns)   --->   "%zext_ln1027_1 = zext i16 %add_ln840"   --->   Operation 138 'zext' 'zext_ln1027_1' <Predicate = (!icmp_ln1027_1)> <Delay = 0.00>
ST_24 : Operation 139 [4/4] (1.82ns) (root node of the DSP)   --->   "%ret_V_1_mid1 = mul i32 %zext_ln1027_1, i32 %zext_ln186"   --->   Operation 139 'mul' 'ret_V_1_mid1' <Predicate = (!icmp_ln1027_1)> <Delay = 1.82> <CoreInst = "DSP48">   --->   Core 119 'DSP48' <Latency = 3> <II = 1> <Delay = 1.82> <IPBlock> <Opcode : 'mul' 'add' 'sub' 'select'> <InPorts = 0> <OutPorts = 1> <Sync> <CReg>
ST_24 : Operation 140 [1/1] (1.31ns)   --->   "%icmp_ln1027_4 = icmp_eq  i8 %g_V_load, i8 %groups_read"   --->   Operation 140 'icmp' 'icmp_ln1027_4' <Predicate = (!icmp_ln1027_1)> <Delay = 1.31> <CoreInst = "Cmp">   --->   Core 9 'Cmp' <Latency = 0> <II = 1> <Delay = 1.31> <FuncUnit> <Opcode : 'icmp'> <InPorts = 2> <OutPorts = 1>
ST_24 : Operation 141 [1/1] (0.81ns)   --->   "%select_ln1027_3 = select i1 %icmp_ln1027_2, i1 %icmp_ln1027, i1 %icmp_ln1027_4"   --->   Operation 141 'select' 'select_ln1027_3' <Predicate = (!icmp_ln1027_1)> <Delay = 0.81> <CoreInst = "Sel">   --->   Core 73 'Sel' <Latency = 0> <II = 1> <Delay = 0.81> <FuncUnit> <Opcode : 'select'> <InPorts = 3> <OutPorts = 1>
ST_24 : Operation 142 [1/1] (0.62ns)   --->   "%select_ln1027_4 = select i1 %icmp_ln1027_2, i16 %add_ln840, i16 %h_V_2"   --->   Operation 142 'select' 'select_ln1027_4' <Predicate = (!icmp_ln1027_1)> <Delay = 0.62> <CoreInst = "Sel">   --->   Core 73 'Sel' <Latency = 0> <II = 1> <Delay = 0.62> <FuncUnit> <Opcode : 'select'> <InPorts = 3> <OutPorts = 1>
ST_24 : Operation 143 [1/1] (0.00ns) (grouped into LUT with out node select_ln34)   --->   "%or_ln34 = or i1 %select_ln1027_3, i1 %icmp_ln1027_2" [../ip/ip6/channel_shuffle.cpp:34]   --->   Operation 143 'or' 'or_ln34' <Predicate = (!icmp_ln1027_1)> <Delay = 0.00> <CoreInst = "LogicGate">   --->   Core 74 'LogicGate' <Latency = 0> <II = 1> <Delay = 0.80> <FuncUnit> <Opcode : 'and' 'or' 'xor'> <InPorts = 2> <OutPorts = 1>
ST_24 : Operation 144 [1/1] (0.80ns) (out node of the LUT)   --->   "%select_ln34 = select i1 %or_ln34, i8 0, i8 %g_V_load" [../ip/ip6/channel_shuffle.cpp:34]   --->   Operation 144 'select' 'select_ln34' <Predicate = (!icmp_ln1027_1)> <Delay = 0.80> <CoreInst = "Sel">   --->   Core 73 'Sel' <Latency = 0> <II = 1> <Delay = 0.44> <FuncUnit> <Opcode : 'select'> <InPorts = 3> <OutPorts = 1>
ST_24 : Operation 145 [1/1] (0.00ns)   --->   "%conv3_i_i323 = zext i8 %select_ln34" [../ip/ip6/channel_shuffle.cpp:34]   --->   Operation 145 'zext' 'conv3_i_i323' <Predicate = (!icmp_ln1027_1)> <Delay = 0.00>
ST_24 : Operation 146 [4/4] (1.82ns) (root node of the DSP)   --->   "%lhs = mul i24 %conv3_i11_i329, i24 %conv3_i_i323"   --->   Operation 146 'mul' 'lhs' <Predicate = (!icmp_ln1027_1)> <Delay = 1.82> <CoreInst = "DSP48">   --->   Core 119 'DSP48' <Latency = 3> <II = 1> <Delay = 1.82> <IPBlock> <Opcode : 'mul' 'add' 'sub' 'select'> <InPorts = 0> <OutPorts = 1> <Sync> <CReg>
ST_24 : Operation 147 [1/1] (0.00ns)   --->   "%ret_ln51 = ret" [../ip/ip6/channel_shuffle.cpp:51]   --->   Operation 147 'ret' 'ret_ln51' <Predicate = (icmp_ln1027_1)> <Delay = 0.00>

State 25 <SV = 24> <Delay = 1.82>
ST_25 : Operation 148 [3/4] (1.82ns) (root node of the DSP)   --->   "%ret_V_1_mid1 = mul i32 %zext_ln1027_1, i32 %zext_ln186"   --->   Operation 148 'mul' 'ret_V_1_mid1' <Predicate = true> <Delay = 1.82> <CoreInst = "DSP48">   --->   Core 119 'DSP48' <Latency = 3> <II = 1> <Delay = 1.82> <IPBlock> <Opcode : 'mul' 'add' 'sub' 'select'> <InPorts = 0> <OutPorts = 1> <Sync> <CReg>
ST_25 : Operation 149 [3/4] (1.82ns) (root node of the DSP)   --->   "%lhs = mul i24 %conv3_i11_i329, i24 %conv3_i_i323"   --->   Operation 149 'mul' 'lhs' <Predicate = true> <Delay = 1.82> <CoreInst = "DSP48">   --->   Core 119 'DSP48' <Latency = 3> <II = 1> <Delay = 1.82> <IPBlock> <Opcode : 'mul' 'add' 'sub' 'select'> <InPorts = 0> <OutPorts = 1> <Sync> <CReg>

State 26 <SV = 25> <Delay = 1.82>
ST_26 : Operation 150 [2/4] (1.82ns) (root node of the DSP)   --->   "%ret_V_1_mid1 = mul i32 %zext_ln1027_1, i32 %zext_ln186"   --->   Operation 150 'mul' 'ret_V_1_mid1' <Predicate = true> <Delay = 1.82> <CoreInst = "DSP48">   --->   Core 119 'DSP48' <Latency = 3> <II = 1> <Delay = 1.82> <IPBlock> <Opcode : 'mul' 'add' 'sub' 'select'> <InPorts = 0> <OutPorts = 1> <Sync> <CReg>
ST_26 : Operation 151 [2/4] (1.82ns) (root node of the DSP)   --->   "%lhs = mul i24 %conv3_i11_i329, i24 %conv3_i_i323"   --->   Operation 151 'mul' 'lhs' <Predicate = true> <Delay = 1.82> <CoreInst = "DSP48">   --->   Core 119 'DSP48' <Latency = 3> <II = 1> <Delay = 1.82> <IPBlock> <Opcode : 'mul' 'add' 'sub' 'select'> <InPorts = 0> <OutPorts = 1> <Sync> <CReg>

State 27 <SV = 26> <Delay = 4.77>
ST_27 : Operation 152 [1/1] (0.00ns)   --->   "%specloopname_ln0 = specloopname void @_ssdm_op_SpecLoopName, void @VITIS_LOOP_32_1_VITIS_LOOP_33_2_VITIS_LOOP_36_3_str"   --->   Operation 152 'specloopname' 'specloopname_ln0' <Predicate = true> <Delay = 0.00>
ST_27 : Operation 153 [1/1] (0.62ns)   --->   "%select_ln1027 = select i1 %icmp_ln1027_2, i16 0, i16 %w_V_1"   --->   Operation 153 'select' 'select_ln1027' <Predicate = true> <Delay = 0.62> <CoreInst = "Sel">   --->   Core 73 'Sel' <Latency = 0> <II = 1> <Delay = 0.62> <FuncUnit> <Opcode : 'select'> <InPorts = 3> <OutPorts = 1>
ST_27 : Operation 154 [1/4] (0.00ns) (root node of the DSP)   --->   "%ret_V_1_mid1 = mul i32 %zext_ln1027_1, i32 %zext_ln186"   --->   Operation 154 'mul' 'ret_V_1_mid1' <Predicate = true> <Delay = 0.00> <CoreInst = "DSP48">   --->   Core 119 'DSP48' <Latency = 3> <II = 1> <Delay = 1.82> <IPBlock> <Opcode : 'mul' 'add' 'sub' 'select'> <InPorts = 0> <OutPorts = 1> <Sync> <CReg>
ST_27 : Operation 155 [1/1] (0.00ns) (grouped into LUT with out node add_ln186_1)   --->   "%select_ln1027_1 = select i1 %icmp_ln1027_2, i32 %ret_V_1_mid1, i32 %ret_V_1"   --->   Operation 155 'select' 'select_ln1027_1' <Predicate = (select_ln1027_3)> <Delay = 0.00> <CoreInst = "Sel">   --->   Core 73 'Sel' <Latency = 0> <II = 1> <Delay = 0.70> <FuncUnit> <Opcode : 'select'> <InPorts = 3> <OutPorts = 1>
ST_27 : Operation 156 [1/1] (0.00ns)   --->   "%specpipeline_ln34 = specpipeline void @_ssdm_op_SpecPipeline, i32 1, i32 0, i32 0, i32 0, void @empty_0" [../ip/ip6/channel_shuffle.cpp:34]   --->   Operation 156 'specpipeline' 'specpipeline_ln34' <Predicate = true> <Delay = 0.00>
ST_27 : Operation 157 [1/1] (0.00ns) (grouped into LUT with out node select_ln34_1)   --->   "%select_ln1027_2 = select i1 %icmp_ln1027_2, i32 %ret_V_1_mid1, i32 %add_ln186"   --->   Operation 157 'select' 'select_ln1027_2' <Predicate = (!select_ln1027_3)> <Delay = 0.00> <CoreInst = "Sel">   --->   Core 73 'Sel' <Latency = 0> <II = 1> <Delay = 0.70> <FuncUnit> <Opcode : 'select'> <InPorts = 3> <OutPorts = 1>
ST_27 : Operation 158 [1/1] (1.54ns)   --->   "%w_V_3 = add i16 %select_ln1027, i16 1"   --->   Operation 158 'add' 'w_V_3' <Predicate = true> <Delay = 1.54> <CoreInst = "Adder">   --->   Core 1 'Adder' <Latency = 0> <II = 1> <Delay = 1.54> <FuncUnit> <Opcode : 'add' 'sub'> <InPorts = 2> <OutPorts = 1>
ST_27 : Operation 159 [1/1] (0.00ns)   --->   "%specpipeline_ln34 = specpipeline void @_ssdm_op_SpecPipeline, i32 1, i32 0, i32 0, i32 0, void @empty_0" [../ip/ip6/channel_shuffle.cpp:34]   --->   Operation 159 'specpipeline' 'specpipeline_ln34' <Predicate = true> <Delay = 0.00>
ST_27 : Operation 160 [1/1] (0.00ns)   --->   "%specloopname_ln0 = specloopname void @_ssdm_op_SpecLoopName, void @VITIS_LOOP_33_2_VITIS_LOOP_36_3_str"   --->   Operation 160 'specloopname' 'specloopname_ln0' <Predicate = true> <Delay = 0.00>
ST_27 : Operation 161 [1/1] (0.00ns)   --->   "%specpipeline_ln34 = specpipeline void @_ssdm_op_SpecPipeline, i32 1, i32 0, i32 0, i32 0, void @empty_0" [../ip/ip6/channel_shuffle.cpp:34]   --->   Operation 161 'specpipeline' 'specpipeline_ln34' <Predicate = true> <Delay = 0.00>
ST_27 : Operation 162 [1/1] (0.00ns) (grouped into LUT with out node add_ln186_1)   --->   "%zext_ln186_5 = zext i16 %w_V_3"   --->   Operation 162 'zext' 'zext_ln186_5' <Predicate = (select_ln1027_3)> <Delay = 0.00>
ST_27 : Operation 163 [1/1] (1.89ns) (out node of the LUT)   --->   "%add_ln186_1 = add i32 %select_ln1027_1, i32 %zext_ln186_5"   --->   Operation 163 'add' 'add_ln186_1' <Predicate = (select_ln1027_3)> <Delay = 1.89> <CoreInst = "Adder">   --->   Core 1 'Adder' <Latency = 0> <II = 1> <Delay = 1.89> <FuncUnit> <Opcode : 'add' 'sub'> <InPorts = 2> <OutPorts = 1>
ST_27 : Operation 164 [1/1] (0.70ns) (out node of the LUT)   --->   "%select_ln34_1 = select i1 %select_ln1027_3, i32 %add_ln186_1, i32 %select_ln1027_2" [../ip/ip6/channel_shuffle.cpp:34]   --->   Operation 164 'select' 'select_ln34_1' <Predicate = true> <Delay = 0.70> <CoreInst = "Sel">   --->   Core 73 'Sel' <Latency = 0> <II = 1> <Delay = 0.70> <FuncUnit> <Opcode : 'select'> <InPorts = 3> <OutPorts = 1>
ST_27 : Operation 165 [1/1] (0.62ns)   --->   "%select_ln1027_5 = select i1 %select_ln1027_3, i16 %w_V_3, i16 %select_ln1027"   --->   Operation 165 'select' 'select_ln1027_5' <Predicate = true> <Delay = 0.62> <CoreInst = "Sel">   --->   Core 73 'Sel' <Latency = 0> <II = 1> <Delay = 0.62> <FuncUnit> <Opcode : 'select'> <InPorts = 3> <OutPorts = 1>
ST_27 : Operation 166 [1/1] (0.00ns)   --->   "%specloopname_ln36 = specloopname void @_ssdm_op_SpecLoopName, void @empty_15" [../ip/ip6/channel_shuffle.cpp:36]   --->   Operation 166 'specloopname' 'specloopname_ln36' <Predicate = true> <Delay = 0.00>
ST_27 : Operation 167 [1/4] (0.00ns) (root node of the DSP)   --->   "%lhs = mul i24 %conv3_i11_i329, i24 %conv3_i_i323"   --->   Operation 167 'mul' 'lhs' <Predicate = true> <Delay = 0.00> <CoreInst = "DSP48">   --->   Core 119 'DSP48' <Latency = 3> <II = 1> <Delay = 1.82> <IPBlock> <Opcode : 'mul' 'add' 'sub' 'select'> <InPorts = 0> <OutPorts = 1> <Sync> <CReg>
ST_27 : Operation 168 [1/1] (0.00ns)   --->   "%zext_ln186_2 = zext i8 %select_ln34"   --->   Operation 168 'zext' 'zext_ln186_2' <Predicate = true> <Delay = 0.00>
ST_27 : Operation 169 [1/1] (1.29ns)   --->   "%br_ln37 = br void %for.inc" [../ip/ip6/channel_shuffle.cpp:37]   --->   Operation 169 'br' 'br_ln37' <Predicate = true> <Delay = 1.29>

State 28 <SV = 27> <Delay = 4.11>
ST_28 : Operation 170 [1/1] (0.00ns)   --->   "%c_V_1 = phi i16 0, void %for.inc38, i16 %c_V, void %for.inc.split"   --->   Operation 170 'phi' 'c_V_1' <Predicate = true> <Delay = 0.00>
ST_28 : Operation 171 [1/1] (0.00ns)   --->   "%phi_mul = phi i16 0, void %for.inc38, i16 %add_ln186_3, void %for.inc.split"   --->   Operation 171 'phi' 'phi_mul' <Predicate = true> <Delay = 0.00>
ST_28 : Operation 172 [1/1] (2.13ns)   --->   "%icmp_ln1027_3 = icmp_eq  i16 %c_V_1, i16 %ret_V_4"   --->   Operation 172 'icmp' 'icmp_ln1027_3' <Predicate = true> <Delay = 2.13> <CoreInst = "Cmp">   --->   Core 9 'Cmp' <Latency = 0> <II = 1> <Delay = 2.13> <FuncUnit> <Opcode : 'icmp'> <InPorts = 2> <OutPorts = 1>
ST_28 : Operation 173 [1/1] (1.54ns)   --->   "%c_V = add i16 %c_V_1, i16 1"   --->   Operation 173 'add' 'c_V' <Predicate = true> <Delay = 1.54> <CoreInst = "Adder">   --->   Core 1 'Adder' <Latency = 0> <II = 1> <Delay = 1.54> <FuncUnit> <Opcode : 'add' 'sub'> <InPorts = 2> <OutPorts = 1>
ST_28 : Operation 174 [1/1] (0.00ns)   --->   "%br_ln37 = br i1 %icmp_ln1027_3, void %for.inc.split, void %for.inc32.loopexit" [../ip/ip6/channel_shuffle.cpp:37]   --->   Operation 174 'br' 'br_ln37' <Predicate = true> <Delay = 0.00>
ST_28 : Operation 175 [1/1] (0.00ns)   --->   "%zext_ln1495 = zext i16 %c_V_1"   --->   Operation 175 'zext' 'zext_ln1495' <Predicate = (!icmp_ln1027_3)> <Delay = 0.00>
ST_28 : Operation 176 [1/1] (1.68ns)   --->   "%ret_V = add i24 %lhs, i24 %zext_ln1495"   --->   Operation 176 'add' 'ret_V' <Predicate = (!icmp_ln1027_3)> <Delay = 1.68> <CoreInst = "Adder">   --->   Core 1 'Adder' <Latency = 0> <II = 1> <Delay = 1.68> <FuncUnit> <Opcode : 'add' 'sub'> <InPorts = 2> <OutPorts = 1>
ST_28 : Operation 177 [1/1] (1.54ns)   --->   "%add_ln186_3 = add i16 %phi_mul, i16 %zext_ln1513"   --->   Operation 177 'add' 'add_ln186_3' <Predicate = (!icmp_ln1027_3)> <Delay = 1.54> <CoreInst = "Adder">   --->   Core 1 'Adder' <Latency = 0> <II = 1> <Delay = 1.54> <FuncUnit> <Opcode : 'add' 'sub'> <InPorts = 2> <OutPorts = 1>
ST_28 : Operation 178 [1/1] (1.54ns)   --->   "%out_c_V = add i16 %phi_mul, i16 %zext_ln186_2"   --->   Operation 178 'add' 'out_c_V' <Predicate = (!icmp_ln1027_3)> <Delay = 1.54> <CoreInst = "Adder">   --->   Core 1 'Adder' <Latency = 0> <II = 1> <Delay = 1.54> <FuncUnit> <Opcode : 'add' 'sub'> <InPorts = 2> <OutPorts = 1>
ST_28 : Operation 179 [1/1] (0.00ns)   --->   "%indvar_flatten_load = load i24 %indvar_flatten"   --->   Operation 179 'load' 'indvar_flatten_load' <Predicate = (icmp_ln1027_3 & !icmp_ln1027_2)> <Delay = 0.00>
ST_28 : Operation 180 [1/1] (1.30ns)   --->   "%g_V_1 = add i8 %select_ln34, i8 1"   --->   Operation 180 'add' 'g_V_1' <Predicate = (icmp_ln1027_3)> <Delay = 1.30> <CoreInst = "Adder">   --->   Core 1 'Adder' <Latency = 0> <II = 1> <Delay = 1.30> <FuncUnit> <Opcode : 'add' 'sub'> <InPorts = 2> <OutPorts = 1>
ST_28 : Operation 181 [1/1] (1.68ns)   --->   "%add_ln1027 = add i24 %indvar_flatten_load, i24 1"   --->   Operation 181 'add' 'add_ln1027' <Predicate = (icmp_ln1027_3 & !icmp_ln1027_2)> <Delay = 1.68> <CoreInst = "Adder">   --->   Core 1 'Adder' <Latency = 0> <II = 1> <Delay = 1.68> <FuncUnit> <Opcode : 'add' 'sub'> <InPorts = 2> <OutPorts = 1>
ST_28 : Operation 182 [1/1] (1.12ns)   --->   "%select_ln1027_6 = select i1 %icmp_ln1027_2, i24 1, i24 %add_ln1027"   --->   Operation 182 'select' 'select_ln1027_6' <Predicate = (icmp_ln1027_3)> <Delay = 1.12> <CoreInst = "Sel">   --->   Core 73 'Sel' <Latency = 0> <II = 1> <Delay = 1.12> <FuncUnit> <Opcode : 'select'> <InPorts = 3> <OutPorts = 1>
ST_28 : Operation 183 [1/1] (1.29ns)   --->   "%store_ln36 = store i40 %add_ln1027_1, i40 %indvar_flatten15" [../ip/ip6/channel_shuffle.cpp:36]   --->   Operation 183 'store' 'store_ln36' <Predicate = (icmp_ln1027_3)> <Delay = 1.29>
ST_28 : Operation 184 [1/1] (1.29ns)   --->   "%store_ln36 = store i16 %select_ln1027_4, i16 %h_V" [../ip/ip6/channel_shuffle.cpp:36]   --->   Operation 184 'store' 'store_ln36' <Predicate = (icmp_ln1027_3)> <Delay = 1.29>
ST_28 : Operation 185 [1/1] (1.29ns)   --->   "%store_ln36 = store i24 %select_ln1027_6, i24 %indvar_flatten" [../ip/ip6/channel_shuffle.cpp:36]   --->   Operation 185 'store' 'store_ln36' <Predicate = (icmp_ln1027_3)> <Delay = 1.29>
ST_28 : Operation 186 [1/1] (1.29ns)   --->   "%store_ln36 = store i16 %select_ln1027_5, i16 %w_V" [../ip/ip6/channel_shuffle.cpp:36]   --->   Operation 186 'store' 'store_ln36' <Predicate = (icmp_ln1027_3)> <Delay = 1.29>
ST_28 : Operation 187 [1/1] (1.29ns)   --->   "%store_ln36 = store i8 %g_V_1, i8 %g_V" [../ip/ip6/channel_shuffle.cpp:36]   --->   Operation 187 'store' 'store_ln36' <Predicate = (icmp_ln1027_3)> <Delay = 1.29>
ST_28 : Operation 188 [1/1] (0.00ns)   --->   "%br_ln36 = br void %VITIS_LOOP_37_4" [../ip/ip6/channel_shuffle.cpp:36]   --->   Operation 188 'br' 'br_ln36' <Predicate = (icmp_ln1027_3)> <Delay = 0.00>

State 29 <SV = 28> <Delay = 7.05>
ST_29 : Operation 189 [1/1] (0.00ns)   --->   "%zext_ln186_3 = zext i24 %ret_V"   --->   Operation 189 'zext' 'zext_ln186_3' <Predicate = true> <Delay = 0.00>
ST_29 : Operation 190 [1/1] (7.05ns)   --->   "%mul_ln186_1 = mul i32 %ret_V_3, i32 %zext_ln186_3"   --->   Operation 190 'mul' 'mul_ln186_1' <Predicate = true> <Delay = 7.05> <CoreInst = "Multiplier">   --->   Core 3 'Multiplier' <Latency = 0> <II = 1> <Delay = 7.05> <FuncUnit> <Opcode : 'mul'> <InPorts = 2> <OutPorts = 1>
ST_29 : Operation 191 [1/1] (0.00ns)   --->   "%zext_ln186_4 = zext i16 %out_c_V"   --->   Operation 191 'zext' 'zext_ln186_4' <Predicate = true> <Delay = 0.00>
ST_29 : Operation 192 [1/1] (7.05ns)   --->   "%mul_ln186 = mul i32 %ret_V_3, i32 %zext_ln186_4"   --->   Operation 192 'mul' 'mul_ln186' <Predicate = true> <Delay = 7.05> <CoreInst = "Multiplier">   --->   Core 3 'Multiplier' <Latency = 0> <II = 1> <Delay = 7.05> <FuncUnit> <Opcode : 'mul'> <InPorts = 2> <OutPorts = 1>

State 30 <SV = 29> <Delay = 4.58>
ST_30 : Operation 193 [1/1] (1.89ns)   --->   "%in_idx_V = add i32 %mul_ln186_1, i32 %select_ln34_1"   --->   Operation 193 'add' 'in_idx_V' <Predicate = true> <Delay = 1.89> <CoreInst = "Adder">   --->   Core 1 'Adder' <Latency = 0> <II = 1> <Delay = 1.89> <FuncUnit> <Opcode : 'add' 'sub'> <InPorts = 2> <OutPorts = 1>
ST_30 : Operation 194 [1/1] (1.89ns)   --->   "%out_idx_V = add i32 %mul_ln186, i32 %select_ln34_1"   --->   Operation 194 'add' 'out_idx_V' <Predicate = true> <Delay = 1.89> <CoreInst = "Adder">   --->   Core 1 'Adder' <Latency = 0> <II = 1> <Delay = 1.89> <FuncUnit> <Opcode : 'add' 'sub'> <InPorts = 2> <OutPorts = 1>
ST_30 : Operation 195 [1/1] (0.00ns)   --->   "%shl_ln = bitconcatenate i34 @_ssdm_op_BitConcatenate.i34.i32.i2, i32 %in_idx_V, i2 0" [../ip/ip6/channel_shuffle.cpp:46]   --->   Operation 195 'bitconcatenate' 'shl_ln' <Predicate = true> <Delay = 0.00>
ST_30 : Operation 196 [1/1] (0.00ns)   --->   "%zext_ln46 = zext i34 %shl_ln" [../ip/ip6/channel_shuffle.cpp:46]   --->   Operation 196 'zext' 'zext_ln46' <Predicate = true> <Delay = 0.00>
ST_30 : Operation 197 [1/1] (2.69ns)   --->   "%add_ln46 = add i64 %zext_ln46, i64 %in_r_read" [../ip/ip6/channel_shuffle.cpp:46]   --->   Operation 197 'add' 'add_ln46' <Predicate = true> <Delay = 2.69> <CoreInst = "Adder">   --->   Core 1 'Adder' <Latency = 0> <II = 1> <Delay = 2.69> <FuncUnit> <Opcode : 'add' 'sub'> <InPorts = 2> <OutPorts = 1>
ST_30 : Operation 198 [1/1] (0.00ns)   --->   "%trunc_ln = partselect i62 @_ssdm_op_PartSelect.i62.i64.i32.i32, i64 %add_ln46, i32 2, i32 63" [../ip/ip6/channel_shuffle.cpp:46]   --->   Operation 198 'partselect' 'trunc_ln' <Predicate = true> <Delay = 0.00>
ST_30 : Operation 199 [1/1] (0.00ns)   --->   "%sext_ln46 = sext i62 %trunc_ln" [../ip/ip6/channel_shuffle.cpp:46]   --->   Operation 199 'sext' 'sext_ln46' <Predicate = true> <Delay = 0.00>
ST_30 : Operation 200 [1/1] (0.00ns)   --->   "%gmem_in_addr = getelementptr i32 %gmem_in, i64 %sext_ln46" [../ip/ip6/channel_shuffle.cpp:46]   --->   Operation 200 'getelementptr' 'gmem_in_addr' <Predicate = true> <Delay = 0.00>
ST_30 : Operation 201 [1/1] (0.00ns)   --->   "%shl_ln46_1 = bitconcatenate i34 @_ssdm_op_BitConcatenate.i34.i32.i2, i32 %out_idx_V, i2 0" [../ip/ip6/channel_shuffle.cpp:46]   --->   Operation 201 'bitconcatenate' 'shl_ln46_1' <Predicate = true> <Delay = 0.00>
ST_30 : Operation 202 [1/1] (0.00ns)   --->   "%zext_ln46_1 = zext i34 %shl_ln46_1" [../ip/ip6/channel_shuffle.cpp:46]   --->   Operation 202 'zext' 'zext_ln46_1' <Predicate = true> <Delay = 0.00>
ST_30 : Operation 203 [1/1] (2.69ns)   --->   "%add_ln46_1 = add i64 %zext_ln46_1, i64 %out_r_read" [../ip/ip6/channel_shuffle.cpp:46]   --->   Operation 203 'add' 'add_ln46_1' <Predicate = true> <Delay = 2.69> <CoreInst = "Adder">   --->   Core 1 'Adder' <Latency = 0> <II = 1> <Delay = 2.69> <FuncUnit> <Opcode : 'add' 'sub'> <InPorts = 2> <OutPorts = 1>
ST_30 : Operation 204 [1/1] (0.00ns)   --->   "%trunc_ln46_1 = partselect i62 @_ssdm_op_PartSelect.i62.i64.i32.i32, i64 %add_ln46_1, i32 2, i32 63" [../ip/ip6/channel_shuffle.cpp:46]   --->   Operation 204 'partselect' 'trunc_ln46_1' <Predicate = true> <Delay = 0.00>
ST_30 : Operation 205 [1/1] (0.00ns)   --->   "%sext_ln46_1 = sext i62 %trunc_ln46_1" [../ip/ip6/channel_shuffle.cpp:46]   --->   Operation 205 'sext' 'sext_ln46_1' <Predicate = true> <Delay = 0.00>
ST_30 : Operation 206 [1/1] (0.00ns)   --->   "%gmem_out_addr = getelementptr i32 %gmem_out, i64 %sext_ln46_1" [../ip/ip6/channel_shuffle.cpp:46]   --->   Operation 206 'getelementptr' 'gmem_out_addr' <Predicate = true> <Delay = 0.00>

State 31 <SV = 30> <Delay = 7.30>
ST_31 : Operation 207 [7/7] (7.30ns)   --->   "%gmem_in_load_req = readreq i1 @_ssdm_op_ReadReq.m_axi.i32P1A, i32 %gmem_in_addr, i32 1" [../ip/ip6/channel_shuffle.cpp:46]   --->   Operation 207 'readreq' 'gmem_in_load_req' <Predicate = true> <Delay = 7.30> <CoreInst = "m_axi">   --->   Core 113 'm_axi' <Latency = 0> <II = 1> <Delay = 1.00> <Adapter> <Opcode : 'read' 'write' 'readreq' 'writereq' 'writeresp'>
ST_31 : Operation 208 [1/1] (7.30ns)   --->   "%gmem_out_addr_req = writereq i1 @_ssdm_op_WriteReq.m_axi.i32P1A, i32 %gmem_out_addr, i32 1" [../ip/ip6/channel_shuffle.cpp:46]   --->   Operation 208 'writereq' 'gmem_out_addr_req' <Predicate = true> <Delay = 7.30> <CoreInst = "m_axi">   --->   Core 113 'm_axi' <Latency = 0> <II = 1> <Delay = 1.00> <Adapter> <Opcode : 'read' 'write' 'readreq' 'writereq' 'writeresp'>

State 32 <SV = 31> <Delay = 7.30>
ST_32 : Operation 209 [6/7] (7.30ns)   --->   "%gmem_in_load_req = readreq i1 @_ssdm_op_ReadReq.m_axi.i32P1A, i32 %gmem_in_addr, i32 1" [../ip/ip6/channel_shuffle.cpp:46]   --->   Operation 209 'readreq' 'gmem_in_load_req' <Predicate = true> <Delay = 7.30> <CoreInst = "m_axi">   --->   Core 113 'm_axi' <Latency = 0> <II = 1> <Delay = 1.00> <Adapter> <Opcode : 'read' 'write' 'readreq' 'writereq' 'writeresp'>

State 33 <SV = 32> <Delay = 7.30>
ST_33 : Operation 210 [5/7] (7.30ns)   --->   "%gmem_in_load_req = readreq i1 @_ssdm_op_ReadReq.m_axi.i32P1A, i32 %gmem_in_addr, i32 1" [../ip/ip6/channel_shuffle.cpp:46]   --->   Operation 210 'readreq' 'gmem_in_load_req' <Predicate = true> <Delay = 7.30> <CoreInst = "m_axi">   --->   Core 113 'm_axi' <Latency = 0> <II = 1> <Delay = 1.00> <Adapter> <Opcode : 'read' 'write' 'readreq' 'writereq' 'writeresp'>

State 34 <SV = 33> <Delay = 7.30>
ST_34 : Operation 211 [4/7] (7.30ns)   --->   "%gmem_in_load_req = readreq i1 @_ssdm_op_ReadReq.m_axi.i32P1A, i32 %gmem_in_addr, i32 1" [../ip/ip6/channel_shuffle.cpp:46]   --->   Operation 211 'readreq' 'gmem_in_load_req' <Predicate = true> <Delay = 7.30> <CoreInst = "m_axi">   --->   Core 113 'm_axi' <Latency = 0> <II = 1> <Delay = 1.00> <Adapter> <Opcode : 'read' 'write' 'readreq' 'writereq' 'writeresp'>

State 35 <SV = 34> <Delay = 7.30>
ST_35 : Operation 212 [3/7] (7.30ns)   --->   "%gmem_in_load_req = readreq i1 @_ssdm_op_ReadReq.m_axi.i32P1A, i32 %gmem_in_addr, i32 1" [../ip/ip6/channel_shuffle.cpp:46]   --->   Operation 212 'readreq' 'gmem_in_load_req' <Predicate = true> <Delay = 7.30> <CoreInst = "m_axi">   --->   Core 113 'm_axi' <Latency = 0> <II = 1> <Delay = 1.00> <Adapter> <Opcode : 'read' 'write' 'readreq' 'writereq' 'writeresp'>

State 36 <SV = 35> <Delay = 7.30>
ST_36 : Operation 213 [2/7] (7.30ns)   --->   "%gmem_in_load_req = readreq i1 @_ssdm_op_ReadReq.m_axi.i32P1A, i32 %gmem_in_addr, i32 1" [../ip/ip6/channel_shuffle.cpp:46]   --->   Operation 213 'readreq' 'gmem_in_load_req' <Predicate = true> <Delay = 7.30> <CoreInst = "m_axi">   --->   Core 113 'm_axi' <Latency = 0> <II = 1> <Delay = 1.00> <Adapter> <Opcode : 'read' 'write' 'readreq' 'writereq' 'writeresp'>

State 37 <SV = 36> <Delay = 7.30>
ST_37 : Operation 214 [1/7] (7.30ns)   --->   "%gmem_in_load_req = readreq i1 @_ssdm_op_ReadReq.m_axi.i32P1A, i32 %gmem_in_addr, i32 1" [../ip/ip6/channel_shuffle.cpp:46]   --->   Operation 214 'readreq' 'gmem_in_load_req' <Predicate = true> <Delay = 7.30> <CoreInst = "m_axi">   --->   Core 113 'm_axi' <Latency = 0> <II = 1> <Delay = 1.00> <Adapter> <Opcode : 'read' 'write' 'readreq' 'writereq' 'writeresp'>

State 38 <SV = 37> <Delay = 7.30>
ST_38 : Operation 215 [1/1] (7.30ns)   --->   "%gmem_in_addr_read = read i32 @_ssdm_op_Read.m_axi.i32P1A, i32 %gmem_in_addr" [../ip/ip6/channel_shuffle.cpp:46]   --->   Operation 215 'read' 'gmem_in_addr_read' <Predicate = true> <Delay = 7.30> <CoreInst = "m_axi">   --->   Core 113 'm_axi' <Latency = 0> <II = 1> <Delay = 1.00> <Adapter> <Opcode : 'read' 'write' 'readreq' 'writereq' 'writeresp'>

State 39 <SV = 38> <Delay = 7.30>
ST_39 : Operation 216 [1/1] (7.30ns)   --->   "%write_ln46 = write void @_ssdm_op_Write.m_axi.i32P1A, i32 %gmem_out_addr, i32 %gmem_in_addr_read, i4 15" [../ip/ip6/channel_shuffle.cpp:46]   --->   Operation 216 'write' 'write_ln46' <Predicate = true> <Delay = 7.30> <CoreInst = "m_axi">   --->   Core 113 'm_axi' <Latency = 0> <II = 1> <Delay = 1.00> <Adapter> <Opcode : 'read' 'write' 'readreq' 'writereq' 'writeresp'>

State 40 <SV = 39> <Delay = 7.30>
ST_40 : Operation 217 [5/5] (7.30ns)   --->   "%gmem_out_addr_resp = writeresp i1 @_ssdm_op_WriteResp.m_axi.i32P1A, i32 %gmem_out_addr" [../ip/ip6/channel_shuffle.cpp:46]   --->   Operation 217 'writeresp' 'gmem_out_addr_resp' <Predicate = true> <Delay = 7.30> <CoreInst = "m_axi">   --->   Core 113 'm_axi' <Latency = 0> <II = 1> <Delay = 1.00> <Adapter> <Opcode : 'read' 'write' 'readreq' 'writereq' 'writeresp'>

State 41 <SV = 40> <Delay = 7.30>
ST_41 : Operation 218 [4/5] (7.30ns)   --->   "%gmem_out_addr_resp = writeresp i1 @_ssdm_op_WriteResp.m_axi.i32P1A, i32 %gmem_out_addr" [../ip/ip6/channel_shuffle.cpp:46]   --->   Operation 218 'writeresp' 'gmem_out_addr_resp' <Predicate = true> <Delay = 7.30> <CoreInst = "m_axi">   --->   Core 113 'm_axi' <Latency = 0> <II = 1> <Delay = 1.00> <Adapter> <Opcode : 'read' 'write' 'readreq' 'writereq' 'writeresp'>

State 42 <SV = 41> <Delay = 7.30>
ST_42 : Operation 219 [3/5] (7.30ns)   --->   "%gmem_out_addr_resp = writeresp i1 @_ssdm_op_WriteResp.m_axi.i32P1A, i32 %gmem_out_addr" [../ip/ip6/channel_shuffle.cpp:46]   --->   Operation 219 'writeresp' 'gmem_out_addr_resp' <Predicate = true> <Delay = 7.30> <CoreInst = "m_axi">   --->   Core 113 'm_axi' <Latency = 0> <II = 1> <Delay = 1.00> <Adapter> <Opcode : 'read' 'write' 'readreq' 'writereq' 'writeresp'>

State 43 <SV = 42> <Delay = 7.30>
ST_43 : Operation 220 [2/5] (7.30ns)   --->   "%gmem_out_addr_resp = writeresp i1 @_ssdm_op_WriteResp.m_axi.i32P1A, i32 %gmem_out_addr" [../ip/ip6/channel_shuffle.cpp:46]   --->   Operation 220 'writeresp' 'gmem_out_addr_resp' <Predicate = true> <Delay = 7.30> <CoreInst = "m_axi">   --->   Core 113 'm_axi' <Latency = 0> <II = 1> <Delay = 1.00> <Adapter> <Opcode : 'read' 'write' 'readreq' 'writereq' 'writeresp'>

State 44 <SV = 43> <Delay = 7.30>
ST_44 : Operation 221 [1/1] (0.00ns)   --->   "%specloopname_ln37 = specloopname void @_ssdm_op_SpecLoopName, void @empty_14" [../ip/ip6/channel_shuffle.cpp:37]   --->   Operation 221 'specloopname' 'specloopname_ln37' <Predicate = true> <Delay = 0.00>
ST_44 : Operation 222 [1/5] (7.30ns)   --->   "%gmem_out_addr_resp = writeresp i1 @_ssdm_op_WriteResp.m_axi.i32P1A, i32 %gmem_out_addr" [../ip/ip6/channel_shuffle.cpp:46]   --->   Operation 222 'writeresp' 'gmem_out_addr_resp' <Predicate = true> <Delay = 7.30> <CoreInst = "m_axi">   --->   Core 113 'm_axi' <Latency = 0> <II = 1> <Delay = 1.00> <Adapter> <Opcode : 'read' 'write' 'readreq' 'writereq' 'writeresp'>
ST_44 : Operation 223 [1/1] (0.00ns)   --->   "%br_ln37 = br void %for.inc" [../ip/ip6/channel_shuffle.cpp:37]   --->   Operation 223 'br' 'br_ln37' <Predicate = true> <Delay = 0.00>


============================================================
+ Verbose Summary: Timing violations
============================================================
Target clock period: 10ns, clock uncertainty: 2.7ns.

 <State 1>: 4.01ns
The critical path consists of the following:
	s_axi read operation ('groups_read', ../ip/ip6/channel_shuffle.cpp:12) on port 'groups' (../ip/ip6/channel_shuffle.cpp:12) [34]  (1 ns)
	'udiv' operation ('ret.V') [38]  (3.01 ns)

 <State 2>: 3.01ns
The critical path consists of the following:
	'udiv' operation ('ret.V') [38]  (3.01 ns)

 <State 3>: 3.01ns
The critical path consists of the following:
	'udiv' operation ('ret.V') [38]  (3.01 ns)

 <State 4>: 3.01ns
The critical path consists of the following:
	'udiv' operation ('ret.V') [38]  (3.01 ns)

 <State 5>: 3.01ns
The critical path consists of the following:
	'udiv' operation ('ret.V') [38]  (3.01 ns)

 <State 6>: 3.01ns
The critical path consists of the following:
	'udiv' operation ('ret.V') [38]  (3.01 ns)

 <State 7>: 3.01ns
The critical path consists of the following:
	'udiv' operation ('ret.V') [38]  (3.01 ns)

 <State 8>: 3.01ns
The critical path consists of the following:
	'udiv' operation ('ret.V') [38]  (3.01 ns)

 <State 9>: 3.01ns
The critical path consists of the following:
	'udiv' operation ('ret.V') [38]  (3.01 ns)

 <State 10>: 3.01ns
The critical path consists of the following:
	'udiv' operation ('ret.V') [38]  (3.01 ns)

 <State 11>: 3.01ns
The critical path consists of the following:
	'udiv' operation ('ret.V') [38]  (3.01 ns)

 <State 12>: 3.01ns
The critical path consists of the following:
	'udiv' operation ('ret.V') [38]  (3.01 ns)

 <State 13>: 3.01ns
The critical path consists of the following:
	'udiv' operation ('ret.V') [38]  (3.01 ns)

 <State 14>: 3.01ns
The critical path consists of the following:
	'udiv' operation ('ret.V') [38]  (3.01 ns)

 <State 15>: 3.01ns
The critical path consists of the following:
	'udiv' operation ('ret.V') [38]  (3.01 ns)

 <State 16>: 3.01ns
The critical path consists of the following:
	'udiv' operation ('ret.V') [38]  (3.01 ns)

 <State 17>: 3.01ns
The critical path consists of the following:
	'udiv' operation ('ret.V') [38]  (3.01 ns)

 <State 18>: 3.01ns
The critical path consists of the following:
	'udiv' operation ('ret.V') [38]  (3.01 ns)

 <State 19>: 3.01ns
The critical path consists of the following:
	'udiv' operation ('ret.V') [38]  (3.01 ns)

 <State 20>: 3.01ns
The critical path consists of the following:
	'udiv' operation ('ret.V') [38]  (3.01 ns)

 <State 21>: 1.82ns
The critical path consists of the following:
	'load' operation ('h.V') on local variable 'h.V' [57]  (0 ns)
	'mul' operation of DSP[60] ('ret.V') [60]  (1.82 ns)

 <State 22>: 1.82ns
The critical path consists of the following:
	'mul' operation of DSP[60] ('ret.V') [60]  (1.82 ns)

 <State 23>: 1.82ns
The critical path consists of the following:
	'mul' operation of DSP[60] ('ret.V') [60]  (1.82 ns)

 <State 24>: 5.46ns
The critical path consists of the following:
	'load' operation ('indvar_flatten_load_1') on local variable 'indvar_flatten' [69]  (0 ns)
	'icmp' operation ('icmp_ln1027_2') [71]  (2.03 ns)
	'select' operation ('select_ln1027_3') [80]  (0.813 ns)
	'or' operation ('or_ln34', ../ip/ip6/channel_shuffle.cpp:34) [85]  (0 ns)
	'select' operation ('select_ln34', ../ip/ip6/channel_shuffle.cpp:34) [86]  (0.8 ns)
	'mul' operation of DSP[94] ('lhs') [94]  (1.82 ns)

 <State 25>: 1.82ns
The critical path consists of the following:
	'mul' operation of DSP[75] ('ret_V_1_mid1') [75]  (1.82 ns)

 <State 26>: 1.82ns
The critical path consists of the following:
	'mul' operation of DSP[75] ('ret_V_1_mid1') [75]  (1.82 ns)

 <State 27>: 4.77ns
The critical path consists of the following:
	'select' operation ('select_ln1027') [72]  (0.627 ns)
	'add' operation ('w_V_3') [82]  (1.54 ns)
	'add' operation ('add_ln186_1') [89]  (1.9 ns)
	'select' operation ('select_ln34_1', ../ip/ip6/channel_shuffle.cpp:34) [90]  (0.705 ns)

 <State 28>: 4.12ns
The critical path consists of the following:
	'load' operation ('indvar_flatten_load') on local variable 'indvar_flatten' [134]  (0 ns)
	'add' operation ('add_ln1027') [136]  (1.69 ns)
	'select' operation ('select_ln1027_6') [137]  (1.13 ns)
	'store' operation ('store_ln36', ../ip/ip6/channel_shuffle.cpp:36) of variable 'select_ln1027_6' on local variable 'indvar_flatten' [140]  (1.3 ns)

 <State 29>: 7.05ns
The critical path consists of the following:
	'mul' operation ('mul_ln186_1') [108]  (7.05 ns)

 <State 30>: 4.59ns
The critical path consists of the following:
	'add' operation ('in_idx.V') [109]  (1.9 ns)
	'add' operation ('add_ln46', ../ip/ip6/channel_shuffle.cpp:46) [117]  (2.69 ns)

 <State 31>: 7.3ns
The critical path consists of the following:
	bus request operation ('gmem_in_load_req', ../ip/ip6/channel_shuffle.cpp:46) on port 'gmem_in' (../ip/ip6/channel_shuffle.cpp:46) [121]  (7.3 ns)

 <State 32>: 7.3ns
The critical path consists of the following:
	bus request operation ('gmem_in_load_req', ../ip/ip6/channel_shuffle.cpp:46) on port 'gmem_in' (../ip/ip6/channel_shuffle.cpp:46) [121]  (7.3 ns)

 <State 33>: 7.3ns
The critical path consists of the following:
	bus request operation ('gmem_in_load_req', ../ip/ip6/channel_shuffle.cpp:46) on port 'gmem_in' (../ip/ip6/channel_shuffle.cpp:46) [121]  (7.3 ns)

 <State 34>: 7.3ns
The critical path consists of the following:
	bus request operation ('gmem_in_load_req', ../ip/ip6/channel_shuffle.cpp:46) on port 'gmem_in' (../ip/ip6/channel_shuffle.cpp:46) [121]  (7.3 ns)

 <State 35>: 7.3ns
The critical path consists of the following:
	bus request operation ('gmem_in_load_req', ../ip/ip6/channel_shuffle.cpp:46) on port 'gmem_in' (../ip/ip6/channel_shuffle.cpp:46) [121]  (7.3 ns)

 <State 36>: 7.3ns
The critical path consists of the following:
	bus request operation ('gmem_in_load_req', ../ip/ip6/channel_shuffle.cpp:46) on port 'gmem_in' (../ip/ip6/channel_shuffle.cpp:46) [121]  (7.3 ns)

 <State 37>: 7.3ns
The critical path consists of the following:
	bus request operation ('gmem_in_load_req', ../ip/ip6/channel_shuffle.cpp:46) on port 'gmem_in' (../ip/ip6/channel_shuffle.cpp:46) [121]  (7.3 ns)

 <State 38>: 7.3ns
The critical path consists of the following:
	bus read operation ('gmem_in_addr_read', ../ip/ip6/channel_shuffle.cpp:46) on port 'gmem_in' (../ip/ip6/channel_shuffle.cpp:46) [122]  (7.3 ns)

 <State 39>: 7.3ns
The critical path consists of the following:
	bus write operation ('write_ln46', ../ip/ip6/channel_shuffle.cpp:46) on port 'gmem_out' (../ip/ip6/channel_shuffle.cpp:46) [130]  (7.3 ns)

 <State 40>: 7.3ns
The critical path consists of the following:
	bus response operation ('gmem_out_addr_resp', ../ip/ip6/channel_shuffle.cpp:46) on port 'gmem_out' (../ip/ip6/channel_shuffle.cpp:46) [131]  (7.3 ns)

 <State 41>: 7.3ns
The critical path consists of the following:
	bus response operation ('gmem_out_addr_resp', ../ip/ip6/channel_shuffle.cpp:46) on port 'gmem_out' (../ip/ip6/channel_shuffle.cpp:46) [131]  (7.3 ns)

 <State 42>: 7.3ns
The critical path consists of the following:
	bus response operation ('gmem_out_addr_resp', ../ip/ip6/channel_shuffle.cpp:46) on port 'gmem_out' (../ip/ip6/channel_shuffle.cpp:46) [131]  (7.3 ns)

 <State 43>: 7.3ns
The critical path consists of the following:
	bus response operation ('gmem_out_addr_resp', ../ip/ip6/channel_shuffle.cpp:46) on port 'gmem_out' (../ip/ip6/channel_shuffle.cpp:46) [131]  (7.3 ns)

 <State 44>: 7.3ns
The critical path consists of the following:
	bus response operation ('gmem_out_addr_resp', ../ip/ip6/channel_shuffle.cpp:46) on port 'gmem_out' (../ip/ip6/channel_shuffle.cpp:46) [131]  (7.3 ns)


============================================================
+ Verbose Summary: Binding
============================================================
N/A
* FSMD analyzer results:
  - Output states:
 - Input state : 
  - Chain level:
	State 1
	State 2
	State 3
	State 4
	State 5
	State 6
	State 7
	State 8
	State 9
	State 10
	State 11
	State 12
	State 13
	State 14
	State 15
	State 16
	State 17
	State 18
	State 19
	State 20
	State 21
	State 22
	State 23
	State 24
	State 25
	State 26
	State 27
	State 28
	State 29
	State 30
	State 31
	State 32
	State 33
	State 34
	State 35
	State 36
	State 37
	State 38
	State 39
	State 40
	State 41
	State 42
	State 43
	State 44


============================================================
+ Verbose Summary: Datapath Resource usage 
============================================================
N/A
