remark: D:/Xilinx/Vitis_HLS/2022.2/common/technology/autopilot\ap_int_base.h:214:67: Inlining function 'ssdm_int<8, false>::ssdm_int(unsigned char)' into 'ap_int_base<8, false>::ap_int_base(int)'
remark: D:/Xilinx/Vitis_HLS/2022.2/common/technology/autopilot\ap_int_base.h:1514:337: Inlining function 'ap_int_base<8, false>::ap_int_base(int)' into 'ap_int_base<16, false>::RType<8, false>::mod operator%<16, false, 8, false>(ap_int_base<16, false> const&, ap_int_base<8, false> const&)'
remark: D:/Xilinx/Vitis_HLS/2022.2/common/technology/autopilot\ap_int_base.h:214:67: Inlining function 'ssdm_int<32, true>::ssdm_int(int)' into 'ap_int_base<32, true>::ap_int_base(int)'
remark: D:/Xilinx/Vitis_HLS/2022.2/common/technology/autopilot\ap_int_base.h:1788:2233: Inlining function 'ap_int_base<32, true>::ap_int_base(int)' into 'bool operator!=<8, false>(ap_int_base<8, false> const&, int)'
remark: D:/Xilinx/Vitis_HLS/2022.2/common/technology/autopilot\ap_int_base.h:1788:2230: Inlining function 'bool ap_int_base<8, false>::operator!=<32, true>(ap_int_base<32, true> const&) const' into 'bool operator!=<8, false>(ap_int_base<8, false> const&, int)'
remark: D:/Xilinx/Vitis_HLS/2022.2/common/technology/autopilot\ap_int_base.h:214:67: Inlining function 'ssdm_int<16, false>::ssdm_int(unsigned short)' into 'ap_int_base<16, false>::ap_int_base(int)'
remark: D:/Xilinx/Vitis_HLS/2022.2/common/technology/autopilot\ap_int_base.h:1513:337: Inlining function 'ap_int_base<16, false>::ap_int_base(int)' into 'ap_int_base<16, false>::RType<8, false>::div operator/<16, false, 8, false>(ap_int_base<16, false> const&, ap_int_base<8, false> const&)'
remark: <unknown>:0:0: Inlining function 'ap_int_base<16, false>::ap_int_base(int)' into 'ap_uint<16>::ap_uint(int)'
remark: D:/Xilinx/Vitis_HLS/2022.2/common/technology/autopilot\ap_int_base.h:185:106: Inlining function '_ZN8ssdm_intILi33ELb1EEC2EDq33_i' into 'ap_int_base<33, true>::ap_int_base<16, false>(ap_int_base<16, false> const&)'
remark: D:/Xilinx/Vitis_HLS/2022.2/common/technology/autopilot\ap_int_base.h:185:106: Inlining function '_ZN8ssdm_intILi33ELb1EEC2EDq33_i' into 'ap_int_base<33, true>::ap_int_base<32, true>(ap_int_base<32, true> const&)'
remark: D:/Xilinx/Vitis_HLS/2022.2/common/technology/autopilot\ap_int_base.h:214:67: Inlining function '_ZN8ssdm_intILi33ELb1EEC2EDq33_i' into 'ap_int_base<33, true>::ap_int_base(int)'
remark: D:/Xilinx/Vitis_HLS/2022.2/common/technology/autopilot\ap_int_base.h:1495:339: Inlining function 'ap_int_base<33, true>::ap_int_base<16, false>(ap_int_base<16, false> const&)' into 'ap_int_base<16, false>::RType<32, true>::plus operator+<16, false, 32, true>(ap_int_base<16, false> const&, ap_int_base<32, true> const&)'
remark: D:/Xilinx/Vitis_HLS/2022.2/common/technology/autopilot\ap_int_base.h:1495:516: Inlining function 'ap_int_base<33, true>::ap_int_base(int)' into 'ap_int_base<16, false>::RType<32, true>::plus operator+<16, false, 32, true>(ap_int_base<16, false> const&, ap_int_base<32, true> const&)'
remark: D:/Xilinx/Vitis_HLS/2022.2/common/technology/autopilot\ap_int_base.h:1495:427: Inlining function 'ap_int_base<33, true>::ap_int_base<32, true>(ap_int_base<32, true> const&)' into 'ap_int_base<16, false>::RType<32, true>::plus operator+<16, false, 32, true>(ap_int_base<16, false> const&, ap_int_base<32, true> const&)'
remark: D:/Xilinx/Vitis_HLS/2022.2/common/technology/autopilot\ap_int_base.h:1633:1006: Inlining function 'ap_int_base<32, true>::ap_int_base(int)' into 'ap_int_base<16, false>::RType<($_0)32, true>::plus operator+<16, false>(ap_int_base<16, false> const&, int)'
remark: D:/Xilinx/Vitis_HLS/2022.2/common/technology/autopilot\ap_int_base.h:1633:1004: Inlining function 'ap_int_base<16, false>::RType<32, true>::plus operator+<16, false, 32, true>(ap_int_base<16, false> const&, ap_int_base<32, true> const&)' into 'ap_int_base<16, false>::RType<($_0)32, true>::plus operator+<16, false>(ap_int_base<16, false> const&, int)'
remark: <unknown>:0:0: Inlining function 'ap_int_base<8, false>::ap_int_base(int)' into 'ap_uint<8>::ap_uint(int)'
remark: D:/Xilinx/Vitis_HLS/2022.2/common/technology/autopilot\ap_int_base.h:185:106: Inlining function '_ZN8ssdm_intILi24ELb0EEC2EDq24_j' into 'ap_int_base<24, false>::ap_int_base<8, false>(ap_int_base<8, false> const&)'
remark: D:/Xilinx/Vitis_HLS/2022.2/common/technology/autopilot\ap_int_base.h:185:106: Inlining function '_ZN8ssdm_intILi24ELb0EEC2EDq24_j' into 'ap_int_base<24, false>::ap_int_base<16, false>(ap_int_base<16, false> const&)'
remark: D:/Xilinx/Vitis_HLS/2022.2/common/technology/autopilot\ap_int_base.h:214:67: Inlining function '_ZN8ssdm_intILi24ELb0EEC2EDq24_j' into 'ap_int_base<24, false>::ap_int_base(int)'
remark: D:/Xilinx/Vitis_HLS/2022.2/common/technology/autopilot\ap_int_base.h:1494:339: Inlining function 'ap_int_base<24, false>::ap_int_base<8, false>(ap_int_base<8, false> const&)' into 'ap_int_base<8, false>::RType<16, false>::mult operator*<8, false, 16, false>(ap_int_base<8, false> const&, ap_int_base<16, false> const&)'
remark: D:/Xilinx/Vitis_HLS/2022.2/common/technology/autopilot\ap_int_base.h:1494:516: Inlining function 'ap_int_base<24, false>::ap_int_base(int)' into 'ap_int_base<8, false>::RType<16, false>::mult operator*<8, false, 16, false>(ap_int_base<8, false> const&, ap_int_base<16, false> const&)'
remark: D:/Xilinx/Vitis_HLS/2022.2/common/technology/autopilot\ap_int_base.h:1494:427: Inlining function 'ap_int_base<24, false>::ap_int_base<16, false>(ap_int_base<16, false> const&)' into 'ap_int_base<8, false>::RType<16, false>::mult operator*<8, false, 16, false>(ap_int_base<8, false> const&, ap_int_base<16, false> const&)'
remark: D:/Xilinx/Vitis_HLS/2022.2/common/technology/autopilot\ap_int_base.h:185:106: Inlining function '_ZN8ssdm_intILi25ELb0EEC2EDq25_j' into 'ap_int_base<25, false>::ap_int_base<24, false>(ap_int_base<24, false> const&)'
remark: D:/Xilinx/Vitis_HLS/2022.2/common/technology/autopilot\ap_int_base.h:185:106: Inlining function '_ZN8ssdm_intILi25ELb0EEC2EDq25_j' into 'ap_int_base<25, false>::ap_int_base<16, false>(ap_int_base<16, false> const&)'
remark: D:/Xilinx/Vitis_HLS/2022.2/common/technology/autopilot\ap_int_base.h:214:67: Inlining function '_ZN8ssdm_intILi25ELb0EEC2EDq25_j' into 'ap_int_base<25, false>::ap_int_base(int)'
remark: D:/Xilinx/Vitis_HLS/2022.2/common/technology/autopilot\ap_int_base.h:1495:339: Inlining function 'ap_int_base<25, false>::ap_int_base<24, false>(ap_int_base<24, false> const&)' into 'ap_int_base<24, false>::RType<16, false>::plus operator+<24, false, 16, false>(ap_int_base<24, false> const&, ap_int_base<16, false> const&)'
remark: D:/Xilinx/Vitis_HLS/2022.2/common/technology/autopilot\ap_int_base.h:1495:516: Inlining function 'ap_int_base<25, false>::ap_int_base(int)' into 'ap_int_base<24, false>::RType<16, false>::plus operator+<24, false, 16, false>(ap_int_base<24, false> const&, ap_int_base<16, false> const&)'
remark: D:/Xilinx/Vitis_HLS/2022.2/common/technology/autopilot\ap_int_base.h:1495:427: Inlining function 'ap_int_base<25, false>::ap_int_base<16, false>(ap_int_base<16, false> const&)' into 'ap_int_base<24, false>::RType<16, false>::plus operator+<24, false, 16, false>(ap_int_base<24, false> const&, ap_int_base<16, false> const&)'
remark: D:/Xilinx/Vitis_HLS/2022.2/common/technology/autopilot\ap_int_base.h:185:106: Inlining function 'ssdm_int<16, false>::ssdm_int(unsigned short)' into 'ap_int_base<16, false>::ap_int_base<25, false>(ap_int_base<25, false> const&)'
remark: <unknown>:0:0: Inlining function 'ap_int_base<16, false>::ap_int_base<25, false>(ap_int_base<25, false> const&)' into 'ap_uint<16>::ap_uint<25>(ap_uint<25> const&)'
remark: D:/Xilinx/Vitis_HLS/2022.2/common/technology/autopilot\ap_int_base.h:185:106: Inlining function 'ssdm_int<32, false>::ssdm_int(unsigned int)' into 'ap_int_base<32, false>::ap_int_base<16, false>(ap_int_base<16, false> const&)'
remark: D:/Xilinx/Vitis_HLS/2022.2/common/technology/autopilot\ap_int_base.h:214:67: Inlining function 'ssdm_int<32, false>::ssdm_int(unsigned int)' into 'ap_int_base<32, false>::ap_int_base(int)'
remark: D:/Xilinx/Vitis_HLS/2022.2/common/technology/autopilot\ap_int_base.h:1494:339: Inlining function 'ap_int_base<32, false>::ap_int_base<16, false>(ap_int_base<16, false> const&)' into 'ap_int_base<16, false>::RType<16, false>::mult operator*<16, false, 16, false>(ap_int_base<16, false> const&, ap_int_base<16, false> const&)'
remark: D:/Xilinx/Vitis_HLS/2022.2/common/technology/autopilot\ap_int_base.h:1494:516: Inlining function 'ap_int_base<32, false>::ap_int_base(int)' into 'ap_int_base<16, false>::RType<16, false>::mult operator*<16, false, 16, false>(ap_int_base<16, false> const&, ap_int_base<16, false> const&)'
remark: D:/Xilinx/Vitis_HLS/2022.2/common/technology/autopilot\ap_int_base.h:1494:427: Inlining function 'ap_int_base<32, false>::ap_int_base<16, false>(ap_int_base<16, false> const&)' into 'ap_int_base<16, false>::RType<16, false>::mult operator*<16, false, 16, false>(ap_int_base<16, false> const&, ap_int_base<16, false> const&)'
remark: D:/Xilinx/Vitis_HLS/2022.2/common/technology/autopilot\ap_int_base.h:185:106: Inlining function '_ZN8ssdm_intILi48ELb0EEC2EDq48_j' into 'ap_int_base<48, false>::ap_int_base<32, false>(ap_int_base<32, false> const&)'
remark: D:/Xilinx/Vitis_HLS/2022.2/common/technology/autopilot\ap_int_base.h:185:106: Inlining function '_ZN8ssdm_intILi48ELb0EEC2EDq48_j' into 'ap_int_base<48, false>::ap_int_base<16, false>(ap_int_base<16, false> const&)'
remark: D:/Xilinx/Vitis_HLS/2022.2/common/technology/autopilot\ap_int_base.h:214:67: Inlining function '_ZN8ssdm_intILi48ELb0EEC2EDq48_j' into 'ap_int_base<48, false>::ap_int_base(int)'
remark: D:/Xilinx/Vitis_HLS/2022.2/common/technology/autopilot\ap_int_base.h:1494:339: Inlining function 'ap_int_base<48, false>::ap_int_base<32, false>(ap_int_base<32, false> const&)' into 'ap_int_base<32, false>::RType<16, false>::mult operator*<32, false, 16, false>(ap_int_base<32, false> const&, ap_int_base<16, false> const&)'
remark: D:/Xilinx/Vitis_HLS/2022.2/common/technology/autopilot\ap_int_base.h:1494:516: Inlining function 'ap_int_base<48, false>::ap_int_base(int)' into 'ap_int_base<32, false>::RType<16, false>::mult operator*<32, false, 16, false>(ap_int_base<32, false> const&, ap_int_base<16, false> const&)'
remark: D:/Xilinx/Vitis_HLS/2022.2/common/technology/autopilot\ap_int_base.h:1494:427: Inlining function 'ap_int_base<48, false>::ap_int_base<16, false>(ap_int_base<16, false> const&)' into 'ap_int_base<32, false>::RType<16, false>::mult operator*<32, false, 16, false>(ap_int_base<32, false> const&, ap_int_base<16, false> const&)'
remark: D:/Xilinx/Vitis_HLS/2022.2/common/technology/autopilot\ap_int_base.h:185:106: Inlining function '_ZN8ssdm_intILi49ELb0EEC2EDq49_j' into 'ap_int_base<49, false>::ap_int_base<48, false>(ap_int_base<48, false> const&)'
remark: D:/Xilinx/Vitis_HLS/2022.2/common/technology/autopilot\ap_int_base.h:185:106: Inlining function '_ZN8ssdm_intILi49ELb0EEC2EDq49_j' into 'ap_int_base<49, false>::ap_int_base<32, false>(ap_int_base<32, false> const&)'
remark: D:/Xilinx/Vitis_HLS/2022.2/common/technology/autopilot\ap_int_base.h:214:67: Inlining function '_ZN8ssdm_intILi49ELb0EEC2EDq49_j' into 'ap_int_base<49, false>::ap_int_base(int)'
remark: D:/Xilinx/Vitis_HLS/2022.2/common/technology/autopilot\ap_int_base.h:1495:339: Inlining function 'ap_int_base<49, false>::ap_int_base<48, false>(ap_int_base<48, false> const&)' into 'ap_int_base<48, false>::RType<32, false>::plus operator+<48, false, 32, false>(ap_int_base<48, false> const&, ap_int_base<32, false> const&)'
remark: D:/Xilinx/Vitis_HLS/2022.2/common/technology/autopilot\ap_int_base.h:1495:516: Inlining function 'ap_int_base<49, false>::ap_int_base(int)' into 'ap_int_base<48, false>::RType<32, false>::plus operator+<48, false, 32, false>(ap_int_base<48, false> const&, ap_int_base<32, false> const&)'
remark: D:/Xilinx/Vitis_HLS/2022.2/common/technology/autopilot\ap_int_base.h:1495:427: Inlining function 'ap_int_base<49, false>::ap_int_base<32, false>(ap_int_base<32, false> const&)' into 'ap_int_base<48, false>::RType<32, false>::plus operator+<48, false, 32, false>(ap_int_base<48, false> const&, ap_int_base<32, false> const&)'
remark: D:/Xilinx/Vitis_HLS/2022.2/common/technology/autopilot\ap_int_base.h:185:106: Inlining function '_ZN8ssdm_intILi50ELb0EEC2EDq50_j' into 'ap_int_base<50, false>::ap_int_base<49, false>(ap_int_base<49, false> const&)'
remark: D:/Xilinx/Vitis_HLS/2022.2/common/technology/autopilot\ap_int_base.h:185:106: Inlining function '_ZN8ssdm_intILi50ELb0EEC2EDq50_j' into 'ap_int_base<50, false>::ap_int_base<16, false>(ap_int_base<16, false> const&)'
remark: D:/Xilinx/Vitis_HLS/2022.2/common/technology/autopilot\ap_int_base.h:214:67: Inlining function '_ZN8ssdm_intILi50ELb0EEC2EDq50_j' into 'ap_int_base<50, false>::ap_int_base(int)'
remark: D:/Xilinx/Vitis_HLS/2022.2/common/technology/autopilot\ap_int_base.h:1495:339: Inlining function 'ap_int_base<50, false>::ap_int_base<49, false>(ap_int_base<49, false> const&)' into 'ap_int_base<49, false>::RType<16, false>::plus operator+<49, false, 16, false>(ap_int_base<49, false> const&, ap_int_base<16, false> const&)'
remark: D:/Xilinx/Vitis_HLS/2022.2/common/technology/autopilot\ap_int_base.h:1495:516: Inlining function 'ap_int_base<50, false>::ap_int_base(int)' into 'ap_int_base<49, false>::RType<16, false>::plus operator+<49, false, 16, false>(ap_int_base<49, false> const&, ap_int_base<16, false> const&)'
remark: D:/Xilinx/Vitis_HLS/2022.2/common/technology/autopilot\ap_int_base.h:1495:427: Inlining function 'ap_int_base<50, false>::ap_int_base<16, false>(ap_int_base<16, false> const&)' into 'ap_int_base<49, false>::RType<16, false>::plus operator+<49, false, 16, false>(ap_int_base<49, false> const&, ap_int_base<16, false> const&)'
remark: D:/Xilinx/Vitis_HLS/2022.2/common/technology/autopilot\ap_int_base.h:185:106: Inlining function 'ssdm_int<32, false>::ssdm_int(unsigned int)' into 'ap_int_base<32, false>::ap_int_base<50, false>(ap_int_base<50, false> const&)'
remark: <unknown>:0:0: Inlining function 'ap_int_base<32, false>::ap_int_base<50, false>(ap_int_base<50, false> const&)' into 'ap_uint<32>::ap_uint<50>(ap_uint<50> const&)'
remark: D:/Xilinx/Vitis_HLS/2022.2/common/technology/autopilot\ap_int_base.h:1494:339: Inlining function 'ap_int_base<24, false>::ap_int_base<16, false>(ap_int_base<16, false> const&)' into 'ap_int_base<16, false>::RType<8, false>::mult operator*<16, false, 8, false>(ap_int_base<16, false> const&, ap_int_base<8, false> const&)'
remark: D:/Xilinx/Vitis_HLS/2022.2/common/technology/autopilot\ap_int_base.h:1494:516: Inlining function 'ap_int_base<24, false>::ap_int_base(int)' into 'ap_int_base<16, false>::RType<8, false>::mult operator*<16, false, 8, false>(ap_int_base<16, false> const&, ap_int_base<8, false> const&)'
remark: D:/Xilinx/Vitis_HLS/2022.2/common/technology/autopilot\ap_int_base.h:1494:427: Inlining function 'ap_int_base<24, false>::ap_int_base<8, false>(ap_int_base<8, false> const&)' into 'ap_int_base<16, false>::RType<8, false>::mult operator*<16, false, 8, false>(ap_int_base<16, false> const&, ap_int_base<8, false> const&)'
remark: D:/Xilinx/Vitis_HLS/2022.2/common/technology/autopilot\ap_int_base.h:185:106: Inlining function '_ZN8ssdm_intILi25ELb0EEC2EDq25_j' into 'ap_int_base<25, false>::ap_int_base<8, false>(ap_int_base<8, false> const&)'
remark: D:/Xilinx/Vitis_HLS/2022.2/common/technology/autopilot\ap_int_base.h:1495:339: Inlining function 'ap_int_base<25, false>::ap_int_base<24, false>(ap_int_base<24, false> const&)' into 'ap_int_base<24, false>::RType<8, false>::plus operator+<24, false, 8, false>(ap_int_base<24, false> const&, ap_int_base<8, false> const&)'
remark: D:/Xilinx/Vitis_HLS/2022.2/common/technology/autopilot\ap_int_base.h:1495:516: Inlining function 'ap_int_base<25, false>::ap_int_base(int)' into 'ap_int_base<24, false>::RType<8, false>::plus operator+<24, false, 8, false>(ap_int_base<24, false> const&, ap_int_base<8, false> const&)'
remark: D:/Xilinx/Vitis_HLS/2022.2/common/technology/autopilot\ap_int_base.h:1495:427: Inlining function 'ap_int_base<25, false>::ap_int_base<8, false>(ap_int_base<8, false> const&)' into 'ap_int_base<24, false>::RType<8, false>::plus operator+<24, false, 8, false>(ap_int_base<24, false> const&, ap_int_base<8, false> const&)'
remark: D:/Xilinx/Vitis_HLS/2022.2/common/technology/autopilot\ap_int_base.h:214:67: Inlining function '_ZN8ssdm_intILi1ELb0EEC2EDq1_j' into 'ap_int_base<1, false>::ap_int_base(int)'
remark: D:/Xilinx/Vitis_HLS/2022.2/common/technology/autopilot\ap_int_base.h:879:16: Inlining function 'ap_int_base<1, false>::ap_int_base(int)' into 'ap_int_base<16, false>::operator++(int)'
remark: D:/Xilinx/Vitis_HLS/2022.2/common/technology/autopilot\ap_int_base.h:879:5: Inlining function 'ap_int_base<16, false>& ap_int_base<16, false>::operator+=<1, false>(ap_int_base<1, false> const&)' into 'ap_int_base<16, false>::operator++(int)'
remark: D:/Xilinx/Vitis_HLS/2022.2/common/technology/autopilot\ap_int_base.h:879:16: Inlining function 'ap_int_base<1, false>::ap_int_base(int)' into 'ap_int_base<8, false>::operator++(int)'
remark: D:/Xilinx/Vitis_HLS/2022.2/common/technology/autopilot\ap_int_base.h:879:5: Inlining function 'ap_int_base<8, false>& ap_int_base<8, false>::operator+=<1, false>(ap_int_base<1, false> const&)' into 'ap_int_base<8, false>::operator++(int)'
remark: D:/Xilinx/Vitis_HLS/2022.2/common/technology/autopilot\ap_int_base.h:1727:167: Inlining function 'ap_int_base<32, true>::ap_int_base(int)' into 'ap_int_base<16, false>& operator+=<16, false>(ap_int_base<16, false>&, int)'
remark: D:/Xilinx/Vitis_HLS/2022.2/common/technology/autopilot\ap_int_base.h:1727:164: Inlining function 'ap_int_base<16, false>& ap_int_base<16, false>::operator+=<32, true>(ap_int_base<32, true> const&)' into 'ap_int_base<16, false>& operator+=<16, false>(ap_int_base<16, false>&, int)'
remark: ../ip/ip6/channel_shuffle.cpp:30:11: Inlining function 'ap_int_base<16, false>::RType<8, false>::mod operator%<16, false, 8, false>(ap_int_base<16, false> const&, ap_int_base<8, false> const&)' into 'channel_shuffle(ap_uint<16>, ap_uint<16>, ap_uint<8>, float*, float*)'
remark: ../ip/ip6/channel_shuffle.cpp:40:75: Inlining function 'ap_int_base<16, false>& operator+=<16, false>(ap_int_base<16, false>&, int)' into 'channel_shuffle(ap_uint<16>, ap_uint<16>, ap_uint<8>, float*, float*)'
remark: ../ip/ip6/channel_shuffle.cpp:41:79: Inlining function 'ap_int_base<16, false>& operator+=<16, false>(ap_int_base<16, false>&, int)' into 'channel_shuffle(ap_uint<16>, ap_uint<16>, ap_uint<8>, float*, float*)'
remark: ../ip/ip6/channel_shuffle.cpp:42:88: Inlining function 'ap_int_base<16, false>::operator++(int)' into 'channel_shuffle(ap_uint<16>, ap_uint<16>, ap_uint<8>, float*, float*)'
remark: ../ip/ip6/channel_shuffle.cpp:43:92: Inlining function 'ap_int_base<16, false>::operator++(int)' into 'channel_shuffle(ap_uint<16>, ap_uint<16>, ap_uint<8>, float*, float*)'
remark: ../ip/ip6/channel_shuffle.cpp:45:54: Inlining function 'ap_int_base<8, false>::operator++(int)' into 'channel_shuffle(ap_uint<16>, ap_uint<16>, ap_uint<8>, float*, float*)'
remark: ../ip/ip6/channel_shuffle.cpp:47:57: Inlining function 'ap_int_base<16, false>::operator++(int)' into 'channel_shuffle(ap_uint<16>, ap_uint<16>, ap_uint<8>, float*, float*)'
remark: ../ip/ip6/channel_shuffle.cpp:56:38: Inlining function 'ap_int_base<32, false>::operator unsigned long long() const' into 'channel_shuffle(ap_uint<16>, ap_uint<16>, ap_uint<8>, float*, float*)'
remark: ../ip/ip6/channel_shuffle.cpp:56:57: Inlining function 'ap_int_base<32, false>::operator unsigned long long() const' into 'channel_shuffle(ap_uint<16>, ap_uint<16>, ap_uint<8>, float*, float*)'
remark: ../ip/ip6/channel_shuffle.cpp:53:77: Inlining function 'ap_int_base<49, false>::RType<16, false>::plus operator+<49, false, 16, false>(ap_int_base<49, false> const&, ap_int_base<16, false> const&)' into 'channel_shuffle(ap_uint<16>, ap_uint<16>, ap_uint<8>, float*, float*)'
remark: ../ip/ip6/channel_shuffle.cpp:53:66: Inlining function 'ap_int_base<48, false>::RType<32, false>::plus operator+<48, false, 32, false>(ap_int_base<48, false> const&, ap_int_base<32, false> const&)' into 'channel_shuffle(ap_uint<16>, ap_uint<16>, ap_uint<8>, float*, float*)'
remark: ../ip/ip6/channel_shuffle.cpp:53:70: Inlining function 'ap_int_base<16, false>::RType<16, false>::mult operator*<16, false, 16, false>(ap_int_base<16, false> const&, ap_int_base<16, false> const&)' into 'channel_shuffle(ap_uint<16>, ap_uint<16>, ap_uint<8>, float*, float*)'
remark: ../ip/ip6/channel_shuffle.cpp:53:59: Inlining function 'ap_int_base<32, false>::RType<16, false>::mult operator*<32, false, 16, false>(ap_int_base<32, false> const&, ap_int_base<16, false> const&)' into 'channel_shuffle(ap_uint<16>, ap_uint<16>, ap_uint<8>, float*, float*)'
remark: ../ip/ip6/channel_shuffle.cpp:53:53: Inlining function 'ap_int_base<16, false>::RType<16, false>::mult operator*<16, false, 16, false>(ap_int_base<16, false> const&, ap_int_base<16, false> const&)' into 'channel_shuffle(ap_uint<16>, ap_uint<16>, ap_uint<8>, float*, float*)'
remark: ../ip/ip6/channel_shuffle.cpp:52:60: Inlining function 'ap_int_base<24, false>::RType<8, false>::plus operator+<24, false, 8, false>(ap_int_base<24, false> const&, ap_int_base<8, false> const&)' into 'channel_shuffle(ap_uint<16>, ap_uint<16>, ap_uint<8>, float*, float*)'
remark: ../ip/ip6/channel_shuffle.cpp:52:51: Inlining function 'ap_int_base<16, false>::RType<8, false>::mult operator*<16, false, 8, false>(ap_int_base<16, false> const&, ap_int_base<8, false> const&)' into 'channel_shuffle(ap_uint<16>, ap_uint<16>, ap_uint<8>, float*, float*)'
remark: ../ip/ip6/channel_shuffle.cpp:50:76: Inlining function 'ap_int_base<49, false>::RType<16, false>::plus operator+<49, false, 16, false>(ap_int_base<49, false> const&, ap_int_base<16, false> const&)' into 'channel_shuffle(ap_uint<16>, ap_uint<16>, ap_uint<8>, float*, float*)'
remark: ../ip/ip6/channel_shuffle.cpp:50:65: Inlining function 'ap_int_base<48, false>::RType<32, false>::plus operator+<48, false, 32, false>(ap_int_base<48, false> const&, ap_int_base<32, false> const&)' into 'channel_shuffle(ap_uint<16>, ap_uint<16>, ap_uint<8>, float*, float*)'
remark: ../ip/ip6/channel_shuffle.cpp:50:69: Inlining function 'ap_int_base<16, false>::RType<16, false>::mult operator*<16, false, 16, false>(ap_int_base<16, false> const&, ap_int_base<16, false> const&)' into 'channel_shuffle(ap_uint<16>, ap_uint<16>, ap_uint<8>, float*, float*)'
remark: ../ip/ip6/channel_shuffle.cpp:50:58: Inlining function 'ap_int_base<32, false>::RType<16, false>::mult operator*<32, false, 16, false>(ap_int_base<32, false> const&, ap_int_base<16, false> const&)' into 'channel_shuffle(ap_uint<16>, ap_uint<16>, ap_uint<8>, float*, float*)'
remark: ../ip/ip6/channel_shuffle.cpp:50:52: Inlining function 'ap_int_base<16, false>::RType<16, false>::mult operator*<16, false, 16, false>(ap_int_base<16, false> const&, ap_int_base<16, false> const&)' into 'channel_shuffle(ap_uint<16>, ap_uint<16>, ap_uint<8>, float*, float*)'
remark: ../ip/ip6/channel_shuffle.cpp:49:61: Inlining function 'ap_int_base<24, false>::RType<16, false>::plus operator+<24, false, 16, false>(ap_int_base<24, false> const&, ap_int_base<16, false> const&)' into 'channel_shuffle(ap_uint<16>, ap_uint<16>, ap_uint<8>, float*, float*)'
remark: ../ip/ip6/channel_shuffle.cpp:49:50: Inlining function 'ap_int_base<8, false>::RType<16, false>::mult operator*<8, false, 16, false>(ap_int_base<8, false> const&, ap_int_base<16, false> const&)' into 'channel_shuffle(ap_uint<16>, ap_uint<16>, ap_uint<8>, float*, float*)'
remark: ../ip/ip6/channel_shuffle.cpp:47:45: Inlining function 'bool ap_int_base<16, false>::operator<<16, false>(ap_int_base<16, false> const&) const' into 'channel_shuffle(ap_uint<16>, ap_uint<16>, ap_uint<8>, float*, float*)'
remark: ../ip/ip6/channel_shuffle.cpp:45:44: Inlining function 'bool ap_int_base<8, false>::operator<<8, false>(ap_int_base<8, false> const&) const' into 'channel_shuffle(ap_uint<16>, ap_uint<16>, ap_uint<8>, float*, float*)'
remark: ../ip/ip6/channel_shuffle.cpp:43:85: Inlining function 'bool ap_int_base<16, false>::operator<<16, false>(ap_int_base<16, false> const&) const' into 'channel_shuffle(ap_uint<16>, ap_uint<16>, ap_uint<8>, float*, float*)'
remark: ../ip/ip6/channel_shuffle.cpp:43:66: Inlining function 'bool ap_int_base<16, false>::operator<<33, true>(ap_int_base<33, true> const&) const' into 'channel_shuffle(ap_uint<16>, ap_uint<16>, ap_uint<8>, float*, float*)'
remark: ../ip/ip6/channel_shuffle.cpp:43:76: Inlining function 'ap_int_base<16, false>::RType<($_0)32, true>::plus operator+<16, false>(ap_int_base<16, false> const&, int)' into 'channel_shuffle(ap_uint<16>, ap_uint<16>, ap_uint<8>, float*, float*)'
remark: ../ip/ip6/channel_shuffle.cpp:42:81: Inlining function 'bool ap_int_base<16, false>::operator<<16, false>(ap_int_base<16, false> const&) const' into 'channel_shuffle(ap_uint<16>, ap_uint<16>, ap_uint<8>, float*, float*)'
remark: ../ip/ip6/channel_shuffle.cpp:42:62: Inlining function 'bool ap_int_base<16, false>::operator<<33, true>(ap_int_base<33, true> const&) const' into 'channel_shuffle(ap_uint<16>, ap_uint<16>, ap_uint<8>, float*, float*)'
remark: ../ip/ip6/channel_shuffle.cpp:42:72: Inlining function 'ap_int_base<16, false>::RType<($_0)32, true>::plus operator+<16, false>(ap_int_base<16, false> const&, int)' into 'channel_shuffle(ap_uint<16>, ap_uint<16>, ap_uint<8>, float*, float*)'
remark: ../ip/ip6/channel_shuffle.cpp:41:64: Inlining function 'bool ap_int_base<16, false>::operator<<16, false>(ap_int_base<16, false> const&) const' into 'channel_shuffle(ap_uint<16>, ap_uint<16>, ap_uint<8>, float*, float*)'
remark: ../ip/ip6/channel_shuffle.cpp:40:60: Inlining function 'bool ap_int_base<16, false>::operator<<16, false>(ap_int_base<16, false> const&) const' into 'channel_shuffle(ap_uint<16>, ap_uint<16>, ap_uint<8>, float*, float*)'
remark: ../ip/ip6/channel_shuffle.cpp:36:39: Inlining function 'ap_int_base<16, false>::RType<8, false>::div operator/<16, false, 8, false>(ap_int_base<16, false> const&, ap_int_base<8, false> const&)' into 'channel_shuffle(ap_uint<16>, ap_uint<16>, ap_uint<8>, float*, float*)'
remark: ../ip/ip6/channel_shuffle.cpp:30:20: Inlining function 'bool operator!=<8, false>(ap_int_base<8, false> const&, int)' into 'channel_shuffle(ap_uint<16>, ap_uint<16>, ap_uint<8>, float*, float*)'
remark: ../ip/ip6/channel_shuffle.cpp:45:19: Loop 'VITIS_LOOP_45_5' is marked as complete unroll implied by the pipeline pragma
remark: ../ip/ip6/channel_shuffle.cpp:47:19: Loop 'VITIS_LOOP_47_6' is marked as complete unroll implied by the pipeline pragma
remark: ../ip/ip6/channel_shuffle.cpp:47:19: Sequential read of variable length has been inferred _XLX_SEP_ OldID=for.inc.load.50,  _XLX_SEP_ scevgepseq data_in gmem0 VITIS_LOOP_47_6 ../ip/ip6/channel_shuffle.cpp:47:19 channel_shuffle(ap_uint<16>, ap_uint<16>, ap_uint<8>, float*, float*) 
remark: ../ip/ip6/channel_shuffle.cpp:43:34: Could not analyze the loop bounds _XLX_SEP_ VITIS_LOOP_43_4 ../ip/ip6/channel_shuffle.cpp:43:34 channel_shuffle(ap_uint<16>, ap_uint<16>, ap_uint<8>, float*, float*) 
remark: ../ip/ip6/channel_shuffle.cpp:42:30: Could not analyze the loop bounds _XLX_SEP_ VITIS_LOOP_42_3 ../ip/ip6/channel_shuffle.cpp:42:30 channel_shuffle(ap_uint<16>, ap_uint<16>, ap_uint<8>, float*, float*) 
remark: ../ip/ip6/channel_shuffle.cpp:41:26: Could not analyze the loop bounds _XLX_SEP_ VITIS_LOOP_41_2 ../ip/ip6/channel_shuffle.cpp:41:26 channel_shuffle(ap_uint<16>, ap_uint<16>, ap_uint<8>, float*, float*) 
remark: ../ip/ip6/channel_shuffle.cpp:40:22: Could not analyze the loop bounds _XLX_SEP_ VITIS_LOOP_40_1 ../ip/ip6/channel_shuffle.cpp:40:22 channel_shuffle(ap_uint<16>, ap_uint<16>, ap_uint<8>, float*, float*) 
remark: ../ip/ip6/channel_shuffle.cpp:56:47: Stride is incompatible _XLX_SEP_ for.inc.store.53 data_out gmem0 VITIS_LOOP_47_6 ../ip/ip6/channel_shuffle.cpp:47:19 channel_shuffle(ap_uint<16>, ap_uint<16>, ap_uint<8>, float*, float*) 
remark: ../ip/ip6/channel_shuffle.cpp:47:19: Stride is incompatible _XLX_SEP_ scevgepseq data_in gmem0 VITIS_LOOP_45_5 ../ip/ip6/channel_shuffle.cpp:45:19 channel_shuffle(ap_uint<16>, ap_uint<16>, ap_uint<8>, float*, float*) 
remark: ../ip/ip6/channel_shuffle.cpp:47:19: Could not widen since type float size is greater than or equal to the max_widen_bitwidth threshold of 0 _XLX_SEP_ scevgepseq data_in gmem0 VITIS_LOOP_47_6 ../ip/ip6/channel_shuffle.cpp:47:19 channel_shuffle(ap_uint<16>, ap_uint<16>, ap_uint<8>, float*, float*) 
remark: ../ip/ip6/channel_shuffle.cpp:45:19: Loop 'VITIS_LOOP_45_5' is marked as complete unroll implied by the pipeline pragma
remark: ../ip/ip6/channel_shuffle.cpp:47:19: Loop 'VITIS_LOOP_47_6' is marked as complete unroll implied by the pipeline pragma
remark: ../ip/ip6/channel_shuffle.cpp:47:19: Multiple burst reads of variable length and bit width 32 has been inferred. These burst requests might be further partitioned into multiple requests during RTL generation, based on max_read_burst_length or max_write_burst_length settings. _XLX_SEP_ seq  gmem0 VITIS_LOOP_47_6 ../ip/ip6/channel_shuffle.cpp:47:19 channel_shuffle(ap_uint<16>, ap_uint<16>, ap_uint<8>, float*, float*) 
remark: ../ip/ip6/channel_shuffle.cpp:47:19: Multiple burst reads of variable length and bit width 32 in loop 'VITIS_LOOP_47_6'(../ip/ip6/channel_shuffle.cpp:47:19) has been inferred on bundle 'gmem0'. These burst requests might be further partitioned into multiple requests during RTL generation, based on max_read_burst_length or max_write_burst_length settings.
remark: ../ip/ip6/channel_shuffle.cpp:45:19: Loop 'VITIS_LOOP_45_5' is marked as complete unroll implied by the pipeline pragma
remark: ../ip/ip6/channel_shuffle.cpp:47:19: Loop 'VITIS_LOOP_47_6' is marked as complete unroll implied by the pipeline pragma
