C:\Users\11400\Desktop\shuffletest\HLS\channel\solution1\.autopilot\db\channel_shuffle.pp.0.cpp:1324:7: warning: Added loop label VITIS_LOOP_1211_1:   [xilinx-label-all-loops]
      for (i = 0; i < __N - 1; ++i) {
      ^~~
      VITIS_LOOP_1211_1: 
C:\Users\11400\Desktop\shuffletest\HLS\channel\solution1\.autopilot\db\channel_shuffle.pp.0.cpp:1324:7: note: FIX-IT applied suggested code changes
C:\Users\11400\Desktop\shuffletest\HLS\channel\solution1\.autopilot\db\channel_shuffle.pp.0.cpp:2298:5: warning: Added loop label VITIS_LOOP_676_1:   [xilinx-label-all-loops]
    for (unsigned i = low; i != high; ++i) {
    ^~~
    VITIS_LOOP_676_1: 
C:\Users\11400\Desktop\shuffletest\HLS\channel\solution1\.autopilot\db\channel_shuffle.pp.0.cpp:2298:5: note: FIX-IT applied suggested code changes
C:\Users\11400\Desktop\shuffletest\HLS\channel\solution1\.autopilot\db\channel_shuffle.pp.0.cpp:2312:5: warning: Added loop label VITIS_LOOP_690_1:   [xilinx-label-all-loops]
    for (unsigned i = low; i != high; ++i) {
    ^~~
    VITIS_LOOP_690_1: 
C:\Users\11400\Desktop\shuffletest\HLS\channel\solution1\.autopilot\db\channel_shuffle.pp.0.cpp:2312:5: note: FIX-IT applied suggested code changes
C:\Users\11400\Desktop\shuffletest\HLS\channel\solution1\.autopilot\db\channel_shuffle.pp.0.cpp:2326:5: warning: Added loop label VITIS_LOOP_704_1:   [xilinx-label-all-loops]
    for (unsigned i = low; i != high; ++i) {
    ^~~
    VITIS_LOOP_704_1: 
C:\Users\11400\Desktop\shuffletest\HLS\channel\solution1\.autopilot\db\channel_shuffle.pp.0.cpp:2326:5: note: FIX-IT applied suggested code changes
C:\Users\11400\Desktop\shuffletest\HLS\channel\solution1\.autopilot\db\channel_shuffle.pp.0.cpp:3937:7: warning: Added loop label VITIS_LOOP_1245_1:   [xilinx-label-all-loops]
      for (i = 0; i < __N - 1; ++i) {
      ^~~
      VITIS_LOOP_1245_1: 
C:\Users\11400\Desktop\shuffletest\HLS\channel\solution1\.autopilot\db\channel_shuffle.pp.0.cpp:3937:7: note: FIX-IT applied suggested code changes
C:\Users\11400\Desktop\shuffletest\HLS\channel\solution1\.autopilot\db\channel_shuffle.pp.0.cpp:5759:5: warning: Added loop label VITIS_LOOP_40_1:   [xilinx-label-all-loops]
    for (ap_uint<16> h_block = 0; h_block < h_w; h_block += 8) {
    ^~~
    VITIS_LOOP_40_1: 
C:\Users\11400\Desktop\shuffletest\HLS\channel\solution1\.autopilot\db\channel_shuffle.pp.0.cpp:5759:5: note: FIX-IT applied suggested code changes
C:\Users\11400\Desktop\shuffletest\HLS\channel\solution1\.autopilot\db\channel_shuffle.pp.0.cpp:5760:9: warning: Added loop label VITIS_LOOP_41_2:   [xilinx-label-all-loops]
        for (ap_uint<16> w_block = 0; w_block < h_w; w_block += 8) {
        ^~~
        VITIS_LOOP_41_2: 
C:\Users\11400\Desktop\shuffletest\HLS\channel\solution1\.autopilot\db\channel_shuffle.pp.0.cpp:5760:9: note: FIX-IT applied suggested code changes
C:\Users\11400\Desktop\shuffletest\HLS\channel\solution1\.autopilot\db\channel_shuffle.pp.0.cpp:5761:13: warning: Added loop label VITIS_LOOP_42_3:   [xilinx-label-all-loops]
            for (ap_uint<16> h = h_block; h < h_block + 8 && h < h_w; h++) {
            ^~~
            VITIS_LOOP_42_3: 
C:\Users\11400\Desktop\shuffletest\HLS\channel\solution1\.autopilot\db\channel_shuffle.pp.0.cpp:5761:13: note: FIX-IT applied suggested code changes
C:\Users\11400\Desktop\shuffletest\HLS\channel\solution1\.autopilot\db\channel_shuffle.pp.0.cpp:5762:17: warning: Added loop label VITIS_LOOP_43_4:   [xilinx-label-all-loops]
                for (ap_uint<16> w = w_block; w < w_block + 8 && w < h_w; w++) {
                ^~~
                VITIS_LOOP_43_4: 
C:\Users\11400\Desktop\shuffletest\HLS\channel\solution1\.autopilot\db\channel_shuffle.pp.0.cpp:5762:17: note: FIX-IT applied suggested code changes
C:\Users\11400\Desktop\shuffletest\HLS\channel\solution1\.autopilot\db\channel_shuffle.pp.0.cpp:5764:2: warning: Added loop label VITIS_LOOP_45_5:   [xilinx-label-all-loops]
 for (ap_uint<8> g = 0; g < groups; g++) {
 ^~~
 VITIS_LOOP_45_5: 
C:\Users\11400\Desktop\shuffletest\HLS\channel\solution1\.autopilot\db\channel_shuffle.pp.0.cpp:5764:2: note: FIX-IT applied suggested code changes
C:\Users\11400\Desktop\shuffletest\HLS\channel\solution1\.autopilot\db\channel_shuffle.pp.0.cpp:5766:2: warning: Added loop label VITIS_LOOP_47_6:   [xilinx-label-all-loops]
 for (ap_uint<16> c = 0; c < group_ch; c++) {
 ^~~
 VITIS_LOOP_47_6: 
C:\Users\11400\Desktop\shuffletest\HLS\channel\solution1\.autopilot\db\channel_shuffle.pp.0.cpp:5766:2: note: FIX-IT applied suggested code changes
