

================================================================
== Vitis HLS Report for 'channel_shuffle'
================================================================
* Date:           Wed Nov  5 11:19:20 2025

* Version:        2022.2 (Build 3670227 on Oct 13 2022)
* Project:        channel
* Solution:       solution1 (Vivado IP Flow Target)
* Product family: zynq
* Target device:  xc7z020-clg400-2


================================================================
== Performance Estimates
================================================================
+ Timing: 
    * Summary: 
    +--------+----------+----------+------------+
    |  Clock |  Target  | Estimated| Uncertainty|
    +--------+----------+----------+------------+
    |ap_clk  |  10.00 ns|  7.300 ns|     2.70 ns|
    +--------+----------+----------+------------+

+ Latency: 
    * Summary: 
    +---------+---------+----------+----------+-----+-----+---------+
    |  Latency (cycles) |  Latency (absolute) |  Interval | Pipeline|
    |   min   |   max   |    min   |    max   | min | max |   Type  |
    +---------+---------+----------+----------+-----+-----+---------+
    |        ?|        ?|         ?|         ?|    ?|    ?|       no|
    +---------+---------+----------+----------+-----+-----+---------+

    + Detail: 
        * Instance: 
        N/A

        * Loop: 
        +------------------------------------------------------+---------+---------+----------+-----------+-----------+------+----------+
        |                                                      |  Latency (cycles) | Iteration|  Initiation Interval  | Trip |          |
        |                       Loop Name                      |   min   |   max   |  Latency |  achieved |   target  | Count| Pipelined|
        +------------------------------------------------------+---------+---------+----------+-----------+-----------+------+----------+
        |- VITIS_LOOP_40_1                                     |        ?|        ?|         ?|          -|          -|     ?|        no|
        | + VITIS_LOOP_41_2                                    |        ?|        ?|         ?|          -|          -|     ?|        no|
        |  ++ VITIS_LOOP_42_3_VITIS_LOOP_43_4_VITIS_LOOP_45_5  |        ?|        ?|         ?|          -|          -|     ?|        no|
        |   +++ VITIS_LOOP_47_6                                |        ?|        ?|         8|          -|          -|     ?|        no|
        +------------------------------------------------------+---------+---------+----------+-----------+-----------+------+----------+

============================================================
+ Verbose Summary: Synthesis Manager
============================================================
InlineROM: 1
ExposeGlobal: 0
============================================================
+ Verbose Summary: CDFG Model
============================================================
IsTopModel: 1
ResetActiveHigh: 1
IsCombinational: 0
IsDatapathOnly: 0
HasWiredReturn: 1
HasMFsm: 0
HasVarLatency: 1
IsPipeline: 0
IsRtlPipelined: 0
IsInstanceOverlapped: 0
IsDontTouch: 0
HasImplIP: 0
IsGatedGlobalClock: 0


============================================================
+ Verbose Summary: Schedule
============================================================
* Number of FSM states : 74
* Pipeline : 0
* Dataflow Pipeline: 0

* FSM state transitions: 
1 --> 2 
2 --> 3 
3 --> 4 
4 --> 5 
5 --> 6 
6 --> 7 
7 --> 8 
8 --> 9 
9 --> 10 
10 --> 11 
11 --> 12 
12 --> 13 
13 --> 14 
14 --> 15 
15 --> 16 
16 --> 17 
17 --> 18 
18 --> 19 
19 --> 20 
20 --> 21 40 
21 --> 22 
22 --> 23 
23 --> 24 
24 --> 25 
25 --> 26 
26 --> 27 
27 --> 28 
28 --> 29 
29 --> 30 
30 --> 31 
31 --> 32 
32 --> 33 
33 --> 34 
34 --> 35 
35 --> 36 
36 --> 37 
37 --> 38 
38 --> 39 
39 --> 40 
40 --> 41 
41 --> 42 
42 --> 43 40 
43 --> 44 
44 --> 45 
45 --> 46 
46 --> 47 
47 --> 48 
48 --> 49 
49 --> 50 
50 --> 51 
51 --> 52 
52 --> 53 
53 --> 54 
54 --> 55 42 
55 --> 56 
56 --> 57 
57 --> 58 
58 --> 59 
59 --> 60 
60 --> 61 
61 --> 62 
62 --> 63 
63 --> 64 
64 --> 65 
65 --> 66 
66 --> 67 
67 --> 68 51 
68 --> 69 
69 --> 70 
70 --> 71 
71 --> 72 
72 --> 73 
73 --> 74 
74 --> 67 

* FSM state operations: 

State 1 <SV = 0> <Delay = 4.01>
ST_1 : Operation 75 [1/1] (1.00ns)   --->   "%data_out_read = read i64 @_ssdm_op_Read.s_axilite.i64, i64 %data_out" [../ip/ip6/channel_shuffle.cpp:13]   --->   Operation 75 'read' 'data_out_read' <Predicate = true> <Delay = 1.00> <CoreInst = "s_axilite">   --->   Core 114 's_axilite' <Latency = 0> <II = 1> <Delay = 1.00> <Adapter> <Opcode : 'read' 'write'>
ST_1 : Operation 76 [1/1] (1.00ns)   --->   "%data_in_read = read i64 @_ssdm_op_Read.s_axilite.i64, i64 %data_in" [../ip/ip6/channel_shuffle.cpp:13]   --->   Operation 76 'read' 'data_in_read' <Predicate = true> <Delay = 1.00> <CoreInst = "s_axilite">   --->   Core 114 's_axilite' <Latency = 0> <II = 1> <Delay = 1.00> <Adapter> <Opcode : 'read' 'write'>
ST_1 : Operation 77 [1/1] (1.00ns)   --->   "%groups_read = read i8 @_ssdm_op_Read.s_axilite.i8, i8 %groups" [../ip/ip6/channel_shuffle.cpp:13]   --->   Operation 77 'read' 'groups_read' <Predicate = true> <Delay = 1.00> <CoreInst = "s_axilite">   --->   Core 114 's_axilite' <Latency = 0> <II = 1> <Delay = 1.00> <Adapter> <Opcode : 'read' 'write'>
ST_1 : Operation 78 [1/1] (1.00ns)   --->   "%h_w_read = read i16 @_ssdm_op_Read.s_axilite.i16, i16 %h_w" [../ip/ip6/channel_shuffle.cpp:13]   --->   Operation 78 'read' 'h_w_read' <Predicate = true> <Delay = 1.00> <CoreInst = "s_axilite">   --->   Core 114 's_axilite' <Latency = 0> <II = 1> <Delay = 1.00> <Adapter> <Opcode : 'read' 'write'>
ST_1 : Operation 79 [1/1] (1.00ns)   --->   "%c_in_read = read i16 @_ssdm_op_Read.s_axilite.i16, i16 %c_in" [../ip/ip6/channel_shuffle.cpp:13]   --->   Operation 79 'read' 'c_in_read' <Predicate = true> <Delay = 1.00> <CoreInst = "s_axilite">   --->   Core 114 's_axilite' <Latency = 0> <II = 1> <Delay = 1.00> <Adapter> <Opcode : 'read' 'write'>
ST_1 : Operation 80 [1/1] (0.00ns)   --->   "%zext_ln1514_1 = zext i8 %groups_read"   --->   Operation 80 'zext' 'zext_ln1514_1' <Predicate = true> <Delay = 0.00>
ST_1 : Operation 81 [20/20] (3.01ns)   --->   "%urem_ln1514 = urem i16 %c_in_read, i16 %zext_ln1514_1"   --->   Operation 81 'urem' 'urem_ln1514' <Predicate = true> <Delay = 3.01> <CoreInst = "DivnS_SEQ">   --->   Core 7 'DivnS_SEQ' <Latency = 19> <II = 8> <Delay = 3.01> <FuncUnit> <Opcode : 'sdiv' 'srem' 'udiv' 'urem'> <InPorts = 2> <OutPorts = 1>

State 2 <SV = 1> <Delay = 3.01>
ST_2 : Operation 82 [19/20] (3.01ns)   --->   "%urem_ln1514 = urem i16 %c_in_read, i16 %zext_ln1514_1"   --->   Operation 82 'urem' 'urem_ln1514' <Predicate = true> <Delay = 3.01> <CoreInst = "DivnS_SEQ">   --->   Core 7 'DivnS_SEQ' <Latency = 19> <II = 8> <Delay = 3.01> <FuncUnit> <Opcode : 'sdiv' 'srem' 'udiv' 'urem'> <InPorts = 2> <OutPorts = 1>

State 3 <SV = 2> <Delay = 3.01>
ST_3 : Operation 83 [18/20] (3.01ns)   --->   "%urem_ln1514 = urem i16 %c_in_read, i16 %zext_ln1514_1"   --->   Operation 83 'urem' 'urem_ln1514' <Predicate = true> <Delay = 3.01> <CoreInst = "DivnS_SEQ">   --->   Core 7 'DivnS_SEQ' <Latency = 19> <II = 8> <Delay = 3.01> <FuncUnit> <Opcode : 'sdiv' 'srem' 'udiv' 'urem'> <InPorts = 2> <OutPorts = 1>

State 4 <SV = 3> <Delay = 3.01>
ST_4 : Operation 84 [17/20] (3.01ns)   --->   "%urem_ln1514 = urem i16 %c_in_read, i16 %zext_ln1514_1"   --->   Operation 84 'urem' 'urem_ln1514' <Predicate = true> <Delay = 3.01> <CoreInst = "DivnS_SEQ">   --->   Core 7 'DivnS_SEQ' <Latency = 19> <II = 8> <Delay = 3.01> <FuncUnit> <Opcode : 'sdiv' 'srem' 'udiv' 'urem'> <InPorts = 2> <OutPorts = 1>

State 5 <SV = 4> <Delay = 3.01>
ST_5 : Operation 85 [16/20] (3.01ns)   --->   "%urem_ln1514 = urem i16 %c_in_read, i16 %zext_ln1514_1"   --->   Operation 85 'urem' 'urem_ln1514' <Predicate = true> <Delay = 3.01> <CoreInst = "DivnS_SEQ">   --->   Core 7 'DivnS_SEQ' <Latency = 19> <II = 8> <Delay = 3.01> <FuncUnit> <Opcode : 'sdiv' 'srem' 'udiv' 'urem'> <InPorts = 2> <OutPorts = 1>

State 6 <SV = 5> <Delay = 3.01>
ST_6 : Operation 86 [15/20] (3.01ns)   --->   "%urem_ln1514 = urem i16 %c_in_read, i16 %zext_ln1514_1"   --->   Operation 86 'urem' 'urem_ln1514' <Predicate = true> <Delay = 3.01> <CoreInst = "DivnS_SEQ">   --->   Core 7 'DivnS_SEQ' <Latency = 19> <II = 8> <Delay = 3.01> <FuncUnit> <Opcode : 'sdiv' 'srem' 'udiv' 'urem'> <InPorts = 2> <OutPorts = 1>

State 7 <SV = 6> <Delay = 3.01>
ST_7 : Operation 87 [14/20] (3.01ns)   --->   "%urem_ln1514 = urem i16 %c_in_read, i16 %zext_ln1514_1"   --->   Operation 87 'urem' 'urem_ln1514' <Predicate = true> <Delay = 3.01> <CoreInst = "DivnS_SEQ">   --->   Core 7 'DivnS_SEQ' <Latency = 19> <II = 8> <Delay = 3.01> <FuncUnit> <Opcode : 'sdiv' 'srem' 'udiv' 'urem'> <InPorts = 2> <OutPorts = 1>

State 8 <SV = 7> <Delay = 3.01>
ST_8 : Operation 88 [13/20] (3.01ns)   --->   "%urem_ln1514 = urem i16 %c_in_read, i16 %zext_ln1514_1"   --->   Operation 88 'urem' 'urem_ln1514' <Predicate = true> <Delay = 3.01> <CoreInst = "DivnS_SEQ">   --->   Core 7 'DivnS_SEQ' <Latency = 19> <II = 8> <Delay = 3.01> <FuncUnit> <Opcode : 'sdiv' 'srem' 'udiv' 'urem'> <InPorts = 2> <OutPorts = 1>

State 9 <SV = 8> <Delay = 3.01>
ST_9 : Operation 89 [12/20] (3.01ns)   --->   "%urem_ln1514 = urem i16 %c_in_read, i16 %zext_ln1514_1"   --->   Operation 89 'urem' 'urem_ln1514' <Predicate = true> <Delay = 3.01> <CoreInst = "DivnS_SEQ">   --->   Core 7 'DivnS_SEQ' <Latency = 19> <II = 8> <Delay = 3.01> <FuncUnit> <Opcode : 'sdiv' 'srem' 'udiv' 'urem'> <InPorts = 2> <OutPorts = 1>

State 10 <SV = 9> <Delay = 3.01>
ST_10 : Operation 90 [11/20] (3.01ns)   --->   "%urem_ln1514 = urem i16 %c_in_read, i16 %zext_ln1514_1"   --->   Operation 90 'urem' 'urem_ln1514' <Predicate = true> <Delay = 3.01> <CoreInst = "DivnS_SEQ">   --->   Core 7 'DivnS_SEQ' <Latency = 19> <II = 8> <Delay = 3.01> <FuncUnit> <Opcode : 'sdiv' 'srem' 'udiv' 'urem'> <InPorts = 2> <OutPorts = 1>

State 11 <SV = 10> <Delay = 3.01>
ST_11 : Operation 91 [10/20] (3.01ns)   --->   "%urem_ln1514 = urem i16 %c_in_read, i16 %zext_ln1514_1"   --->   Operation 91 'urem' 'urem_ln1514' <Predicate = true> <Delay = 3.01> <CoreInst = "DivnS_SEQ">   --->   Core 7 'DivnS_SEQ' <Latency = 19> <II = 8> <Delay = 3.01> <FuncUnit> <Opcode : 'sdiv' 'srem' 'udiv' 'urem'> <InPorts = 2> <OutPorts = 1>

State 12 <SV = 11> <Delay = 3.01>
ST_12 : Operation 92 [9/20] (3.01ns)   --->   "%urem_ln1514 = urem i16 %c_in_read, i16 %zext_ln1514_1"   --->   Operation 92 'urem' 'urem_ln1514' <Predicate = true> <Delay = 3.01> <CoreInst = "DivnS_SEQ">   --->   Core 7 'DivnS_SEQ' <Latency = 19> <II = 8> <Delay = 3.01> <FuncUnit> <Opcode : 'sdiv' 'srem' 'udiv' 'urem'> <InPorts = 2> <OutPorts = 1>

State 13 <SV = 12> <Delay = 3.01>
ST_13 : Operation 93 [8/20] (3.01ns)   --->   "%urem_ln1514 = urem i16 %c_in_read, i16 %zext_ln1514_1"   --->   Operation 93 'urem' 'urem_ln1514' <Predicate = true> <Delay = 3.01> <CoreInst = "DivnS_SEQ">   --->   Core 7 'DivnS_SEQ' <Latency = 19> <II = 8> <Delay = 3.01> <FuncUnit> <Opcode : 'sdiv' 'srem' 'udiv' 'urem'> <InPorts = 2> <OutPorts = 1>

State 14 <SV = 13> <Delay = 3.01>
ST_14 : Operation 94 [7/20] (3.01ns)   --->   "%urem_ln1514 = urem i16 %c_in_read, i16 %zext_ln1514_1"   --->   Operation 94 'urem' 'urem_ln1514' <Predicate = true> <Delay = 3.01> <CoreInst = "DivnS_SEQ">   --->   Core 7 'DivnS_SEQ' <Latency = 19> <II = 8> <Delay = 3.01> <FuncUnit> <Opcode : 'sdiv' 'srem' 'udiv' 'urem'> <InPorts = 2> <OutPorts = 1>

State 15 <SV = 14> <Delay = 3.01>
ST_15 : Operation 95 [6/20] (3.01ns)   --->   "%urem_ln1514 = urem i16 %c_in_read, i16 %zext_ln1514_1"   --->   Operation 95 'urem' 'urem_ln1514' <Predicate = true> <Delay = 3.01> <CoreInst = "DivnS_SEQ">   --->   Core 7 'DivnS_SEQ' <Latency = 19> <II = 8> <Delay = 3.01> <FuncUnit> <Opcode : 'sdiv' 'srem' 'udiv' 'urem'> <InPorts = 2> <OutPorts = 1>

State 16 <SV = 15> <Delay = 3.01>
ST_16 : Operation 96 [5/20] (3.01ns)   --->   "%urem_ln1514 = urem i16 %c_in_read, i16 %zext_ln1514_1"   --->   Operation 96 'urem' 'urem_ln1514' <Predicate = true> <Delay = 3.01> <CoreInst = "DivnS_SEQ">   --->   Core 7 'DivnS_SEQ' <Latency = 19> <II = 8> <Delay = 3.01> <FuncUnit> <Opcode : 'sdiv' 'srem' 'udiv' 'urem'> <InPorts = 2> <OutPorts = 1>

State 17 <SV = 16> <Delay = 3.01>
ST_17 : Operation 97 [4/20] (3.01ns)   --->   "%urem_ln1514 = urem i16 %c_in_read, i16 %zext_ln1514_1"   --->   Operation 97 'urem' 'urem_ln1514' <Predicate = true> <Delay = 3.01> <CoreInst = "DivnS_SEQ">   --->   Core 7 'DivnS_SEQ' <Latency = 19> <II = 8> <Delay = 3.01> <FuncUnit> <Opcode : 'sdiv' 'srem' 'udiv' 'urem'> <InPorts = 2> <OutPorts = 1>

State 18 <SV = 17> <Delay = 3.01>
ST_18 : Operation 98 [3/20] (3.01ns)   --->   "%urem_ln1514 = urem i16 %c_in_read, i16 %zext_ln1514_1"   --->   Operation 98 'urem' 'urem_ln1514' <Predicate = true> <Delay = 3.01> <CoreInst = "DivnS_SEQ">   --->   Core 7 'DivnS_SEQ' <Latency = 19> <II = 8> <Delay = 3.01> <FuncUnit> <Opcode : 'sdiv' 'srem' 'udiv' 'urem'> <InPorts = 2> <OutPorts = 1>

State 19 <SV = 18> <Delay = 3.01>
ST_19 : Operation 99 [2/20] (3.01ns)   --->   "%urem_ln1514 = urem i16 %c_in_read, i16 %zext_ln1514_1"   --->   Operation 99 'urem' 'urem_ln1514' <Predicate = true> <Delay = 3.01> <CoreInst = "DivnS_SEQ">   --->   Core 7 'DivnS_SEQ' <Latency = 19> <II = 8> <Delay = 3.01> <FuncUnit> <Opcode : 'sdiv' 'srem' 'udiv' 'urem'> <InPorts = 2> <OutPorts = 1>

State 20 <SV = 19> <Delay = 5.62>
ST_20 : Operation 100 [1/1] (0.00ns)   --->   "%spectopmodule_ln12 = spectopmodule void @_ssdm_op_SpecTopModule, void @empty_12" [../ip/ip6/channel_shuffle.cpp:12]   --->   Operation 100 'spectopmodule' 'spectopmodule_ln12' <Predicate = true> <Delay = 0.00>
ST_20 : Operation 101 [1/1] (0.00ns)   --->   "%specinterface_ln0 = specinterface void @_ssdm_op_SpecInterface, i32 %gmem0, void @empty, i32 0, i32 0, void @empty_0, i32 0, i32 2147483647, void @empty_1, void @empty_2, void @empty_0, i32 16, i32 16, i32 16, i32 16, void @empty_0, void @empty_0, i32 4294967295, i32 0"   --->   Operation 101 'specinterface' 'specinterface_ln0' <Predicate = true> <Delay = 0.00>
ST_20 : Operation 102 [1/1] (0.00ns)   --->   "%specbitsmap_ln0 = specbitsmap void @_ssdm_op_SpecBitsMap, i32 %gmem0"   --->   Operation 102 'specbitsmap' 'specbitsmap_ln0' <Predicate = true> <Delay = 0.00>
ST_20 : Operation 103 [1/1] (0.00ns)   --->   "%specbitsmap_ln0 = specbitsmap void @_ssdm_op_SpecBitsMap, i16 %c_in"   --->   Operation 103 'specbitsmap' 'specbitsmap_ln0' <Predicate = true> <Delay = 0.00>
ST_20 : Operation 104 [1/1] (0.00ns)   --->   "%specinterface_ln0 = specinterface void @_ssdm_op_SpecInterface, i16 %c_in, void @empty_3, i32 0, i32 0, void @empty_0, i32 0, i32 0, void @empty_4, void @empty_5, void @empty_0, i32 0, i32 0, i32 0, i32 0, void @empty_0, void @empty_0, i32 4294967295, i32 0"   --->   Operation 104 'specinterface' 'specinterface_ln0' <Predicate = true> <Delay = 0.00>
ST_20 : Operation 105 [1/1] (0.00ns)   --->   "%specinterface_ln0 = specinterface void @_ssdm_op_SpecInterface, i16 %c_in, void @empty_6, i32 0, i32 0, void @empty_0, i32 0, i32 0, void @empty_0, void @empty_0, void @empty_0, i32 0, i32 0, i32 0, i32 0, void @empty_0, void @empty_0, i32 4294967295, i32 0"   --->   Operation 105 'specinterface' 'specinterface_ln0' <Predicate = true> <Delay = 0.00>
ST_20 : Operation 106 [1/1] (0.00ns)   --->   "%specbitsmap_ln0 = specbitsmap void @_ssdm_op_SpecBitsMap, i16 %h_w"   --->   Operation 106 'specbitsmap' 'specbitsmap_ln0' <Predicate = true> <Delay = 0.00>
ST_20 : Operation 107 [1/1] (0.00ns)   --->   "%specinterface_ln0 = specinterface void @_ssdm_op_SpecInterface, i16 %h_w, void @empty_3, i32 0, i32 0, void @empty_0, i32 0, i32 0, void @empty_4, void @empty_7, void @empty_0, i32 0, i32 0, i32 0, i32 0, void @empty_0, void @empty_0, i32 4294967295, i32 0"   --->   Operation 107 'specinterface' 'specinterface_ln0' <Predicate = true> <Delay = 0.00>
ST_20 : Operation 108 [1/1] (0.00ns)   --->   "%specinterface_ln0 = specinterface void @_ssdm_op_SpecInterface, i16 %h_w, void @empty_6, i32 0, i32 0, void @empty_0, i32 0, i32 0, void @empty_0, void @empty_0, void @empty_0, i32 0, i32 0, i32 0, i32 0, void @empty_0, void @empty_0, i32 4294967295, i32 0"   --->   Operation 108 'specinterface' 'specinterface_ln0' <Predicate = true> <Delay = 0.00>
ST_20 : Operation 109 [1/1] (0.00ns)   --->   "%specbitsmap_ln0 = specbitsmap void @_ssdm_op_SpecBitsMap, i8 %groups"   --->   Operation 109 'specbitsmap' 'specbitsmap_ln0' <Predicate = true> <Delay = 0.00>
ST_20 : Operation 110 [1/1] (0.00ns)   --->   "%specinterface_ln0 = specinterface void @_ssdm_op_SpecInterface, i8 %groups, void @empty_3, i32 0, i32 0, void @empty_0, i32 0, i32 0, void @empty_4, void @empty_8, void @empty_0, i32 0, i32 0, i32 0, i32 0, void @empty_0, void @empty_0, i32 4294967295, i32 0"   --->   Operation 110 'specinterface' 'specinterface_ln0' <Predicate = true> <Delay = 0.00>
ST_20 : Operation 111 [1/1] (0.00ns)   --->   "%specinterface_ln0 = specinterface void @_ssdm_op_SpecInterface, i8 %groups, void @empty_6, i32 0, i32 0, void @empty_0, i32 0, i32 0, void @empty_0, void @empty_0, void @empty_0, i32 0, i32 0, i32 0, i32 0, void @empty_0, void @empty_0, i32 4294967295, i32 0"   --->   Operation 111 'specinterface' 'specinterface_ln0' <Predicate = true> <Delay = 0.00>
ST_20 : Operation 112 [1/1] (0.00ns)   --->   "%specinterface_ln0 = specinterface void @_ssdm_op_SpecInterface, i64 %data_in, void @empty_3, i32 0, i32 0, void @empty_0, i32 0, i32 0, void @empty_4, void @empty_9, void @empty_0, i32 0, i32 0, i32 0, i32 0, void @empty_0, void @empty_10, i32 4294967295, i32 0"   --->   Operation 112 'specinterface' 'specinterface_ln0' <Predicate = true> <Delay = 0.00>
ST_20 : Operation 113 [1/1] (0.00ns)   --->   "%specinterface_ln0 = specinterface void @_ssdm_op_SpecInterface, i64 %data_in, void @empty_6, i32 0, i32 0, void @empty_0, i32 0, i32 0, void @empty_0, void @empty_0, void @empty_0, i32 0, i32 0, i32 0, i32 0, void @empty_0, void @empty_10, i32 4294967295, i32 0"   --->   Operation 113 'specinterface' 'specinterface_ln0' <Predicate = true> <Delay = 0.00>
ST_20 : Operation 114 [1/1] (0.00ns)   --->   "%specinterface_ln0 = specinterface void @_ssdm_op_SpecInterface, i64 %data_out, void @empty_3, i32 0, i32 0, void @empty_0, i32 0, i32 0, void @empty_4, void @empty_11, void @empty_0, i32 0, i32 0, i32 0, i32 0, void @empty_0, void @empty_10, i32 4294967295, i32 0"   --->   Operation 114 'specinterface' 'specinterface_ln0' <Predicate = true> <Delay = 0.00>
ST_20 : Operation 115 [1/1] (0.00ns)   --->   "%specinterface_ln0 = specinterface void @_ssdm_op_SpecInterface, i64 %data_out, void @empty_6, i32 0, i32 0, void @empty_0, i32 0, i32 0, void @empty_0, void @empty_0, void @empty_0, i32 0, i32 0, i32 0, i32 0, void @empty_0, void @empty_10, i32 4294967295, i32 0"   --->   Operation 115 'specinterface' 'specinterface_ln0' <Predicate = true> <Delay = 0.00>
ST_20 : Operation 116 [1/1] (0.00ns)   --->   "%specinterface_ln0 = specinterface void @_ssdm_op_SpecInterface, i32 0, void @empty_3, i32 0, i32 0, void @empty_0, i32 0, i32 0, void @empty_4, void @empty_0, void @empty_0, i32 0, i32 0, i32 0, i32 0, void @empty_0, void @empty_0, i32 4294967295, i32 0"   --->   Operation 116 'specinterface' 'specinterface_ln0' <Predicate = true> <Delay = 0.00>
ST_20 : Operation 117 [1/1] (0.00ns)   --->   "%zext_ln1514 = zext i16 %c_in_read"   --->   Operation 117 'zext' 'zext_ln1514' <Predicate = true> <Delay = 0.00>
ST_20 : Operation 118 [1/20] (3.01ns)   --->   "%urem_ln1514 = urem i16 %c_in_read, i16 %zext_ln1514_1"   --->   Operation 118 'urem' 'urem_ln1514' <Predicate = true> <Delay = 3.01> <CoreInst = "DivnS_SEQ">   --->   Core 7 'DivnS_SEQ' <Latency = 19> <II = 8> <Delay = 3.01> <FuncUnit> <Opcode : 'sdiv' 'srem' 'udiv' 'urem'> <InPorts = 2> <OutPorts = 1>
ST_20 : Operation 119 [1/1] (0.00ns)   --->   "%ret_V = trunc i8 %urem_ln1514"   --->   Operation 119 'trunc' 'ret_V' <Predicate = true> <Delay = 0.00>
ST_20 : Operation 120 [1/1] (1.31ns)   --->   "%icmp_ln1023 = icmp_eq  i8 %ret_V, i8 0"   --->   Operation 120 'icmp' 'icmp_ln1023' <Predicate = true> <Delay = 1.31> <CoreInst = "Cmp">   --->   Core 9 'Cmp' <Latency = 0> <II = 1> <Delay = 1.31> <FuncUnit> <Opcode : 'icmp'> <InPorts = 2> <OutPorts = 1>
ST_20 : Operation 121 [1/1] (0.00ns)   --->   "%br_ln30 = br i1 %icmp_ln1023, void %return, void %if.end" [../ip/ip6/channel_shuffle.cpp:30]   --->   Operation 121 'br' 'br_ln30' <Predicate = true> <Delay = 0.00>
ST_20 : Operation 122 [1/1] (0.00ns)   --->   "%phi_ln40 = alloca i32 1"   --->   Operation 122 'alloca' 'phi_ln40' <Predicate = (icmp_ln1023)> <Delay = 0.00>
ST_20 : Operation 123 [1/1] (0.00ns)   --->   "%h_V = alloca i32 1"   --->   Operation 123 'alloca' 'h_V' <Predicate = (icmp_ln1023)> <Delay = 0.00>
ST_20 : Operation 124 [20/20] (3.01ns)   --->   "%ret_V_2 = udiv i16 %c_in_read, i16 %zext_ln1514_1"   --->   Operation 124 'udiv' 'ret_V_2' <Predicate = (icmp_ln1023)> <Delay = 3.01> <CoreInst = "DivnS_SEQ">   --->   Core 7 'DivnS_SEQ' <Latency = 19> <II = 16> <Delay = 3.01> <FuncUnit> <Opcode : 'sdiv' 'srem' 'udiv' 'urem'> <InPorts = 2> <OutPorts = 1>
ST_20 : Operation 125 [1/1] (1.29ns)   --->   "%store_ln40 = store i16 0, i16 %h_V" [../ip/ip6/channel_shuffle.cpp:40]   --->   Operation 125 'store' 'store_ln40' <Predicate = (icmp_ln1023)> <Delay = 1.29>
ST_20 : Operation 126 [1/1] (1.29ns)   --->   "%store_ln40 = store i16 0, i16 %phi_ln40" [../ip/ip6/channel_shuffle.cpp:40]   --->   Operation 126 'store' 'store_ln40' <Predicate = (icmp_ln1023)> <Delay = 1.29>

State 21 <SV = 20> <Delay = 3.01>
ST_21 : Operation 127 [19/20] (3.01ns)   --->   "%ret_V_2 = udiv i16 %c_in_read, i16 %zext_ln1514_1"   --->   Operation 127 'udiv' 'ret_V_2' <Predicate = true> <Delay = 3.01> <CoreInst = "DivnS_SEQ">   --->   Core 7 'DivnS_SEQ' <Latency = 19> <II = 16> <Delay = 3.01> <FuncUnit> <Opcode : 'sdiv' 'srem' 'udiv' 'urem'> <InPorts = 2> <OutPorts = 1>

State 22 <SV = 21> <Delay = 3.01>
ST_22 : Operation 128 [18/20] (3.01ns)   --->   "%ret_V_2 = udiv i16 %c_in_read, i16 %zext_ln1514_1"   --->   Operation 128 'udiv' 'ret_V_2' <Predicate = true> <Delay = 3.01> <CoreInst = "DivnS_SEQ">   --->   Core 7 'DivnS_SEQ' <Latency = 19> <II = 16> <Delay = 3.01> <FuncUnit> <Opcode : 'sdiv' 'srem' 'udiv' 'urem'> <InPorts = 2> <OutPorts = 1>

State 23 <SV = 22> <Delay = 3.01>
ST_23 : Operation 129 [17/20] (3.01ns)   --->   "%ret_V_2 = udiv i16 %c_in_read, i16 %zext_ln1514_1"   --->   Operation 129 'udiv' 'ret_V_2' <Predicate = true> <Delay = 3.01> <CoreInst = "DivnS_SEQ">   --->   Core 7 'DivnS_SEQ' <Latency = 19> <II = 16> <Delay = 3.01> <FuncUnit> <Opcode : 'sdiv' 'srem' 'udiv' 'urem'> <InPorts = 2> <OutPorts = 1>

State 24 <SV = 23> <Delay = 3.01>
ST_24 : Operation 130 [16/20] (3.01ns)   --->   "%ret_V_2 = udiv i16 %c_in_read, i16 %zext_ln1514_1"   --->   Operation 130 'udiv' 'ret_V_2' <Predicate = true> <Delay = 3.01> <CoreInst = "DivnS_SEQ">   --->   Core 7 'DivnS_SEQ' <Latency = 19> <II = 16> <Delay = 3.01> <FuncUnit> <Opcode : 'sdiv' 'srem' 'udiv' 'urem'> <InPorts = 2> <OutPorts = 1>

State 25 <SV = 24> <Delay = 3.01>
ST_25 : Operation 131 [15/20] (3.01ns)   --->   "%ret_V_2 = udiv i16 %c_in_read, i16 %zext_ln1514_1"   --->   Operation 131 'udiv' 'ret_V_2' <Predicate = true> <Delay = 3.01> <CoreInst = "DivnS_SEQ">   --->   Core 7 'DivnS_SEQ' <Latency = 19> <II = 16> <Delay = 3.01> <FuncUnit> <Opcode : 'sdiv' 'srem' 'udiv' 'urem'> <InPorts = 2> <OutPorts = 1>

State 26 <SV = 25> <Delay = 3.01>
ST_26 : Operation 132 [14/20] (3.01ns)   --->   "%ret_V_2 = udiv i16 %c_in_read, i16 %zext_ln1514_1"   --->   Operation 132 'udiv' 'ret_V_2' <Predicate = true> <Delay = 3.01> <CoreInst = "DivnS_SEQ">   --->   Core 7 'DivnS_SEQ' <Latency = 19> <II = 16> <Delay = 3.01> <FuncUnit> <Opcode : 'sdiv' 'srem' 'udiv' 'urem'> <InPorts = 2> <OutPorts = 1>

State 27 <SV = 26> <Delay = 3.01>
ST_27 : Operation 133 [13/20] (3.01ns)   --->   "%ret_V_2 = udiv i16 %c_in_read, i16 %zext_ln1514_1"   --->   Operation 133 'udiv' 'ret_V_2' <Predicate = true> <Delay = 3.01> <CoreInst = "DivnS_SEQ">   --->   Core 7 'DivnS_SEQ' <Latency = 19> <II = 16> <Delay = 3.01> <FuncUnit> <Opcode : 'sdiv' 'srem' 'udiv' 'urem'> <InPorts = 2> <OutPorts = 1>

State 28 <SV = 27> <Delay = 3.01>
ST_28 : Operation 134 [12/20] (3.01ns)   --->   "%ret_V_2 = udiv i16 %c_in_read, i16 %zext_ln1514_1"   --->   Operation 134 'udiv' 'ret_V_2' <Predicate = true> <Delay = 3.01> <CoreInst = "DivnS_SEQ">   --->   Core 7 'DivnS_SEQ' <Latency = 19> <II = 16> <Delay = 3.01> <FuncUnit> <Opcode : 'sdiv' 'srem' 'udiv' 'urem'> <InPorts = 2> <OutPorts = 1>

State 29 <SV = 28> <Delay = 3.01>
ST_29 : Operation 135 [11/20] (3.01ns)   --->   "%ret_V_2 = udiv i16 %c_in_read, i16 %zext_ln1514_1"   --->   Operation 135 'udiv' 'ret_V_2' <Predicate = true> <Delay = 3.01> <CoreInst = "DivnS_SEQ">   --->   Core 7 'DivnS_SEQ' <Latency = 19> <II = 16> <Delay = 3.01> <FuncUnit> <Opcode : 'sdiv' 'srem' 'udiv' 'urem'> <InPorts = 2> <OutPorts = 1>

State 30 <SV = 29> <Delay = 3.01>
ST_30 : Operation 136 [10/20] (3.01ns)   --->   "%ret_V_2 = udiv i16 %c_in_read, i16 %zext_ln1514_1"   --->   Operation 136 'udiv' 'ret_V_2' <Predicate = true> <Delay = 3.01> <CoreInst = "DivnS_SEQ">   --->   Core 7 'DivnS_SEQ' <Latency = 19> <II = 16> <Delay = 3.01> <FuncUnit> <Opcode : 'sdiv' 'srem' 'udiv' 'urem'> <InPorts = 2> <OutPorts = 1>

State 31 <SV = 30> <Delay = 3.01>
ST_31 : Operation 137 [9/20] (3.01ns)   --->   "%ret_V_2 = udiv i16 %c_in_read, i16 %zext_ln1514_1"   --->   Operation 137 'udiv' 'ret_V_2' <Predicate = true> <Delay = 3.01> <CoreInst = "DivnS_SEQ">   --->   Core 7 'DivnS_SEQ' <Latency = 19> <II = 16> <Delay = 3.01> <FuncUnit> <Opcode : 'sdiv' 'srem' 'udiv' 'urem'> <InPorts = 2> <OutPorts = 1>

State 32 <SV = 31> <Delay = 3.01>
ST_32 : Operation 138 [8/20] (3.01ns)   --->   "%ret_V_2 = udiv i16 %c_in_read, i16 %zext_ln1514_1"   --->   Operation 138 'udiv' 'ret_V_2' <Predicate = true> <Delay = 3.01> <CoreInst = "DivnS_SEQ">   --->   Core 7 'DivnS_SEQ' <Latency = 19> <II = 16> <Delay = 3.01> <FuncUnit> <Opcode : 'sdiv' 'srem' 'udiv' 'urem'> <InPorts = 2> <OutPorts = 1>

State 33 <SV = 32> <Delay = 3.01>
ST_33 : Operation 139 [7/20] (3.01ns)   --->   "%ret_V_2 = udiv i16 %c_in_read, i16 %zext_ln1514_1"   --->   Operation 139 'udiv' 'ret_V_2' <Predicate = true> <Delay = 3.01> <CoreInst = "DivnS_SEQ">   --->   Core 7 'DivnS_SEQ' <Latency = 19> <II = 16> <Delay = 3.01> <FuncUnit> <Opcode : 'sdiv' 'srem' 'udiv' 'urem'> <InPorts = 2> <OutPorts = 1>

State 34 <SV = 33> <Delay = 3.01>
ST_34 : Operation 140 [6/20] (3.01ns)   --->   "%ret_V_2 = udiv i16 %c_in_read, i16 %zext_ln1514_1"   --->   Operation 140 'udiv' 'ret_V_2' <Predicate = true> <Delay = 3.01> <CoreInst = "DivnS_SEQ">   --->   Core 7 'DivnS_SEQ' <Latency = 19> <II = 16> <Delay = 3.01> <FuncUnit> <Opcode : 'sdiv' 'srem' 'udiv' 'urem'> <InPorts = 2> <OutPorts = 1>

State 35 <SV = 34> <Delay = 3.01>
ST_35 : Operation 141 [5/20] (3.01ns)   --->   "%ret_V_2 = udiv i16 %c_in_read, i16 %zext_ln1514_1"   --->   Operation 141 'udiv' 'ret_V_2' <Predicate = true> <Delay = 3.01> <CoreInst = "DivnS_SEQ">   --->   Core 7 'DivnS_SEQ' <Latency = 19> <II = 16> <Delay = 3.01> <FuncUnit> <Opcode : 'sdiv' 'srem' 'udiv' 'urem'> <InPorts = 2> <OutPorts = 1>

State 36 <SV = 35> <Delay = 3.01>
ST_36 : Operation 142 [4/20] (3.01ns)   --->   "%ret_V_2 = udiv i16 %c_in_read, i16 %zext_ln1514_1"   --->   Operation 142 'udiv' 'ret_V_2' <Predicate = true> <Delay = 3.01> <CoreInst = "DivnS_SEQ">   --->   Core 7 'DivnS_SEQ' <Latency = 19> <II = 16> <Delay = 3.01> <FuncUnit> <Opcode : 'sdiv' 'srem' 'udiv' 'urem'> <InPorts = 2> <OutPorts = 1>

State 37 <SV = 36> <Delay = 3.01>
ST_37 : Operation 143 [3/20] (3.01ns)   --->   "%ret_V_2 = udiv i16 %c_in_read, i16 %zext_ln1514_1"   --->   Operation 143 'udiv' 'ret_V_2' <Predicate = true> <Delay = 3.01> <CoreInst = "DivnS_SEQ">   --->   Core 7 'DivnS_SEQ' <Latency = 19> <II = 16> <Delay = 3.01> <FuncUnit> <Opcode : 'sdiv' 'srem' 'udiv' 'urem'> <InPorts = 2> <OutPorts = 1>

State 38 <SV = 37> <Delay = 3.01>
ST_38 : Operation 144 [2/20] (3.01ns)   --->   "%ret_V_2 = udiv i16 %c_in_read, i16 %zext_ln1514_1"   --->   Operation 144 'udiv' 'ret_V_2' <Predicate = true> <Delay = 3.01> <CoreInst = "DivnS_SEQ">   --->   Core 7 'DivnS_SEQ' <Latency = 19> <II = 16> <Delay = 3.01> <FuncUnit> <Opcode : 'sdiv' 'srem' 'udiv' 'urem'> <InPorts = 2> <OutPorts = 1>

State 39 <SV = 38> <Delay = 3.01>
ST_39 : Operation 145 [1/20] (3.01ns)   --->   "%ret_V_2 = udiv i16 %c_in_read, i16 %zext_ln1514_1"   --->   Operation 145 'udiv' 'ret_V_2' <Predicate = true> <Delay = 3.01> <CoreInst = "DivnS_SEQ">   --->   Core 7 'DivnS_SEQ' <Latency = 19> <II = 16> <Delay = 3.01> <FuncUnit> <Opcode : 'sdiv' 'srem' 'udiv' 'urem'> <InPorts = 2> <OutPorts = 1>
ST_39 : Operation 146 [1/1] (0.00ns)   --->   "%conv3_i12_i300 = zext i16 %h_w_read" [../ip/ip6/channel_shuffle.cpp:13]   --->   Operation 146 'zext' 'conv3_i12_i300' <Predicate = true> <Delay = 0.00>
ST_39 : Operation 147 [1/1] (0.00ns)   --->   "%zext_ln40 = zext i16 %ret_V_2" [../ip/ip6/channel_shuffle.cpp:40]   --->   Operation 147 'zext' 'zext_ln40' <Predicate = true> <Delay = 0.00>
ST_39 : Operation 148 [1/1] (0.00ns)   --->   "%zext_ln41 = zext i8 %groups_read" [../ip/ip6/channel_shuffle.cpp:41]   --->   Operation 148 'zext' 'zext_ln41' <Predicate = true> <Delay = 0.00>
ST_39 : Operation 149 [1/1] (1.31ns)   --->   "%icmp_ln1027_2 = icmp_eq  i8 %groups_read, i8 0"   --->   Operation 149 'icmp' 'icmp_ln1027_2' <Predicate = true> <Delay = 1.31> <CoreInst = "Cmp">   --->   Core 9 'Cmp' <Latency = 0> <II = 1> <Delay = 1.31> <FuncUnit> <Opcode : 'icmp'> <InPorts = 2> <OutPorts = 1>
ST_39 : Operation 150 [1/1] (0.00ns)   --->   "%br_ln40 = br void %VITIS_LOOP_41_2" [../ip/ip6/channel_shuffle.cpp:40]   --->   Operation 150 'br' 'br_ln40' <Predicate = true> <Delay = 0.00>

State 40 <SV = 39> <Delay = 4.27>
ST_40 : Operation 151 [1/1] (0.00ns)   --->   "%h_block_V_1 = load i16 %h_V" [../ip/ip6/channel_shuffle.cpp:40]   --->   Operation 151 'load' 'h_block_V_1' <Predicate = (icmp_ln1023)> <Delay = 0.00>
ST_40 : Operation 152 [1/1] (2.13ns)   --->   "%icmp_ln1027 = icmp_ult  i16 %h_block_V_1, i16 %h_w_read"   --->   Operation 152 'icmp' 'icmp_ln1027' <Predicate = (icmp_ln1023)> <Delay = 2.13> <CoreInst = "Cmp">   --->   Core 9 'Cmp' <Latency = 0> <II = 1> <Delay = 2.13> <FuncUnit> <Opcode : 'icmp'> <InPorts = 2> <OutPorts = 1>
ST_40 : Operation 153 [1/1] (0.00ns)   --->   "%br_ln40 = br i1 %icmp_ln1027, void %return.loopexit, void %VITIS_LOOP_41_2.split" [../ip/ip6/channel_shuffle.cpp:40]   --->   Operation 153 'br' 'br_ln40' <Predicate = (icmp_ln1023)> <Delay = 0.00>
ST_40 : Operation 154 [1/1] (0.00ns)   --->   "%zext_ln40_2 = zext i16 %h_block_V_1" [../ip/ip6/channel_shuffle.cpp:40]   --->   Operation 154 'zext' 'zext_ln40_2' <Predicate = (icmp_ln1023 & icmp_ln1027)> <Delay = 0.00>
ST_40 : Operation 155 [1/1] (1.54ns)   --->   "%add_ln40_2 = add i17 %zext_ln40_2, i17 8" [../ip/ip6/channel_shuffle.cpp:40]   --->   Operation 155 'add' 'add_ln40_2' <Predicate = (icmp_ln1023 & icmp_ln1027)> <Delay = 1.54> <CoreInst = "Adder">   --->   Core 1 'Adder' <Latency = 0> <II = 1> <Delay = 1.54> <FuncUnit> <Opcode : 'add' 'sub'> <InPorts = 2> <OutPorts = 1>
ST_40 : Operation 156 [1/1] (2.11ns)   --->   "%icmp_ln40 = icmp_ugt  i17 %add_ln40_2, i17 %zext_ln40_2" [../ip/ip6/channel_shuffle.cpp:40]   --->   Operation 156 'icmp' 'icmp_ln40' <Predicate = (icmp_ln1023 & icmp_ln1027)> <Delay = 2.11> <CoreInst = "Cmp">   --->   Core 9 'Cmp' <Latency = 0> <II = 1> <Delay = 2.11> <FuncUnit> <Opcode : 'icmp'> <InPorts = 2> <OutPorts = 1>
ST_40 : Operation 157 [1/1] (0.62ns)   --->   "%select_ln40 = select i1 %icmp_ln40, i17 %add_ln40_2, i17 %zext_ln40_2" [../ip/ip6/channel_shuffle.cpp:40]   --->   Operation 157 'select' 'select_ln40' <Predicate = (icmp_ln1023 & icmp_ln1027)> <Delay = 0.62> <CoreInst = "Sel">   --->   Core 73 'Sel' <Latency = 0> <II = 1> <Delay = 0.62> <FuncUnit> <Opcode : 'select'> <InPorts = 3> <OutPorts = 1>
ST_40 : Operation 158 [1/1] (0.00ns)   --->   "%br_ln0 = br void %return"   --->   Operation 158 'br' 'br_ln0' <Predicate = (icmp_ln1023 & !icmp_ln1027)> <Delay = 0.00>
ST_40 : Operation 159 [1/1] (0.00ns)   --->   "%ret_ln63 = ret" [../ip/ip6/channel_shuffle.cpp:63]   --->   Operation 159 'ret' 'ret_ln63' <Predicate = (!icmp_ln1027) | (!icmp_ln1023)> <Delay = 0.00>

State 41 <SV = 40> <Delay = 6.15>
ST_41 : Operation 160 [1/1] (0.00ns)   --->   "%phi_ln40_load_1 = load i16 %phi_ln40" [../ip/ip6/channel_shuffle.cpp:40]   --->   Operation 160 'load' 'phi_ln40_load_1' <Predicate = true> <Delay = 0.00>
ST_41 : Operation 161 [1/1] (1.54ns)   --->   "%add_ln40 = add i16 %phi_ln40_load_1, i16 %h_w_read" [../ip/ip6/channel_shuffle.cpp:40]   --->   Operation 161 'add' 'add_ln40' <Predicate = true> <Delay = 1.54> <CoreInst = "Adder">   --->   Core 1 'Adder' <Latency = 0> <II = 1> <Delay = 1.54> <FuncUnit> <Opcode : 'add' 'sub'> <InPorts = 2> <OutPorts = 1>
ST_41 : Operation 162 [1/1] (0.00ns)   --->   "%zext_ln40_1 = zext i16 %add_ln40" [../ip/ip6/channel_shuffle.cpp:40]   --->   Operation 162 'zext' 'zext_ln40_1' <Predicate = true> <Delay = 0.00>
ST_41 : Operation 163 [1/1] (0.83ns)   --->   "%xor_ln40 = xor i17 %zext_ln40_1, i17 131071" [../ip/ip6/channel_shuffle.cpp:40]   --->   Operation 163 'xor' 'xor_ln40' <Predicate = true> <Delay = 0.83> <CoreInst = "LogicGate">   --->   Core 74 'LogicGate' <Latency = 0> <II = 1> <Delay = 0.83> <FuncUnit> <Opcode : 'and' 'or' 'xor'> <InPorts = 2> <OutPorts = 1>
ST_41 : Operation 164 [1/1] (0.00ns) (grouped into TernaryAdder)   --->   "%add_ln40_1 = add i17 %zext_ln40_2, i17 131071" [../ip/ip6/channel_shuffle.cpp:40]   --->   Operation 164 'add' 'add_ln40_1' <Predicate = true> <Delay = 0.00> <CoreInst = "TAddSub">   --->   Core 10 'TAddSub' <Latency = 0> <II = 1> <Delay = 1.60> <IPBlock> <Opcode : 'add' 'sub'> <InPorts = 3> <OutPorts = 1> <Sync> <CReg>
ST_41 : Operation 165 [1/1] (3.21ns) (root node of TernaryAdder)   --->   "%sub_ln40 = sub i17 %add_ln40_1, i17 %select_ln40" [../ip/ip6/channel_shuffle.cpp:40]   --->   Operation 165 'sub' 'sub_ln40' <Predicate = true> <Delay = 3.21> <CoreInst = "TAddSub">   --->   Core 10 'TAddSub' <Latency = 0> <II = 1> <Delay = 1.60> <IPBlock> <Opcode : 'add' 'sub'> <InPorts = 3> <OutPorts = 1> <Sync> <CReg>
ST_41 : Operation 166 [1/1] (2.11ns)   --->   "%icmp_ln40_1 = icmp_ult  i17 %sub_ln40, i17 %xor_ln40" [../ip/ip6/channel_shuffle.cpp:40]   --->   Operation 166 'icmp' 'icmp_ln40_1' <Predicate = true> <Delay = 2.11> <CoreInst = "Cmp">   --->   Core 9 'Cmp' <Latency = 0> <II = 1> <Delay = 2.11> <FuncUnit> <Opcode : 'icmp'> <InPorts = 2> <OutPorts = 1>
ST_41 : Operation 167 [1/1] (0.00ns) (grouped into LUT with out node xor_ln40_1)   --->   "%select_ln40_1 = select i1 %icmp_ln40_1, i17 %xor_ln40, i17 %sub_ln40" [../ip/ip6/channel_shuffle.cpp:40]   --->   Operation 167 'select' 'select_ln40_1' <Predicate = true> <Delay = 0.00> <CoreInst = "Sel">   --->   Core 73 'Sel' <Latency = 0> <II = 1> <Delay = 0.62> <FuncUnit> <Opcode : 'select'> <InPorts = 3> <OutPorts = 1>
ST_41 : Operation 168 [1/1] (0.83ns) (out node of the LUT)   --->   "%xor_ln40_1 = xor i17 %select_ln40_1, i17 131071" [../ip/ip6/channel_shuffle.cpp:40]   --->   Operation 168 'xor' 'xor_ln40_1' <Predicate = true> <Delay = 0.83> <CoreInst = "LogicGate">   --->   Core 74 'LogicGate' <Latency = 0> <II = 1> <Delay = 0.83> <FuncUnit> <Opcode : 'and' 'or' 'xor'> <InPorts = 2> <OutPorts = 1>
ST_41 : Operation 169 [1/1] (0.00ns)   --->   "%specloopname_ln40 = specloopname void @_ssdm_op_SpecLoopName, void @empty_16" [../ip/ip6/channel_shuffle.cpp:40]   --->   Operation 169 'specloopname' 'specloopname_ln40' <Predicate = true> <Delay = 0.00>
ST_41 : Operation 170 [1/1] (0.00ns)   --->   "%zext_ln41_1 = zext i17 %xor_ln40_1" [../ip/ip6/channel_shuffle.cpp:41]   --->   Operation 170 'zext' 'zext_ln41_1' <Predicate = true> <Delay = 0.00>
ST_41 : Operation 171 [1/1] (1.29ns)   --->   "%br_ln41 = br void %VITIS_LOOP_42_3" [../ip/ip6/channel_shuffle.cpp:41]   --->   Operation 171 'br' 'br_ln41' <Predicate = true> <Delay = 1.29>

State 42 <SV = 41> <Delay = 4.27>
ST_42 : Operation 172 [1/1] (0.00ns)   --->   "%phi_ln41 = phi i16 %add_ln41_4, void %for.inc57, i16 0, void %VITIS_LOOP_41_2.split" [../ip/ip6/channel_shuffle.cpp:41]   --->   Operation 172 'phi' 'phi_ln41' <Predicate = true> <Delay = 0.00>
ST_42 : Operation 173 [1/1] (0.00ns)   --->   "%w_block_V_1 = phi i16 %w_block_V, void %for.inc57, i16 0, void %VITIS_LOOP_41_2.split"   --->   Operation 173 'phi' 'w_block_V_1' <Predicate = true> <Delay = 0.00>
ST_42 : Operation 174 [1/1] (2.13ns)   --->   "%icmp_ln1027_1 = icmp_ult  i16 %w_block_V_1, i16 %h_w_read"   --->   Operation 174 'icmp' 'icmp_ln1027_1' <Predicate = true> <Delay = 2.13> <CoreInst = "Cmp">   --->   Core 9 'Cmp' <Latency = 0> <II = 1> <Delay = 2.13> <FuncUnit> <Opcode : 'icmp'> <InPorts = 2> <OutPorts = 1>
ST_42 : Operation 175 [1/1] (0.00ns)   --->   "%br_ln41 = br i1 %icmp_ln1027_1, void %for.inc60, void %VITIS_LOOP_42_3.split" [../ip/ip6/channel_shuffle.cpp:41]   --->   Operation 175 'br' 'br_ln41' <Predicate = true> <Delay = 0.00>
ST_42 : Operation 176 [1/1] (0.00ns)   --->   "%zext_ln41_3 = zext i16 %w_block_V_1" [../ip/ip6/channel_shuffle.cpp:41]   --->   Operation 176 'zext' 'zext_ln41_3' <Predicate = (icmp_ln1027_1)> <Delay = 0.00>
ST_42 : Operation 177 [1/1] (1.54ns)   --->   "%add_ln41_2 = add i17 %zext_ln41_3, i17 8" [../ip/ip6/channel_shuffle.cpp:41]   --->   Operation 177 'add' 'add_ln41_2' <Predicate = (icmp_ln1027_1)> <Delay = 1.54> <CoreInst = "Adder">   --->   Core 1 'Adder' <Latency = 0> <II = 1> <Delay = 1.54> <FuncUnit> <Opcode : 'add' 'sub'> <InPorts = 2> <OutPorts = 1>
ST_42 : Operation 178 [1/1] (2.11ns)   --->   "%icmp_ln41 = icmp_ugt  i17 %add_ln41_2, i17 %zext_ln41_3" [../ip/ip6/channel_shuffle.cpp:41]   --->   Operation 178 'icmp' 'icmp_ln41' <Predicate = (icmp_ln1027_1)> <Delay = 2.11> <CoreInst = "Cmp">   --->   Core 9 'Cmp' <Latency = 0> <II = 1> <Delay = 2.11> <FuncUnit> <Opcode : 'icmp'> <InPorts = 2> <OutPorts = 1>
ST_42 : Operation 179 [1/1] (0.62ns)   --->   "%select_ln41 = select i1 %icmp_ln41, i17 %add_ln41_2, i17 %zext_ln41_3" [../ip/ip6/channel_shuffle.cpp:41]   --->   Operation 179 'select' 'select_ln41' <Predicate = (icmp_ln1027_1)> <Delay = 0.62> <CoreInst = "Sel">   --->   Core 73 'Sel' <Latency = 0> <II = 1> <Delay = 0.62> <FuncUnit> <Opcode : 'select'> <InPorts = 3> <OutPorts = 1>
ST_42 : Operation 180 [1/1] (0.00ns)   --->   "%phi_ln40_load = load i16 %phi_ln40" [../ip/ip6/channel_shuffle.cpp:40]   --->   Operation 180 'load' 'phi_ln40_load' <Predicate = (!icmp_ln1027_1)> <Delay = 0.00>
ST_42 : Operation 181 [1/1] (1.54ns)   --->   "%h_block_V = add i16 %h_block_V_1, i16 8" [../ip/ip6/channel_shuffle.cpp:40]   --->   Operation 181 'add' 'h_block_V' <Predicate = (!icmp_ln1027_1)> <Delay = 1.54> <CoreInst = "Adder">   --->   Core 1 'Adder' <Latency = 0> <II = 1> <Delay = 1.54> <FuncUnit> <Opcode : 'add' 'sub'> <InPorts = 2> <OutPorts = 1>
ST_42 : Operation 182 [1/1] (1.54ns)   --->   "%add_ln40_4 = add i16 %phi_ln40_load, i16 65528" [../ip/ip6/channel_shuffle.cpp:40]   --->   Operation 182 'add' 'add_ln40_4' <Predicate = (!icmp_ln1027_1)> <Delay = 1.54> <CoreInst = "Adder">   --->   Core 1 'Adder' <Latency = 0> <II = 1> <Delay = 1.54> <FuncUnit> <Opcode : 'add' 'sub'> <InPorts = 2> <OutPorts = 1>
ST_42 : Operation 183 [1/1] (1.29ns)   --->   "%store_ln40 = store i16 %h_block_V, i16 %h_V" [../ip/ip6/channel_shuffle.cpp:40]   --->   Operation 183 'store' 'store_ln40' <Predicate = (!icmp_ln1027_1)> <Delay = 1.29>
ST_42 : Operation 184 [1/1] (1.29ns)   --->   "%store_ln40 = store i16 %add_ln40_4, i16 %phi_ln40" [../ip/ip6/channel_shuffle.cpp:40]   --->   Operation 184 'store' 'store_ln40' <Predicate = (!icmp_ln1027_1)> <Delay = 1.29>
ST_42 : Operation 185 [1/1] (0.00ns)   --->   "%br_ln40 = br void %VITIS_LOOP_41_2" [../ip/ip6/channel_shuffle.cpp:40]   --->   Operation 185 'br' 'br_ln40' <Predicate = (!icmp_ln1027_1)> <Delay = 0.00>

State 43 <SV = 42> <Delay = 6.15>
ST_43 : Operation 186 [1/1] (1.54ns)   --->   "%add_ln41 = add i16 %phi_ln41, i16 %h_w_read" [../ip/ip6/channel_shuffle.cpp:41]   --->   Operation 186 'add' 'add_ln41' <Predicate = true> <Delay = 1.54> <CoreInst = "Adder">   --->   Core 1 'Adder' <Latency = 0> <II = 1> <Delay = 1.54> <FuncUnit> <Opcode : 'add' 'sub'> <InPorts = 2> <OutPorts = 1>
ST_43 : Operation 187 [1/1] (0.00ns)   --->   "%zext_ln41_2 = zext i16 %add_ln41" [../ip/ip6/channel_shuffle.cpp:41]   --->   Operation 187 'zext' 'zext_ln41_2' <Predicate = true> <Delay = 0.00>
ST_43 : Operation 188 [1/1] (0.83ns)   --->   "%xor_ln41 = xor i17 %zext_ln41_2, i17 131071" [../ip/ip6/channel_shuffle.cpp:41]   --->   Operation 188 'xor' 'xor_ln41' <Predicate = true> <Delay = 0.83> <CoreInst = "LogicGate">   --->   Core 74 'LogicGate' <Latency = 0> <II = 1> <Delay = 0.83> <FuncUnit> <Opcode : 'and' 'or' 'xor'> <InPorts = 2> <OutPorts = 1>
ST_43 : Operation 189 [1/1] (0.00ns) (grouped into TernaryAdder)   --->   "%add_ln41_1 = add i17 %zext_ln41_3, i17 131071" [../ip/ip6/channel_shuffle.cpp:41]   --->   Operation 189 'add' 'add_ln41_1' <Predicate = true> <Delay = 0.00> <CoreInst = "TAddSub">   --->   Core 10 'TAddSub' <Latency = 0> <II = 1> <Delay = 1.60> <IPBlock> <Opcode : 'add' 'sub'> <InPorts = 3> <OutPorts = 1> <Sync> <CReg>
ST_43 : Operation 190 [1/1] (3.21ns) (root node of TernaryAdder)   --->   "%sub_ln41 = sub i17 %add_ln41_1, i17 %select_ln41" [../ip/ip6/channel_shuffle.cpp:41]   --->   Operation 190 'sub' 'sub_ln41' <Predicate = true> <Delay = 3.21> <CoreInst = "TAddSub">   --->   Core 10 'TAddSub' <Latency = 0> <II = 1> <Delay = 1.60> <IPBlock> <Opcode : 'add' 'sub'> <InPorts = 3> <OutPorts = 1> <Sync> <CReg>
ST_43 : Operation 191 [1/1] (2.11ns)   --->   "%icmp_ln41_1 = icmp_ult  i17 %sub_ln41, i17 %xor_ln41" [../ip/ip6/channel_shuffle.cpp:41]   --->   Operation 191 'icmp' 'icmp_ln41_1' <Predicate = true> <Delay = 2.11> <CoreInst = "Cmp">   --->   Core 9 'Cmp' <Latency = 0> <II = 1> <Delay = 2.11> <FuncUnit> <Opcode : 'icmp'> <InPorts = 2> <OutPorts = 1>
ST_43 : Operation 192 [1/1] (0.00ns) (grouped into LUT with out node xor_ln41_1)   --->   "%select_ln41_1 = select i1 %icmp_ln41_1, i17 %xor_ln41, i17 %sub_ln41" [../ip/ip6/channel_shuffle.cpp:41]   --->   Operation 192 'select' 'select_ln41_1' <Predicate = true> <Delay = 0.00> <CoreInst = "Sel">   --->   Core 73 'Sel' <Latency = 0> <II = 1> <Delay = 0.62> <FuncUnit> <Opcode : 'select'> <InPorts = 3> <OutPorts = 1>
ST_43 : Operation 193 [1/1] (0.83ns) (out node of the LUT)   --->   "%xor_ln41_1 = xor i17 %select_ln41_1, i17 131071" [../ip/ip6/channel_shuffle.cpp:41]   --->   Operation 193 'xor' 'xor_ln41_1' <Predicate = true> <Delay = 0.83> <CoreInst = "LogicGate">   --->   Core 74 'LogicGate' <Latency = 0> <II = 1> <Delay = 0.83> <FuncUnit> <Opcode : 'and' 'or' 'xor'> <InPorts = 2> <OutPorts = 1>

State 44 <SV = 43> <Delay = 1.82>
ST_44 : Operation 194 [1/1] (0.00ns)   --->   "%zext_ln41_4 = zext i17 %xor_ln41_1" [../ip/ip6/channel_shuffle.cpp:41]   --->   Operation 194 'zext' 'zext_ln41_4' <Predicate = true> <Delay = 0.00>
ST_44 : Operation 195 [4/4] (1.82ns) (root node of the DSP)   --->   "%mul_ln41 = mul i25 %zext_ln41_4, i25 %zext_ln41" [../ip/ip6/channel_shuffle.cpp:41]   --->   Operation 195 'mul' 'mul_ln41' <Predicate = true> <Delay = 1.82> <CoreInst = "DSP48">   --->   Core 119 'DSP48' <Latency = 3> <II = 1> <Delay = 1.82> <IPBlock> <Opcode : 'mul' 'add' 'sub' 'select'> <InPorts = 0> <OutPorts = 1> <Sync> <CReg>

State 45 <SV = 44> <Delay = 1.82>
ST_45 : Operation 196 [3/4] (1.82ns) (root node of the DSP)   --->   "%mul_ln41 = mul i25 %zext_ln41_4, i25 %zext_ln41" [../ip/ip6/channel_shuffle.cpp:41]   --->   Operation 196 'mul' 'mul_ln41' <Predicate = true> <Delay = 1.82> <CoreInst = "DSP48">   --->   Core 119 'DSP48' <Latency = 3> <II = 1> <Delay = 1.82> <IPBlock> <Opcode : 'mul' 'add' 'sub' 'select'> <InPorts = 0> <OutPorts = 1> <Sync> <CReg>

State 46 <SV = 45> <Delay = 1.82>
ST_46 : Operation 197 [2/4] (1.82ns) (root node of the DSP)   --->   "%mul_ln41 = mul i25 %zext_ln41_4, i25 %zext_ln41" [../ip/ip6/channel_shuffle.cpp:41]   --->   Operation 197 'mul' 'mul_ln41' <Predicate = true> <Delay = 1.82> <CoreInst = "DSP48">   --->   Core 119 'DSP48' <Latency = 3> <II = 1> <Delay = 1.82> <IPBlock> <Opcode : 'mul' 'add' 'sub' 'select'> <InPorts = 0> <OutPorts = 1> <Sync> <CReg>

State 47 <SV = 46> <Delay = 1.82>
ST_47 : Operation 198 [1/4] (0.00ns) (root node of the DSP)   --->   "%mul_ln41 = mul i25 %zext_ln41_4, i25 %zext_ln41" [../ip/ip6/channel_shuffle.cpp:41]   --->   Operation 198 'mul' 'mul_ln41' <Predicate = true> <Delay = 0.00> <CoreInst = "DSP48">   --->   Core 119 'DSP48' <Latency = 3> <II = 1> <Delay = 1.82> <IPBlock> <Opcode : 'mul' 'add' 'sub' 'select'> <InPorts = 0> <OutPorts = 1> <Sync> <CReg>
ST_47 : Operation 199 [1/1] (0.00ns)   --->   "%zext_ln41_5 = zext i25 %mul_ln41" [../ip/ip6/channel_shuffle.cpp:41]   --->   Operation 199 'zext' 'zext_ln41_5' <Predicate = true> <Delay = 0.00>
ST_47 : Operation 200 [4/4] (1.82ns) (root node of the DSP)   --->   "%mul_ln41_1 = mul i42 %zext_ln41_1, i42 %zext_ln41_5" [../ip/ip6/channel_shuffle.cpp:41]   --->   Operation 200 'mul' 'mul_ln41_1' <Predicate = true> <Delay = 1.82> <CoreInst = "DSP48">   --->   Core 119 'DSP48' <Latency = 3> <II = 1> <Delay = 1.82> <IPBlock> <Opcode : 'mul' 'add' 'sub' 'select'> <InPorts = 0> <OutPorts = 1> <Sync> <CReg>

State 48 <SV = 47> <Delay = 1.82>
ST_48 : Operation 201 [3/4] (1.82ns) (root node of the DSP)   --->   "%mul_ln41_1 = mul i42 %zext_ln41_1, i42 %zext_ln41_5" [../ip/ip6/channel_shuffle.cpp:41]   --->   Operation 201 'mul' 'mul_ln41_1' <Predicate = true> <Delay = 1.82> <CoreInst = "DSP48">   --->   Core 119 'DSP48' <Latency = 3> <II = 1> <Delay = 1.82> <IPBlock> <Opcode : 'mul' 'add' 'sub' 'select'> <InPorts = 0> <OutPorts = 1> <Sync> <CReg>

State 49 <SV = 48> <Delay = 1.82>
ST_49 : Operation 202 [2/4] (1.82ns) (root node of the DSP)   --->   "%mul_ln41_1 = mul i42 %zext_ln41_1, i42 %zext_ln41_5" [../ip/ip6/channel_shuffle.cpp:41]   --->   Operation 202 'mul' 'mul_ln41_1' <Predicate = true> <Delay = 1.82> <CoreInst = "DSP48">   --->   Core 119 'DSP48' <Latency = 3> <II = 1> <Delay = 1.82> <IPBlock> <Opcode : 'mul' 'add' 'sub' 'select'> <InPorts = 0> <OutPorts = 1> <Sync> <CReg>

State 50 <SV = 49> <Delay = 1.29>
ST_50 : Operation 203 [1/1] (0.00ns)   --->   "%specloopname_ln41 = specloopname void @_ssdm_op_SpecLoopName, void @empty_15" [../ip/ip6/channel_shuffle.cpp:41]   --->   Operation 203 'specloopname' 'specloopname_ln41' <Predicate = true> <Delay = 0.00>
ST_50 : Operation 204 [1/4] (0.00ns) (root node of the DSP)   --->   "%mul_ln41_1 = mul i42 %zext_ln41_1, i42 %zext_ln41_5" [../ip/ip6/channel_shuffle.cpp:41]   --->   Operation 204 'mul' 'mul_ln41_1' <Predicate = true> <Delay = 0.00> <CoreInst = "DSP48">   --->   Core 119 'DSP48' <Latency = 3> <II = 1> <Delay = 1.82> <IPBlock> <Opcode : 'mul' 'add' 'sub' 'select'> <InPorts = 0> <OutPorts = 1> <Sync> <CReg>
ST_50 : Operation 205 [1/1] (0.00ns)   --->   "%zext_ln1027_1 = zext i16 %w_block_V_1"   --->   Operation 205 'zext' 'zext_ln1027_1' <Predicate = true> <Delay = 0.00>
ST_50 : Operation 206 [1/1] (1.29ns)   --->   "%br_ln42 = br void %VITIS_LOOP_47_6" [../ip/ip6/channel_shuffle.cpp:42]   --->   Operation 206 'br' 'br_ln42' <Predicate = true> <Delay = 1.29>

State 51 <SV = 50> <Delay = 2.14>
ST_51 : Operation 207 [1/1] (0.00ns)   --->   "%indvar_flatten57 = phi i42 0, void %VITIS_LOOP_42_3.split, i42 %add_ln1027_4, void %for.inc48.loopexit"   --->   Operation 207 'phi' 'indvar_flatten57' <Predicate = true> <Delay = 0.00>
ST_51 : Operation 208 [1/1] (0.00ns)   --->   "%h_V_1 = phi i16 %h_block_V_1, void %VITIS_LOOP_42_3.split, i16 %select_ln1027, void %for.inc48.loopexit"   --->   Operation 208 'phi' 'h_V_1' <Predicate = true> <Delay = 0.00>
ST_51 : Operation 209 [1/1] (0.00ns)   --->   "%zext_ln1027 = zext i16 %h_V_1"   --->   Operation 209 'zext' 'zext_ln1027' <Predicate = true> <Delay = 0.00>
ST_51 : Operation 210 [4/4] (1.82ns) (root node of the DSP)   --->   "%mul_ln1027 = mul i32 %zext_ln1027, i32 %conv3_i12_i300"   --->   Operation 210 'mul' 'mul_ln1027' <Predicate = true> <Delay = 1.82> <CoreInst = "DSP48">   --->   Core 119 'DSP48' <Latency = 3> <II = 1> <Delay = 1.82> <IPBlock> <Opcode : 'mul' 'add' 'sub' 'select'> <InPorts = 0> <OutPorts = 1> <Sync> <CReg>
ST_51 : Operation 211 [1/1] (2.10ns)   --->   "%icmp_ln1027_3 = icmp_eq  i42 %indvar_flatten57, i42 %mul_ln41_1"   --->   Operation 211 'icmp' 'icmp_ln1027_3' <Predicate = true> <Delay = 2.10> <CoreInst = "Cmp">   --->   Core 9 'Cmp' <Latency = 0> <II = 1> <Delay = 2.10> <FuncUnit> <Opcode : 'icmp'> <InPorts = 2> <OutPorts = 1>
ST_51 : Operation 212 [1/1] (2.14ns)   --->   "%add_ln1027_4 = add i42 %indvar_flatten57, i42 1"   --->   Operation 212 'add' 'add_ln1027_4' <Predicate = true> <Delay = 2.14> <CoreInst = "Adder">   --->   Core 1 'Adder' <Latency = 0> <II = 1> <Delay = 2.14> <FuncUnit> <Opcode : 'add' 'sub'> <InPorts = 2> <OutPorts = 1>

State 52 <SV = 51> <Delay = 1.82>
ST_52 : Operation 213 [3/4] (1.82ns) (root node of the DSP)   --->   "%mul_ln1027 = mul i32 %zext_ln1027, i32 %conv3_i12_i300"   --->   Operation 213 'mul' 'mul_ln1027' <Predicate = true> <Delay = 1.82> <CoreInst = "DSP48">   --->   Core 119 'DSP48' <Latency = 3> <II = 1> <Delay = 1.82> <IPBlock> <Opcode : 'mul' 'add' 'sub' 'select'> <InPorts = 0> <OutPorts = 1> <Sync> <CReg>

State 53 <SV = 52> <Delay = 1.82>
ST_53 : Operation 214 [2/4] (1.82ns) (root node of the DSP)   --->   "%mul_ln1027 = mul i32 %zext_ln1027, i32 %conv3_i12_i300"   --->   Operation 214 'mul' 'mul_ln1027' <Predicate = true> <Delay = 1.82> <CoreInst = "DSP48">   --->   Core 119 'DSP48' <Latency = 3> <II = 1> <Delay = 1.82> <IPBlock> <Opcode : 'mul' 'add' 'sub' 'select'> <InPorts = 0> <OutPorts = 1> <Sync> <CReg>

State 54 <SV = 53> <Delay = 3.36>
ST_54 : Operation 215 [1/1] (0.00ns)   --->   "%indvar_flatten = phi i25 0, void %VITIS_LOOP_42_3.split, i25 %select_ln1027_2, void %for.inc48.loopexit"   --->   Operation 215 'phi' 'indvar_flatten' <Predicate = true> <Delay = 0.00>
ST_54 : Operation 216 [1/1] (0.00ns)   --->   "%w_V_1 = phi i16 %w_block_V_1, void %VITIS_LOOP_42_3.split, i16 %select_ln1027_1, void %for.inc48.loopexit"   --->   Operation 216 'phi' 'w_V_1' <Predicate = true> <Delay = 0.00>
ST_54 : Operation 217 [1/1] (0.00ns)   --->   "%g_V = phi i8 0, void %VITIS_LOOP_42_3.split, i8 %g_V_1, void %for.inc48.loopexit"   --->   Operation 217 'phi' 'g_V' <Predicate = true> <Delay = 0.00>
ST_54 : Operation 218 [1/4] (0.00ns) (root node of the DSP)   --->   "%mul_ln1027 = mul i32 %zext_ln1027, i32 %conv3_i12_i300"   --->   Operation 218 'mul' 'mul_ln1027' <Predicate = true> <Delay = 0.00> <CoreInst = "DSP48">   --->   Core 119 'DSP48' <Latency = 3> <II = 1> <Delay = 1.82> <IPBlock> <Opcode : 'mul' 'add' 'sub' 'select'> <InPorts = 0> <OutPorts = 1> <Sync> <CReg>
ST_54 : Operation 219 [1/1] (0.00ns)   --->   "%zext_ln1027_2 = zext i16 %w_V_1"   --->   Operation 219 'zext' 'zext_ln1027_2' <Predicate = true> <Delay = 0.00>
ST_54 : Operation 220 [1/1] (1.89ns)   --->   "%add_ln1027 = add i32 %mul_ln1027, i32 %zext_ln1027_2"   --->   Operation 220 'add' 'add_ln1027' <Predicate = true> <Delay = 1.89> <CoreInst = "Adder">   --->   Core 1 'Adder' <Latency = 0> <II = 1> <Delay = 1.89> <FuncUnit> <Opcode : 'add' 'sub'> <InPorts = 2> <OutPorts = 1>
ST_54 : Operation 221 [1/1] (0.00ns)   --->   "%specpipeline_ln44 = specpipeline void @_ssdm_op_SpecPipeline, i32 1, i32 0, i32 0, i32 0, void @empty_0" [../ip/ip6/channel_shuffle.cpp:44]   --->   Operation 221 'specpipeline' 'specpipeline_ln44' <Predicate = true> <Delay = 0.00>
ST_54 : Operation 222 [1/1] (0.00ns)   --->   "%br_ln1027 = br i1 %icmp_ln1027_3, void %for.inc54, void %for.inc57"   --->   Operation 222 'br' 'br_ln1027' <Predicate = true> <Delay = 0.00>
ST_54 : Operation 223 [1/1] (2.00ns)   --->   "%icmp_ln1027_4 = icmp_eq  i25 %indvar_flatten, i25 %mul_ln41"   --->   Operation 223 'icmp' 'icmp_ln1027_4' <Predicate = (!icmp_ln1027_3)> <Delay = 2.00> <CoreInst = "Cmp">   --->   Core 9 'Cmp' <Latency = 0> <II = 1> <Delay = 2.00> <FuncUnit> <Opcode : 'icmp'> <InPorts = 2> <OutPorts = 1>
ST_54 : Operation 224 [1/1] (0.62ns)   --->   "%select_ln42 = select i1 %icmp_ln1027_4, i16 %w_block_V_1, i16 %w_V_1" [../ip/ip6/channel_shuffle.cpp:42]   --->   Operation 224 'select' 'select_ln42' <Predicate = (!icmp_ln1027_3)> <Delay = 0.62> <CoreInst = "Sel">   --->   Core 73 'Sel' <Latency = 0> <II = 1> <Delay = 0.62> <FuncUnit> <Opcode : 'select'> <InPorts = 3> <OutPorts = 1>
ST_54 : Operation 225 [1/1] (1.54ns)   --->   "%add_ln840 = add i16 %h_V_1, i16 1"   --->   Operation 225 'add' 'add_ln840' <Predicate = (!icmp_ln1027_3)> <Delay = 1.54> <CoreInst = "Adder">   --->   Core 1 'Adder' <Latency = 0> <II = 1> <Delay = 1.54> <FuncUnit> <Opcode : 'add' 'sub'> <InPorts = 2> <OutPorts = 1>
ST_54 : Operation 226 [1/1] (0.00ns)   --->   "%zext_ln1027_3 = zext i16 %add_ln840"   --->   Operation 226 'zext' 'zext_ln1027_3' <Predicate = (!icmp_ln1027_3)> <Delay = 0.00>
ST_54 : Operation 227 [4/4] (1.82ns) (root node of the DSP)   --->   "%mul_ln1027_1 = mul i32 %zext_ln1027_3, i32 %conv3_i12_i300"   --->   Operation 227 'mul' 'mul_ln1027_1' <Predicate = (!icmp_ln1027_3)> <Delay = 1.82> <CoreInst = "DSP48">   --->   Core 119 'DSP48' <Latency = 3> <II = 1> <Delay = 1.82> <IPBlock> <Opcode : 'mul' 'add' 'sub' 'select'> <InPorts = 0> <OutPorts = 1> <Sync> <CReg>
ST_54 : Operation 228 [1/1] (1.31ns)   --->   "%icmp_ln1027_5 = icmp_eq  i8 %g_V, i8 %groups_read"   --->   Operation 228 'icmp' 'icmp_ln1027_5' <Predicate = (!icmp_ln1027_3)> <Delay = 1.31> <CoreInst = "Cmp">   --->   Core 9 'Cmp' <Latency = 0> <II = 1> <Delay = 1.31> <FuncUnit> <Opcode : 'icmp'> <InPorts = 2> <OutPorts = 1>
ST_54 : Operation 229 [1/1] (0.81ns)   --->   "%select_ln42_3 = select i1 %icmp_ln1027_4, i1 %icmp_ln1027_2, i1 %icmp_ln1027_5" [../ip/ip6/channel_shuffle.cpp:42]   --->   Operation 229 'select' 'select_ln42_3' <Predicate = (!icmp_ln1027_3)> <Delay = 0.81> <CoreInst = "Sel">   --->   Core 73 'Sel' <Latency = 0> <II = 1> <Delay = 0.81> <FuncUnit> <Opcode : 'select'> <InPorts = 3> <OutPorts = 1>
ST_54 : Operation 230 [1/1] (0.62ns)   --->   "%select_ln1027 = select i1 %icmp_ln1027_4, i16 %add_ln840, i16 %h_V_1"   --->   Operation 230 'select' 'select_ln1027' <Predicate = (!icmp_ln1027_3)> <Delay = 0.62> <CoreInst = "Sel">   --->   Core 73 'Sel' <Latency = 0> <II = 1> <Delay = 0.62> <FuncUnit> <Opcode : 'select'> <InPorts = 3> <OutPorts = 1>
ST_54 : Operation 231 [1/1] (1.54ns)   --->   "%w_block_V = add i16 %w_block_V_1, i16 8" [../ip/ip6/channel_shuffle.cpp:41]   --->   Operation 231 'add' 'w_block_V' <Predicate = (icmp_ln1027_3)> <Delay = 1.54> <CoreInst = "Adder">   --->   Core 1 'Adder' <Latency = 0> <II = 1> <Delay = 1.54> <FuncUnit> <Opcode : 'add' 'sub'> <InPorts = 2> <OutPorts = 1>
ST_54 : Operation 232 [1/1] (1.54ns)   --->   "%add_ln41_4 = add i16 %phi_ln41, i16 65528" [../ip/ip6/channel_shuffle.cpp:41]   --->   Operation 232 'add' 'add_ln41_4' <Predicate = (icmp_ln1027_3)> <Delay = 1.54> <CoreInst = "Adder">   --->   Core 1 'Adder' <Latency = 0> <II = 1> <Delay = 1.54> <FuncUnit> <Opcode : 'add' 'sub'> <InPorts = 2> <OutPorts = 1>
ST_54 : Operation 233 [1/1] (0.00ns)   --->   "%br_ln41 = br void %VITIS_LOOP_42_3" [../ip/ip6/channel_shuffle.cpp:41]   --->   Operation 233 'br' 'br_ln41' <Predicate = (icmp_ln1027_3)> <Delay = 0.00>

State 55 <SV = 54> <Delay = 1.82>
ST_55 : Operation 234 [3/4] (1.82ns) (root node of the DSP)   --->   "%mul_ln1027_1 = mul i32 %zext_ln1027_3, i32 %conv3_i12_i300"   --->   Operation 234 'mul' 'mul_ln1027_1' <Predicate = true> <Delay = 1.82> <CoreInst = "DSP48">   --->   Core 119 'DSP48' <Latency = 3> <II = 1> <Delay = 1.82> <IPBlock> <Opcode : 'mul' 'add' 'sub' 'select'> <InPorts = 0> <OutPorts = 1> <Sync> <CReg>

State 56 <SV = 55> <Delay = 2.62>
ST_56 : Operation 235 [2/4] (1.82ns) (root node of the DSP)   --->   "%mul_ln1027_1 = mul i32 %zext_ln1027_3, i32 %conv3_i12_i300"   --->   Operation 235 'mul' 'mul_ln1027_1' <Predicate = true> <Delay = 1.82> <CoreInst = "DSP48">   --->   Core 119 'DSP48' <Latency = 3> <II = 1> <Delay = 1.82> <IPBlock> <Opcode : 'mul' 'add' 'sub' 'select'> <InPorts = 0> <OutPorts = 1> <Sync> <CReg>
ST_56 : Operation 236 [1/1] (0.00ns) (grouped into LUT with out node select_ln43)   --->   "%or_ln43 = or i1 %select_ln42_3, i1 %icmp_ln1027_4" [../ip/ip6/channel_shuffle.cpp:43]   --->   Operation 236 'or' 'or_ln43' <Predicate = true> <Delay = 0.00> <CoreInst = "LogicGate">   --->   Core 74 'LogicGate' <Latency = 0> <II = 1> <Delay = 0.80> <FuncUnit> <Opcode : 'and' 'or' 'xor'> <InPorts = 2> <OutPorts = 1>
ST_56 : Operation 237 [1/1] (0.80ns) (out node of the LUT)   --->   "%select_ln43 = select i1 %or_ln43, i8 0, i8 %g_V" [../ip/ip6/channel_shuffle.cpp:43]   --->   Operation 237 'select' 'select_ln43' <Predicate = true> <Delay = 0.80> <CoreInst = "Sel">   --->   Core 73 'Sel' <Latency = 0> <II = 1> <Delay = 0.44> <FuncUnit> <Opcode : 'select'> <InPorts = 3> <OutPorts = 1>
ST_56 : Operation 238 [1/1] (0.00ns)   --->   "%zext_ln186 = zext i8 %select_ln43"   --->   Operation 238 'zext' 'zext_ln186' <Predicate = true> <Delay = 0.00>
ST_56 : Operation 239 [4/4] (1.82ns) (root node of the DSP)   --->   "%mul_ln47 = mul i16 %zext_ln186, i16 %ret_V_2" [../ip/ip6/channel_shuffle.cpp:47]   --->   Operation 239 'mul' 'mul_ln47' <Predicate = true> <Delay = 1.82> <CoreInst = "DSP48">   --->   Core 119 'DSP48' <Latency = 3> <II = 1> <Delay = 1.82> <IPBlock> <Opcode : 'mul' 'add' 'sub' 'select'> <InPorts = 0> <OutPorts = 1> <Sync> <CReg>

State 57 <SV = 56> <Delay = 4.14>
ST_57 : Operation 240 [1/4] (0.00ns) (root node of the DSP)   --->   "%mul_ln1027_1 = mul i32 %zext_ln1027_3, i32 %conv3_i12_i300"   --->   Operation 240 'mul' 'mul_ln1027_1' <Predicate = true> <Delay = 0.00> <CoreInst = "DSP48">   --->   Core 119 'DSP48' <Latency = 3> <II = 1> <Delay = 1.82> <IPBlock> <Opcode : 'mul' 'add' 'sub' 'select'> <InPorts = 0> <OutPorts = 1> <Sync> <CReg>
ST_57 : Operation 241 [1/1] (0.00ns) (grouped into LUT with out node add_ln1027_2)   --->   "%select_ln42_1 = select i1 %icmp_ln1027_4, i32 %mul_ln1027_1, i32 %mul_ln1027" [../ip/ip6/channel_shuffle.cpp:42]   --->   Operation 241 'select' 'select_ln42_1' <Predicate = (select_ln42_3)> <Delay = 0.00> <CoreInst = "Sel">   --->   Core 73 'Sel' <Latency = 0> <II = 1> <Delay = 0.70> <FuncUnit> <Opcode : 'select'> <InPorts = 3> <OutPorts = 1>
ST_57 : Operation 242 [1/1] (1.89ns)   --->   "%add_ln1027_1 = add i32 %mul_ln1027_1, i32 %zext_ln1027_1"   --->   Operation 242 'add' 'add_ln1027_1' <Predicate = (icmp_ln1027_4 & !select_ln42_3)> <Delay = 1.89> <CoreInst = "Adder">   --->   Core 1 'Adder' <Latency = 0> <II = 1> <Delay = 1.89> <FuncUnit> <Opcode : 'add' 'sub'> <InPorts = 2> <OutPorts = 1>
ST_57 : Operation 243 [1/1] (0.00ns) (grouped into LUT with out node select_ln43_1)   --->   "%select_ln42_2 = select i1 %icmp_ln1027_4, i32 %add_ln1027_1, i32 %add_ln1027" [../ip/ip6/channel_shuffle.cpp:42]   --->   Operation 243 'select' 'select_ln42_2' <Predicate = (!select_ln42_3)> <Delay = 0.00> <CoreInst = "Sel">   --->   Core 73 'Sel' <Latency = 0> <II = 1> <Delay = 0.70> <FuncUnit> <Opcode : 'select'> <InPorts = 3> <OutPorts = 1>
ST_57 : Operation 244 [1/1] (1.54ns)   --->   "%w_V = add i16 %select_ln42, i16 1"   --->   Operation 244 'add' 'w_V' <Predicate = true> <Delay = 1.54> <CoreInst = "Adder">   --->   Core 1 'Adder' <Latency = 0> <II = 1> <Delay = 1.54> <FuncUnit> <Opcode : 'add' 'sub'> <InPorts = 2> <OutPorts = 1>
ST_57 : Operation 245 [1/1] (0.00ns) (grouped into LUT with out node add_ln1027_2)   --->   "%zext_ln1027_4 = zext i16 %w_V"   --->   Operation 245 'zext' 'zext_ln1027_4' <Predicate = (select_ln42_3)> <Delay = 0.00>
ST_57 : Operation 246 [1/1] (1.89ns) (out node of the LUT)   --->   "%add_ln1027_2 = add i32 %select_ln42_1, i32 %zext_ln1027_4"   --->   Operation 246 'add' 'add_ln1027_2' <Predicate = (select_ln42_3)> <Delay = 1.89> <CoreInst = "Adder">   --->   Core 1 'Adder' <Latency = 0> <II = 1> <Delay = 1.89> <FuncUnit> <Opcode : 'add' 'sub'> <InPorts = 2> <OutPorts = 1>
ST_57 : Operation 247 [1/1] (0.70ns) (out node of the LUT)   --->   "%select_ln43_1 = select i1 %select_ln42_3, i32 %add_ln1027_2, i32 %select_ln42_2" [../ip/ip6/channel_shuffle.cpp:43]   --->   Operation 247 'select' 'select_ln43_1' <Predicate = true> <Delay = 0.70> <CoreInst = "Sel">   --->   Core 73 'Sel' <Latency = 0> <II = 1> <Delay = 0.70> <FuncUnit> <Opcode : 'select'> <InPorts = 3> <OutPorts = 1>
ST_57 : Operation 248 [1/1] (0.62ns)   --->   "%select_ln1027_1 = select i1 %select_ln42_3, i16 %w_V, i16 %select_ln42"   --->   Operation 248 'select' 'select_ln1027_1' <Predicate = true> <Delay = 0.62> <CoreInst = "Sel">   --->   Core 73 'Sel' <Latency = 0> <II = 1> <Delay = 0.62> <FuncUnit> <Opcode : 'select'> <InPorts = 3> <OutPorts = 1>
ST_57 : Operation 249 [3/4] (1.82ns) (root node of the DSP)   --->   "%mul_ln47 = mul i16 %zext_ln186, i16 %ret_V_2" [../ip/ip6/channel_shuffle.cpp:47]   --->   Operation 249 'mul' 'mul_ln47' <Predicate = true> <Delay = 1.82> <CoreInst = "DSP48">   --->   Core 119 'DSP48' <Latency = 3> <II = 1> <Delay = 1.82> <IPBlock> <Opcode : 'mul' 'add' 'sub' 'select'> <InPorts = 0> <OutPorts = 1> <Sync> <CReg>

State 58 <SV = 57> <Delay = 7.05>
ST_58 : Operation 250 [1/1] (7.05ns)   --->   "%mul_ln43 = mul i32 %select_ln43_1, i32 %zext_ln1514" [../ip/ip6/channel_shuffle.cpp:43]   --->   Operation 250 'mul' 'mul_ln43' <Predicate = true> <Delay = 7.05> <CoreInst = "Multiplier">   --->   Core 3 'Multiplier' <Latency = 0> <II = 1> <Delay = 7.05> <FuncUnit> <Opcode : 'mul'> <InPorts = 2> <OutPorts = 1>
ST_58 : Operation 251 [2/4] (1.82ns) (root node of the DSP)   --->   "%mul_ln47 = mul i16 %zext_ln186, i16 %ret_V_2" [../ip/ip6/channel_shuffle.cpp:47]   --->   Operation 251 'mul' 'mul_ln47' <Predicate = true> <Delay = 1.82> <CoreInst = "DSP48">   --->   Core 119 'DSP48' <Latency = 3> <II = 1> <Delay = 1.82> <IPBlock> <Opcode : 'mul' 'add' 'sub' 'select'> <InPorts = 0> <OutPorts = 1> <Sync> <CReg>

State 59 <SV = 58> <Delay = 4.58>
ST_59 : Operation 252 [1/4] (0.00ns) (root node of the DSP)   --->   "%mul_ln47 = mul i16 %zext_ln186, i16 %ret_V_2" [../ip/ip6/channel_shuffle.cpp:47]   --->   Operation 252 'mul' 'mul_ln47' <Predicate = true> <Delay = 0.00> <CoreInst = "DSP48">   --->   Core 119 'DSP48' <Latency = 3> <II = 1> <Delay = 1.82> <IPBlock> <Opcode : 'mul' 'add' 'sub' 'select'> <InPorts = 0> <OutPorts = 1> <Sync> <CReg>
ST_59 : Operation 253 [1/1] (0.00ns)   --->   "%zext_ln47 = zext i16 %mul_ln47" [../ip/ip6/channel_shuffle.cpp:47]   --->   Operation 253 'zext' 'zext_ln47' <Predicate = true> <Delay = 0.00>
ST_59 : Operation 254 [1/1] (1.89ns)   --->   "%add_ln47 = add i32 %mul_ln43, i32 %zext_ln47" [../ip/ip6/channel_shuffle.cpp:47]   --->   Operation 254 'add' 'add_ln47' <Predicate = true> <Delay = 1.89> <CoreInst = "Adder">   --->   Core 1 'Adder' <Latency = 0> <II = 1> <Delay = 1.89> <FuncUnit> <Opcode : 'add' 'sub'> <InPorts = 2> <OutPorts = 1>
ST_59 : Operation 255 [1/1] (0.00ns)   --->   "%shl_ln = bitconcatenate i34 @_ssdm_op_BitConcatenate.i34.i32.i2, i32 %add_ln47, i2 0" [../ip/ip6/channel_shuffle.cpp:47]   --->   Operation 255 'bitconcatenate' 'shl_ln' <Predicate = true> <Delay = 0.00>
ST_59 : Operation 256 [1/1] (0.00ns)   --->   "%zext_ln47_1 = zext i34 %shl_ln" [../ip/ip6/channel_shuffle.cpp:47]   --->   Operation 256 'zext' 'zext_ln47_1' <Predicate = true> <Delay = 0.00>
ST_59 : Operation 257 [1/1] (2.69ns)   --->   "%add_ln47_1 = add i64 %zext_ln47_1, i64 %data_in_read" [../ip/ip6/channel_shuffle.cpp:47]   --->   Operation 257 'add' 'add_ln47_1' <Predicate = true> <Delay = 2.69> <CoreInst = "Adder">   --->   Core 1 'Adder' <Latency = 0> <II = 1> <Delay = 2.69> <FuncUnit> <Opcode : 'add' 'sub'> <InPorts = 2> <OutPorts = 1>
ST_59 : Operation 258 [1/1] (0.00ns)   --->   "%trunc_ln = partselect i62 @_ssdm_op_PartSelect.i62.i64.i32.i32, i64 %add_ln47_1, i32 2, i32 63" [../ip/ip6/channel_shuffle.cpp:47]   --->   Operation 258 'partselect' 'trunc_ln' <Predicate = true> <Delay = 0.00>
ST_59 : Operation 259 [1/1] (0.00ns)   --->   "%sext_ln47 = sext i62 %trunc_ln" [../ip/ip6/channel_shuffle.cpp:47]   --->   Operation 259 'sext' 'sext_ln47' <Predicate = true> <Delay = 0.00>
ST_59 : Operation 260 [1/1] (0.00ns)   --->   "%gmem0_addr = getelementptr i32 %gmem0, i64 %sext_ln47" [../ip/ip6/channel_shuffle.cpp:47]   --->   Operation 260 'getelementptr' 'gmem0_addr' <Predicate = true> <Delay = 0.00>

State 60 <SV = 59> <Delay = 7.30>
ST_60 : Operation 261 [7/7] (7.30ns)   --->   "%empty = readreq i1 @_ssdm_op_ReadReq.m_axi.p1i32, i32 %gmem0_addr, i32 %zext_ln40" [../ip/ip6/channel_shuffle.cpp:47]   --->   Operation 261 'readreq' 'empty' <Predicate = true> <Delay = 7.30> <CoreInst = "m_axi">   --->   Core 113 'm_axi' <Latency = 0> <II = 1> <Delay = 1.00> <Adapter> <Opcode : 'read' 'write' 'readreq' 'writereq' 'writeresp'>

State 61 <SV = 60> <Delay = 7.30>
ST_61 : Operation 262 [6/7] (7.30ns)   --->   "%empty = readreq i1 @_ssdm_op_ReadReq.m_axi.p1i32, i32 %gmem0_addr, i32 %zext_ln40" [../ip/ip6/channel_shuffle.cpp:47]   --->   Operation 262 'readreq' 'empty' <Predicate = true> <Delay = 7.30> <CoreInst = "m_axi">   --->   Core 113 'm_axi' <Latency = 0> <II = 1> <Delay = 1.00> <Adapter> <Opcode : 'read' 'write' 'readreq' 'writereq' 'writeresp'>

State 62 <SV = 61> <Delay = 7.30>
ST_62 : Operation 263 [5/7] (7.30ns)   --->   "%empty = readreq i1 @_ssdm_op_ReadReq.m_axi.p1i32, i32 %gmem0_addr, i32 %zext_ln40" [../ip/ip6/channel_shuffle.cpp:47]   --->   Operation 263 'readreq' 'empty' <Predicate = true> <Delay = 7.30> <CoreInst = "m_axi">   --->   Core 113 'm_axi' <Latency = 0> <II = 1> <Delay = 1.00> <Adapter> <Opcode : 'read' 'write' 'readreq' 'writereq' 'writeresp'>

State 63 <SV = 62> <Delay = 7.30>
ST_63 : Operation 264 [4/7] (7.30ns)   --->   "%empty = readreq i1 @_ssdm_op_ReadReq.m_axi.p1i32, i32 %gmem0_addr, i32 %zext_ln40" [../ip/ip6/channel_shuffle.cpp:47]   --->   Operation 264 'readreq' 'empty' <Predicate = true> <Delay = 7.30> <CoreInst = "m_axi">   --->   Core 113 'm_axi' <Latency = 0> <II = 1> <Delay = 1.00> <Adapter> <Opcode : 'read' 'write' 'readreq' 'writereq' 'writeresp'>

State 64 <SV = 63> <Delay = 7.30>
ST_64 : Operation 265 [3/7] (7.30ns)   --->   "%empty = readreq i1 @_ssdm_op_ReadReq.m_axi.p1i32, i32 %gmem0_addr, i32 %zext_ln40" [../ip/ip6/channel_shuffle.cpp:47]   --->   Operation 265 'readreq' 'empty' <Predicate = true> <Delay = 7.30> <CoreInst = "m_axi">   --->   Core 113 'm_axi' <Latency = 0> <II = 1> <Delay = 1.00> <Adapter> <Opcode : 'read' 'write' 'readreq' 'writereq' 'writeresp'>

State 65 <SV = 64> <Delay = 7.30>
ST_65 : Operation 266 [2/7] (7.30ns)   --->   "%empty = readreq i1 @_ssdm_op_ReadReq.m_axi.p1i32, i32 %gmem0_addr, i32 %zext_ln40" [../ip/ip6/channel_shuffle.cpp:47]   --->   Operation 266 'readreq' 'empty' <Predicate = true> <Delay = 7.30> <CoreInst = "m_axi">   --->   Core 113 'm_axi' <Latency = 0> <II = 1> <Delay = 1.00> <Adapter> <Opcode : 'read' 'write' 'readreq' 'writereq' 'writeresp'>

State 66 <SV = 65> <Delay = 7.30>
ST_66 : Operation 267 [1/1] (0.00ns)   --->   "%specloopname_ln0 = specloopname void @_ssdm_op_SpecLoopName, void @VITIS_LOOP_42_3_VITIS_LOOP_43_4_VITIS_LOOP_45_5_str"   --->   Operation 267 'specloopname' 'specloopname_ln0' <Predicate = true> <Delay = 0.00>
ST_66 : Operation 268 [1/1] (0.00ns)   --->   "%specpipeline_ln44 = specpipeline void @_ssdm_op_SpecPipeline, i32 1, i32 0, i32 0, i32 0, void @empty_0" [../ip/ip6/channel_shuffle.cpp:44]   --->   Operation 268 'specpipeline' 'specpipeline_ln44' <Predicate = true> <Delay = 0.00>
ST_66 : Operation 269 [1/1] (0.00ns)   --->   "%specpipeline_ln44 = specpipeline void @_ssdm_op_SpecPipeline, i32 1, i32 0, i32 0, i32 0, void @empty_0" [../ip/ip6/channel_shuffle.cpp:44]   --->   Operation 269 'specpipeline' 'specpipeline_ln44' <Predicate = true> <Delay = 0.00>
ST_66 : Operation 270 [1/1] (0.00ns)   --->   "%specloopname_ln0 = specloopname void @_ssdm_op_SpecLoopName, void @VITIS_LOOP_43_4_VITIS_LOOP_45_5_str"   --->   Operation 270 'specloopname' 'specloopname_ln0' <Predicate = true> <Delay = 0.00>
ST_66 : Operation 271 [1/1] (0.00ns)   --->   "%specpipeline_ln44 = specpipeline void @_ssdm_op_SpecPipeline, i32 1, i32 0, i32 0, i32 0, void @empty_0" [../ip/ip6/channel_shuffle.cpp:44]   --->   Operation 271 'specpipeline' 'specpipeline_ln44' <Predicate = true> <Delay = 0.00>
ST_66 : Operation 272 [1/1] (0.00ns)   --->   "%specloopname_ln45 = specloopname void @_ssdm_op_SpecLoopName, void @empty_14" [../ip/ip6/channel_shuffle.cpp:45]   --->   Operation 272 'specloopname' 'specloopname_ln45' <Predicate = true> <Delay = 0.00>
ST_66 : Operation 273 [1/7] (7.30ns)   --->   "%empty = readreq i1 @_ssdm_op_ReadReq.m_axi.p1i32, i32 %gmem0_addr, i32 %zext_ln40" [../ip/ip6/channel_shuffle.cpp:47]   --->   Operation 273 'readreq' 'empty' <Predicate = true> <Delay = 7.30> <CoreInst = "m_axi">   --->   Core 113 'm_axi' <Latency = 0> <II = 1> <Delay = 1.00> <Adapter> <Opcode : 'read' 'write' 'readreq' 'writereq' 'writeresp'>
ST_66 : Operation 274 [1/1] (1.29ns)   --->   "%br_ln47 = br void %for.inc" [../ip/ip6/channel_shuffle.cpp:47]   --->   Operation 274 'br' 'br_ln47' <Predicate = true> <Delay = 1.29>

State 67 <SV = 66> <Delay = 6.13>
ST_67 : Operation 275 [1/1] (0.00ns)   --->   "%c_V = phi i16 0, void %for.inc54, i16 %c_V_1, void %for.inc.split"   --->   Operation 275 'phi' 'c_V' <Predicate = true> <Delay = 0.00>
ST_67 : Operation 276 [1/1] (0.00ns)   --->   "%phi_mul = phi i16 0, void %for.inc54, i16 %add_ln186, void %for.inc.split"   --->   Operation 276 'phi' 'phi_mul' <Predicate = true> <Delay = 0.00>
ST_67 : Operation 277 [1/1] (2.13ns)   --->   "%icmp_ln47 = icmp_eq  i16 %c_V, i16 %ret_V_2" [../ip/ip6/channel_shuffle.cpp:47]   --->   Operation 277 'icmp' 'icmp_ln47' <Predicate = true> <Delay = 2.13> <CoreInst = "Cmp">   --->   Core 9 'Cmp' <Latency = 0> <II = 1> <Delay = 2.13> <FuncUnit> <Opcode : 'icmp'> <InPorts = 2> <OutPorts = 1>
ST_67 : Operation 278 [1/1] (1.54ns)   --->   "%c_V_1 = add i16 %c_V, i16 1"   --->   Operation 278 'add' 'c_V_1' <Predicate = true> <Delay = 1.54> <CoreInst = "Adder">   --->   Core 1 'Adder' <Latency = 0> <II = 1> <Delay = 1.54> <FuncUnit> <Opcode : 'add' 'sub'> <InPorts = 2> <OutPorts = 1>
ST_67 : Operation 279 [1/1] (0.00ns)   --->   "%br_ln47 = br i1 %icmp_ln47, void %for.inc.split, void %for.inc48.loopexit" [../ip/ip6/channel_shuffle.cpp:47]   --->   Operation 279 'br' 'br_ln47' <Predicate = true> <Delay = 0.00>
ST_67 : Operation 280 [1/1] (1.54ns)   --->   "%add_ln186 = add i16 %phi_mul, i16 %zext_ln1514_1"   --->   Operation 280 'add' 'add_ln186' <Predicate = (!icmp_ln47)> <Delay = 1.54> <CoreInst = "Adder">   --->   Core 1 'Adder' <Latency = 0> <II = 1> <Delay = 1.54> <FuncUnit> <Opcode : 'add' 'sub'> <InPorts = 2> <OutPorts = 1>
ST_67 : Operation 281 [1/1] (1.54ns)   --->   "%out_c_V = add i16 %phi_mul, i16 %zext_ln186"   --->   Operation 281 'add' 'out_c_V' <Predicate = (!icmp_ln47)> <Delay = 1.54> <CoreInst = "Adder">   --->   Core 1 'Adder' <Latency = 0> <II = 1> <Delay = 1.54> <FuncUnit> <Opcode : 'add' 'sub'> <InPorts = 2> <OutPorts = 1>
ST_67 : Operation 282 [1/1] (0.00ns)   --->   "%zext_ln186_1 = zext i16 %out_c_V"   --->   Operation 282 'zext' 'zext_ln186_1' <Predicate = (!icmp_ln47)> <Delay = 0.00>
ST_67 : Operation 283 [1/1] (1.89ns)   --->   "%out_idx_V = add i32 %mul_ln43, i32 %zext_ln186_1"   --->   Operation 283 'add' 'out_idx_V' <Predicate = (!icmp_ln47)> <Delay = 1.89> <CoreInst = "Adder">   --->   Core 1 'Adder' <Latency = 0> <II = 1> <Delay = 1.89> <FuncUnit> <Opcode : 'add' 'sub'> <InPorts = 2> <OutPorts = 1>
ST_67 : Operation 284 [1/1] (0.00ns)   --->   "%shl_ln1 = bitconcatenate i34 @_ssdm_op_BitConcatenate.i34.i32.i2, i32 %out_idx_V, i2 0" [../ip/ip6/channel_shuffle.cpp:56]   --->   Operation 284 'bitconcatenate' 'shl_ln1' <Predicate = (!icmp_ln47)> <Delay = 0.00>
ST_67 : Operation 285 [1/1] (0.00ns)   --->   "%zext_ln56 = zext i34 %shl_ln1" [../ip/ip6/channel_shuffle.cpp:56]   --->   Operation 285 'zext' 'zext_ln56' <Predicate = (!icmp_ln47)> <Delay = 0.00>
ST_67 : Operation 286 [1/1] (2.69ns)   --->   "%add_ln56 = add i64 %zext_ln56, i64 %data_out_read" [../ip/ip6/channel_shuffle.cpp:56]   --->   Operation 286 'add' 'add_ln56' <Predicate = (!icmp_ln47)> <Delay = 2.69> <CoreInst = "Adder">   --->   Core 1 'Adder' <Latency = 0> <II = 1> <Delay = 2.69> <FuncUnit> <Opcode : 'add' 'sub'> <InPorts = 2> <OutPorts = 1>
ST_67 : Operation 287 [1/1] (0.00ns)   --->   "%trunc_ln1 = partselect i62 @_ssdm_op_PartSelect.i62.i64.i32.i32, i64 %add_ln56, i32 2, i32 63" [../ip/ip6/channel_shuffle.cpp:56]   --->   Operation 287 'partselect' 'trunc_ln1' <Predicate = (!icmp_ln47)> <Delay = 0.00>
ST_67 : Operation 288 [1/1] (0.00ns)   --->   "%sext_ln56 = sext i62 %trunc_ln1" [../ip/ip6/channel_shuffle.cpp:56]   --->   Operation 288 'sext' 'sext_ln56' <Predicate = (!icmp_ln47)> <Delay = 0.00>
ST_67 : Operation 289 [1/1] (0.00ns)   --->   "%gmem0_addr_1 = getelementptr i32 %gmem0, i64 %sext_ln56" [../ip/ip6/channel_shuffle.cpp:56]   --->   Operation 289 'getelementptr' 'gmem0_addr_1' <Predicate = (!icmp_ln47)> <Delay = 0.00>
ST_67 : Operation 290 [1/1] (1.30ns)   --->   "%g_V_1 = add i8 %select_ln43, i8 1" [../ip/ip6/channel_shuffle.cpp:45]   --->   Operation 290 'add' 'g_V_1' <Predicate = (icmp_ln47)> <Delay = 1.30> <CoreInst = "Adder">   --->   Core 1 'Adder' <Latency = 0> <II = 1> <Delay = 1.30> <FuncUnit> <Opcode : 'add' 'sub'> <InPorts = 2> <OutPorts = 1>
ST_67 : Operation 291 [1/1] (1.71ns)   --->   "%add_ln1027_3 = add i25 %indvar_flatten, i25 1"   --->   Operation 291 'add' 'add_ln1027_3' <Predicate = (icmp_ln47 & !icmp_ln1027_4)> <Delay = 1.71> <CoreInst = "Adder">   --->   Core 1 'Adder' <Latency = 0> <II = 1> <Delay = 1.71> <FuncUnit> <Opcode : 'add' 'sub'> <InPorts = 2> <OutPorts = 1>
ST_67 : Operation 292 [1/1] (1.03ns)   --->   "%select_ln1027_2 = select i1 %icmp_ln1027_4, i25 1, i25 %add_ln1027_3"   --->   Operation 292 'select' 'select_ln1027_2' <Predicate = (icmp_ln47)> <Delay = 1.03> <CoreInst = "Sel">   --->   Core 73 'Sel' <Latency = 0> <II = 1> <Delay = 1.03> <FuncUnit> <Opcode : 'select'> <InPorts = 3> <OutPorts = 1>
ST_67 : Operation 293 [1/1] (0.00ns)   --->   "%br_ln45 = br void %VITIS_LOOP_47_6" [../ip/ip6/channel_shuffle.cpp:45]   --->   Operation 293 'br' 'br_ln45' <Predicate = (icmp_ln47)> <Delay = 0.00>

State 68 <SV = 67> <Delay = 7.30>
ST_68 : Operation 294 [1/1] (7.30ns)   --->   "%gmem0_addr_read = read i32 @_ssdm_op_Read.m_axi.p1i32, i32 %gmem0_addr" [../ip/ip6/channel_shuffle.cpp:56]   --->   Operation 294 'read' 'gmem0_addr_read' <Predicate = true> <Delay = 7.30> <CoreInst = "m_axi">   --->   Core 113 'm_axi' <Latency = 0> <II = 1> <Delay = 1.00> <Adapter> <Opcode : 'read' 'write' 'readreq' 'writereq' 'writeresp'>
ST_68 : Operation 295 [1/1] (7.30ns)   --->   "%gmem0_addr_1_req = writereq i1 @_ssdm_op_WriteReq.m_axi.i32P1A, i32 %gmem0_addr_1, i32 1" [../ip/ip6/channel_shuffle.cpp:56]   --->   Operation 295 'writereq' 'gmem0_addr_1_req' <Predicate = true> <Delay = 7.30> <CoreInst = "m_axi">   --->   Core 113 'm_axi' <Latency = 0> <II = 1> <Delay = 1.00> <Adapter> <Opcode : 'read' 'write' 'readreq' 'writereq' 'writeresp'>

State 69 <SV = 68> <Delay = 7.30>
ST_69 : Operation 296 [1/1] (7.30ns)   --->   "%write_ln56 = write void @_ssdm_op_Write.m_axi.i32P1A, i32 %gmem0_addr_1, i32 %gmem0_addr_read, i4 15" [../ip/ip6/channel_shuffle.cpp:56]   --->   Operation 296 'write' 'write_ln56' <Predicate = true> <Delay = 7.30> <CoreInst = "m_axi">   --->   Core 113 'm_axi' <Latency = 0> <II = 1> <Delay = 1.00> <Adapter> <Opcode : 'read' 'write' 'readreq' 'writereq' 'writeresp'>

State 70 <SV = 69> <Delay = 7.30>
ST_70 : Operation 297 [5/5] (7.30ns)   --->   "%gmem0_addr_1_resp = writeresp i1 @_ssdm_op_WriteResp.m_axi.i32P1A, i32 %gmem0_addr_1" [../ip/ip6/channel_shuffle.cpp:56]   --->   Operation 297 'writeresp' 'gmem0_addr_1_resp' <Predicate = true> <Delay = 7.30> <CoreInst = "m_axi">   --->   Core 113 'm_axi' <Latency = 0> <II = 1> <Delay = 1.00> <Adapter> <Opcode : 'read' 'write' 'readreq' 'writereq' 'writeresp'>

State 71 <SV = 70> <Delay = 7.30>
ST_71 : Operation 298 [4/5] (7.30ns)   --->   "%gmem0_addr_1_resp = writeresp i1 @_ssdm_op_WriteResp.m_axi.i32P1A, i32 %gmem0_addr_1" [../ip/ip6/channel_shuffle.cpp:56]   --->   Operation 298 'writeresp' 'gmem0_addr_1_resp' <Predicate = true> <Delay = 7.30> <CoreInst = "m_axi">   --->   Core 113 'm_axi' <Latency = 0> <II = 1> <Delay = 1.00> <Adapter> <Opcode : 'read' 'write' 'readreq' 'writereq' 'writeresp'>

State 72 <SV = 71> <Delay = 7.30>
ST_72 : Operation 299 [3/5] (7.30ns)   --->   "%gmem0_addr_1_resp = writeresp i1 @_ssdm_op_WriteResp.m_axi.i32P1A, i32 %gmem0_addr_1" [../ip/ip6/channel_shuffle.cpp:56]   --->   Operation 299 'writeresp' 'gmem0_addr_1_resp' <Predicate = true> <Delay = 7.30> <CoreInst = "m_axi">   --->   Core 113 'm_axi' <Latency = 0> <II = 1> <Delay = 1.00> <Adapter> <Opcode : 'read' 'write' 'readreq' 'writereq' 'writeresp'>

State 73 <SV = 72> <Delay = 7.30>
ST_73 : Operation 300 [2/5] (7.30ns)   --->   "%gmem0_addr_1_resp = writeresp i1 @_ssdm_op_WriteResp.m_axi.i32P1A, i32 %gmem0_addr_1" [../ip/ip6/channel_shuffle.cpp:56]   --->   Operation 300 'writeresp' 'gmem0_addr_1_resp' <Predicate = true> <Delay = 7.30> <CoreInst = "m_axi">   --->   Core 113 'm_axi' <Latency = 0> <II = 1> <Delay = 1.00> <Adapter> <Opcode : 'read' 'write' 'readreq' 'writereq' 'writeresp'>

State 74 <SV = 73> <Delay = 7.30>
ST_74 : Operation 301 [1/1] (0.00ns)   --->   "%specloopname_ln47 = specloopname void @_ssdm_op_SpecLoopName, void @empty_13" [../ip/ip6/channel_shuffle.cpp:47]   --->   Operation 301 'specloopname' 'specloopname_ln47' <Predicate = true> <Delay = 0.00>
ST_74 : Operation 302 [1/5] (7.30ns)   --->   "%gmem0_addr_1_resp = writeresp i1 @_ssdm_op_WriteResp.m_axi.i32P1A, i32 %gmem0_addr_1" [../ip/ip6/channel_shuffle.cpp:56]   --->   Operation 302 'writeresp' 'gmem0_addr_1_resp' <Predicate = true> <Delay = 7.30> <CoreInst = "m_axi">   --->   Core 113 'm_axi' <Latency = 0> <II = 1> <Delay = 1.00> <Adapter> <Opcode : 'read' 'write' 'readreq' 'writereq' 'writeresp'>
ST_74 : Operation 303 [1/1] (0.00ns)   --->   "%br_ln47 = br void %for.inc" [../ip/ip6/channel_shuffle.cpp:47]   --->   Operation 303 'br' 'br_ln47' <Predicate = true> <Delay = 0.00>


============================================================
+ Verbose Summary: Timing violations
============================================================
Target clock period: 10ns, clock uncertainty: 2.7ns.

 <State 1>: 4.01ns
The critical path consists of the following:
	s_axi read operation ('groups_read', ../ip/ip6/channel_shuffle.cpp:13) on port 'groups' (../ip/ip6/channel_shuffle.cpp:13) [26]  (1 ns)
	'urem' operation ('urem_ln1514') [31]  (3.01 ns)

 <State 2>: 3.01ns
The critical path consists of the following:
	'urem' operation ('urem_ln1514') [31]  (3.01 ns)

 <State 3>: 3.01ns
The critical path consists of the following:
	'urem' operation ('urem_ln1514') [31]  (3.01 ns)

 <State 4>: 3.01ns
The critical path consists of the following:
	'urem' operation ('urem_ln1514') [31]  (3.01 ns)

 <State 5>: 3.01ns
The critical path consists of the following:
	'urem' operation ('urem_ln1514') [31]  (3.01 ns)

 <State 6>: 3.01ns
The critical path consists of the following:
	'urem' operation ('urem_ln1514') [31]  (3.01 ns)

 <State 7>: 3.01ns
The critical path consists of the following:
	'urem' operation ('urem_ln1514') [31]  (3.01 ns)

 <State 8>: 3.01ns
The critical path consists of the following:
	'urem' operation ('urem_ln1514') [31]  (3.01 ns)

 <State 9>: 3.01ns
The critical path consists of the following:
	'urem' operation ('urem_ln1514') [31]  (3.01 ns)

 <State 10>: 3.01ns
The critical path consists of the following:
	'urem' operation ('urem_ln1514') [31]  (3.01 ns)

 <State 11>: 3.01ns
The critical path consists of the following:
	'urem' operation ('urem_ln1514') [31]  (3.01 ns)

 <State 12>: 3.01ns
The critical path consists of the following:
	'urem' operation ('urem_ln1514') [31]  (3.01 ns)

 <State 13>: 3.01ns
The critical path consists of the following:
	'urem' operation ('urem_ln1514') [31]  (3.01 ns)

 <State 14>: 3.01ns
The critical path consists of the following:
	'urem' operation ('urem_ln1514') [31]  (3.01 ns)

 <State 15>: 3.01ns
The critical path consists of the following:
	'urem' operation ('urem_ln1514') [31]  (3.01 ns)

 <State 16>: 3.01ns
The critical path consists of the following:
	'urem' operation ('urem_ln1514') [31]  (3.01 ns)

 <State 17>: 3.01ns
The critical path consists of the following:
	'urem' operation ('urem_ln1514') [31]  (3.01 ns)

 <State 18>: 3.01ns
The critical path consists of the following:
	'urem' operation ('urem_ln1514') [31]  (3.01 ns)

 <State 19>: 3.01ns
The critical path consists of the following:
	'urem' operation ('urem_ln1514') [31]  (3.01 ns)

 <State 20>: 5.62ns
The critical path consists of the following:
	'urem' operation ('urem_ln1514') [31]  (3.01 ns)
	'icmp' operation ('icmp_ln1023') [33]  (1.31 ns)
	blocking operation 1.3 ns on control path)

 <State 21>: 3.01ns
The critical path consists of the following:
	'udiv' operation ('ret.V') [38]  (3.01 ns)

 <State 22>: 3.01ns
The critical path consists of the following:
	'udiv' operation ('ret.V') [38]  (3.01 ns)

 <State 23>: 3.01ns
The critical path consists of the following:
	'udiv' operation ('ret.V') [38]  (3.01 ns)

 <State 24>: 3.01ns
The critical path consists of the following:
	'udiv' operation ('ret.V') [38]  (3.01 ns)

 <State 25>: 3.01ns
The critical path consists of the following:
	'udiv' operation ('ret.V') [38]  (3.01 ns)

 <State 26>: 3.01ns
The critical path consists of the following:
	'udiv' operation ('ret.V') [38]  (3.01 ns)

 <State 27>: 3.01ns
The critical path consists of the following:
	'udiv' operation ('ret.V') [38]  (3.01 ns)

 <State 28>: 3.01ns
The critical path consists of the following:
	'udiv' operation ('ret.V') [38]  (3.01 ns)

 <State 29>: 3.01ns
The critical path consists of the following:
	'udiv' operation ('ret.V') [38]  (3.01 ns)

 <State 30>: 3.01ns
The critical path consists of the following:
	'udiv' operation ('ret.V') [38]  (3.01 ns)

 <State 31>: 3.01ns
The critical path consists of the following:
	'udiv' operation ('ret.V') [38]  (3.01 ns)

 <State 32>: 3.01ns
The critical path consists of the following:
	'udiv' operation ('ret.V') [38]  (3.01 ns)

 <State 33>: 3.01ns
The critical path consists of the following:
	'udiv' operation ('ret.V') [38]  (3.01 ns)

 <State 34>: 3.01ns
The critical path consists of the following:
	'udiv' operation ('ret.V') [38]  (3.01 ns)

 <State 35>: 3.01ns
The critical path consists of the following:
	'udiv' operation ('ret.V') [38]  (3.01 ns)

 <State 36>: 3.01ns
The critical path consists of the following:
	'udiv' operation ('ret.V') [38]  (3.01 ns)

 <State 37>: 3.01ns
The critical path consists of the following:
	'udiv' operation ('ret.V') [38]  (3.01 ns)

 <State 38>: 3.01ns
The critical path consists of the following:
	'udiv' operation ('ret.V') [38]  (3.01 ns)

 <State 39>: 3.01ns
The critical path consists of the following:
	'udiv' operation ('ret.V') [38]  (3.01 ns)

 <State 40>: 4.28ns
The critical path consists of the following:
	'load' operation ('h_block.V', ../ip/ip6/channel_shuffle.cpp:40) on local variable 'h.V' [47]  (0 ns)
	'add' operation ('add_ln40_2', ../ip/ip6/channel_shuffle.cpp:40) [57]  (1.54 ns)
	'icmp' operation ('icmp_ln40', ../ip/ip6/channel_shuffle.cpp:40) [58]  (2.11 ns)
	'select' operation ('select_ln40', ../ip/ip6/channel_shuffle.cpp:40) [59]  (0.622 ns)

 <State 41>: 6.16ns
The critical path consists of the following:
	'add' operation ('add_ln40_1', ../ip/ip6/channel_shuffle.cpp:40) [56]  (0 ns)
	'sub' operation ('sub_ln40', ../ip/ip6/channel_shuffle.cpp:40) [60]  (3.21 ns)
	'icmp' operation ('icmp_ln40_1', ../ip/ip6/channel_shuffle.cpp:40) [61]  (2.11 ns)
	'select' operation ('select_ln40_1', ../ip/ip6/channel_shuffle.cpp:40) [62]  (0 ns)
	'xor' operation ('xor_ln40_1', ../ip/ip6/channel_shuffle.cpp:40) [63]  (0.837 ns)

 <State 42>: 4.28ns
The critical path consists of the following:
	'phi' operation ('w_block.V') with incoming values : ('w_block.V', ../ip/ip6/channel_shuffle.cpp:41) [69]  (0 ns)
	'add' operation ('add_ln41_2', ../ip/ip6/channel_shuffle.cpp:41) [78]  (1.54 ns)
	'icmp' operation ('icmp_ln41', ../ip/ip6/channel_shuffle.cpp:41) [79]  (2.11 ns)
	'select' operation ('select_ln41', ../ip/ip6/channel_shuffle.cpp:41) [80]  (0.622 ns)

 <State 43>: 6.16ns
The critical path consists of the following:
	'add' operation ('add_ln41_1', ../ip/ip6/channel_shuffle.cpp:41) [77]  (0 ns)
	'sub' operation ('sub_ln41', ../ip/ip6/channel_shuffle.cpp:41) [81]  (3.21 ns)
	'icmp' operation ('icmp_ln41_1', ../ip/ip6/channel_shuffle.cpp:41) [82]  (2.11 ns)
	'select' operation ('select_ln41_1', ../ip/ip6/channel_shuffle.cpp:41) [83]  (0 ns)
	'xor' operation ('xor_ln41_1', ../ip/ip6/channel_shuffle.cpp:41) [84]  (0.837 ns)

 <State 44>: 1.82ns
The critical path consists of the following:
	'mul' operation of DSP[87] ('mul_ln41', ../ip/ip6/channel_shuffle.cpp:41) [87]  (1.82 ns)

 <State 45>: 1.82ns
The critical path consists of the following:
	'mul' operation of DSP[87] ('mul_ln41', ../ip/ip6/channel_shuffle.cpp:41) [87]  (1.82 ns)

 <State 46>: 1.82ns
The critical path consists of the following:
	'mul' operation of DSP[87] ('mul_ln41', ../ip/ip6/channel_shuffle.cpp:41) [87]  (1.82 ns)

 <State 47>: 1.82ns
The critical path consists of the following:
	'mul' operation of DSP[87] ('mul_ln41', ../ip/ip6/channel_shuffle.cpp:41) [87]  (0 ns)
	'mul' operation of DSP[89] ('mul_ln41_1', ../ip/ip6/channel_shuffle.cpp:41) [89]  (1.82 ns)

 <State 48>: 1.82ns
The critical path consists of the following:
	'mul' operation of DSP[89] ('mul_ln41_1', ../ip/ip6/channel_shuffle.cpp:41) [89]  (1.82 ns)

 <State 49>: 1.82ns
The critical path consists of the following:
	'mul' operation of DSP[89] ('mul_ln41_1', ../ip/ip6/channel_shuffle.cpp:41) [89]  (1.82 ns)

 <State 50>: 1.3ns
The critical path consists of the following:
	multiplexor before 'phi' operation ('indvar_flatten57') with incoming values : ('add_ln1027_4') [93]  (1.3 ns)

 <State 51>: 2.14ns
The critical path consists of the following:
	'phi' operation ('indvar_flatten57') with incoming values : ('add_ln1027_4') [93]  (0 ns)
	'add' operation ('add_ln1027_4') [104]  (2.14 ns)

 <State 52>: 1.82ns
The critical path consists of the following:
	'mul' operation of DSP[99] ('mul_ln1027') [99]  (1.82 ns)

 <State 53>: 1.82ns
The critical path consists of the following:
	'mul' operation of DSP[99] ('mul_ln1027') [99]  (1.82 ns)

 <State 54>: 3.37ns
The critical path consists of the following:
	'add' operation ('add_ln840') [110]  (1.54 ns)
	'mul' operation of DSP[112] ('mul_ln1027_1') [112]  (1.82 ns)

 <State 55>: 1.82ns
The critical path consists of the following:
	'mul' operation of DSP[112] ('mul_ln1027_1') [112]  (1.82 ns)

 <State 56>: 2.62ns
The critical path consists of the following:
	'or' operation ('or_ln43', ../ip/ip6/channel_shuffle.cpp:43) [123]  (0 ns)
	'select' operation ('select_ln43', ../ip/ip6/channel_shuffle.cpp:43) [124]  (0.8 ns)
	'mul' operation of DSP[133] ('mul_ln47', ../ip/ip6/channel_shuffle.cpp:47) [133]  (1.82 ns)

 <State 57>: 4.15ns
The critical path consists of the following:
	'add' operation ('w_V') [120]  (1.54 ns)
	'add' operation ('add_ln1027_2') [126]  (1.9 ns)
	'select' operation ('select_ln43_1', ../ip/ip6/channel_shuffle.cpp:43) [127]  (0.705 ns)

 <State 58>: 7.05ns
The critical path consists of the following:
	'mul' operation ('mul_ln43', ../ip/ip6/channel_shuffle.cpp:43) [128]  (7.05 ns)

 <State 59>: 4.59ns
The critical path consists of the following:
	'mul' operation of DSP[133] ('mul_ln47', ../ip/ip6/channel_shuffle.cpp:47) [133]  (0 ns)
	'add' operation ('add_ln47', ../ip/ip6/channel_shuffle.cpp:47) [135]  (1.9 ns)
	'add' operation ('add_ln47_1', ../ip/ip6/channel_shuffle.cpp:47) [138]  (2.69 ns)

 <State 60>: 7.3ns
The critical path consists of the following:
	bus request operation ('empty', ../ip/ip6/channel_shuffle.cpp:47) on port 'gmem0' (../ip/ip6/channel_shuffle.cpp:47) [142]  (7.3 ns)

 <State 61>: 7.3ns
The critical path consists of the following:
	bus request operation ('empty', ../ip/ip6/channel_shuffle.cpp:47) on port 'gmem0' (../ip/ip6/channel_shuffle.cpp:47) [142]  (7.3 ns)

 <State 62>: 7.3ns
The critical path consists of the following:
	bus request operation ('empty', ../ip/ip6/channel_shuffle.cpp:47) on port 'gmem0' (../ip/ip6/channel_shuffle.cpp:47) [142]  (7.3 ns)

 <State 63>: 7.3ns
The critical path consists of the following:
	bus request operation ('empty', ../ip/ip6/channel_shuffle.cpp:47) on port 'gmem0' (../ip/ip6/channel_shuffle.cpp:47) [142]  (7.3 ns)

 <State 64>: 7.3ns
The critical path consists of the following:
	bus request operation ('empty', ../ip/ip6/channel_shuffle.cpp:47) on port 'gmem0' (../ip/ip6/channel_shuffle.cpp:47) [142]  (7.3 ns)

 <State 65>: 7.3ns
The critical path consists of the following:
	bus request operation ('empty', ../ip/ip6/channel_shuffle.cpp:47) on port 'gmem0' (../ip/ip6/channel_shuffle.cpp:47) [142]  (7.3 ns)

 <State 66>: 7.3ns
The critical path consists of the following:
	bus request operation ('empty', ../ip/ip6/channel_shuffle.cpp:47) on port 'gmem0' (../ip/ip6/channel_shuffle.cpp:47) [142]  (7.3 ns)

 <State 67>: 6.13ns
The critical path consists of the following:
	'phi' operation ('phi_mul') with incoming values : ('add_ln186') [146]  (0 ns)
	'add' operation ('out_c.V') [153]  (1.54 ns)
	'add' operation ('out_idx.V') [155]  (1.9 ns)
	'add' operation ('add_ln56', ../ip/ip6/channel_shuffle.cpp:56) [159]  (2.69 ns)

 <State 68>: 7.3ns
The critical path consists of the following:
	bus read operation ('gmem0_addr_read', ../ip/ip6/channel_shuffle.cpp:56) on port 'gmem0' (../ip/ip6/channel_shuffle.cpp:56) [156]  (7.3 ns)

 <State 69>: 7.3ns
The critical path consists of the following:
	bus write operation ('write_ln56', ../ip/ip6/channel_shuffle.cpp:56) on port 'gmem0' (../ip/ip6/channel_shuffle.cpp:56) [164]  (7.3 ns)

 <State 70>: 7.3ns
The critical path consists of the following:
	bus response operation ('gmem0_addr_1_resp', ../ip/ip6/channel_shuffle.cpp:56) on port 'gmem0' (../ip/ip6/channel_shuffle.cpp:56) [165]  (7.3 ns)

 <State 71>: 7.3ns
The critical path consists of the following:
	bus response operation ('gmem0_addr_1_resp', ../ip/ip6/channel_shuffle.cpp:56) on port 'gmem0' (../ip/ip6/channel_shuffle.cpp:56) [165]  (7.3 ns)

 <State 72>: 7.3ns
The critical path consists of the following:
	bus response operation ('gmem0_addr_1_resp', ../ip/ip6/channel_shuffle.cpp:56) on port 'gmem0' (../ip/ip6/channel_shuffle.cpp:56) [165]  (7.3 ns)

 <State 73>: 7.3ns
The critical path consists of the following:
	bus response operation ('gmem0_addr_1_resp', ../ip/ip6/channel_shuffle.cpp:56) on port 'gmem0' (../ip/ip6/channel_shuffle.cpp:56) [165]  (7.3 ns)

 <State 74>: 7.3ns
The critical path consists of the following:
	bus response operation ('gmem0_addr_1_resp', ../ip/ip6/channel_shuffle.cpp:56) on port 'gmem0' (../ip/ip6/channel_shuffle.cpp:56) [165]  (7.3 ns)


============================================================
+ Verbose Summary: Binding
============================================================
N/A
* FSMD analyzer results:
  - Output states:
 - Input state : 
  - Chain level:
	State 1
	State 2
	State 3
	State 4
	State 5
	State 6
	State 7
	State 8
	State 9
	State 10
	State 11
	State 12
	State 13
	State 14
	State 15
	State 16
	State 17
	State 18
	State 19
	State 20
	State 21
	State 22
	State 23
	State 24
	State 25
	State 26
	State 27
	State 28
	State 29
	State 30
	State 31
	State 32
	State 33
	State 34
	State 35
	State 36
	State 37
	State 38
	State 39
	State 40
	State 41
	State 42
	State 43
	State 44
	State 45
	State 46
	State 47
	State 48
	State 49
	State 50
	State 51
	State 52
	State 53
	State 54
	State 55
	State 56
	State 57
	State 58
	State 59
	State 60
	State 61
	State 62
	State 63
	State 64
	State 65
	State 66
	State 67
	State 68
	State 69
	State 70
	State 71
	State 72
	State 73
	State 74


============================================================
+ Verbose Summary: Datapath Resource usage 
============================================================
N/A
