

================================================================
== Vitis HLS Report for 'fully_connected'
================================================================
* Date:           Tue Nov  4 14:37:31 2025

* Version:        2022.2 (Build 3670227 on Oct 13 2022)
* Project:        ip6
* Solution:       solution1 (Vivado IP Flow Target)
* Product family: zynq
* Target device:  xc7z020-clg400-2


================================================================
== Performance Estimates
================================================================
+ Timing: 
    * Summary: 
    +--------+----------+----------+------------+
    |  Clock |  Target  | Estimated| Uncertainty|
    +--------+----------+----------+------------+
    |ap_clk  |  10.00 ns|  7.300 ns|     2.70 ns|
    +--------+----------+----------+------------+

+ Latency: 
    * Summary: 
    +---------+-------------+-----------+-------------+-----+-------------+---------+
    |    Latency (cycles)   |    Latency (absolute)   |      Interval     | Pipeline|
    |   min   |     max     |    min    |     max     | min |     max     |   Type  |
    +---------+-------------+-----------+-------------+-----+-------------+---------+
    |        7|  81602936842|  70.000 ns|  816.029 sec|    8|  81602936843|       no|
    +---------+-------------+-----------+-------------+-----+-------------+---------+

    + Detail: 
        * Instance: 
        N/A

        * Loop: 
        +--------------------+---------+-------------+--------------+-----------+-----------+-----------+----------+
        |                    |    Latency (cycles)   |   Iteration  |  Initiation Interval  |    Trip   |          |
        |      Loop Name     |   min   |     max     |    Latency   |  achieved |   target  |   Count   | Pipelined|
        +--------------------+---------+-------------+--------------+-----------+-----------+-----------+----------+
        |- VITIS_LOOP_35_1   |        0|  81602936835|  16 ~ 1245181|          -|          -|  0 ~ 65535|        no|
        | + VITIS_LOOP_42_2  |        0|      1245165|            19|          -|          -|  0 ~ 65535|        no|
        +--------------------+---------+-------------+--------------+-----------+-----------+-----------+----------+



================================================================
== Utilization Estimates
================================================================
* Summary: 
+-----------------+---------+-----+--------+-------+-----+
|       Name      | BRAM_18K| DSP |   FF   |  LUT  | URAM|
+-----------------+---------+-----+--------+-------+-----+
|DSP              |        -|    -|       -|      -|    -|
|Expression       |        -|    -|       0|    330|    -|
|FIFO             |        -|    -|       -|      -|    -|
|Instance         |        0|    5|    1418|   2605|    -|
|Memory           |        -|    -|       -|      -|    -|
|Multiplexer      |        -|    -|       -|    296|    -|
|Register         |        -|    -|    1119|      -|    -|
+-----------------+---------+-----+--------+-------+-----+
|Total            |        0|    5|    2537|   3231|    0|
+-----------------+---------+-----+--------+-------+-----+
|Available        |      280|  220|  106400|  53200|    0|
+-----------------+---------+-----+--------+-------+-----+
|Utilization (%)  |        0|    2|       2|      6|    0|
+-----------------+---------+-----+--------+-------+-----+

+ Detail: 
    * Instance: 
    +-----------------------------------+--------------------------------+---------+----+-----+------+-----+
    |              Instance             |             Module             | BRAM_18K| DSP|  FF |  LUT | URAM|
    +-----------------------------------+--------------------------------+---------+----+-----+------+-----+
    |control_s_axi_U                    |control_s_axi                   |        0|   0|  360|   616|    0|
    |fadd_32ns_32ns_32_5_full_dsp_1_U1  |fadd_32ns_32ns_32_5_full_dsp_1  |        0|   2|  205|   391|    0|
    |fmul_32ns_32ns_32_4_max_dsp_1_U2   |fmul_32ns_32ns_32_4_max_dsp_1   |        0|   3|  143|   322|    0|
    |gmem0_m_axi_U                      |gmem0_m_axi                     |        0|   0|  710|  1276|    0|
    +-----------------------------------+--------------------------------+---------+----+-----+------+-----+
    |Total                              |                                |        0|   5| 1418|  2605|    0|
    +-----------------------------------+--------------------------------+---------+----+-----+------+-----+

    * DSP: 
    N/A

    * Memory: 
    N/A

    * FIFO: 
    N/A

    * Expression: 
    +-------------------------+----------+----+---+----+------------+------------+
    |      Variable Name      | Operation| DSP| FF| LUT| Bitwidth P0| Bitwidth P1|
    +-------------------------+----------+----+---+----+------------+------------+
    |add_ln1027_fu_311_p2     |         +|   0|  0|  32|          32|          32|
    |add_ln35_fu_325_p2       |         +|   0|  0|  16|          16|           1|
    |add_ln42_fu_349_p2       |         +|   0|  0|  16|          16|           1|
    |add_ln47_1_fu_370_p2     |         +|   0|  0|  63|          63|          63|
    |add_ln47_2_fu_335_p2     |         +|   0|  0|  63|          63|          63|
    |add_ln47_fu_355_p2       |         +|   0|  0|  63|          63|          63|
    |add_ln51_fu_385_p2       |         +|   0|  0|  63|          63|          63|
    |icmp_ln1027_1_fu_344_p2  |      icmp|   0|  0|   7|          16|          16|
    |icmp_ln1027_fu_320_p2    |      icmp|   0|  0|   7|          16|          16|
    +-------------------------+----------+----+---+----+------------+------------+
    |Total                    |          |   0|  0| 330|         348|         318|
    +-------------------------+----------+----+---+----+------------+------------+

    * Multiplexer: 
    +----------------+-----+-----------+-----+-----------+
    |      Name      | LUT | Input Size| Bits| Total Bits|
    +----------------+-----+-----------+-----+-----------+
    |ap_NS_fsm       |  185|         42|    1|         42|
    |gmem0_ARADDR    |   17|          4|   64|        256|
    |gmem0_blk_n_AR  |    9|          2|    1|          2|
    |gmem0_blk_n_AW  |    9|          2|    1|          2|
    |gmem0_blk_n_B   |    9|          2|    1|          2|
    |gmem0_blk_n_R   |    9|          2|    1|          2|
    |gmem0_blk_n_W   |    9|          2|    1|          2|
    |grp_fu_220_p1   |   13|          3|   32|         96|
    |i_reg_197       |    9|          2|   16|         32|
    |o_fu_106        |    9|          2|   16|         32|
    |phi_mul_fu_102  |    9|          2|   32|         64|
    |sum_1_reg_208   |    9|          2|   32|         64|
    +----------------+-----+-----------+-----+-----------+
    |Total           |  296|         67|  198|        596|
    +----------------+-----+-----------+-----+-----------+

    * Register: 
    +---------------------------+----+----+-----+-----------+
    |            Name           | FF | LUT| Bits| Const Bits|
    +---------------------------+----+----+-----+-----------+
    |add_ln1027_reg_490         |  32|   0|   32|          0|
    |add_ln35_reg_503           |  16|   0|   16|          0|
    |add_ln42_reg_516           |  16|   0|   16|          0|
    |add_ln47_2_reg_508         |  63|   0|   63|          0|
    |ap_CS_fsm                  |  41|   0|   41|          0|
    |gmem0_addr_1_read_reg_569  |  32|   0|   32|          0|
    |gmem0_addr_1_reg_533       |  64|   0|   64|          0|
    |gmem0_addr_2_read_reg_539  |  32|   0|   32|          0|
    |gmem0_addr_2_reg_521       |  64|   0|   64|          0|
    |gmem0_addr_3_read_reg_544  |  32|   0|   32|          0|
    |gmem0_addr_3_reg_527       |  64|   0|   64|          0|
    |gmem0_addr_reg_459         |  64|   0|   64|          0|
    |i_reg_197                  |  16|   0|   16|          0|
    |in_features_read_reg_443   |  16|   0|   16|          0|
    |mul_reg_559                |  32|   0|   32|          0|
    |o_fu_106                   |  16|   0|   16|          0|
    |out_features_read_reg_437  |  16|   0|   16|          0|
    |phi_mul_fu_102             |  32|   0|   32|          0|
    |sext_ln35_1_reg_475        |  63|   0|   63|          0|
    |sext_ln35_reg_470          |  63|   0|   63|          0|
    |sum_1_reg_208              |  32|   0|   32|          0|
    |sum_reg_579                |  32|   0|   32|          0|
    |trunc_ln1_reg_465          |  62|   0|   62|          0|
    |trunc_ln35_1_reg_454       |  62|   0|   62|          0|
    |trunc_ln42_cast_reg_480    |  63|   0|   63|          0|
    |trunc_ln_reg_449           |  62|   0|   62|          0|
    |zext_ln1027_reg_495        |  16|   0|   63|         47|
    |zext_ln35_1_reg_485        |  16|   0|   32|         16|
    +---------------------------+----+----+-----+-----------+
    |Total                      |1119|   0| 1182|         63|
    +---------------------------+----+----+-----+-----------+



================================================================
== Interface
================================================================
* Summary: 
+-----------------------+-----+-----+------------+-----------------+--------------+
|       RTL Ports       | Dir | Bits|  Protocol  |  Source Object  |    C Type    |
+-----------------------+-----+-----+------------+-----------------+--------------+
|s_axi_control_AWVALID  |   in|    1|       s_axi|          control|        scalar|
|s_axi_control_AWREADY  |  out|    1|       s_axi|          control|        scalar|
|s_axi_control_AWADDR   |   in|    7|       s_axi|          control|        scalar|
|s_axi_control_WVALID   |   in|    1|       s_axi|          control|        scalar|
|s_axi_control_WREADY   |  out|    1|       s_axi|          control|        scalar|
|s_axi_control_WDATA    |   in|   32|       s_axi|          control|        scalar|
|s_axi_control_WSTRB    |   in|    4|       s_axi|          control|        scalar|
|s_axi_control_ARVALID  |   in|    1|       s_axi|          control|        scalar|
|s_axi_control_ARREADY  |  out|    1|       s_axi|          control|        scalar|
|s_axi_control_ARADDR   |   in|    7|       s_axi|          control|        scalar|
|s_axi_control_RVALID   |  out|    1|       s_axi|          control|        scalar|
|s_axi_control_RREADY   |   in|    1|       s_axi|          control|        scalar|
|s_axi_control_RDATA    |  out|   32|       s_axi|          control|        scalar|
|s_axi_control_RRESP    |  out|    2|       s_axi|          control|        scalar|
|s_axi_control_BVALID   |  out|    1|       s_axi|          control|        scalar|
|s_axi_control_BREADY   |   in|    1|       s_axi|          control|        scalar|
|s_axi_control_BRESP    |  out|    2|       s_axi|          control|        scalar|
|ap_clk                 |   in|    1|  ap_ctrl_hs|  fully_connected|  return value|
|ap_rst_n               |   in|    1|  ap_ctrl_hs|  fully_connected|  return value|
|interrupt              |  out|    1|  ap_ctrl_hs|  fully_connected|  return value|
|m_axi_gmem0_AWVALID    |  out|    1|       m_axi|            gmem0|       pointer|
|m_axi_gmem0_AWREADY    |   in|    1|       m_axi|            gmem0|       pointer|
|m_axi_gmem0_AWADDR     |  out|   64|       m_axi|            gmem0|       pointer|
|m_axi_gmem0_AWID       |  out|    1|       m_axi|            gmem0|       pointer|
|m_axi_gmem0_AWLEN      |  out|    8|       m_axi|            gmem0|       pointer|
|m_axi_gmem0_AWSIZE     |  out|    3|       m_axi|            gmem0|       pointer|
|m_axi_gmem0_AWBURST    |  out|    2|       m_axi|            gmem0|       pointer|
|m_axi_gmem0_AWLOCK     |  out|    2|       m_axi|            gmem0|       pointer|
|m_axi_gmem0_AWCACHE    |  out|    4|       m_axi|            gmem0|       pointer|
|m_axi_gmem0_AWPROT     |  out|    3|       m_axi|            gmem0|       pointer|
|m_axi_gmem0_AWQOS      |  out|    4|       m_axi|            gmem0|       pointer|
|m_axi_gmem0_AWREGION   |  out|    4|       m_axi|            gmem0|       pointer|
|m_axi_gmem0_AWUSER     |  out|    1|       m_axi|            gmem0|       pointer|
|m_axi_gmem0_WVALID     |  out|    1|       m_axi|            gmem0|       pointer|
|m_axi_gmem0_WREADY     |   in|    1|       m_axi|            gmem0|       pointer|
|m_axi_gmem0_WDATA      |  out|   32|       m_axi|            gmem0|       pointer|
|m_axi_gmem0_WSTRB      |  out|    4|       m_axi|            gmem0|       pointer|
|m_axi_gmem0_WLAST      |  out|    1|       m_axi|            gmem0|       pointer|
|m_axi_gmem0_WID        |  out|    1|       m_axi|            gmem0|       pointer|
|m_axi_gmem0_WUSER      |  out|    1|       m_axi|            gmem0|       pointer|
|m_axi_gmem0_ARVALID    |  out|    1|       m_axi|            gmem0|       pointer|
|m_axi_gmem0_ARREADY    |   in|    1|       m_axi|            gmem0|       pointer|
|m_axi_gmem0_ARADDR     |  out|   64|       m_axi|            gmem0|       pointer|
|m_axi_gmem0_ARID       |  out|    1|       m_axi|            gmem0|       pointer|
|m_axi_gmem0_ARLEN      |  out|    8|       m_axi|            gmem0|       pointer|
|m_axi_gmem0_ARSIZE     |  out|    3|       m_axi|            gmem0|       pointer|
|m_axi_gmem0_ARBURST    |  out|    2|       m_axi|            gmem0|       pointer|
|m_axi_gmem0_ARLOCK     |  out|    2|       m_axi|            gmem0|       pointer|
|m_axi_gmem0_ARCACHE    |  out|    4|       m_axi|            gmem0|       pointer|
|m_axi_gmem0_ARPROT     |  out|    3|       m_axi|            gmem0|       pointer|
|m_axi_gmem0_ARQOS      |  out|    4|       m_axi|            gmem0|       pointer|
|m_axi_gmem0_ARREGION   |  out|    4|       m_axi|            gmem0|       pointer|
|m_axi_gmem0_ARUSER     |  out|    1|       m_axi|            gmem0|       pointer|
|m_axi_gmem0_RVALID     |   in|    1|       m_axi|            gmem0|       pointer|
|m_axi_gmem0_RREADY     |  out|    1|       m_axi|            gmem0|       pointer|
|m_axi_gmem0_RDATA      |   in|   32|       m_axi|            gmem0|       pointer|
|m_axi_gmem0_RLAST      |   in|    1|       m_axi|            gmem0|       pointer|
|m_axi_gmem0_RID        |   in|    1|       m_axi|            gmem0|       pointer|
|m_axi_gmem0_RUSER      |   in|    1|       m_axi|            gmem0|       pointer|
|m_axi_gmem0_RRESP      |   in|    2|       m_axi|            gmem0|       pointer|
|m_axi_gmem0_BVALID     |   in|    1|       m_axi|            gmem0|       pointer|
|m_axi_gmem0_BREADY     |  out|    1|       m_axi|            gmem0|       pointer|
|m_axi_gmem0_BRESP      |   in|    2|       m_axi|            gmem0|       pointer|
|m_axi_gmem0_BID        |   in|    1|       m_axi|            gmem0|       pointer|
|m_axi_gmem0_BUSER      |   in|    1|       m_axi|            gmem0|       pointer|
+-----------------------+-----+-----+------------+-----------------+--------------+

