

================================================================
== Vitis HLS Report for 'Block_entry352_proc1_Pipeline_3'
================================================================
* Date:           Thu Nov  6 12:00:37 2025

* Version:        2022.2 (Build 3670227 on Oct 13 2022)
* Project:        ip9
* Solution:       solution1 (Vivado IP Flow Target)
* Product family: zynq
* Target device:  xc7z020-clg400-2


================================================================
== Performance Estimates
================================================================
+ Timing: 
    * Summary: 
    +--------+----------+----------+------------+
    |  Clock |  Target  | Estimated| Uncertainty|
    +--------+----------+----------+------------+
    |ap_clk  |  10.00 ns|  5.620 ns|     2.70 ns|
    +--------+----------+----------+------------+

+ Latency: 
    * Summary: 
    +---------+---------+----------+----------+-----+-----+---------+
    |  Latency (cycles) |  Latency (absolute) |  Interval | Pipeline|
    |   min   |   max   |    min   |    max   | min | max |   Type  |
    +---------+---------+----------+----------+-----+-----+---------+
    |      290|      290|  2.900 us|  2.900 us|  290|  290|       no|
    +---------+---------+----------+----------+-----+-----+---------+

    + Detail: 
        * Instance: 
        N/A

        * Loop: 
        +----------+---------+---------+----------+-----------+-----------+------+----------+
        |          |  Latency (cycles) | Iteration|  Initiation Interval  | Trip |          |
        | Loop Name|   min   |   max   |  Latency |  achieved |   target  | Count| Pipelined|
        +----------+---------+---------+----------+-----------+-----------+------+----------+
        |- Loop 1  |      288|      288|         1|          1|          1|   288|       yes|
        +----------+---------+---------+----------+-----------+-----------+------+----------+



================================================================
== Utilization Estimates
================================================================
* Summary: 
+-----------------+---------+-----+--------+-------+-----+
|       Name      | BRAM_18K| DSP |   FF   |  LUT  | URAM|
+-----------------+---------+-----+--------+-------+-----+
|DSP              |        -|    -|       -|      -|    -|
|Expression       |        -|    -|       0|     69|    -|
|FIFO             |        -|    -|       -|      -|    -|
|Instance         |        -|    -|       -|      -|    -|
|Memory           |        -|    -|       -|      -|    -|
|Multiplexer      |        -|    -|       -|     45|    -|
|Register         |        -|    -|      39|      -|    -|
+-----------------+---------+-----+--------+-------+-----+
|Total            |        0|    0|      39|    114|    0|
+-----------------+---------+-----+--------+-------+-----+
|Available        |      280|  220|  106400|  53200|    0|
+-----------------+---------+-----+--------+-------+-----+
|Utilization (%)  |        0|    0|      ~0|     ~0|    0|
+-----------------+---------+-----+--------+-------+-----+

+ Detail: 
    * Instance: 
    N/A

    * DSP: 
    N/A

    * Memory: 
    N/A

    * FIFO: 
    N/A

    * Expression: 
    +-----------------------+----------+----+---+----+------------+------------+
    |     Variable Name     | Operation| DSP| FF| LUT| Bitwidth P0| Bitwidth P1|
    +-----------------------+----------+----+---+----+------------+------------+
    |empty_162_fu_124_p2    |         +|   0|  0|   9|           9|           1|
    |empty_165_fu_192_p2    |         +|   0|  0|   7|           6|           6|
    |next_mul575_fu_136_p2  |         +|   0|  0|  18|          18|          10|
    |next_urem_fu_229_p2    |         +|   0|  0|   9|           9|           1|
    |empty_164_fu_172_p2    |         -|   0|  0|   7|           6|           6|
    |empty_163_fu_235_p2    |      icmp|   0|  0|   4|           9|           6|
    |exitcond13_fu_118_p2   |      icmp|   0|  0|   4|           9|           9|
    |idx_urem_fu_241_p3     |    select|   0|  0|   9|           1|           9|
    |ap_enable_pp0          |       xor|   0|  0|   2|           1|           2|
    +-----------------------+----------+----+---+----+------------+------------+
    |Total                  |          |   0|  0|  69|          68|          50|
    +-----------------------+----------+----+---+----+------------+------------+

    * Multiplexer: 
    +-------------------------+----+-----------+-----+-----------+
    |           Name          | LUT| Input Size| Bits| Total Bits|
    +-------------------------+----+-----------+-----+-----------+
    |ap_done_int              |   9|          2|    1|          2|
    |ap_enable_reg_pp0_iter1  |   9|          2|    1|          2|
    |empty_fu_68              |   9|          2|    9|         18|
    |phi_mul574_fu_64         |   9|          2|   18|         36|
    |phi_urem_fu_60           |   9|          2|    9|         18|
    +-------------------------+----+-----------+-----+-----------+
    |Total                    |  45|         10|   38|         76|
    +-------------------------+----+-----------+-----+-----------+

    * Register: 
    +-------------------------+----+----+-----+-----------+
    |           Name          | FF | LUT| Bits| Const Bits|
    +-------------------------+----+----+-----+-----------+
    |ap_CS_fsm                |   1|   0|    1|          0|
    |ap_done_reg              |   1|   0|    1|          0|
    |ap_enable_reg_pp0_iter1  |   1|   0|    1|          0|
    |empty_fu_68              |   9|   0|    9|          0|
    |phi_mul574_fu_64         |  18|   0|   18|          0|
    |phi_urem_fu_60           |   9|   0|    9|          0|
    +-------------------------+----+----+-----+-----------+
    |Total                    |  39|   0|   39|          0|
    +-------------------------+----+----+-----+-----------+



================================================================
== Interface
================================================================
* Summary: 
+---------------------------------+-----+-----+------------+---------------------------------+--------------+
|            RTL Ports            | Dir | Bits|  Protocol  |          Source Object          |    C Type    |
+---------------------------------+-----+-----+------------+---------------------------------+--------------+
|ap_clk                           |   in|    1|  ap_ctrl_hs|  Block_entry352_proc1_Pipeline_3|  return value|
|ap_rst                           |   in|    1|  ap_ctrl_hs|  Block_entry352_proc1_Pipeline_3|  return value|
|ap_start                         |   in|    1|  ap_ctrl_hs|  Block_entry352_proc1_Pipeline_3|  return value|
|ap_done                          |  out|    1|  ap_ctrl_hs|  Block_entry352_proc1_Pipeline_3|  return value|
|ap_idle                          |  out|    1|  ap_ctrl_hs|  Block_entry352_proc1_Pipeline_3|  return value|
|ap_ready                         |  out|    1|  ap_ctrl_hs|  Block_entry352_proc1_Pipeline_3|  return value|
|local_feature_in_blk_address0    |  out|    8|   ap_memory|             local_feature_in_blk|         array|
|local_feature_in_blk_ce0         |  out|    1|   ap_memory|             local_feature_in_blk|         array|
|local_feature_in_blk_we0         |  out|    1|   ap_memory|             local_feature_in_blk|         array|
|local_feature_in_blk_d0          |  out|   32|   ap_memory|             local_feature_in_blk|         array|
|local_feature_in_blk_1_address0  |  out|    8|   ap_memory|           local_feature_in_blk_1|         array|
|local_feature_in_blk_1_ce0       |  out|    1|   ap_memory|           local_feature_in_blk_1|         array|
|local_feature_in_blk_1_we0       |  out|    1|   ap_memory|           local_feature_in_blk_1|         array|
|local_feature_in_blk_1_d0        |  out|   32|   ap_memory|           local_feature_in_blk_1|         array|
+---------------------------------+-----+-----+------------+---------------------------------+--------------+

============================================================
+ Verbose Summary: Synthesis Manager
============================================================
InlineROM: 1
ExposeGlobal: 0
============================================================
+ Verbose Summary: CDFG Model
============================================================
IsTopModel: 0
ResetActiveHigh: 1
IsCombinational: 2
IsDatapathOnly: 2
HasWiredReturn: 1
HasMFsm: 2
HasVarLatency: 1
IsPipeline: 0
IsRtlPipelined: 0
IsInstanceOverlapped: 0
IsDontTouch: 0
HasImplIP: 0
IsGatedGlobalClock: 0

+ Individual pipeline summary: 
  * Pipeline-0: initiation interval (II) = 1, depth = 2


============================================================
+ Verbose Summary: Schedule
============================================================
* Number of FSM states : 2
* Pipeline : 1
  Pipeline-0 : II = 1, D = 2, States = { 1 2 }
* Dataflow Pipeline: 0

* FSM state transitions: 
1 --> 2 
2 --> 

* FSM state operations: 

State 1 <SV = 0> <Delay = 1.29>
ST_1 : Operation 4 [1/1] (0.00ns)   --->   "%phi_urem = alloca i32 1"   --->   Operation 4 'alloca' 'phi_urem' <Predicate = true> <Delay = 0.00>
ST_1 : Operation 5 [1/1] (0.00ns)   --->   "%phi_mul574 = alloca i32 1"   --->   Operation 5 'alloca' 'phi_mul574' <Predicate = true> <Delay = 0.00>
ST_1 : Operation 6 [1/1] (0.00ns)   --->   "%empty = alloca i32 1"   --->   Operation 6 'alloca' 'empty' <Predicate = true> <Delay = 0.00>
ST_1 : Operation 7 [1/1] (1.29ns)   --->   "%store_ln0 = store i9 0, i9 %empty"   --->   Operation 7 'store' 'store_ln0' <Predicate = true> <Delay = 1.29>
ST_1 : Operation 8 [1/1] (1.29ns)   --->   "%store_ln0 = store i18 0, i18 %phi_mul574"   --->   Operation 8 'store' 'store_ln0' <Predicate = true> <Delay = 1.29>
ST_1 : Operation 9 [1/1] (1.29ns)   --->   "%store_ln0 = store i9 0, i9 %phi_urem"   --->   Operation 9 'store' 'store_ln0' <Predicate = true> <Delay = 1.29>
ST_1 : Operation 10 [1/1] (0.00ns)   --->   "%br_ln0 = br void %memset.loop1461"   --->   Operation 10 'br' 'br_ln0' <Predicate = true> <Delay = 0.00>

State 2 <SV = 1> <Delay = 5.62>
ST_2 : Operation 11 [1/1] (0.00ns)   --->   "%p_load = load i9 %empty"   --->   Operation 11 'load' 'p_load' <Predicate = true> <Delay = 0.00>
ST_2 : Operation 12 [1/1] (0.00ns)   --->   "%specpipeline_ln0 = specpipeline void @_ssdm_op_SpecPipeline, i32 4294967295, i32 0, i32 1, i32 0, void @p_str"   --->   Operation 12 'specpipeline' 'specpipeline_ln0' <Predicate = true> <Delay = 0.00>
ST_2 : Operation 13 [1/1] (1.62ns)   --->   "%exitcond13 = icmp_eq  i9 %p_load, i9 288"   --->   Operation 13 'icmp' 'exitcond13' <Predicate = true> <Delay = 1.62> <CoreInst = "Cmp">   --->   Core 9 'Cmp' <Latency = 0> <II = 1> <Delay = 1.62> <FuncUnit> <Opcode : 'icmp'> <InPorts = 2> <OutPorts = 1>
ST_2 : Operation 14 [1/1] (0.00ns)   --->   "%empty_161 = speclooptripcount i32 @_ssdm_op_SpecLoopTripCount, i64 288, i64 288, i64 288"   --->   Operation 14 'speclooptripcount' 'empty_161' <Predicate = true> <Delay = 0.00>
ST_2 : Operation 15 [1/1] (1.36ns)   --->   "%empty_162 = add i9 %p_load, i9 1"   --->   Operation 15 'add' 'empty_162' <Predicate = true> <Delay = 1.36> <CoreInst = "Adder">   --->   Core 1 'Adder' <Latency = 0> <II = 1> <Delay = 1.36> <FuncUnit> <Opcode : 'add' 'sub'> <InPorts = 2> <OutPorts = 1>
ST_2 : Operation 16 [1/1] (0.00ns)   --->   "%br_ln0 = br i1 %exitcond13, void %memset.loop1461.split, void %split1460.exitStub"   --->   Operation 16 'br' 'br_ln0' <Predicate = true> <Delay = 0.00>
ST_2 : Operation 17 [1/1] (0.00ns)   --->   "%phi_urem_load_1 = load i9 %phi_urem"   --->   Operation 17 'load' 'phi_urem_load_1' <Predicate = (!exitcond13)> <Delay = 0.00>
ST_2 : Operation 18 [1/1] (0.00ns)   --->   "%phi_mul574_load = load i18 %phi_mul574"   --->   Operation 18 'load' 'phi_mul574_load' <Predicate = (!exitcond13)> <Delay = 0.00>
ST_2 : Operation 19 [1/1] (1.56ns)   --->   "%next_mul575 = add i18 %phi_mul574_load, i18 683"   --->   Operation 19 'add' 'next_mul575' <Predicate = (!exitcond13)> <Delay = 1.56> <CoreInst = "Adder">   --->   Core 1 'Adder' <Latency = 0> <II = 1> <Delay = 1.56> <FuncUnit> <Opcode : 'add' 'sub'> <InPorts = 2> <OutPorts = 1>
ST_2 : Operation 20 [1/1] (0.00ns)   --->   "%tmp = partselect i3 @_ssdm_op_PartSelect.i3.i18.i32.i32, i18 %phi_mul574_load, i32 15, i32 17"   --->   Operation 20 'partselect' 'tmp' <Predicate = (!exitcond13)> <Delay = 0.00>
ST_2 : Operation 21 [1/1] (0.00ns)   --->   "%tmp_6 = bitconcatenate i6 @_ssdm_op_BitConcatenate.i6.i3.i3, i3 %tmp, i3 0"   --->   Operation 21 'bitconcatenate' 'tmp_6' <Predicate = (!exitcond13)> <Delay = 0.00>
ST_2 : Operation 22 [1/1] (0.00ns)   --->   "%tmp_7 = bitconcatenate i4 @_ssdm_op_BitConcatenate.i4.i3.i1, i3 %tmp, i1 0"   --->   Operation 22 'bitconcatenate' 'tmp_7' <Predicate = (!exitcond13)> <Delay = 0.00>
ST_2 : Operation 23 [1/1] (0.00ns)   --->   "%tmp_23_cast = zext i4 %tmp_7"   --->   Operation 23 'zext' 'tmp_23_cast' <Predicate = (!exitcond13)> <Delay = 0.00>
ST_2 : Operation 24 [1/1] (0.00ns) (grouped into TernaryAdder)   --->   "%empty_164 = sub i6 %tmp_6, i6 %tmp_23_cast"   --->   Operation 24 'sub' 'empty_164' <Predicate = (!exitcond13)> <Delay = 0.00> <CoreInst = "TAddSub">   --->   Core 10 'TAddSub' <Latency = 0> <II = 1> <Delay = 1.42> <IPBlock> <Opcode : 'add' 'sub'> <InPorts = 3> <OutPorts = 1> <Sync> <CReg>
ST_2 : Operation 25 [1/1] (0.00ns)   --->   "%tmp_s = partselect i3 @_ssdm_op_PartSelect.i3.i9.i32.i32, i9 %phi_urem_load_1, i32 3, i32 5"   --->   Operation 25 'partselect' 'tmp_s' <Predicate = (!exitcond13)> <Delay = 0.00>
ST_2 : Operation 26 [1/1] (0.00ns)   --->   "%tmp_24_cast = zext i3 %tmp_s"   --->   Operation 26 'zext' 'tmp_24_cast' <Predicate = (!exitcond13)> <Delay = 0.00>
ST_2 : Operation 27 [1/1] (2.84ns) (root node of TernaryAdder)   --->   "%empty_165 = add i6 %empty_164, i6 %tmp_24_cast"   --->   Operation 27 'add' 'empty_165' <Predicate = (!exitcond13)> <Delay = 2.84> <CoreInst = "TAddSub">   --->   Core 10 'TAddSub' <Latency = 0> <II = 1> <Delay = 1.42> <IPBlock> <Opcode : 'add' 'sub'> <InPorts = 3> <OutPorts = 1> <Sync> <CReg>
ST_2 : Operation 28 [1/1] (0.00ns)   --->   "%tmp_3 = partselect i2 @_ssdm_op_PartSelect.i2.i9.i32.i32, i9 %phi_urem_load_1, i32 1, i32 2"   --->   Operation 28 'partselect' 'tmp_3' <Predicate = (!exitcond13)> <Delay = 0.00>
ST_2 : Operation 29 [1/1] (0.00ns)   --->   "%tmp_4 = bitconcatenate i8 @_ssdm_op_BitConcatenate.i8.i6.i2, i6 %empty_165, i2 %tmp_3"   --->   Operation 29 'bitconcatenate' 'tmp_4' <Predicate = (!exitcond13)> <Delay = 0.00>
ST_2 : Operation 30 [1/1] (0.00ns)   --->   "%tmp_27_cast = zext i8 %tmp_4"   --->   Operation 30 'zext' 'tmp_27_cast' <Predicate = (!exitcond13)> <Delay = 0.00>
ST_2 : Operation 31 [1/1] (0.00ns)   --->   "%local_feature_in_blk_addr = getelementptr i32 %local_feature_in_blk, i64 0, i64 %tmp_27_cast"   --->   Operation 31 'getelementptr' 'local_feature_in_blk_addr' <Predicate = (!exitcond13)> <Delay = 0.00>
ST_2 : Operation 32 [1/1] (0.00ns)   --->   "%local_feature_in_blk_1_addr = getelementptr i32 %local_feature_in_blk_1, i64 0, i64 %tmp_27_cast"   --->   Operation 32 'getelementptr' 'local_feature_in_blk_1_addr' <Predicate = (!exitcond13)> <Delay = 0.00>
ST_2 : Operation 33 [1/1] (0.00ns)   --->   "%empty_166 = trunc i9 %p_load"   --->   Operation 33 'trunc' 'empty_166' <Predicate = (!exitcond13)> <Delay = 0.00>
ST_2 : Operation 34 [1/1] (0.00ns)   --->   "%br_ln0 = br i1 %empty_166, void %.case.0, void %.case.1"   --->   Operation 34 'br' 'br_ln0' <Predicate = (!exitcond13)> <Delay = 0.00>
ST_2 : Operation 35 [1/1] (2.77ns)   --->   "%store_ln0 = store i32 0, i8 %local_feature_in_blk_addr"   --->   Operation 35 'store' 'store_ln0' <Predicate = (!exitcond13 & !empty_166)> <Delay = 2.77> <CoreInst = "RAM">   --->   Core 82 'RAM' <Latency = 1> <II = 1> <Delay = 2.77> <Storage> <Opcode : 'load' 'store'> <Ports = 2> <Width = 32> <Depth = 144> <RAM>
ST_2 : Operation 36 [1/1] (0.00ns)   --->   "%br_ln0 = br void %.exit"   --->   Operation 36 'br' 'br_ln0' <Predicate = (!exitcond13 & !empty_166)> <Delay = 0.00>
ST_2 : Operation 37 [1/1] (2.77ns)   --->   "%store_ln0 = store i32 0, i8 %local_feature_in_blk_1_addr"   --->   Operation 37 'store' 'store_ln0' <Predicate = (!exitcond13 & empty_166)> <Delay = 2.77> <CoreInst = "RAM">   --->   Core 82 'RAM' <Latency = 1> <II = 1> <Delay = 2.77> <Storage> <Opcode : 'load' 'store'> <Ports = 2> <Width = 32> <Depth = 144> <RAM>
ST_2 : Operation 38 [1/1] (0.00ns)   --->   "%br_ln0 = br void %.exit"   --->   Operation 38 'br' 'br_ln0' <Predicate = (!exitcond13 & empty_166)> <Delay = 0.00>
ST_2 : Operation 39 [1/1] (0.00ns)   --->   "%phi_urem_load = load i9 %phi_urem"   --->   Operation 39 'load' 'phi_urem_load' <Predicate = (!exitcond13)> <Delay = 0.00>
ST_2 : Operation 40 [1/1] (1.36ns)   --->   "%next_urem = add i9 %phi_urem_load, i9 1"   --->   Operation 40 'add' 'next_urem' <Predicate = (!exitcond13)> <Delay = 1.36> <CoreInst = "Adder">   --->   Core 1 'Adder' <Latency = 0> <II = 1> <Delay = 1.36> <FuncUnit> <Opcode : 'add' 'sub'> <InPorts = 2> <OutPorts = 1>
ST_2 : Operation 41 [1/1] (1.62ns)   --->   "%empty_163 = icmp_ult  i9 %next_urem, i9 48"   --->   Operation 41 'icmp' 'empty_163' <Predicate = (!exitcond13)> <Delay = 1.62> <CoreInst = "Cmp">   --->   Core 9 'Cmp' <Latency = 0> <II = 1> <Delay = 1.62> <FuncUnit> <Opcode : 'icmp'> <InPorts = 2> <OutPorts = 1>
ST_2 : Operation 42 [1/1] (0.72ns)   --->   "%idx_urem = select i1 %empty_163, i9 %next_urem, i9 0"   --->   Operation 42 'select' 'idx_urem' <Predicate = (!exitcond13)> <Delay = 0.72> <CoreInst = "Sel">   --->   Core 73 'Sel' <Latency = 0> <II = 1> <Delay = 0.72> <FuncUnit> <Opcode : 'select'> <InPorts = 3> <OutPorts = 1>
ST_2 : Operation 43 [1/1] (1.29ns)   --->   "%store_ln0 = store i9 %empty_162, i9 %empty"   --->   Operation 43 'store' 'store_ln0' <Predicate = (!exitcond13)> <Delay = 1.29>
ST_2 : Operation 44 [1/1] (1.29ns)   --->   "%store_ln0 = store i18 %next_mul575, i18 %phi_mul574"   --->   Operation 44 'store' 'store_ln0' <Predicate = (!exitcond13)> <Delay = 1.29>
ST_2 : Operation 45 [1/1] (1.29ns)   --->   "%store_ln0 = store i9 %idx_urem, i9 %phi_urem"   --->   Operation 45 'store' 'store_ln0' <Predicate = (!exitcond13)> <Delay = 1.29>
ST_2 : Operation 46 [1/1] (0.00ns)   --->   "%br_ln0 = br void %memset.loop1461"   --->   Operation 46 'br' 'br_ln0' <Predicate = (!exitcond13)> <Delay = 0.00>
ST_2 : Operation 47 [1/1] (0.00ns)   --->   "%ret_ln0 = ret"   --->   Operation 47 'ret' 'ret_ln0' <Predicate = (exitcond13)> <Delay = 0.00>


============================================================
+ Verbose Summary: Binding
============================================================
STG Binding: 
---------------- STG Properties BEGIN ----------------
- Is combinational: 0
- Is one-state seq: 0
- Is datapath-only: 0
- Is pipelined: 0
- Is top level: 0
Port [ Return ] is wired: 1; IO mode=ap_ctrl_hs:ce=0
Port [ local_feature_in_blk]:  wired=1; compound=1; hidden=0; nouse=0; global=0; static=0; extern=0; dir=1; type=1; pingpong=0; private_global=0; MemPort=[03]; IO mode=ap_memory:ce=0
Port [ local_feature_in_blk_1]:  wired=1; compound=1; hidden=0; nouse=0; global=0; static=0; extern=0; dir=1; type=1; pingpong=0; private_global=0; MemPort=[03]; IO mode=ap_memory:ce=0
---------------- STG Properties END ------------------

---------------- Datapath Model BEGIN ----------------

<LifeTime>
<method=bitvector/>
phi_urem                    (alloca           ) [ 011]
phi_mul574                  (alloca           ) [ 011]
empty                       (alloca           ) [ 011]
store_ln0                   (store            ) [ 000]
store_ln0                   (store            ) [ 000]
store_ln0                   (store            ) [ 000]
br_ln0                      (br               ) [ 000]
p_load                      (load             ) [ 000]
specpipeline_ln0            (specpipeline     ) [ 000]
exitcond13                  (icmp             ) [ 011]
empty_161                   (speclooptripcount) [ 000]
empty_162                   (add              ) [ 000]
br_ln0                      (br               ) [ 000]
phi_urem_load_1             (load             ) [ 000]
phi_mul574_load             (load             ) [ 000]
next_mul575                 (add              ) [ 000]
tmp                         (partselect       ) [ 000]
tmp_6                       (bitconcatenate   ) [ 000]
tmp_7                       (bitconcatenate   ) [ 000]
tmp_23_cast                 (zext             ) [ 000]
empty_164                   (sub              ) [ 000]
tmp_s                       (partselect       ) [ 000]
tmp_24_cast                 (zext             ) [ 000]
empty_165                   (add              ) [ 000]
tmp_3                       (partselect       ) [ 000]
tmp_4                       (bitconcatenate   ) [ 000]
tmp_27_cast                 (zext             ) [ 000]
local_feature_in_blk_addr   (getelementptr    ) [ 000]
local_feature_in_blk_1_addr (getelementptr    ) [ 000]
empty_166                   (trunc            ) [ 011]
br_ln0                      (br               ) [ 000]
store_ln0                   (store            ) [ 000]
br_ln0                      (br               ) [ 000]
store_ln0                   (store            ) [ 000]
br_ln0                      (br               ) [ 000]
phi_urem_load               (load             ) [ 000]
next_urem                   (add              ) [ 000]
empty_163                   (icmp             ) [ 000]
idx_urem                    (select           ) [ 000]
store_ln0                   (store            ) [ 000]
store_ln0                   (store            ) [ 000]
store_ln0                   (store            ) [ 000]
br_ln0                      (br               ) [ 000]
ret_ln0                     (ret              ) [ 000]
</LifeTime>

<model>

<comp_list>
<comp id="0" class="1000" name="local_feature_in_blk">
<pin_list>
<pin id="1" dir="1" index="0" bw="1" slack="0"/>
</pin_list>
<bind>
<StgValue><ssdm name="local_feature_in_blk"/><MemPortTyVec>0 3 </MemPortTyVec>
</StgValue>
</bind>
</comp>

<comp id="2" class="1000" name="local_feature_in_blk_1">
<pin_list>
<pin id="3" dir="1" index="0" bw="1" slack="0"/>
</pin_list>
<bind>
<StgValue><ssdm name="local_feature_in_blk_1"/><MemPortTyVec>0 3 </MemPortTyVec>
</StgValue>
</bind>
</comp>

<comp id="4" class="1001" name="const_4">
<pin_list>
<pin id="5" dir="1" index="0" bw="1" slack="0"/>
</pin_list>
<bind>
<StgValue><ssdm name=""/></StgValue>
</bind>
</comp>

<comp id="6" class="1001" name="const_6">
<pin_list>
<pin id="7" dir="1" index="0" bw="1" slack="0"/>
</pin_list>
<bind>
<StgValue><ssdm name=""/></StgValue>
</bind>
</comp>

<comp id="8" class="1001" name="const_8">
<pin_list>
<pin id="9" dir="1" index="0" bw="1" slack="0"/>
</pin_list>
<bind>
<StgValue><ssdm name=""/></StgValue>
</bind>
</comp>

<comp id="10" class="1001" name="const_10">
<pin_list>
<pin id="11" dir="1" index="0" bw="1" slack="2147483647"/>
</pin_list>
<bind>
<StgValue><ssdm name="_ssdm_op_SpecPipeline"/></StgValue>
</bind>
</comp>

<comp id="12" class="1001" name="const_12">
<pin_list>
<pin id="13" dir="1" index="0" bw="1" slack="2147483647"/>
</pin_list>
<bind>
<StgValue><ssdm name=""/></StgValue>
</bind>
</comp>

<comp id="14" class="1001" name="const_14">
<pin_list>
<pin id="15" dir="1" index="0" bw="1" slack="2147483647"/>
</pin_list>
<bind>
<StgValue><ssdm name=""/></StgValue>
</bind>
</comp>

<comp id="16" class="1001" name="const_16">
<pin_list>
<pin id="17" dir="1" index="0" bw="1" slack="2147483647"/>
</pin_list>
<bind>
<StgValue><ssdm name="p_str"/></StgValue>
</bind>
</comp>

<comp id="18" class="1001" name="const_18">
<pin_list>
<pin id="19" dir="1" index="0" bw="1" slack="0"/>
</pin_list>
<bind>
<StgValue><ssdm name=""/></StgValue>
</bind>
</comp>

<comp id="20" class="1001" name="const_20">
<pin_list>
<pin id="21" dir="1" index="0" bw="1" slack="2147483647"/>
</pin_list>
<bind>
<StgValue><ssdm name="_ssdm_op_SpecLoopTripCount"/></StgValue>
</bind>
</comp>

<comp id="22" class="1001" name="const_22">
<pin_list>
<pin id="23" dir="1" index="0" bw="1" slack="2147483647"/>
</pin_list>
<bind>
<StgValue><ssdm name=""/></StgValue>
</bind>
</comp>

<comp id="24" class="1001" name="const_24">
<pin_list>
<pin id="25" dir="1" index="0" bw="1" slack="0"/>
</pin_list>
<bind>
<StgValue><ssdm name=""/></StgValue>
</bind>
</comp>

<comp id="26" class="1001" name="const_26">
<pin_list>
<pin id="27" dir="1" index="0" bw="1" slack="0"/>
</pin_list>
<bind>
<StgValue><ssdm name=""/></StgValue>
</bind>
</comp>

<comp id="28" class="1001" name="const_28">
<pin_list>
<pin id="29" dir="1" index="0" bw="1" slack="0"/>
</pin_list>
<bind>
<StgValue><ssdm name="_ssdm_op_PartSelect.i3.i18.i32.i32"/></StgValue>
</bind>
</comp>

<comp id="30" class="1001" name="const_30">
<pin_list>
<pin id="31" dir="1" index="0" bw="1" slack="0"/>
</pin_list>
<bind>
<StgValue><ssdm name=""/></StgValue>
</bind>
</comp>

<comp id="32" class="1001" name="const_32">
<pin_list>
<pin id="33" dir="1" index="0" bw="1" slack="0"/>
</pin_list>
<bind>
<StgValue><ssdm name=""/></StgValue>
</bind>
</comp>

<comp id="34" class="1001" name="const_34">
<pin_list>
<pin id="35" dir="1" index="0" bw="1" slack="0"/>
</pin_list>
<bind>
<StgValue><ssdm name="_ssdm_op_BitConcatenate.i6.i3.i3"/></StgValue>
</bind>
</comp>

<comp id="36" class="1001" name="const_36">
<pin_list>
<pin id="37" dir="1" index="0" bw="1" slack="0"/>
</pin_list>
<bind>
<StgValue><ssdm name=""/></StgValue>
</bind>
</comp>

<comp id="38" class="1001" name="const_38">
<pin_list>
<pin id="39" dir="1" index="0" bw="1" slack="0"/>
</pin_list>
<bind>
<StgValue><ssdm name="_ssdm_op_BitConcatenate.i4.i3.i1"/></StgValue>
</bind>
</comp>

<comp id="40" class="1001" name="const_40">
<pin_list>
<pin id="41" dir="1" index="0" bw="1" slack="0"/>
</pin_list>
<bind>
<StgValue><ssdm name=""/></StgValue>
</bind>
</comp>

<comp id="42" class="1001" name="const_42">
<pin_list>
<pin id="43" dir="1" index="0" bw="1" slack="0"/>
</pin_list>
<bind>
<StgValue><ssdm name="_ssdm_op_PartSelect.i3.i9.i32.i32"/></StgValue>
</bind>
</comp>

<comp id="44" class="1001" name="const_44">
<pin_list>
<pin id="45" dir="1" index="0" bw="1" slack="0"/>
</pin_list>
<bind>
<StgValue><ssdm name=""/></StgValue>
</bind>
</comp>

<comp id="46" class="1001" name="const_46">
<pin_list>
<pin id="47" dir="1" index="0" bw="1" slack="0"/>
</pin_list>
<bind>
<StgValue><ssdm name=""/></StgValue>
</bind>
</comp>

<comp id="48" class="1001" name="const_48">
<pin_list>
<pin id="49" dir="1" index="0" bw="1" slack="0"/>
</pin_list>
<bind>
<StgValue><ssdm name="_ssdm_op_PartSelect.i2.i9.i32.i32"/></StgValue>
</bind>
</comp>

<comp id="50" class="1001" name="const_50">
<pin_list>
<pin id="51" dir="1" index="0" bw="1" slack="0"/>
</pin_list>
<bind>
<StgValue><ssdm name=""/></StgValue>
</bind>
</comp>

<comp id="52" class="1001" name="const_52">
<pin_list>
<pin id="53" dir="1" index="0" bw="1" slack="0"/>
</pin_list>
<bind>
<StgValue><ssdm name="_ssdm_op_BitConcatenate.i8.i6.i2"/></StgValue>
</bind>
</comp>

<comp id="54" class="1001" name="const_54">
<pin_list>
<pin id="55" dir="1" index="0" bw="1" slack="0"/>
</pin_list>
<bind>
<StgValue><ssdm name=""/></StgValue>
</bind>
</comp>

<comp id="56" class="1001" name="const_56">
<pin_list>
<pin id="57" dir="1" index="0" bw="1" slack="0"/>
</pin_list>
<bind>
<StgValue><ssdm name=""/></StgValue>
</bind>
</comp>

<comp id="58" class="1001" name="const_58">
<pin_list>
<pin id="59" dir="1" index="0" bw="1" slack="0"/>
</pin_list>
<bind>
<StgValue><ssdm name=""/></StgValue>
</bind>
</comp>

<comp id="60" class="1004" name="phi_urem_fu_60">
<pin_list>
<pin id="61" dir="0" index="0" bw="1" slack="0"/>
<pin id="62" dir="1" index="1" bw="9" slack="0"/>
</pin_list>
<bind>
<opcode="alloca(26) " fcode="alloca"/>
<opset="phi_urem/1 "/>
</bind>
</comp>

<comp id="64" class="1004" name="phi_mul574_fu_64">
<pin_list>
<pin id="65" dir="0" index="0" bw="1" slack="0"/>
<pin id="66" dir="1" index="1" bw="18" slack="0"/>
</pin_list>
<bind>
<opcode="alloca(26) " fcode="alloca"/>
<opset="phi_mul574/1 "/>
</bind>
</comp>

<comp id="68" class="1004" name="empty_fu_68">
<pin_list>
<pin id="69" dir="0" index="0" bw="1" slack="0"/>
<pin id="70" dir="1" index="1" bw="9" slack="0"/>
</pin_list>
<bind>
<opcode="alloca(26) " fcode="alloca"/>
<opset="empty/1 "/>
</bind>
</comp>

<comp id="72" class="1004" name="local_feature_in_blk_addr_gep_fu_72">
<pin_list>
<pin id="73" dir="0" index="0" bw="32" slack="0"/>
<pin id="74" dir="0" index="1" bw="1" slack="0"/>
<pin id="75" dir="0" index="2" bw="8" slack="0"/>
<pin id="76" dir="1" index="3" bw="8" slack="0"/>
</pin_list>
<bind>
<opcode="getelementptr(29) " fcode="getelementptr"/>
<opset="local_feature_in_blk_addr/2 "/>
</bind>
</comp>

<comp id="79" class="1004" name="local_feature_in_blk_1_addr_gep_fu_79">
<pin_list>
<pin id="80" dir="0" index="0" bw="32" slack="0"/>
<pin id="81" dir="0" index="1" bw="1" slack="0"/>
<pin id="82" dir="0" index="2" bw="8" slack="0"/>
<pin id="83" dir="1" index="3" bw="8" slack="0"/>
</pin_list>
<bind>
<opcode="getelementptr(29) " fcode="getelementptr"/>
<opset="local_feature_in_blk_1_addr/2 "/>
</bind>
</comp>

<comp id="86" class="1004" name="store_ln0_access_fu_86">
<pin_list>
<pin id="87" dir="0" index="0" bw="8" slack="0"/>
<pin id="88" dir="0" index="1" bw="32" slack="0"/>
<pin id="89" dir="0" index="2" bw="0" slack="2147483647"/>
<pin id="90" dir="1" index="3" bw="32" slack="2147483647"/>
</pin_list>
<bind>
<opcode="store(28) " fcode="store"/>
<opset="store_ln0/2 "/>
</bind>
</comp>

<comp id="93" class="1004" name="store_ln0_access_fu_93">
<pin_list>
<pin id="94" dir="0" index="0" bw="8" slack="0"/>
<pin id="95" dir="0" index="1" bw="32" slack="0"/>
<pin id="96" dir="0" index="2" bw="0" slack="2147483647"/>
<pin id="97" dir="1" index="3" bw="32" slack="2147483647"/>
</pin_list>
<bind>
<opcode="store(28) " fcode="store"/>
<opset="store_ln0/2 "/>
</bind>
</comp>

<comp id="100" class="1004" name="store_ln0_store_fu_100">
<pin_list>
<pin id="101" dir="0" index="0" bw="1" slack="0"/>
<pin id="102" dir="0" index="1" bw="9" slack="0"/>
<pin id="103" dir="1" index="2" bw="0" slack="2147483647"/>
</pin_list>
<bind>
<opcode="store(28) " fcode="store"/>
<opset="store_ln0/1 "/>
</bind>
</comp>

<comp id="105" class="1004" name="store_ln0_store_fu_105">
<pin_list>
<pin id="106" dir="0" index="0" bw="1" slack="0"/>
<pin id="107" dir="0" index="1" bw="18" slack="0"/>
<pin id="108" dir="1" index="2" bw="0" slack="2147483647"/>
</pin_list>
<bind>
<opcode="store(28) " fcode="store"/>
<opset="store_ln0/1 "/>
</bind>
</comp>

<comp id="110" class="1004" name="store_ln0_store_fu_110">
<pin_list>
<pin id="111" dir="0" index="0" bw="1" slack="0"/>
<pin id="112" dir="0" index="1" bw="9" slack="0"/>
<pin id="113" dir="1" index="2" bw="0" slack="2147483647"/>
</pin_list>
<bind>
<opcode="store(28) " fcode="store"/>
<opset="store_ln0/1 "/>
</bind>
</comp>

<comp id="115" class="1004" name="p_load_load_fu_115">
<pin_list>
<pin id="116" dir="0" index="0" bw="9" slack="1"/>
<pin id="117" dir="1" index="1" bw="9" slack="0"/>
</pin_list>
<bind>
<opcode="load(27) " fcode="load"/>
<opset="p_load/2 "/>
</bind>
</comp>

<comp id="118" class="1004" name="exitcond13_fu_118">
<pin_list>
<pin id="119" dir="0" index="0" bw="9" slack="0"/>
<pin id="120" dir="0" index="1" bw="9" slack="0"/>
<pin id="121" dir="1" index="2" bw="1" slack="2147483647"/>
</pin_list>
<bind>
<opcode="icmp(45) " fcode="icmp"/>
<opset="exitcond13/2 "/>
</bind>
</comp>

<comp id="124" class="1004" name="empty_162_fu_124">
<pin_list>
<pin id="125" dir="0" index="0" bw="9" slack="0"/>
<pin id="126" dir="0" index="1" bw="1" slack="0"/>
<pin id="127" dir="1" index="2" bw="9" slack="0"/>
</pin_list>
<bind>
<opcode="add(8) " fcode="add"/>
<opset="empty_162/2 "/>
</bind>
</comp>

<comp id="130" class="1004" name="phi_urem_load_1_load_fu_130">
<pin_list>
<pin id="131" dir="0" index="0" bw="9" slack="1"/>
<pin id="132" dir="1" index="1" bw="9" slack="0"/>
</pin_list>
<bind>
<opcode="load(27) " fcode="load"/>
<opset="phi_urem_load_1/2 "/>
</bind>
</comp>

<comp id="133" class="1004" name="phi_mul574_load_load_fu_133">
<pin_list>
<pin id="134" dir="0" index="0" bw="18" slack="1"/>
<pin id="135" dir="1" index="1" bw="18" slack="0"/>
</pin_list>
<bind>
<opcode="load(27) " fcode="load"/>
<opset="phi_mul574_load/2 "/>
</bind>
</comp>

<comp id="136" class="1004" name="next_mul575_fu_136">
<pin_list>
<pin id="137" dir="0" index="0" bw="18" slack="0"/>
<pin id="138" dir="0" index="1" bw="11" slack="0"/>
<pin id="139" dir="1" index="2" bw="18" slack="0"/>
</pin_list>
<bind>
<opcode="add(8) " fcode="add"/>
<opset="next_mul575/2 "/>
</bind>
</comp>

<comp id="142" class="1004" name="tmp_fu_142">
<pin_list>
<pin id="143" dir="0" index="0" bw="3" slack="0"/>
<pin id="144" dir="0" index="1" bw="18" slack="0"/>
<pin id="145" dir="0" index="2" bw="5" slack="0"/>
<pin id="146" dir="0" index="3" bw="6" slack="0"/>
<pin id="147" dir="1" index="4" bw="3" slack="0"/>
</pin_list>
<bind>
<opcode="partselect(1002) " fcode="partselect"/>
<opset="tmp/2 "/>
</bind>
</comp>

<comp id="152" class="1004" name="tmp_6_fu_152">
<pin_list>
<pin id="153" dir="0" index="0" bw="6" slack="0"/>
<pin id="154" dir="0" index="1" bw="3" slack="0"/>
<pin id="155" dir="0" index="2" bw="1" slack="0"/>
<pin id="156" dir="1" index="3" bw="6" slack="0"/>
</pin_list>
<bind>
<opcode="bitconcatenate(1004) " fcode="bitconcatenate"/>
<opset="tmp_6/2 "/>
</bind>
</comp>

<comp id="160" class="1004" name="tmp_7_fu_160">
<pin_list>
<pin id="161" dir="0" index="0" bw="4" slack="0"/>
<pin id="162" dir="0" index="1" bw="3" slack="0"/>
<pin id="163" dir="0" index="2" bw="1" slack="0"/>
<pin id="164" dir="1" index="3" bw="4" slack="0"/>
</pin_list>
<bind>
<opcode="bitconcatenate(1004) " fcode="bitconcatenate"/>
<opset="tmp_7/2 "/>
</bind>
</comp>

<comp id="168" class="1004" name="tmp_23_cast_fu_168">
<pin_list>
<pin id="169" dir="0" index="0" bw="4" slack="0"/>
<pin id="170" dir="1" index="1" bw="6" slack="0"/>
</pin_list>
<bind>
<opcode="zext(34) " fcode="zext"/>
<opset="tmp_23_cast/2 "/>
</bind>
</comp>

<comp id="172" class="1004" name="empty_164_fu_172">
<pin_list>
<pin id="173" dir="0" index="0" bw="6" slack="0"/>
<pin id="174" dir="0" index="1" bw="4" slack="0"/>
<pin id="175" dir="1" index="2" bw="6" slack="0"/>
</pin_list>
<bind>
<opcode="sub(10) " fcode="sub"/>
<opset="empty_164/2 "/>
</bind>
</comp>

<comp id="178" class="1004" name="tmp_s_fu_178">
<pin_list>
<pin id="179" dir="0" index="0" bw="3" slack="0"/>
<pin id="180" dir="0" index="1" bw="9" slack="0"/>
<pin id="181" dir="0" index="2" bw="3" slack="0"/>
<pin id="182" dir="0" index="3" bw="4" slack="0"/>
<pin id="183" dir="1" index="4" bw="3" slack="0"/>
</pin_list>
<bind>
<opcode="partselect(1002) " fcode="partselect"/>
<opset="tmp_s/2 "/>
</bind>
</comp>

<comp id="188" class="1004" name="tmp_24_cast_fu_188">
<pin_list>
<pin id="189" dir="0" index="0" bw="3" slack="0"/>
<pin id="190" dir="1" index="1" bw="6" slack="0"/>
</pin_list>
<bind>
<opcode="zext(34) " fcode="zext"/>
<opset="tmp_24_cast/2 "/>
</bind>
</comp>

<comp id="192" class="1004" name="empty_165_fu_192">
<pin_list>
<pin id="193" dir="0" index="0" bw="6" slack="0"/>
<pin id="194" dir="0" index="1" bw="3" slack="0"/>
<pin id="195" dir="1" index="2" bw="6" slack="0"/>
</pin_list>
<bind>
<opcode="add(8) " fcode="add"/>
<opset="empty_165/2 "/>
</bind>
</comp>

<comp id="198" class="1004" name="tmp_3_fu_198">
<pin_list>
<pin id="199" dir="0" index="0" bw="2" slack="0"/>
<pin id="200" dir="0" index="1" bw="9" slack="0"/>
<pin id="201" dir="0" index="2" bw="1" slack="0"/>
<pin id="202" dir="0" index="3" bw="3" slack="0"/>
<pin id="203" dir="1" index="4" bw="2" slack="0"/>
</pin_list>
<bind>
<opcode="partselect(1002) " fcode="partselect"/>
<opset="tmp_3/2 "/>
</bind>
</comp>

<comp id="208" class="1004" name="tmp_4_fu_208">
<pin_list>
<pin id="209" dir="0" index="0" bw="8" slack="0"/>
<pin id="210" dir="0" index="1" bw="6" slack="0"/>
<pin id="211" dir="0" index="2" bw="2" slack="0"/>
<pin id="212" dir="1" index="3" bw="8" slack="0"/>
</pin_list>
<bind>
<opcode="bitconcatenate(1004) " fcode="bitconcatenate"/>
<opset="tmp_4/2 "/>
</bind>
</comp>

<comp id="216" class="1004" name="tmp_27_cast_fu_216">
<pin_list>
<pin id="217" dir="0" index="0" bw="8" slack="0"/>
<pin id="218" dir="1" index="1" bw="64" slack="0"/>
</pin_list>
<bind>
<opcode="zext(34) " fcode="zext"/>
<opset="tmp_27_cast/2 "/>
</bind>
</comp>

<comp id="222" class="1004" name="empty_166_fu_222">
<pin_list>
<pin id="223" dir="0" index="0" bw="9" slack="0"/>
<pin id="224" dir="1" index="1" bw="1" slack="2147483647"/>
</pin_list>
<bind>
<opcode="trunc(33) " fcode="trunc"/>
<opset="empty_166/2 "/>
</bind>
</comp>

<comp id="226" class="1004" name="phi_urem_load_load_fu_226">
<pin_list>
<pin id="227" dir="0" index="0" bw="9" slack="1"/>
<pin id="228" dir="1" index="1" bw="9" slack="0"/>
</pin_list>
<bind>
<opcode="load(27) " fcode="load"/>
<opset="phi_urem_load/2 "/>
</bind>
</comp>

<comp id="229" class="1004" name="next_urem_fu_229">
<pin_list>
<pin id="230" dir="0" index="0" bw="9" slack="0"/>
<pin id="231" dir="0" index="1" bw="1" slack="0"/>
<pin id="232" dir="1" index="2" bw="9" slack="0"/>
</pin_list>
<bind>
<opcode="add(8) " fcode="add"/>
<opset="next_urem/2 "/>
</bind>
</comp>

<comp id="235" class="1004" name="empty_163_fu_235">
<pin_list>
<pin id="236" dir="0" index="0" bw="9" slack="0"/>
<pin id="237" dir="0" index="1" bw="9" slack="0"/>
<pin id="238" dir="1" index="2" bw="1" slack="0"/>
</pin_list>
<bind>
<opcode="icmp(45) " fcode="icmp"/>
<opset="empty_163/2 "/>
</bind>
</comp>

<comp id="241" class="1004" name="idx_urem_fu_241">
<pin_list>
<pin id="242" dir="0" index="0" bw="1" slack="0"/>
<pin id="243" dir="0" index="1" bw="9" slack="0"/>
<pin id="244" dir="0" index="2" bw="9" slack="0"/>
<pin id="245" dir="1" index="3" bw="9" slack="0"/>
</pin_list>
<bind>
<opcode="select(49) " fcode="select"/>
<opset="idx_urem/2 "/>
</bind>
</comp>

<comp id="249" class="1004" name="store_ln0_store_fu_249">
<pin_list>
<pin id="250" dir="0" index="0" bw="9" slack="0"/>
<pin id="251" dir="0" index="1" bw="9" slack="1"/>
<pin id="252" dir="1" index="2" bw="0" slack="2147483647"/>
</pin_list>
<bind>
<opcode="store(28) " fcode="store"/>
<opset="store_ln0/2 "/>
</bind>
</comp>

<comp id="254" class="1004" name="store_ln0_store_fu_254">
<pin_list>
<pin id="255" dir="0" index="0" bw="18" slack="0"/>
<pin id="256" dir="0" index="1" bw="18" slack="1"/>
<pin id="257" dir="1" index="2" bw="0" slack="2147483647"/>
</pin_list>
<bind>
<opcode="store(28) " fcode="store"/>
<opset="store_ln0/2 "/>
</bind>
</comp>

<comp id="259" class="1004" name="store_ln0_store_fu_259">
<pin_list>
<pin id="260" dir="0" index="0" bw="9" slack="0"/>
<pin id="261" dir="0" index="1" bw="9" slack="1"/>
<pin id="262" dir="1" index="2" bw="0" slack="2147483647"/>
</pin_list>
<bind>
<opcode="store(28) " fcode="store"/>
<opset="store_ln0/2 "/>
</bind>
</comp>

<comp id="264" class="1005" name="phi_urem_reg_264">
<pin_list>
<pin id="265" dir="0" index="0" bw="9" slack="0"/>
<pin id="266" dir="1" index="1" bw="9" slack="0"/>
</pin_list>
<bind>
<opset="phi_urem "/>
</bind>
</comp>

<comp id="272" class="1005" name="phi_mul574_reg_272">
<pin_list>
<pin id="273" dir="0" index="0" bw="18" slack="0"/>
<pin id="274" dir="1" index="1" bw="18" slack="0"/>
</pin_list>
<bind>
<opset="phi_mul574 "/>
</bind>
</comp>

<comp id="279" class="1005" name="empty_reg_279">
<pin_list>
<pin id="280" dir="0" index="0" bw="9" slack="0"/>
<pin id="281" dir="1" index="1" bw="9" slack="0"/>
</pin_list>
<bind>
<opset="empty "/>
</bind>
</comp>

</comp_list>

<net_list>
<net id="63"><net_src comp="4" pin="0"/><net_sink comp="60" pin=0"/></net>

<net id="67"><net_src comp="4" pin="0"/><net_sink comp="64" pin=0"/></net>

<net id="71"><net_src comp="4" pin="0"/><net_sink comp="68" pin=0"/></net>

<net id="77"><net_src comp="0" pin="0"/><net_sink comp="72" pin=0"/></net>

<net id="78"><net_src comp="54" pin="0"/><net_sink comp="72" pin=1"/></net>

<net id="84"><net_src comp="2" pin="0"/><net_sink comp="79" pin=0"/></net>

<net id="85"><net_src comp="54" pin="0"/><net_sink comp="79" pin=1"/></net>

<net id="91"><net_src comp="56" pin="0"/><net_sink comp="86" pin=1"/></net>

<net id="92"><net_src comp="72" pin="3"/><net_sink comp="86" pin=0"/></net>

<net id="98"><net_src comp="56" pin="0"/><net_sink comp="93" pin=1"/></net>

<net id="99"><net_src comp="79" pin="3"/><net_sink comp="93" pin=0"/></net>

<net id="104"><net_src comp="6" pin="0"/><net_sink comp="100" pin=0"/></net>

<net id="109"><net_src comp="8" pin="0"/><net_sink comp="105" pin=0"/></net>

<net id="114"><net_src comp="6" pin="0"/><net_sink comp="110" pin=0"/></net>

<net id="122"><net_src comp="115" pin="1"/><net_sink comp="118" pin=0"/></net>

<net id="123"><net_src comp="18" pin="0"/><net_sink comp="118" pin=1"/></net>

<net id="128"><net_src comp="115" pin="1"/><net_sink comp="124" pin=0"/></net>

<net id="129"><net_src comp="24" pin="0"/><net_sink comp="124" pin=1"/></net>

<net id="140"><net_src comp="133" pin="1"/><net_sink comp="136" pin=0"/></net>

<net id="141"><net_src comp="26" pin="0"/><net_sink comp="136" pin=1"/></net>

<net id="148"><net_src comp="28" pin="0"/><net_sink comp="142" pin=0"/></net>

<net id="149"><net_src comp="133" pin="1"/><net_sink comp="142" pin=1"/></net>

<net id="150"><net_src comp="30" pin="0"/><net_sink comp="142" pin=2"/></net>

<net id="151"><net_src comp="32" pin="0"/><net_sink comp="142" pin=3"/></net>

<net id="157"><net_src comp="34" pin="0"/><net_sink comp="152" pin=0"/></net>

<net id="158"><net_src comp="142" pin="4"/><net_sink comp="152" pin=1"/></net>

<net id="159"><net_src comp="36" pin="0"/><net_sink comp="152" pin=2"/></net>

<net id="165"><net_src comp="38" pin="0"/><net_sink comp="160" pin=0"/></net>

<net id="166"><net_src comp="142" pin="4"/><net_sink comp="160" pin=1"/></net>

<net id="167"><net_src comp="40" pin="0"/><net_sink comp="160" pin=2"/></net>

<net id="171"><net_src comp="160" pin="3"/><net_sink comp="168" pin=0"/></net>

<net id="176"><net_src comp="152" pin="3"/><net_sink comp="172" pin=0"/></net>

<net id="177"><net_src comp="168" pin="1"/><net_sink comp="172" pin=1"/></net>

<net id="184"><net_src comp="42" pin="0"/><net_sink comp="178" pin=0"/></net>

<net id="185"><net_src comp="130" pin="1"/><net_sink comp="178" pin=1"/></net>

<net id="186"><net_src comp="44" pin="0"/><net_sink comp="178" pin=2"/></net>

<net id="187"><net_src comp="46" pin="0"/><net_sink comp="178" pin=3"/></net>

<net id="191"><net_src comp="178" pin="4"/><net_sink comp="188" pin=0"/></net>

<net id="196"><net_src comp="172" pin="2"/><net_sink comp="192" pin=0"/></net>

<net id="197"><net_src comp="188" pin="1"/><net_sink comp="192" pin=1"/></net>

<net id="204"><net_src comp="48" pin="0"/><net_sink comp="198" pin=0"/></net>

<net id="205"><net_src comp="130" pin="1"/><net_sink comp="198" pin=1"/></net>

<net id="206"><net_src comp="4" pin="0"/><net_sink comp="198" pin=2"/></net>

<net id="207"><net_src comp="50" pin="0"/><net_sink comp="198" pin=3"/></net>

<net id="213"><net_src comp="52" pin="0"/><net_sink comp="208" pin=0"/></net>

<net id="214"><net_src comp="192" pin="2"/><net_sink comp="208" pin=1"/></net>

<net id="215"><net_src comp="198" pin="4"/><net_sink comp="208" pin=2"/></net>

<net id="219"><net_src comp="208" pin="3"/><net_sink comp="216" pin=0"/></net>

<net id="220"><net_src comp="216" pin="1"/><net_sink comp="72" pin=2"/></net>

<net id="221"><net_src comp="216" pin="1"/><net_sink comp="79" pin=2"/></net>

<net id="225"><net_src comp="115" pin="1"/><net_sink comp="222" pin=0"/></net>

<net id="233"><net_src comp="226" pin="1"/><net_sink comp="229" pin=0"/></net>

<net id="234"><net_src comp="24" pin="0"/><net_sink comp="229" pin=1"/></net>

<net id="239"><net_src comp="229" pin="2"/><net_sink comp="235" pin=0"/></net>

<net id="240"><net_src comp="58" pin="0"/><net_sink comp="235" pin=1"/></net>

<net id="246"><net_src comp="235" pin="2"/><net_sink comp="241" pin=0"/></net>

<net id="247"><net_src comp="229" pin="2"/><net_sink comp="241" pin=1"/></net>

<net id="248"><net_src comp="6" pin="0"/><net_sink comp="241" pin=2"/></net>

<net id="253"><net_src comp="124" pin="2"/><net_sink comp="249" pin=0"/></net>

<net id="258"><net_src comp="136" pin="2"/><net_sink comp="254" pin=0"/></net>

<net id="263"><net_src comp="241" pin="3"/><net_sink comp="259" pin=0"/></net>

<net id="267"><net_src comp="60" pin="1"/><net_sink comp="264" pin=0"/></net>

<net id="268"><net_src comp="264" pin="1"/><net_sink comp="110" pin=1"/></net>

<net id="269"><net_src comp="264" pin="1"/><net_sink comp="130" pin=0"/></net>

<net id="270"><net_src comp="264" pin="1"/><net_sink comp="226" pin=0"/></net>

<net id="271"><net_src comp="264" pin="1"/><net_sink comp="259" pin=1"/></net>

<net id="275"><net_src comp="64" pin="1"/><net_sink comp="272" pin=0"/></net>

<net id="276"><net_src comp="272" pin="1"/><net_sink comp="105" pin=1"/></net>

<net id="277"><net_src comp="272" pin="1"/><net_sink comp="133" pin=0"/></net>

<net id="278"><net_src comp="272" pin="1"/><net_sink comp="254" pin=1"/></net>

<net id="282"><net_src comp="68" pin="1"/><net_sink comp="279" pin=0"/></net>

<net id="283"><net_src comp="279" pin="1"/><net_sink comp="100" pin=1"/></net>

<net id="284"><net_src comp="279" pin="1"/><net_sink comp="115" pin=0"/></net>

<net id="285"><net_src comp="279" pin="1"/><net_sink comp="249" pin=1"/></net>

</net_list>

</model> 
---------------- Datapath Model END ------------------

* FSMD analyzer results:
  - Output states:
	Port: local_feature_in_blk | {2 }
	Port: local_feature_in_blk_1 | {2 }
 - Input state : 
  - Chain level:
	State 1
		store_ln0 : 1
		store_ln0 : 1
		store_ln0 : 1
	State 2
		exitcond13 : 1
		empty_162 : 1
		br_ln0 : 2
		next_mul575 : 1
		tmp : 1
		tmp_6 : 2
		tmp_7 : 2
		tmp_23_cast : 3
		empty_164 : 4
		tmp_s : 1
		tmp_24_cast : 2
		empty_165 : 5
		tmp_3 : 1
		tmp_4 : 6
		tmp_27_cast : 7
		local_feature_in_blk_addr : 8
		local_feature_in_blk_1_addr : 8
		empty_166 : 1
		br_ln0 : 2
		store_ln0 : 9
		store_ln0 : 9
		next_urem : 1
		empty_163 : 2
		idx_urem : 3
		store_ln0 : 2
		store_ln0 : 2
		store_ln0 : 4


============================================================
+ Verbose Summary: Datapath Resource usage 
============================================================

* Functional unit list:
|----------|--------------------|---------|---------|
| Operation|   Functional Unit  |    FF   |   LUT   |
|----------|--------------------|---------|---------|
|          |  empty_162_fu_124  |    0    |    9    |
|    add   | next_mul575_fu_136 |    0    |    18   |
|          |  empty_165_fu_192  |    0    |    7    |
|          |  next_urem_fu_229  |    0    |    9    |
|----------|--------------------|---------|---------|
|  select  |   idx_urem_fu_241  |    0    |    9    |
|----------|--------------------|---------|---------|
|   icmp   |  exitcond13_fu_118 |    0    |    4    |
|          |  empty_163_fu_235  |    0    |    4    |
|----------|--------------------|---------|---------|
|    sub   |  empty_164_fu_172  |    0    |    7    |
|----------|--------------------|---------|---------|
|          |     tmp_fu_142     |    0    |    0    |
|partselect|    tmp_s_fu_178    |    0    |    0    |
|          |    tmp_3_fu_198    |    0    |    0    |
|----------|--------------------|---------|---------|
|          |    tmp_6_fu_152    |    0    |    0    |
|bitconcatenate|    tmp_7_fu_160    |    0    |    0    |
|          |    tmp_4_fu_208    |    0    |    0    |
|----------|--------------------|---------|---------|
|          | tmp_23_cast_fu_168 |    0    |    0    |
|   zext   | tmp_24_cast_fu_188 |    0    |    0    |
|          | tmp_27_cast_fu_216 |    0    |    0    |
|----------|--------------------|---------|---------|
|   trunc  |  empty_166_fu_222  |    0    |    0    |
|----------|--------------------|---------|---------|
|   Total  |                    |    0    |    67   |
|----------|--------------------|---------|---------|

Memories:
N/A

* Register list:
+------------------+--------+
|                  |   FF   |
+------------------+--------+
|   empty_reg_279  |    9   |
|phi_mul574_reg_272|   18   |
| phi_urem_reg_264 |    9   |
+------------------+--------+
|       Total      |   36   |
+------------------+--------+

* Multiplexer (MUX) list: 
|--------|------|------|------|--------|
|  Comp  |  Pin | Size |  BW  | S x BW |
|--------|------|------|------|--------|
|  Total |      |      |      |    0   |
|--------|------|------|------|--------|



* Summary:
+-----------+--------+--------+
|           |   FF   |   LUT  |
+-----------+--------+--------+
|  Function |    0   |   67   |
|   Memory  |    -   |    -   |
|Multiplexer|    -   |    -   |
|  Register |   36   |    -   |
+-----------+--------+--------+
|   Total   |   36   |   67   |
+-----------+--------+--------+
