

================================================================
== Vitis HLS Report for 'Block_entry352_proc1_Pipeline_VITIS_LOOP_141_11'
================================================================
* Date:           Thu Nov  6 12:00:31 2025

* Version:        2022.2 (Build 3670227 on Oct 13 2022)
* Project:        ip9
* Solution:       solution1 (Vivado IP Flow Target)
* Product family: zynq
* Target device:  xc7z020-clg400-2


================================================================
== Performance Estimates
================================================================
+ Timing: 
    * Summary: 
    +--------+----------+----------+------------+
    |  Clock |  Target  | Estimated| Uncertainty|
    +--------+----------+----------+------------+
    |ap_clk  |  10.00 ns|  7.300 ns|     2.70 ns|
    +--------+----------+----------+------------+

+ Latency: 
    * Summary: 
    +---------+---------+----------+----------+-----+-----+---------+
    |  Latency (cycles) |  Latency (absolute) |  Interval | Pipeline|
    |   min   |   max   |    min   |    max   | min | max |   Type  |
    +---------+---------+----------+----------+-----+-----+---------+
    |        ?|        ?|         ?|         ?|    ?|    ?|       no|
    +---------+---------+----------+----------+-----+-----+---------+

    + Detail: 
        * Instance: 
        N/A

        * Loop: 
        +--------------------------------------------------------+---------+---------+----------+-----------+-----------+------+----------+
        |                                                        |  Latency (cycles) | Iteration|  Initiation Interval  | Trip |          |
        |                        Loop Name                       |   min   |   max   |  Latency |  achieved |   target  | Count| Pipelined|
        +--------------------------------------------------------+---------+---------+----------+-----------+-----------+------+----------+
        |- VITIS_LOOP_138_8_VITIS_LOOP_140_10_VITIS_LOOP_141_11  |        ?|        ?|        13|          1|          1|     ?|       yes|
        +--------------------------------------------------------+---------+---------+----------+-----------+-----------+------+----------+

============================================================
+ Verbose Summary: Synthesis Manager
============================================================
InlineROM: 1
ExposeGlobal: 0
============================================================
+ Verbose Summary: CDFG Model
============================================================
IsTopModel: 0
ResetActiveHigh: 1
IsCombinational: 0
IsDatapathOnly: 0
HasWiredReturn: 1
HasMFsm: 2
HasVarLatency: 1
IsPipeline: 0
IsRtlPipelined: 0
IsInstanceOverlapped: 0
IsDontTouch: 0
HasImplIP: 0
IsGatedGlobalClock: 0

+ Individual pipeline summary: 
  * Pipeline-0: initiation interval (II) = 1, depth = 14


============================================================
+ Verbose Summary: Schedule
============================================================
* Number of FSM states : 14
* Pipeline : 1
  Pipeline-0 : II = 1, D = 14, States = { 1 2 3 4 5 6 7 8 9 10 11 12 13 14 }
* Dataflow Pipeline: 0

* FSM state transitions: 
1 --> 2 
2 --> 3 
3 --> 4 
4 --> 5 
5 --> 6 
6 --> 7 
7 --> 8 
8 --> 9 
9 --> 10 
10 --> 11 
11 --> 12 
12 --> 13 
13 --> 14 
14 --> 

* FSM state operations: 

State 1 <SV = 0> <Delay = 1.29>
ST_1 : Operation 16 [1/1] (0.00ns)   --->   "%kw = alloca i32 1"   --->   Operation 16 'alloca' 'kw' <Predicate = true> <Delay = 0.00>
ST_1 : Operation 17 [1/1] (0.00ns)   --->   "%kh = alloca i32 1"   --->   Operation 17 'alloca' 'kh' <Predicate = true> <Delay = 0.00>
ST_1 : Operation 18 [1/1] (0.00ns)   --->   "%indvar_flatten21 = alloca i32 1"   --->   Operation 18 'alloca' 'indvar_flatten21' <Predicate = true> <Delay = 0.00>
ST_1 : Operation 19 [1/1] (0.00ns)   --->   "%c_in = alloca i32 1"   --->   Operation 19 'alloca' 'c_in' <Predicate = true> <Delay = 0.00>
ST_1 : Operation 20 [1/1] (0.00ns)   --->   "%indvar_flatten45 = alloca i32 1"   --->   Operation 20 'alloca' 'indvar_flatten45' <Predicate = true> <Delay = 0.00>
ST_1 : Operation 21 [1/1] (0.00ns)   --->   "%c_out = alloca i32 1"   --->   Operation 21 'alloca' 'c_out' <Predicate = true> <Delay = 0.00>
ST_1 : Operation 22 [1/1] (0.00ns)   --->   "%indvar3863 = alloca i32 1"   --->   Operation 22 'alloca' 'indvar3863' <Predicate = true> <Delay = 0.00>
ST_1 : Operation 23 [1/1] (0.00ns)   --->   "%indvar_flatten109 = alloca i32 1"   --->   Operation 23 'alloca' 'indvar_flatten109' <Predicate = true> <Delay = 0.00>
ST_1 : Operation 24 [1/1] (0.00ns)   --->   "%conv_kernel_read = read i64 @_ssdm_op_Read.ap_auto.i64, i64 %conv_kernel"   --->   Operation 24 'read' 'conv_kernel_read' <Predicate = true> <Delay = 0.00>
ST_1 : Operation 25 [1/1] (0.00ns)   --->   "%icmp_ln1027_17_read = read i1 @_ssdm_op_Read.ap_auto.i1, i1 %icmp_ln1027_17"   --->   Operation 25 'read' 'icmp_ln1027_17_read' <Predicate = true> <Delay = 0.00>
ST_1 : Operation 26 [1/1] (0.00ns)   --->   "%mul_ln87_4_read = read i16 @_ssdm_op_Read.ap_auto.i16, i16 %mul_ln87_4"   --->   Operation 26 'read' 'mul_ln87_4_read' <Predicate = true> <Delay = 0.00>
ST_1 : Operation 27 [1/1] (0.00ns)   --->   "%icmp_ln1027_16_read = read i1 @_ssdm_op_Read.ap_auto.i1, i1 %icmp_ln1027_16"   --->   Operation 27 'read' 'icmp_ln1027_16_read' <Predicate = true> <Delay = 0.00>
ST_1 : Operation 28 [1/1] (0.00ns)   --->   "%kernel_size_read = read i8 @_ssdm_op_Read.ap_auto.i8, i8 %kernel_size"   --->   Operation 28 'read' 'kernel_size_read' <Predicate = true> <Delay = 0.00>
ST_1 : Operation 29 [1/1] (0.00ns)   --->   "%zext_ln87_19_read = read i16 @_ssdm_op_Read.ap_auto.i16, i16 %zext_ln87_19"   --->   Operation 29 'read' 'zext_ln87_19_read' <Predicate = true> <Delay = 0.00>
ST_1 : Operation 30 [1/1] (0.00ns)   --->   "%bound57_read = read i96 @_ssdm_op_Read.ap_auto.i96, i96 %bound57"   --->   Operation 30 'read' 'bound57_read' <Predicate = true> <Delay = 0.00>
ST_1 : Operation 31 [1/1] (0.00ns)   --->   "%shl_ln1027_1_read = read i32 @_ssdm_op_Read.ap_auto.i32, i32 %shl_ln1027_1"   --->   Operation 31 'read' 'shl_ln1027_1_read' <Predicate = true> <Delay = 0.00>
ST_1 : Operation 32 [1/1] (0.00ns)   --->   "%zext_ln87_13_read = read i16 @_ssdm_op_Read.ap_auto.i16, i16 %zext_ln87_13"   --->   Operation 32 'read' 'zext_ln87_13_read' <Predicate = true> <Delay = 0.00>
ST_1 : Operation 33 [1/1] (0.00ns)   --->   "%mul_ln87_5_read = read i32 @_ssdm_op_Read.ap_auto.i32, i32 %mul_ln87_5"   --->   Operation 33 'read' 'mul_ln87_5_read' <Predicate = true> <Delay = 0.00>
ST_1 : Operation 34 [1/1] (0.00ns)   --->   "%zext_ln87_21_read = read i17 @_ssdm_op_Read.ap_auto.i17, i17 %zext_ln87_21"   --->   Operation 34 'read' 'zext_ln87_21_read' <Predicate = true> <Delay = 0.00>
ST_1 : Operation 35 [1/1] (0.00ns)   --->   "%zext_ln87_19_cast = zext i16 %zext_ln87_19_read"   --->   Operation 35 'zext' 'zext_ln87_19_cast' <Predicate = true> <Delay = 0.00>
ST_1 : Operation 36 [1/1] (0.00ns)   --->   "%zext_ln87_13_cast = zext i16 %zext_ln87_13_read"   --->   Operation 36 'zext' 'zext_ln87_13_cast' <Predicate = true> <Delay = 0.00>
ST_1 : Operation 37 [1/1] (0.00ns)   --->   "%zext_ln87_21_cast = zext i17 %zext_ln87_21_read"   --->   Operation 37 'zext' 'zext_ln87_21_cast' <Predicate = true> <Delay = 0.00>
ST_1 : Operation 38 [1/1] (0.00ns)   --->   "%specinterface_ln0 = specinterface void @_ssdm_op_SpecInterface, i32 %gmem2, void @empty_29, i32 0, i32 0, void @empty_43, i32 0, i32 2147483647, void @empty_46, void @empty_45, void @empty_43, i32 16, i32 16, i32 16, i32 16, void @empty_43, void @empty_43, i32 4294967295, i32 0"   --->   Operation 38 'specinterface' 'specinterface_ln0' <Predicate = true> <Delay = 0.00>
ST_1 : Operation 39 [1/1] (1.29ns)   --->   "%store_ln0 = store i96 0, i96 %indvar_flatten109"   --->   Operation 39 'store' 'store_ln0' <Predicate = true> <Delay = 1.29>
ST_1 : Operation 40 [1/1] (1.29ns)   --->   "%store_ln0 = store i64 0, i64 %indvar3863"   --->   Operation 40 'store' 'store_ln0' <Predicate = true> <Delay = 1.29>
ST_1 : Operation 41 [1/1] (1.29ns)   --->   "%store_ln0 = store i64 %zext_ln87_21_cast, i64 %c_out"   --->   Operation 41 'store' 'store_ln0' <Predicate = true> <Delay = 1.29>
ST_1 : Operation 42 [1/1] (1.29ns)   --->   "%store_ln0 = store i32 0, i32 %indvar_flatten45"   --->   Operation 42 'store' 'store_ln0' <Predicate = true> <Delay = 1.29>
ST_1 : Operation 43 [1/1] (1.29ns)   --->   "%store_ln0 = store i16 0, i16 %c_in"   --->   Operation 43 'store' 'store_ln0' <Predicate = true> <Delay = 1.29>
ST_1 : Operation 44 [1/1] (1.29ns)   --->   "%store_ln0 = store i16 0, i16 %indvar_flatten21"   --->   Operation 44 'store' 'store_ln0' <Predicate = true> <Delay = 1.29>
ST_1 : Operation 45 [1/1] (1.29ns)   --->   "%store_ln0 = store i8 0, i8 %kh"   --->   Operation 45 'store' 'store_ln0' <Predicate = true> <Delay = 1.29>
ST_1 : Operation 46 [1/1] (1.29ns)   --->   "%store_ln0 = store i8 0, i8 %kw"   --->   Operation 46 'store' 'store_ln0' <Predicate = true> <Delay = 1.29>
ST_1 : Operation 47 [1/1] (1.29ns)   --->   "%br_ln0 = br void %for.inc167"   --->   Operation 47 'br' 'br_ln0' <Predicate = true> <Delay = 1.29>

State 2 <SV = 1> <Delay = 7.25>
ST_2 : Operation 48 [1/1] (0.00ns)   --->   "%first_iter_1 = phi i1 1, void %newFuncRoot, i1 %and_ln1027_1, void %arrayidx16610.exit"   --->   Operation 48 'phi' 'first_iter_1' <Predicate = true> <Delay = 0.00>
ST_2 : Operation 49 [1/1] (0.00ns)   --->   "%first_iter_11 = phi i1 1, void %newFuncRoot, i1 0, void %arrayidx16610.exit"   --->   Operation 49 'phi' 'first_iter_11' <Predicate = true> <Delay = 0.00>
ST_2 : Operation 50 [1/1] (0.00ns)   --->   "%kh_1 = load i8 %kh"   --->   Operation 50 'load' 'kh_1' <Predicate = true> <Delay = 0.00>
ST_2 : Operation 51 [1/1] (0.00ns)   --->   "%indvar_flatten21_load = load i16 %indvar_flatten21"   --->   Operation 51 'load' 'indvar_flatten21_load' <Predicate = true> <Delay = 0.00>
ST_2 : Operation 52 [1/1] (0.00ns)   --->   "%c_in_1 = load i16 %c_in"   --->   Operation 52 'load' 'c_in_1' <Predicate = true> <Delay = 0.00>
ST_2 : Operation 53 [1/1] (0.00ns)   --->   "%indvar_flatten45_load = load i32 %indvar_flatten45"   --->   Operation 53 'load' 'indvar_flatten45_load' <Predicate = true> <Delay = 0.00>
ST_2 : Operation 54 [1/1] (0.00ns)   --->   "%indvar_flatten109_load = load i96 %indvar_flatten109" [../ip/ip6/conv_bn_relu.cpp:138]   --->   Operation 54 'load' 'indvar_flatten109_load' <Predicate = true> <Delay = 0.00>
ST_2 : Operation 55 [1/1] (0.00ns)   --->   "%zext_ln1027 = zext i16 %c_in_1"   --->   Operation 55 'zext' 'zext_ln1027' <Predicate = true> <Delay = 0.00>
ST_2 : Operation 56 [3/3] (0.98ns) (grouped into DSP with root node add_ln139_1)   --->   "%mul_ln139 = mul i32 %zext_ln1027, i32 %zext_ln87_13_cast" [../ip/ip6/conv_bn_relu.cpp:139]   --->   Operation 56 'mul' 'mul_ln139' <Predicate = true> <Delay = 0.98> <CoreInst = "DSP48">   --->   Core 119 'DSP48' <Latency = 3> <II = 1> <Delay = 1.82> <IPBlock> <Opcode : 'mul' 'add' 'sub' 'select'> <InPorts = 0> <OutPorts = 1> <Sync> <CReg>
ST_2 : Operation 57 [1/1] (0.00ns)   --->   "%tmp_s = partselect i6 @_ssdm_op_PartSelect.i6.i8.i32.i32, i8 %kh_1, i32 1, i32 6"   --->   Operation 57 'partselect' 'tmp_s' <Predicate = true> <Delay = 0.00>
ST_2 : Operation 58 [1/1] (0.00ns)   --->   "%empty = trunc i8 %kh_1"   --->   Operation 58 'trunc' 'empty' <Predicate = true> <Delay = 0.00>
ST_2 : Operation 59 [1/1] (2.51ns)   --->   "%icmp_ln138 = icmp_eq  i96 %indvar_flatten109_load, i96 %bound57_read" [../ip/ip6/conv_bn_relu.cpp:138]   --->   Operation 59 'icmp' 'icmp_ln138' <Predicate = true> <Delay = 2.51> <CoreInst = "Cmp">   --->   Core 9 'Cmp' <Latency = 0> <II = 1> <Delay = 2.51> <FuncUnit> <Opcode : 'icmp'> <InPorts = 2> <OutPorts = 1>
ST_2 : Operation 60 [1/1] (3.48ns)   --->   "%add_ln138_2 = add i96 %indvar_flatten109_load, i96 1" [../ip/ip6/conv_bn_relu.cpp:138]   --->   Operation 60 'add' 'add_ln138_2' <Predicate = true> <Delay = 3.48> <CoreInst = "Adder">   --->   Core 1 'Adder' <Latency = 0> <II = 1> <Delay = 3.48> <FuncUnit> <Opcode : 'add' 'sub'> <InPorts = 2> <OutPorts = 1>
ST_2 : Operation 61 [1/1] (0.00ns)   --->   "%br_ln138 = br i1 %icmp_ln138, void %for.inc176.loopexit, void %VITIS_LOOP_153_12.loopexit.exitStub" [../ip/ip6/conv_bn_relu.cpp:138]   --->   Operation 61 'br' 'br_ln138' <Predicate = true> <Delay = 0.00>
ST_2 : Operation 62 [1/1] (0.00ns)   --->   "%kw_load = load i8 %kw"   --->   Operation 62 'load' 'kw_load' <Predicate = (!icmp_ln138)> <Delay = 0.00>
ST_2 : Operation 63 [1/1] (0.00ns)   --->   "%c_out_load = load i64 %c_out" [../ip/ip6/conv_bn_relu.cpp:138]   --->   Operation 63 'load' 'c_out_load' <Predicate = (!icmp_ln138)> <Delay = 0.00>
ST_2 : Operation 64 [1/1] (2.69ns)   --->   "%add_ln138 = add i64 %c_out_load, i64 1" [../ip/ip6/conv_bn_relu.cpp:138]   --->   Operation 64 'add' 'add_ln138' <Predicate = (!icmp_ln138)> <Delay = 2.69> <CoreInst = "Adder">   --->   Core 1 'Adder' <Latency = 0> <II = 1> <Delay = 2.69> <FuncUnit> <Opcode : 'add' 'sub'> <InPorts = 2> <OutPorts = 1>
ST_2 : Operation 65 [1/1] (1.96ns)   --->   "%icmp_ln1027 = icmp_eq  i32 %indvar_flatten45_load, i32 %mul_ln87_5_read"   --->   Operation 65 'icmp' 'icmp_ln1027' <Predicate = (!icmp_ln138)> <Delay = 1.96> <CoreInst = "Cmp">   --->   Core 9 'Cmp' <Latency = 0> <II = 1> <Delay = 1.96> <FuncUnit> <Opcode : 'icmp'> <InPorts = 2> <OutPorts = 1>
ST_2 : Operation 66 [1/1] (0.62ns)   --->   "%select_ln138 = select i1 %icmp_ln1027, i16 0, i16 %c_in_1" [../ip/ip6/conv_bn_relu.cpp:138]   --->   Operation 66 'select' 'select_ln138' <Predicate = (!icmp_ln138)> <Delay = 0.62> <CoreInst = "Sel">   --->   Core 73 'Sel' <Latency = 0> <II = 1> <Delay = 0.62> <FuncUnit> <Opcode : 'select'> <InPorts = 3> <OutPorts = 1>
ST_2 : Operation 67 [1/1] (0.00ns) (grouped into LUT with out node and_ln1027_1)   --->   "%or_ln138 = or i1 %icmp_ln1027, i1 %first_iter_1" [../ip/ip6/conv_bn_relu.cpp:138]   --->   Operation 67 'or' 'or_ln138' <Predicate = (!icmp_ln138)> <Delay = 0.00> <CoreInst = "LogicGate">   --->   Core 74 'LogicGate' <Latency = 0> <II = 1> <Delay = 0.80> <FuncUnit> <Opcode : 'and' 'or' 'xor'> <InPorts = 2> <OutPorts = 1>
ST_2 : Operation 68 [1/1] (0.00ns) (grouped into LUT with out node or_ln1027_3)   --->   "%or_ln138_1 = or i1 %icmp_ln1027, i1 %first_iter_11" [../ip/ip6/conv_bn_relu.cpp:138]   --->   Operation 68 'or' 'or_ln138_1' <Predicate = (!icmp_ln138)> <Delay = 0.00> <CoreInst = "LogicGate">   --->   Core 74 'LogicGate' <Latency = 0> <II = 1> <Delay = 0.80> <FuncUnit> <Opcode : 'and' 'or' 'xor'> <InPorts = 2> <OutPorts = 1>
ST_2 : Operation 69 [1/1] (1.17ns)   --->   "%select_ln138_2 = select i1 %icmp_ln1027, i64 %add_ln138, i64 %c_out_load" [../ip/ip6/conv_bn_relu.cpp:138]   --->   Operation 69 'select' 'select_ln138_2' <Predicate = (!icmp_ln138)> <Delay = 1.17> <CoreInst = "Sel">   --->   Core 73 'Sel' <Latency = 0> <II = 1> <Delay = 1.17> <FuncUnit> <Opcode : 'select'> <InPorts = 3> <OutPorts = 1>
ST_2 : Operation 70 [1/1] (0.00ns)   --->   "%p_cast146_mid2_v = partselect i2 @_ssdm_op_PartSelect.i2.i64.i32.i32, i64 %select_ln138_2, i32 1, i32 2" [../ip/ip6/conv_bn_relu.cpp:138]   --->   Operation 70 'partselect' 'p_cast146_mid2_v' <Predicate = (!icmp_ln138)> <Delay = 0.00>
ST_2 : Operation 71 [1/1] (0.00ns)   --->   "%tmp_1 = bitconcatenate i5 @_ssdm_op_BitConcatenate.i5.i2.i3, i2 %p_cast146_mid2_v, i3 0" [../ip/ip6/conv_bn_relu.cpp:138]   --->   Operation 71 'bitconcatenate' 'tmp_1' <Predicate = (!icmp_ln138)> <Delay = 0.00>
ST_2 : Operation 72 [1/1] (0.00ns)   --->   "%trunc_ln138_2 = trunc i64 %select_ln138_2" [../ip/ip6/conv_bn_relu.cpp:138]   --->   Operation 72 'trunc' 'trunc_ln138_2' <Predicate = (!icmp_ln138)> <Delay = 0.00>
ST_2 : Operation 73 [1/1] (0.00ns) (grouped into LUT with out node select_ln1027_7)   --->   "%xor_ln138 = xor i1 %icmp_ln1027, i1 1" [../ip/ip6/conv_bn_relu.cpp:138]   --->   Operation 73 'xor' 'xor_ln138' <Predicate = (!icmp_ln138)> <Delay = 0.00> <CoreInst = "LogicGate">   --->   Core 74 'LogicGate' <Latency = 0> <II = 1> <Delay = 0.80> <FuncUnit> <Opcode : 'and' 'or' 'xor'> <InPorts = 2> <OutPorts = 1>
ST_2 : Operation 74 [1/1] (0.00ns) (grouped into LUT with out node select_ln1027_7)   --->   "%and_ln138 = and i1 %empty, i1 %xor_ln138" [../ip/ip6/conv_bn_relu.cpp:138]   --->   Operation 74 'and' 'and_ln138' <Predicate = (!icmp_ln138)> <Delay = 0.00> <CoreInst = "LogicGate">   --->   Core 74 'LogicGate' <Latency = 0> <II = 1> <Delay = 0.80> <FuncUnit> <Opcode : 'and' 'or' 'xor'> <InPorts = 2> <OutPorts = 1>
ST_2 : Operation 75 [1/1] (1.31ns)   --->   "%icmp_ln1027_1 = icmp_eq  i8 %kw_load, i8 %kernel_size_read"   --->   Operation 75 'icmp' 'icmp_ln1027_1' <Predicate = (!icmp_ln138)> <Delay = 1.31> <CoreInst = "Cmp">   --->   Core 9 'Cmp' <Latency = 0> <II = 1> <Delay = 1.31> <FuncUnit> <Opcode : 'icmp'> <InPorts = 2> <OutPorts = 1>
ST_2 : Operation 76 [1/1] (0.00ns) (grouped into LUT with out node select_ln1027_4)   --->   "%select_ln138_3 = select i1 %icmp_ln1027, i1 %icmp_ln1027_16_read, i1 %icmp_ln1027_1" [../ip/ip6/conv_bn_relu.cpp:138]   --->   Operation 76 'select' 'select_ln138_3' <Predicate = (!icmp_ln138)> <Delay = 0.00> <CoreInst = "Sel">   --->   Core 73 'Sel' <Latency = 0> <II = 1> <Delay = 0.81> <FuncUnit> <Opcode : 'select'> <InPorts = 3> <OutPorts = 1>
ST_2 : Operation 77 [1/1] (2.13ns)   --->   "%icmp_ln1027_2 = icmp_eq  i16 %indvar_flatten21_load, i16 %mul_ln87_4_read"   --->   Operation 77 'icmp' 'icmp_ln1027_2' <Predicate = (!icmp_ln138)> <Delay = 2.13> <CoreInst = "Cmp">   --->   Core 9 'Cmp' <Latency = 0> <II = 1> <Delay = 2.13> <FuncUnit> <Opcode : 'icmp'> <InPorts = 2> <OutPorts = 1>
ST_2 : Operation 78 [1/1] (0.81ns)   --->   "%select_ln138_4 = select i1 %icmp_ln1027, i1 %icmp_ln1027_17_read, i1 %icmp_ln1027_2" [../ip/ip6/conv_bn_relu.cpp:138]   --->   Operation 78 'select' 'select_ln138_4' <Predicate = (!icmp_ln138)> <Delay = 0.81> <CoreInst = "Sel">   --->   Core 73 'Sel' <Latency = 0> <II = 1> <Delay = 0.81> <FuncUnit> <Opcode : 'select'> <InPorts = 3> <OutPorts = 1>
ST_2 : Operation 79 [1/1] (1.54ns)   --->   "%add_ln139_2 = add i16 %select_ln138, i16 1" [../ip/ip6/conv_bn_relu.cpp:139]   --->   Operation 79 'add' 'add_ln139_2' <Predicate = (!icmp_ln138)> <Delay = 1.54> <CoreInst = "Adder">   --->   Core 1 'Adder' <Latency = 0> <II = 1> <Delay = 1.54> <FuncUnit> <Opcode : 'add' 'sub'> <InPorts = 2> <OutPorts = 1>
ST_2 : Operation 80 [1/1] (0.00ns) (grouped into LUT with out node and_ln1027_1)   --->   "%or_ln1027 = or i1 %select_ln138_4, i1 %or_ln138"   --->   Operation 80 'or' 'or_ln1027' <Predicate = (!icmp_ln138)> <Delay = 0.00> <CoreInst = "LogicGate">   --->   Core 74 'LogicGate' <Latency = 0> <II = 1> <Delay = 0.80> <FuncUnit> <Opcode : 'and' 'or' 'xor'> <InPorts = 2> <OutPorts = 1>
ST_2 : Operation 81 [1/1] (0.80ns)   --->   "%or_ln1027_1 = or i1 %select_ln138_4, i1 %icmp_ln1027"   --->   Operation 81 'or' 'or_ln1027_1' <Predicate = (!icmp_ln138)> <Delay = 0.80> <CoreInst = "LogicGate">   --->   Core 74 'LogicGate' <Latency = 0> <II = 1> <Delay = 0.80> <FuncUnit> <Opcode : 'and' 'or' 'xor'> <InPorts = 2> <OutPorts = 1>
ST_2 : Operation 82 [1/1] (0.44ns)   --->   "%select_ln1027 = select i1 %or_ln1027_1, i8 0, i8 %kh_1"   --->   Operation 82 'select' 'select_ln1027' <Predicate = (!icmp_ln138)> <Delay = 0.44> <CoreInst = "Sel">   --->   Core 73 'Sel' <Latency = 0> <II = 1> <Delay = 0.44> <FuncUnit> <Opcode : 'select'> <InPorts = 3> <OutPorts = 1>
ST_2 : Operation 83 [1/1] (0.00ns) (grouped into LUT with out node or_ln1027_3)   --->   "%or_ln1027_2 = or i1 %select_ln138_4, i1 %or_ln138_1"   --->   Operation 83 'or' 'or_ln1027_2' <Predicate = (!icmp_ln138)> <Delay = 0.00> <CoreInst = "LogicGate">   --->   Core 74 'LogicGate' <Latency = 0> <II = 1> <Delay = 0.80> <FuncUnit> <Opcode : 'and' 'or' 'xor'> <InPorts = 2> <OutPorts = 1>
ST_2 : Operation 84 [1/1] (0.00ns)   --->   "%zext_ln1027_1 = zext i16 %add_ln139_2"   --->   Operation 84 'zext' 'zext_ln1027_1' <Predicate = (!icmp_ln138)> <Delay = 0.00>
ST_2 : Operation 85 [1/1] (0.62ns)   --->   "%select_ln1027_1 = select i1 %select_ln138_4, i16 %add_ln139_2, i16 %select_ln138"   --->   Operation 85 'select' 'select_ln1027_1' <Predicate = (!icmp_ln138)> <Delay = 0.62> <CoreInst = "Sel">   --->   Core 73 'Sel' <Latency = 0> <II = 1> <Delay = 0.62> <FuncUnit> <Opcode : 'select'> <InPorts = 3> <OutPorts = 1>
ST_2 : Operation 86 [1/1] (0.00ns)   --->   "%empty_147 = trunc i16 %select_ln1027_1"   --->   Operation 86 'trunc' 'empty_147' <Predicate = (!icmp_ln138)> <Delay = 0.00>
ST_2 : Operation 87 [1/1] (1.02ns)   --->   "%empty_148 = add i5 %tmp_1, i5 %empty_147" [../ip/ip6/conv_bn_relu.cpp:138]   --->   Operation 87 'add' 'empty_148' <Predicate = (!icmp_ln138)> <Delay = 1.02> <CoreInst = "Adder">   --->   Core 1 'Adder' <Latency = 0> <II = 1> <Delay = 1.02> <FuncUnit> <Opcode : 'add' 'sub'> <InPorts = 2> <OutPorts = 1>
ST_2 : Operation 88 [1/1] (0.00ns) (grouped into LUT with out node empty_149)   --->   "%tmp_2 = bitconcatenate i6 @_ssdm_op_BitConcatenate.i6.i5.i1, i5 %empty_148, i1 0" [../ip/ip6/conv_bn_relu.cpp:138]   --->   Operation 88 'bitconcatenate' 'tmp_2' <Predicate = (!icmp_ln138)> <Delay = 0.00>
ST_2 : Operation 89 [3/3] (0.98ns) (grouped into DSP with root node add_ln139_4)   --->   "%mul_ln139_1 = mul i32 %zext_ln1027_1, i32 %zext_ln87_13_cast" [../ip/ip6/conv_bn_relu.cpp:139]   --->   Operation 89 'mul' 'mul_ln139_1' <Predicate = (!icmp_ln138)> <Delay = 0.98> <CoreInst = "DSP48">   --->   Core 119 'DSP48' <Latency = 3> <II = 1> <Delay = 1.82> <IPBlock> <Opcode : 'mul' 'add' 'sub' 'select'> <InPorts = 0> <OutPorts = 1> <Sync> <CReg>
ST_2 : Operation 90 [1/1] (0.00ns) (grouped into LUT with out node empty_149)   --->   "%select_ln1027_3 = select i1 %or_ln1027_1, i6 0, i6 %tmp_s"   --->   Operation 90 'select' 'select_ln1027_3' <Predicate = (!icmp_ln138)> <Delay = 0.00> <CoreInst = "Sel">   --->   Core 73 'Sel' <Latency = 0> <II = 1> <Delay = 0.97> <FuncUnit> <Opcode : 'select'> <InPorts = 3> <OutPorts = 1>
ST_2 : Operation 91 [1/1] (0.00ns) (grouped into LUT with out node select_ln1027_7)   --->   "%xor_ln1027 = xor i1 %select_ln138_4, i1 1"   --->   Operation 91 'xor' 'xor_ln1027' <Predicate = (!icmp_ln138)> <Delay = 0.00> <CoreInst = "LogicGate">   --->   Core 74 'LogicGate' <Latency = 0> <II = 1> <Delay = 0.80> <FuncUnit> <Opcode : 'and' 'or' 'xor'> <InPorts = 2> <OutPorts = 1>
ST_2 : Operation 92 [1/1] (0.00ns) (grouped into LUT with out node select_ln1027_7)   --->   "%and_ln1027 = and i1 %and_ln138, i1 %xor_ln1027"   --->   Operation 92 'and' 'and_ln1027' <Predicate = (!icmp_ln138)> <Delay = 0.00> <CoreInst = "LogicGate">   --->   Core 74 'LogicGate' <Latency = 0> <II = 1> <Delay = 0.80> <FuncUnit> <Opcode : 'and' 'or' 'xor'> <InPorts = 2> <OutPorts = 1>
ST_2 : Operation 93 [1/1] (0.81ns) (out node of the LUT)   --->   "%select_ln1027_4 = select i1 %select_ln138_4, i1 %icmp_ln1027_16_read, i1 %select_ln138_3"   --->   Operation 93 'select' 'select_ln1027_4' <Predicate = (!icmp_ln138)> <Delay = 0.81> <CoreInst = "Sel">   --->   Core 73 'Sel' <Latency = 0> <II = 1> <Delay = 0.81> <FuncUnit> <Opcode : 'select'> <InPorts = 3> <OutPorts = 1>
ST_2 : Operation 94 [1/1] (1.30ns)   --->   "%add_ln140 = add i8 %select_ln1027, i8 1" [../ip/ip6/conv_bn_relu.cpp:140]   --->   Operation 94 'add' 'add_ln140' <Predicate = (!icmp_ln138)> <Delay = 1.30> <CoreInst = "Adder">   --->   Core 1 'Adder' <Latency = 0> <II = 1> <Delay = 1.30> <FuncUnit> <Opcode : 'add' 'sub'> <InPorts = 2> <OutPorts = 1>
ST_2 : Operation 95 [1/1] (0.80ns) (out node of the LUT)   --->   "%or_ln1027_3 = or i1 %select_ln1027_4, i1 %or_ln1027_2"   --->   Operation 95 'or' 'or_ln1027_3' <Predicate = (!icmp_ln138)> <Delay = 0.80> <CoreInst = "LogicGate">   --->   Core 74 'LogicGate' <Latency = 0> <II = 1> <Delay = 0.80> <FuncUnit> <Opcode : 'and' 'or' 'xor'> <InPorts = 2> <OutPorts = 1>
ST_2 : Operation 96 [1/1] (0.00ns) (grouped into LUT with out node select_ln1027_5)   --->   "%or_ln1027_4 = or i1 %select_ln1027_4, i1 %select_ln138_4"   --->   Operation 96 'or' 'or_ln1027_4' <Predicate = (!icmp_ln138)> <Delay = 0.00> <CoreInst = "LogicGate">   --->   Core 74 'LogicGate' <Latency = 0> <II = 1> <Delay = 0.80> <FuncUnit> <Opcode : 'and' 'or' 'xor'> <InPorts = 2> <OutPorts = 1>
ST_2 : Operation 97 [1/1] (0.00ns) (grouped into LUT with out node select_ln1027_5)   --->   "%or_ln1027_5 = or i1 %or_ln1027_4, i1 %icmp_ln1027"   --->   Operation 97 'or' 'or_ln1027_5' <Predicate = (!icmp_ln138)> <Delay = 0.00> <CoreInst = "LogicGate">   --->   Core 74 'LogicGate' <Latency = 0> <II = 1> <Delay = 0.80> <FuncUnit> <Opcode : 'and' 'or' 'xor'> <InPorts = 2> <OutPorts = 1>
ST_2 : Operation 98 [1/1] (0.80ns) (out node of the LUT)   --->   "%select_ln1027_5 = select i1 %or_ln1027_5, i8 0, i8 %kw_load"   --->   Operation 98 'select' 'select_ln1027_5' <Predicate = (!icmp_ln138)> <Delay = 0.80> <CoreInst = "Sel">   --->   Core 73 'Sel' <Latency = 0> <II = 1> <Delay = 0.44> <FuncUnit> <Opcode : 'select'> <InPorts = 3> <OutPorts = 1>
ST_2 : Operation 99 [1/1] (0.00ns) (grouped into LUT with out node empty_149)   --->   "%p_mid1 = partselect i6 @_ssdm_op_PartSelect.i6.i8.i32.i32, i8 %add_ln140, i32 1, i32 6" [../ip/ip6/conv_bn_relu.cpp:140]   --->   Operation 99 'partselect' 'p_mid1' <Predicate = (!icmp_ln138)> <Delay = 0.00>
ST_2 : Operation 100 [1/1] (0.00ns) (grouped into LUT with out node empty_149)   --->   "%select_ln1027_6 = select i1 %select_ln1027_4, i6 %p_mid1, i6 %select_ln1027_3"   --->   Operation 100 'select' 'select_ln1027_6' <Predicate = (!icmp_ln138)> <Delay = 0.00> <CoreInst = "Sel">   --->   Core 73 'Sel' <Latency = 0> <II = 1> <Delay = 0.97> <FuncUnit> <Opcode : 'select'> <InPorts = 3> <OutPorts = 1>
ST_2 : Operation 101 [1/1] (1.28ns) (out node of the LUT)   --->   "%empty_149 = add i6 %tmp_2, i6 %select_ln1027_6" [../ip/ip6/conv_bn_relu.cpp:138]   --->   Operation 101 'add' 'empty_149' <Predicate = (!icmp_ln138)> <Delay = 1.28> <CoreInst = "Adder">   --->   Core 1 'Adder' <Latency = 0> <II = 1> <Delay = 1.28> <FuncUnit> <Opcode : 'add' 'sub'> <InPorts = 2> <OutPorts = 1>
ST_2 : Operation 102 [1/1] (0.00ns) (grouped into LUT with out node select_ln1027_7)   --->   "%empty_150 = trunc i8 %add_ln140" [../ip/ip6/conv_bn_relu.cpp:140]   --->   Operation 102 'trunc' 'empty_150' <Predicate = (!icmp_ln138)> <Delay = 0.00>
ST_2 : Operation 103 [1/1] (0.81ns) (out node of the LUT)   --->   "%select_ln1027_7 = select i1 %select_ln1027_4, i1 %empty_150, i1 %and_ln1027"   --->   Operation 103 'select' 'select_ln1027_7' <Predicate = (!icmp_ln138)> <Delay = 0.81> <CoreInst = "Sel">   --->   Core 73 'Sel' <Latency = 0> <II = 1> <Delay = 0.81> <FuncUnit> <Opcode : 'select'> <InPorts = 3> <OutPorts = 1>
ST_2 : Operation 104 [1/1] (0.00ns) (grouped into LUT with out node and_ln1027_1)   --->   "%xor_ln1027_1 = xor i1 %select_ln1027_4, i1 1"   --->   Operation 104 'xor' 'xor_ln1027_1' <Predicate = (!icmp_ln138)> <Delay = 0.00> <CoreInst = "LogicGate">   --->   Core 74 'LogicGate' <Latency = 0> <II = 1> <Delay = 0.80> <FuncUnit> <Opcode : 'and' 'or' 'xor'> <InPorts = 2> <OutPorts = 1>
ST_2 : Operation 105 [1/1] (0.80ns) (out node of the LUT)   --->   "%and_ln1027_1 = and i1 %or_ln1027, i1 %xor_ln1027_1"   --->   Operation 105 'and' 'and_ln1027_1' <Predicate = (!icmp_ln138)> <Delay = 0.80> <CoreInst = "LogicGate">   --->   Core 74 'LogicGate' <Latency = 0> <II = 1> <Delay = 0.80> <FuncUnit> <Opcode : 'and' 'or' 'xor'> <InPorts = 2> <OutPorts = 1>
ST_2 : Operation 106 [1/1] (0.44ns)   --->   "%select_ln1027_8 = select i1 %select_ln1027_4, i8 %add_ln140, i8 %select_ln1027"   --->   Operation 106 'select' 'select_ln1027_8' <Predicate = (!icmp_ln138)> <Delay = 0.44> <CoreInst = "Sel">   --->   Core 73 'Sel' <Latency = 0> <II = 1> <Delay = 0.44> <FuncUnit> <Opcode : 'select'> <InPorts = 3> <OutPorts = 1>
ST_2 : Operation 107 [1/1] (0.00ns)   --->   "%br_ln141 = br i1 %or_ln1027_3, void %for.inc167.split, void %new.body.VITIS_LOOP_141_11" [../ip/ip6/conv_bn_relu.cpp:141]   --->   Operation 107 'br' 'br_ln141' <Predicate = (!icmp_ln138)> <Delay = 0.00>
ST_2 : Operation 108 [1/1] (0.00ns)   --->   "%br_ln140 = br i1 %and_ln1027_1, void %for.first.iter.for.inc167, void %for.first.iter.VITIS_LOOP_141_11" [../ip/ip6/conv_bn_relu.cpp:140]   --->   Operation 108 'br' 'br_ln140' <Predicate = (!icmp_ln138 & or_ln1027_3)> <Delay = 0.00>
ST_2 : Operation 109 [1/1] (0.00ns)   --->   "%br_ln141 = br void %for.inc167.split" [../ip/ip6/conv_bn_relu.cpp:141]   --->   Operation 109 'br' 'br_ln141' <Predicate = (!icmp_ln138 & or_ln1027_3)> <Delay = 0.00>
ST_2 : Operation 110 [1/1] (0.00ns)   --->   "%trunc_ln146 = trunc i8 %select_ln1027_5" [../ip/ip6/conv_bn_relu.cpp:146]   --->   Operation 110 'trunc' 'trunc_ln146' <Predicate = (!icmp_ln138)> <Delay = 0.00>
ST_2 : Operation 111 [1/1] (0.00ns)   --->   "%br_ln146 = br i1 %trunc_ln138_2, void %arrayidx16610.case.0, void %arrayidx16610.case.1" [../ip/ip6/conv_bn_relu.cpp:146]   --->   Operation 111 'br' 'br_ln146' <Predicate = (!icmp_ln138)> <Delay = 0.00>
ST_2 : Operation 112 [1/1] (0.00ns)   --->   "%br_ln146 = br i1 %select_ln1027_7, void %arrayidx16610.case.03774, void %arrayidx16610.case.13775" [../ip/ip6/conv_bn_relu.cpp:146]   --->   Operation 112 'br' 'br_ln146' <Predicate = (!icmp_ln138 & !trunc_ln138_2)> <Delay = 0.00>
ST_2 : Operation 113 [1/1] (0.50ns)   --->   "%switch_ln146 = switch i2 %trunc_ln146, void %arrayidx16610.case.2, i2 0, void %arrayidx16610.case.03778, i2 1, void %arrayidx16610.case.13779" [../ip/ip6/conv_bn_relu.cpp:146]   --->   Operation 113 'switch' 'switch_ln146' <Predicate = (!icmp_ln138 & !trunc_ln138_2 & !select_ln1027_7)> <Delay = 0.50>
ST_2 : Operation 114 [1/1] (0.00ns)   --->   "%br_ln146 = br void %arrayidx16610.exit3773" [../ip/ip6/conv_bn_relu.cpp:146]   --->   Operation 114 'br' 'br_ln146' <Predicate = (!icmp_ln138 & !trunc_ln138_2 & !select_ln1027_7)> <Delay = 0.00>
ST_2 : Operation 115 [1/1] (0.50ns)   --->   "%switch_ln146 = switch i2 %trunc_ln146, void %arrayidx16610.case.23784, i2 0, void %arrayidx16610.case.03782, i2 1, void %arrayidx16610.case.13783" [../ip/ip6/conv_bn_relu.cpp:146]   --->   Operation 115 'switch' 'switch_ln146' <Predicate = (!icmp_ln138 & !trunc_ln138_2 & select_ln1027_7)> <Delay = 0.50>
ST_2 : Operation 116 [1/1] (0.00ns)   --->   "%br_ln146 = br void %arrayidx16610.exit3773" [../ip/ip6/conv_bn_relu.cpp:146]   --->   Operation 116 'br' 'br_ln146' <Predicate = (!icmp_ln138 & !trunc_ln138_2 & select_ln1027_7)> <Delay = 0.00>
ST_2 : Operation 117 [1/1] (0.00ns)   --->   "%br_ln146 = br void %arrayidx16610.exit" [../ip/ip6/conv_bn_relu.cpp:146]   --->   Operation 117 'br' 'br_ln146' <Predicate = (!icmp_ln138 & !trunc_ln138_2)> <Delay = 0.00>
ST_2 : Operation 118 [1/1] (0.00ns)   --->   "%br_ln146 = br i1 %select_ln1027_7, void %arrayidx16610.case.03787, void %arrayidx16610.case.13788" [../ip/ip6/conv_bn_relu.cpp:146]   --->   Operation 118 'br' 'br_ln146' <Predicate = (!icmp_ln138 & trunc_ln138_2)> <Delay = 0.00>
ST_2 : Operation 119 [1/1] (0.50ns)   --->   "%switch_ln146 = switch i2 %trunc_ln146, void %arrayidx16610.case.23793, i2 0, void %arrayidx16610.case.03791, i2 1, void %arrayidx16610.case.13792" [../ip/ip6/conv_bn_relu.cpp:146]   --->   Operation 119 'switch' 'switch_ln146' <Predicate = (!icmp_ln138 & trunc_ln138_2 & !select_ln1027_7)> <Delay = 0.50>
ST_2 : Operation 120 [1/1] (0.00ns)   --->   "%br_ln146 = br void %arrayidx16610.exit3786" [../ip/ip6/conv_bn_relu.cpp:146]   --->   Operation 120 'br' 'br_ln146' <Predicate = (!icmp_ln138 & trunc_ln138_2 & !select_ln1027_7)> <Delay = 0.00>
ST_2 : Operation 121 [1/1] (0.50ns)   --->   "%switch_ln146 = switch i2 %trunc_ln146, void %arrayidx16610.case.23798, i2 0, void %arrayidx16610.case.03796, i2 1, void %arrayidx16610.case.13797" [../ip/ip6/conv_bn_relu.cpp:146]   --->   Operation 121 'switch' 'switch_ln146' <Predicate = (!icmp_ln138 & trunc_ln138_2 & select_ln1027_7)> <Delay = 0.50>
ST_2 : Operation 122 [1/1] (0.00ns)   --->   "%br_ln146 = br void %arrayidx16610.exit3786" [../ip/ip6/conv_bn_relu.cpp:146]   --->   Operation 122 'br' 'br_ln146' <Predicate = (!icmp_ln138 & trunc_ln138_2 & select_ln1027_7)> <Delay = 0.00>
ST_2 : Operation 123 [1/1] (0.00ns)   --->   "%br_ln146 = br void %arrayidx16610.exit" [../ip/ip6/conv_bn_relu.cpp:146]   --->   Operation 123 'br' 'br_ln146' <Predicate = (!icmp_ln138 & trunc_ln138_2)> <Delay = 0.00>
ST_2 : Operation 124 [1/1] (1.30ns)   --->   "%add_ln141 = add i8 %select_ln1027_5, i8 1" [../ip/ip6/conv_bn_relu.cpp:141]   --->   Operation 124 'add' 'add_ln141' <Predicate = (!icmp_ln138)> <Delay = 1.30> <CoreInst = "Adder">   --->   Core 1 'Adder' <Latency = 0> <II = 1> <Delay = 1.30> <FuncUnit> <Opcode : 'add' 'sub'> <InPorts = 2> <OutPorts = 1>
ST_2 : Operation 125 [1/1] (1.54ns)   --->   "%add_ln1027_1 = add i16 %indvar_flatten21_load, i16 1"   --->   Operation 125 'add' 'add_ln1027_1' <Predicate = (!icmp_ln138)> <Delay = 1.54> <CoreInst = "Adder">   --->   Core 1 'Adder' <Latency = 0> <II = 1> <Delay = 1.54> <FuncUnit> <Opcode : 'add' 'sub'> <InPorts = 2> <OutPorts = 1>
ST_2 : Operation 126 [1/1] (0.62ns)   --->   "%select_ln1027_9 = select i1 %or_ln1027_1, i16 1, i16 %add_ln1027_1"   --->   Operation 126 'select' 'select_ln1027_9' <Predicate = (!icmp_ln138)> <Delay = 0.62> <CoreInst = "Sel">   --->   Core 73 'Sel' <Latency = 0> <II = 1> <Delay = 0.62> <FuncUnit> <Opcode : 'select'> <InPorts = 3> <OutPorts = 1>
ST_2 : Operation 127 [1/1] (1.89ns)   --->   "%add_ln1027_2 = add i32 %indvar_flatten45_load, i32 1"   --->   Operation 127 'add' 'add_ln1027_2' <Predicate = (!icmp_ln138)> <Delay = 1.89> <CoreInst = "Adder">   --->   Core 1 'Adder' <Latency = 0> <II = 1> <Delay = 1.89> <FuncUnit> <Opcode : 'add' 'sub'> <InPorts = 2> <OutPorts = 1>
ST_2 : Operation 128 [1/1] (0.70ns)   --->   "%select_ln1027_10 = select i1 %icmp_ln1027, i32 1, i32 %add_ln1027_2"   --->   Operation 128 'select' 'select_ln1027_10' <Predicate = (!icmp_ln138)> <Delay = 0.70> <CoreInst = "Sel">   --->   Core 73 'Sel' <Latency = 0> <II = 1> <Delay = 0.70> <FuncUnit> <Opcode : 'select'> <InPorts = 3> <OutPorts = 1>
ST_2 : Operation 129 [1/1] (1.29ns)   --->   "%store_ln141 = store i96 %add_ln138_2, i96 %indvar_flatten109" [../ip/ip6/conv_bn_relu.cpp:141]   --->   Operation 129 'store' 'store_ln141' <Predicate = (!icmp_ln138)> <Delay = 1.29>
ST_2 : Operation 130 [1/1] (1.29ns)   --->   "%store_ln141 = store i64 %select_ln138_2, i64 %c_out" [../ip/ip6/conv_bn_relu.cpp:141]   --->   Operation 130 'store' 'store_ln141' <Predicate = (!icmp_ln138)> <Delay = 1.29>
ST_2 : Operation 131 [1/1] (1.29ns)   --->   "%store_ln141 = store i32 %select_ln1027_10, i32 %indvar_flatten45" [../ip/ip6/conv_bn_relu.cpp:141]   --->   Operation 131 'store' 'store_ln141' <Predicate = (!icmp_ln138)> <Delay = 1.29>
ST_2 : Operation 132 [1/1] (1.29ns)   --->   "%store_ln141 = store i16 %select_ln1027_1, i16 %c_in" [../ip/ip6/conv_bn_relu.cpp:141]   --->   Operation 132 'store' 'store_ln141' <Predicate = (!icmp_ln138)> <Delay = 1.29>
ST_2 : Operation 133 [1/1] (1.29ns)   --->   "%store_ln141 = store i16 %select_ln1027_9, i16 %indvar_flatten21" [../ip/ip6/conv_bn_relu.cpp:141]   --->   Operation 133 'store' 'store_ln141' <Predicate = (!icmp_ln138)> <Delay = 1.29>
ST_2 : Operation 134 [1/1] (1.29ns)   --->   "%store_ln141 = store i8 %select_ln1027_8, i8 %kh" [../ip/ip6/conv_bn_relu.cpp:141]   --->   Operation 134 'store' 'store_ln141' <Predicate = (!icmp_ln138)> <Delay = 1.29>
ST_2 : Operation 135 [1/1] (1.29ns)   --->   "%store_ln141 = store i8 %add_ln141, i8 %kw" [../ip/ip6/conv_bn_relu.cpp:141]   --->   Operation 135 'store' 'store_ln141' <Predicate = (!icmp_ln138)> <Delay = 1.29>
ST_2 : Operation 136 [1/1] (0.00ns)   --->   "%br_ln141 = br void %for.inc167" [../ip/ip6/conv_bn_relu.cpp:141]   --->   Operation 136 'br' 'br_ln141' <Predicate = (!icmp_ln138)> <Delay = 0.00>

State 3 <SV = 2> <Delay = 5.15>
ST_3 : Operation 137 [1/1] (0.00ns)   --->   "%indvar3863_load = load i64 %indvar3863" [../ip/ip6/conv_bn_relu.cpp:138]   --->   Operation 137 'load' 'indvar3863_load' <Predicate = true> <Delay = 0.00>
ST_3 : Operation 138 [1/1] (0.00ns)   --->   "%trunc_ln138 = trunc i64 %indvar3863_load" [../ip/ip6/conv_bn_relu.cpp:138]   --->   Operation 138 'trunc' 'trunc_ln138' <Predicate = true> <Delay = 0.00>
ST_3 : Operation 139 [2/3] (0.98ns) (grouped into DSP with root node add_ln139_1)   --->   "%mul_ln139 = mul i32 %zext_ln1027, i32 %zext_ln87_13_cast" [../ip/ip6/conv_bn_relu.cpp:139]   --->   Operation 139 'mul' 'mul_ln139' <Predicate = true> <Delay = 0.98> <CoreInst = "DSP48">   --->   Core 119 'DSP48' <Latency = 3> <II = 1> <Delay = 1.82> <IPBlock> <Opcode : 'mul' 'add' 'sub' 'select'> <InPorts = 0> <OutPorts = 1> <Sync> <CReg>
ST_3 : Operation 140 [1/1] (2.69ns)   --->   "%add_ln138_1 = add i64 %indvar3863_load, i64 1" [../ip/ip6/conv_bn_relu.cpp:138]   --->   Operation 140 'add' 'add_ln138_1' <Predicate = (!icmp_ln138)> <Delay = 2.69> <CoreInst = "Adder">   --->   Core 1 'Adder' <Latency = 0> <II = 1> <Delay = 2.69> <FuncUnit> <Opcode : 'add' 'sub'> <InPorts = 2> <OutPorts = 1>
ST_3 : Operation 141 [1/1] (0.00ns)   --->   "%trunc_ln138_1 = trunc i64 %add_ln138_1" [../ip/ip6/conv_bn_relu.cpp:138]   --->   Operation 141 'trunc' 'trunc_ln138_1' <Predicate = (!icmp_ln138)> <Delay = 0.00>
ST_3 : Operation 142 [1/1] (1.17ns)   --->   "%select_ln138_5 = select i1 %icmp_ln1027, i64 %add_ln138_1, i64 %indvar3863_load" [../ip/ip6/conv_bn_relu.cpp:138]   --->   Operation 142 'select' 'select_ln138_5' <Predicate = (!icmp_ln138)> <Delay = 1.17> <CoreInst = "Sel">   --->   Core 73 'Sel' <Latency = 0> <II = 1> <Delay = 1.17> <FuncUnit> <Opcode : 'select'> <InPorts = 3> <OutPorts = 1>
ST_3 : Operation 143 [2/3] (0.98ns) (grouped into DSP with root node add_ln139_4)   --->   "%mul_ln139_1 = mul i32 %zext_ln1027_1, i32 %zext_ln87_13_cast" [../ip/ip6/conv_bn_relu.cpp:139]   --->   Operation 143 'mul' 'mul_ln139_1' <Predicate = (!icmp_ln138)> <Delay = 0.98> <CoreInst = "DSP48">   --->   Core 119 'DSP48' <Latency = 3> <II = 1> <Delay = 1.82> <IPBlock> <Opcode : 'mul' 'add' 'sub' 'select'> <InPorts = 0> <OutPorts = 1> <Sync> <CReg>
ST_3 : Operation 144 [1/1] (1.29ns)   --->   "%store_ln141 = store i64 %select_ln138_5, i64 %indvar3863" [../ip/ip6/conv_bn_relu.cpp:141]   --->   Operation 144 'store' 'store_ln141' <Predicate = (!icmp_ln138)> <Delay = 1.29>

State 4 <SV = 3> <Delay = 7.05>
ST_4 : Operation 145 [1/1] (7.05ns)   --->   "%mul_ln138 = mul i32 %trunc_ln138, i32 %mul_ln87_5_read" [../ip/ip6/conv_bn_relu.cpp:138]   --->   Operation 145 'mul' 'mul_ln138' <Predicate = true> <Delay = 7.05> <CoreInst = "Multiplier">   --->   Core 3 'Multiplier' <Latency = 0> <II = 1> <Delay = 7.05> <FuncUnit> <Opcode : 'mul'> <InPorts = 2> <OutPorts = 1>
ST_4 : Operation 146 [1/3] (0.00ns) (grouped into DSP with root node add_ln139_1)   --->   "%mul_ln139 = mul i32 %zext_ln1027, i32 %zext_ln87_13_cast" [../ip/ip6/conv_bn_relu.cpp:139]   --->   Operation 146 'mul' 'mul_ln139' <Predicate = true> <Delay = 0.00> <CoreInst = "DSP48">   --->   Core 119 'DSP48' <Latency = 3> <II = 1> <Delay = 1.82> <IPBlock> <Opcode : 'mul' 'add' 'sub' 'select'> <InPorts = 0> <OutPorts = 1> <Sync> <CReg>
ST_4 : Operation 147 [2/2] (1.76ns) (root node of the DSP)   --->   "%add_ln139_1 = add i32 %shl_ln1027_1_read, i32 %mul_ln139" [../ip/ip6/conv_bn_relu.cpp:139]   --->   Operation 147 'add' 'add_ln139_1' <Predicate = (!icmp_ln1027 & !select_ln138_4)> <Delay = 1.76> <CoreInst = "DSP48">   --->   Core 119 'DSP48' <Latency = 3> <II = 1> <Delay = 1.82> <IPBlock> <Opcode : 'mul' 'add' 'sub' 'select'> <InPorts = 0> <OutPorts = 1> <Sync> <CReg>
ST_4 : Operation 148 [1/1] (7.05ns)   --->   "%mul_ln138_1 = mul i32 %trunc_ln138_1, i32 %mul_ln87_5_read" [../ip/ip6/conv_bn_relu.cpp:138]   --->   Operation 148 'mul' 'mul_ln138_1' <Predicate = (!icmp_ln138)> <Delay = 7.05> <CoreInst = "Multiplier">   --->   Core 3 'Multiplier' <Latency = 0> <II = 1> <Delay = 7.05> <FuncUnit> <Opcode : 'mul'> <InPorts = 2> <OutPorts = 1>
ST_4 : Operation 149 [1/3] (0.00ns) (grouped into DSP with root node add_ln139_4)   --->   "%mul_ln139_1 = mul i32 %zext_ln1027_1, i32 %zext_ln87_13_cast" [../ip/ip6/conv_bn_relu.cpp:139]   --->   Operation 149 'mul' 'mul_ln139_1' <Predicate = (!icmp_ln138)> <Delay = 0.00> <CoreInst = "DSP48">   --->   Core 119 'DSP48' <Latency = 3> <II = 1> <Delay = 1.82> <IPBlock> <Opcode : 'mul' 'add' 'sub' 'select'> <InPorts = 0> <OutPorts = 1> <Sync> <CReg>
ST_4 : Operation 150 [2/2] (1.76ns) (root node of the DSP)   --->   "%add_ln139_4 = add i32 %shl_ln1027_1_read, i32 %mul_ln139_1" [../ip/ip6/conv_bn_relu.cpp:139]   --->   Operation 150 'add' 'add_ln139_4' <Predicate = (!icmp_ln138 & select_ln138_4)> <Delay = 1.76> <CoreInst = "DSP48">   --->   Core 119 'DSP48' <Latency = 3> <II = 1> <Delay = 1.82> <IPBlock> <Opcode : 'mul' 'add' 'sub' 'select'> <InPorts = 0> <OutPorts = 1> <Sync> <CReg>

State 5 <SV = 4> <Delay = 6.34>
ST_5 : Operation 151 [1/2] (1.76ns) (root node of the DSP)   --->   "%add_ln139_1 = add i32 %shl_ln1027_1_read, i32 %mul_ln139" [../ip/ip6/conv_bn_relu.cpp:139]   --->   Operation 151 'add' 'add_ln139_1' <Predicate = (!icmp_ln1027 & !select_ln138_4)> <Delay = 1.76> <CoreInst = "DSP48">   --->   Core 119 'DSP48' <Latency = 3> <II = 1> <Delay = 1.82> <IPBlock> <Opcode : 'mul' 'add' 'sub' 'select'> <InPorts = 0> <OutPorts = 1> <Sync> <CReg>
ST_5 : Operation 152 [1/1] (1.89ns)   --->   "%add_ln139 = add i32 %add_ln139_1, i32 %mul_ln138" [../ip/ip6/conv_bn_relu.cpp:139]   --->   Operation 152 'add' 'add_ln139' <Predicate = (!icmp_ln1027 & !select_ln138_4)> <Delay = 1.89> <CoreInst = "Adder">   --->   Core 1 'Adder' <Latency = 0> <II = 1> <Delay = 1.89> <FuncUnit> <Opcode : 'add' 'sub'> <InPorts = 2> <OutPorts = 1>
ST_5 : Operation 153 [1/1] (0.00ns) (grouped into LUT with out node add_ln139_5)   --->   "%select_ln138_1 = select i1 %icmp_ln1027, i32 %mul_ln138_1, i32 %mul_ln138" [../ip/ip6/conv_bn_relu.cpp:138]   --->   Operation 153 'select' 'select_ln138_1' <Predicate = (!icmp_ln138 & select_ln138_4)> <Delay = 0.00> <CoreInst = "Sel">   --->   Core 73 'Sel' <Latency = 0> <II = 1> <Delay = 0.70> <FuncUnit> <Opcode : 'select'> <InPorts = 3> <OutPorts = 1>
ST_5 : Operation 154 [1/1] (1.89ns)   --->   "%add_ln139_3 = add i32 %shl_ln1027_1_read, i32 %mul_ln138_1" [../ip/ip6/conv_bn_relu.cpp:139]   --->   Operation 154 'add' 'add_ln139_3' <Predicate = (!icmp_ln138 & icmp_ln1027 & !select_ln138_4)> <Delay = 1.89> <CoreInst = "Adder">   --->   Core 1 'Adder' <Latency = 0> <II = 1> <Delay = 1.89> <FuncUnit> <Opcode : 'add' 'sub'> <InPorts = 2> <OutPorts = 1>
ST_5 : Operation 155 [1/2] (1.76ns) (root node of the DSP)   --->   "%add_ln139_4 = add i32 %shl_ln1027_1_read, i32 %mul_ln139_1" [../ip/ip6/conv_bn_relu.cpp:139]   --->   Operation 155 'add' 'add_ln139_4' <Predicate = (!icmp_ln138 & select_ln138_4)> <Delay = 1.76> <CoreInst = "DSP48">   --->   Core 119 'DSP48' <Latency = 3> <II = 1> <Delay = 1.82> <IPBlock> <Opcode : 'mul' 'add' 'sub' 'select'> <InPorts = 0> <OutPorts = 1> <Sync> <CReg>
ST_5 : Operation 156 [1/1] (1.89ns) (out node of the LUT)   --->   "%add_ln139_5 = add i32 %add_ln139_4, i32 %select_ln138_1" [../ip/ip6/conv_bn_relu.cpp:139]   --->   Operation 156 'add' 'add_ln139_5' <Predicate = (!icmp_ln138 & select_ln138_4)> <Delay = 1.89> <CoreInst = "Adder">   --->   Core 1 'Adder' <Latency = 0> <II = 1> <Delay = 1.89> <FuncUnit> <Opcode : 'add' 'sub'> <InPorts = 2> <OutPorts = 1>
ST_5 : Operation 157 [1/1] (0.00ns) (grouped into LUT with out node add_ln1027)   --->   "%select_ln138_6 = select i1 %icmp_ln1027, i32 %add_ln139_3, i32 %add_ln139" [../ip/ip6/conv_bn_relu.cpp:138]   --->   Operation 157 'select' 'select_ln138_6' <Predicate = (!icmp_ln138 & !select_ln138_4)> <Delay = 0.00> <CoreInst = "Sel">   --->   Core 73 'Sel' <Latency = 0> <II = 1> <Delay = 0.70> <FuncUnit> <Opcode : 'select'> <InPorts = 3> <OutPorts = 1>
ST_5 : Operation 158 [1/1] (0.00ns) (grouped into LUT with out node add_ln1027)   --->   "%select_ln1027_2 = select i1 %select_ln138_4, i32 %add_ln139_5, i32 %select_ln138_6"   --->   Operation 158 'select' 'select_ln1027_2' <Predicate = (!icmp_ln138)> <Delay = 0.00> <CoreInst = "Sel">   --->   Core 73 'Sel' <Latency = 0> <II = 1> <Delay = 0.70> <FuncUnit> <Opcode : 'select'> <InPorts = 3> <OutPorts = 1>
ST_5 : Operation 159 [1/1] (0.00ns) (grouped into LUT with out node add_ln1027)   --->   "%sext_ln140_mid2_v_v_v_v_v = bitconcatenate i34 @_ssdm_op_BitConcatenate.i34.i32.i2, i32 %select_ln1027_2, i2 0"   --->   Operation 159 'bitconcatenate' 'sext_ln140_mid2_v_v_v_v_v' <Predicate = (!icmp_ln138)> <Delay = 0.00>
ST_5 : Operation 160 [1/1] (0.00ns) (grouped into LUT with out node add_ln1027)   --->   "%sext_ln1027 = sext i34 %sext_ln140_mid2_v_v_v_v_v"   --->   Operation 160 'sext' 'sext_ln1027' <Predicate = (!icmp_ln138)> <Delay = 0.00>
ST_5 : Operation 161 [1/1] (2.69ns) (out node of the LUT)   --->   "%add_ln1027 = add i64 %sext_ln1027, i64 %conv_kernel_read"   --->   Operation 161 'add' 'add_ln1027' <Predicate = (!icmp_ln138)> <Delay = 2.69> <CoreInst = "Adder">   --->   Core 1 'Adder' <Latency = 0> <II = 1> <Delay = 2.69> <FuncUnit> <Opcode : 'add' 'sub'> <InPorts = 2> <OutPorts = 1>
ST_5 : Operation 162 [1/1] (0.00ns)   --->   "%sext_ln140_mid2_v = partselect i62 @_ssdm_op_PartSelect.i62.i64.i32.i32, i64 %add_ln1027, i32 2, i32 63"   --->   Operation 162 'partselect' 'sext_ln140_mid2_v' <Predicate = (!icmp_ln138)> <Delay = 0.00>

State 6 <SV = 5> <Delay = 7.30>
ST_6 : Operation 163 [1/1] (0.00ns)   --->   "%sext_ln1027_1 = sext i62 %sext_ln140_mid2_v"   --->   Operation 163 'sext' 'sext_ln1027_1' <Predicate = (!icmp_ln138)> <Delay = 0.00>
ST_6 : Operation 164 [1/1] (0.00ns)   --->   "%gmem2_addr = getelementptr i32 %gmem2, i64 %sext_ln1027_1" [../ip/ip6/conv_bn_relu.cpp:140]   --->   Operation 164 'getelementptr' 'gmem2_addr' <Predicate = (or_ln1027_3 & and_ln1027_1)> <Delay = 0.00>
ST_6 : Operation 165 [7/7] (7.30ns)   --->   "%empty_146 = readreq i1 @_ssdm_op_ReadReq.m_axi.p1i32, i32 %gmem2_addr, i32 %zext_ln87_19_cast" [../ip/ip6/conv_bn_relu.cpp:140]   --->   Operation 165 'readreq' 'empty_146' <Predicate = (or_ln1027_3 & and_ln1027_1)> <Delay = 7.30> <CoreInst = "m_axi">   --->   Core 113 'm_axi' <Latency = 0> <II = 1> <Delay = 1.00> <Adapter> <Opcode : 'read' 'write' 'readreq' 'writereq' 'writeresp'>
ST_6 : Operation 166 [1/1] (0.00ns)   --->   "%gmem2_addr_1 = getelementptr i32 %gmem2, i64 %sext_ln1027_1" [../ip/ip6/conv_bn_relu.cpp:140]   --->   Operation 166 'getelementptr' 'gmem2_addr_1' <Predicate = true> <Delay = 0.00>

State 7 <SV = 6> <Delay = 7.30>
ST_7 : Operation 167 [6/7] (7.30ns)   --->   "%empty_146 = readreq i1 @_ssdm_op_ReadReq.m_axi.p1i32, i32 %gmem2_addr, i32 %zext_ln87_19_cast" [../ip/ip6/conv_bn_relu.cpp:140]   --->   Operation 167 'readreq' 'empty_146' <Predicate = (or_ln1027_3 & and_ln1027_1)> <Delay = 7.30> <CoreInst = "m_axi">   --->   Core 113 'm_axi' <Latency = 0> <II = 1> <Delay = 1.00> <Adapter> <Opcode : 'read' 'write' 'readreq' 'writereq' 'writeresp'>

State 8 <SV = 7> <Delay = 7.30>
ST_8 : Operation 168 [5/7] (7.30ns)   --->   "%empty_146 = readreq i1 @_ssdm_op_ReadReq.m_axi.p1i32, i32 %gmem2_addr, i32 %zext_ln87_19_cast" [../ip/ip6/conv_bn_relu.cpp:140]   --->   Operation 168 'readreq' 'empty_146' <Predicate = (or_ln1027_3 & and_ln1027_1)> <Delay = 7.30> <CoreInst = "m_axi">   --->   Core 113 'm_axi' <Latency = 0> <II = 1> <Delay = 1.00> <Adapter> <Opcode : 'read' 'write' 'readreq' 'writereq' 'writeresp'>

State 9 <SV = 8> <Delay = 7.30>
ST_9 : Operation 169 [4/7] (7.30ns)   --->   "%empty_146 = readreq i1 @_ssdm_op_ReadReq.m_axi.p1i32, i32 %gmem2_addr, i32 %zext_ln87_19_cast" [../ip/ip6/conv_bn_relu.cpp:140]   --->   Operation 169 'readreq' 'empty_146' <Predicate = (or_ln1027_3 & and_ln1027_1)> <Delay = 7.30> <CoreInst = "m_axi">   --->   Core 113 'm_axi' <Latency = 0> <II = 1> <Delay = 1.00> <Adapter> <Opcode : 'read' 'write' 'readreq' 'writereq' 'writeresp'>

State 10 <SV = 9> <Delay = 7.30>
ST_10 : Operation 170 [3/7] (7.30ns)   --->   "%empty_146 = readreq i1 @_ssdm_op_ReadReq.m_axi.p1i32, i32 %gmem2_addr, i32 %zext_ln87_19_cast" [../ip/ip6/conv_bn_relu.cpp:140]   --->   Operation 170 'readreq' 'empty_146' <Predicate = (or_ln1027_3 & and_ln1027_1)> <Delay = 7.30> <CoreInst = "m_axi">   --->   Core 113 'm_axi' <Latency = 0> <II = 1> <Delay = 1.00> <Adapter> <Opcode : 'read' 'write' 'readreq' 'writereq' 'writeresp'>

State 11 <SV = 10> <Delay = 7.30>
ST_11 : Operation 171 [2/7] (7.30ns)   --->   "%empty_146 = readreq i1 @_ssdm_op_ReadReq.m_axi.p1i32, i32 %gmem2_addr, i32 %zext_ln87_19_cast" [../ip/ip6/conv_bn_relu.cpp:140]   --->   Operation 171 'readreq' 'empty_146' <Predicate = (or_ln1027_3 & and_ln1027_1)> <Delay = 7.30> <CoreInst = "m_axi">   --->   Core 113 'm_axi' <Latency = 0> <II = 1> <Delay = 1.00> <Adapter> <Opcode : 'read' 'write' 'readreq' 'writereq' 'writeresp'>

State 12 <SV = 11> <Delay = 7.30>
ST_12 : Operation 172 [1/7] (7.30ns)   --->   "%empty_146 = readreq i1 @_ssdm_op_ReadReq.m_axi.p1i32, i32 %gmem2_addr, i32 %zext_ln87_19_cast" [../ip/ip6/conv_bn_relu.cpp:140]   --->   Operation 172 'readreq' 'empty_146' <Predicate = (or_ln1027_3 & and_ln1027_1)> <Delay = 7.30> <CoreInst = "m_axi">   --->   Core 113 'm_axi' <Latency = 0> <II = 1> <Delay = 1.00> <Adapter> <Opcode : 'read' 'write' 'readreq' 'writereq' 'writeresp'>
ST_12 : Operation 173 [1/1] (0.00ns)   --->   "%br_ln140 = br void %for.first.iter.for.inc167" [../ip/ip6/conv_bn_relu.cpp:140]   --->   Operation 173 'br' 'br_ln140' <Predicate = (or_ln1027_3 & and_ln1027_1)> <Delay = 0.00>

State 13 <SV = 12> <Delay = 7.30>
ST_13 : Operation 174 [1/1] (0.00ns)   --->   "%specpipeline_ln142 = specpipeline void @_ssdm_op_SpecPipeline, i32 1, i32 0, i32 0, i32 0, void @empty_43" [../ip/ip6/conv_bn_relu.cpp:142]   --->   Operation 174 'specpipeline' 'specpipeline_ln142' <Predicate = true> <Delay = 0.00>
ST_13 : Operation 175 [1/1] (0.00ns)   --->   "%specloopname_ln141 = specloopname void @_ssdm_op_SpecLoopName, void @empty_22" [../ip/ip6/conv_bn_relu.cpp:141]   --->   Operation 175 'specloopname' 'specloopname_ln141' <Predicate = true> <Delay = 0.00>
ST_13 : Operation 176 [1/1] (7.30ns)   --->   "%gmem2_addr_1_read = read i32 @_ssdm_op_Read.m_axi.p1i32, i32 %gmem2_addr_1" [../ip/ip6/conv_bn_relu.cpp:146]   --->   Operation 176 'read' 'gmem2_addr_1_read' <Predicate = true> <Delay = 7.30> <CoreInst = "m_axi">   --->   Core 113 'm_axi' <Latency = 0> <II = 1> <Delay = 1.00> <Adapter> <Opcode : 'read' 'write' 'readreq' 'writereq' 'writeresp'>
ST_13 : Operation 177 [1/1] (0.00ns)   --->   "%bitcast_ln146 = bitcast i32 %gmem2_addr_1_read" [../ip/ip6/conv_bn_relu.cpp:146]   --->   Operation 177 'bitcast' 'bitcast_ln146' <Predicate = true> <Delay = 0.00>
ST_13 : Operation 218 [1/1] (0.00ns)   --->   "%ret_ln0 = ret"   --->   Operation 218 'ret' 'ret_ln0' <Predicate = (icmp_ln138)> <Delay = 0.00>

State 14 <SV = 13> <Delay = 2.77>
ST_14 : Operation 178 [1/1] (0.00ns)   --->   "%specloopname_ln0 = specloopname void @_ssdm_op_SpecLoopName, void @VITIS_LOOP_138_8_VITIS_LOOP_140_10_VITIS_LOOP_141_11_str"   --->   Operation 178 'specloopname' 'specloopname_ln0' <Predicate = (!icmp_ln138)> <Delay = 0.00>
ST_14 : Operation 179 [1/1] (0.00ns)   --->   "%specloopname_ln0 = specloopname void @_ssdm_op_SpecLoopName, void @VITIS_LOOP_139_9_VITIS_LOOP_140_10_VITIS_LOOP_141_11_str"   --->   Operation 179 'specloopname' 'specloopname_ln0' <Predicate = (!icmp_ln138)> <Delay = 0.00>
ST_14 : Operation 180 [1/1] (0.00ns)   --->   "%specloopname_ln0 = specloopname void @_ssdm_op_SpecLoopName, void @VITIS_LOOP_140_10_VITIS_LOOP_141_11_str"   --->   Operation 180 'specloopname' 'specloopname_ln0' <Predicate = (!icmp_ln138)> <Delay = 0.00>
ST_14 : Operation 181 [1/1] (0.00ns)   --->   "%p_cast1 = zext i6 %empty_149" [../ip/ip6/conv_bn_relu.cpp:138]   --->   Operation 181 'zext' 'p_cast1' <Predicate = (!icmp_ln138)> <Delay = 0.00>
ST_14 : Operation 182 [1/1] (0.00ns)   --->   "%local_conv_kernel_blk_addr = getelementptr i32 %local_conv_kernel_blk, i64 0, i64 %p_cast1" [../ip/ip6/conv_bn_relu.cpp:138]   --->   Operation 182 'getelementptr' 'local_conv_kernel_blk_addr' <Predicate = (!icmp_ln138)> <Delay = 0.00>
ST_14 : Operation 183 [1/1] (0.00ns)   --->   "%local_conv_kernel_blk_1_addr = getelementptr i32 %local_conv_kernel_blk_1, i64 0, i64 %p_cast1" [../ip/ip6/conv_bn_relu.cpp:138]   --->   Operation 183 'getelementptr' 'local_conv_kernel_blk_1_addr' <Predicate = (!icmp_ln138)> <Delay = 0.00>
ST_14 : Operation 184 [1/1] (0.00ns)   --->   "%local_conv_kernel_blk_2_addr = getelementptr i32 %local_conv_kernel_blk_2, i64 0, i64 %p_cast1" [../ip/ip6/conv_bn_relu.cpp:138]   --->   Operation 184 'getelementptr' 'local_conv_kernel_blk_2_addr' <Predicate = (!icmp_ln138)> <Delay = 0.00>
ST_14 : Operation 185 [1/1] (0.00ns)   --->   "%local_conv_kernel_blk_3_addr = getelementptr i32 %local_conv_kernel_blk_3, i64 0, i64 %p_cast1" [../ip/ip6/conv_bn_relu.cpp:138]   --->   Operation 185 'getelementptr' 'local_conv_kernel_blk_3_addr' <Predicate = (!icmp_ln138)> <Delay = 0.00>
ST_14 : Operation 186 [1/1] (0.00ns)   --->   "%local_conv_kernel_blk_4_addr = getelementptr i32 %local_conv_kernel_blk_4, i64 0, i64 %p_cast1" [../ip/ip6/conv_bn_relu.cpp:138]   --->   Operation 186 'getelementptr' 'local_conv_kernel_blk_4_addr' <Predicate = (!icmp_ln138)> <Delay = 0.00>
ST_14 : Operation 187 [1/1] (0.00ns)   --->   "%local_conv_kernel_blk_5_addr = getelementptr i32 %local_conv_kernel_blk_5, i64 0, i64 %p_cast1" [../ip/ip6/conv_bn_relu.cpp:138]   --->   Operation 187 'getelementptr' 'local_conv_kernel_blk_5_addr' <Predicate = (!icmp_ln138)> <Delay = 0.00>
ST_14 : Operation 188 [1/1] (0.00ns)   --->   "%local_conv_kernel_blk_6_addr = getelementptr i32 %local_conv_kernel_blk_6, i64 0, i64 %p_cast1" [../ip/ip6/conv_bn_relu.cpp:138]   --->   Operation 188 'getelementptr' 'local_conv_kernel_blk_6_addr' <Predicate = (!icmp_ln138)> <Delay = 0.00>
ST_14 : Operation 189 [1/1] (0.00ns)   --->   "%local_conv_kernel_blk_7_addr = getelementptr i32 %local_conv_kernel_blk_7, i64 0, i64 %p_cast1" [../ip/ip6/conv_bn_relu.cpp:138]   --->   Operation 189 'getelementptr' 'local_conv_kernel_blk_7_addr' <Predicate = (!icmp_ln138)> <Delay = 0.00>
ST_14 : Operation 190 [1/1] (0.00ns)   --->   "%local_conv_kernel_blk_8_addr = getelementptr i32 %local_conv_kernel_blk_8, i64 0, i64 %p_cast1" [../ip/ip6/conv_bn_relu.cpp:138]   --->   Operation 190 'getelementptr' 'local_conv_kernel_blk_8_addr' <Predicate = (!icmp_ln138)> <Delay = 0.00>
ST_14 : Operation 191 [1/1] (0.00ns)   --->   "%local_conv_kernel_blk_9_addr = getelementptr i32 %local_conv_kernel_blk_9, i64 0, i64 %p_cast1" [../ip/ip6/conv_bn_relu.cpp:138]   --->   Operation 191 'getelementptr' 'local_conv_kernel_blk_9_addr' <Predicate = (!icmp_ln138)> <Delay = 0.00>
ST_14 : Operation 192 [1/1] (0.00ns)   --->   "%local_conv_kernel_blk_10_addr = getelementptr i32 %local_conv_kernel_blk_10, i64 0, i64 %p_cast1" [../ip/ip6/conv_bn_relu.cpp:138]   --->   Operation 192 'getelementptr' 'local_conv_kernel_blk_10_addr' <Predicate = (!icmp_ln138)> <Delay = 0.00>
ST_14 : Operation 193 [1/1] (0.00ns)   --->   "%local_conv_kernel_blk_11_addr = getelementptr i32 %local_conv_kernel_blk_11, i64 0, i64 %p_cast1" [../ip/ip6/conv_bn_relu.cpp:138]   --->   Operation 193 'getelementptr' 'local_conv_kernel_blk_11_addr' <Predicate = (!icmp_ln138)> <Delay = 0.00>
ST_14 : Operation 194 [1/1] (2.77ns)   --->   "%store_ln146 = store i32 %bitcast_ln146, i6 %local_conv_kernel_blk_1_addr" [../ip/ip6/conv_bn_relu.cpp:146]   --->   Operation 194 'store' 'store_ln146' <Predicate = (!trunc_ln138_2 & !select_ln1027_7 & trunc_ln146 == 1)> <Delay = 2.77> <CoreInst = "RAM">   --->   Core 82 'RAM' <Latency = 1> <II = 1> <Delay = 2.77> <Storage> <Opcode : 'load' 'store'> <Ports = 2> <Width = 32> <Depth = 64> <RAM>
ST_14 : Operation 195 [1/1] (0.00ns)   --->   "%br_ln146 = br void %arrayidx16610.exit3777" [../ip/ip6/conv_bn_relu.cpp:146]   --->   Operation 195 'br' 'br_ln146' <Predicate = (!trunc_ln138_2 & !select_ln1027_7 & trunc_ln146 == 1)> <Delay = 0.00>
ST_14 : Operation 196 [1/1] (2.77ns)   --->   "%store_ln146 = store i32 %bitcast_ln146, i6 %local_conv_kernel_blk_addr" [../ip/ip6/conv_bn_relu.cpp:146]   --->   Operation 196 'store' 'store_ln146' <Predicate = (!trunc_ln138_2 & !select_ln1027_7 & trunc_ln146 == 0)> <Delay = 2.77> <CoreInst = "RAM">   --->   Core 82 'RAM' <Latency = 1> <II = 1> <Delay = 2.77> <Storage> <Opcode : 'load' 'store'> <Ports = 2> <Width = 32> <Depth = 64> <RAM>
ST_14 : Operation 197 [1/1] (0.00ns)   --->   "%br_ln146 = br void %arrayidx16610.exit3777" [../ip/ip6/conv_bn_relu.cpp:146]   --->   Operation 197 'br' 'br_ln146' <Predicate = (!trunc_ln138_2 & !select_ln1027_7 & trunc_ln146 == 0)> <Delay = 0.00>
ST_14 : Operation 198 [1/1] (2.77ns)   --->   "%store_ln146 = store i32 %bitcast_ln146, i6 %local_conv_kernel_blk_2_addr" [../ip/ip6/conv_bn_relu.cpp:146]   --->   Operation 198 'store' 'store_ln146' <Predicate = (!trunc_ln138_2 & !select_ln1027_7 & trunc_ln146 != 0 & trunc_ln146 != 1)> <Delay = 2.77> <CoreInst = "RAM">   --->   Core 82 'RAM' <Latency = 1> <II = 1> <Delay = 2.77> <Storage> <Opcode : 'load' 'store'> <Ports = 2> <Width = 32> <Depth = 64> <RAM>
ST_14 : Operation 199 [1/1] (0.00ns)   --->   "%br_ln146 = br void %arrayidx16610.exit3777" [../ip/ip6/conv_bn_relu.cpp:146]   --->   Operation 199 'br' 'br_ln146' <Predicate = (!trunc_ln138_2 & !select_ln1027_7 & trunc_ln146 != 0 & trunc_ln146 != 1)> <Delay = 0.00>
ST_14 : Operation 200 [1/1] (2.77ns)   --->   "%store_ln146 = store i32 %bitcast_ln146, i6 %local_conv_kernel_blk_4_addr" [../ip/ip6/conv_bn_relu.cpp:146]   --->   Operation 200 'store' 'store_ln146' <Predicate = (!trunc_ln138_2 & select_ln1027_7 & trunc_ln146 == 1)> <Delay = 2.77> <CoreInst = "RAM">   --->   Core 82 'RAM' <Latency = 1> <II = 1> <Delay = 2.77> <Storage> <Opcode : 'load' 'store'> <Ports = 2> <Width = 32> <Depth = 64> <RAM>
ST_14 : Operation 201 [1/1] (0.00ns)   --->   "%br_ln146 = br void %arrayidx16610.exit3781" [../ip/ip6/conv_bn_relu.cpp:146]   --->   Operation 201 'br' 'br_ln146' <Predicate = (!trunc_ln138_2 & select_ln1027_7 & trunc_ln146 == 1)> <Delay = 0.00>
ST_14 : Operation 202 [1/1] (2.77ns)   --->   "%store_ln146 = store i32 %bitcast_ln146, i6 %local_conv_kernel_blk_3_addr" [../ip/ip6/conv_bn_relu.cpp:146]   --->   Operation 202 'store' 'store_ln146' <Predicate = (!trunc_ln138_2 & select_ln1027_7 & trunc_ln146 == 0)> <Delay = 2.77> <CoreInst = "RAM">   --->   Core 82 'RAM' <Latency = 1> <II = 1> <Delay = 2.77> <Storage> <Opcode : 'load' 'store'> <Ports = 2> <Width = 32> <Depth = 64> <RAM>
ST_14 : Operation 203 [1/1] (0.00ns)   --->   "%br_ln146 = br void %arrayidx16610.exit3781" [../ip/ip6/conv_bn_relu.cpp:146]   --->   Operation 203 'br' 'br_ln146' <Predicate = (!trunc_ln138_2 & select_ln1027_7 & trunc_ln146 == 0)> <Delay = 0.00>
ST_14 : Operation 204 [1/1] (2.77ns)   --->   "%store_ln146 = store i32 %bitcast_ln146, i6 %local_conv_kernel_blk_5_addr" [../ip/ip6/conv_bn_relu.cpp:146]   --->   Operation 204 'store' 'store_ln146' <Predicate = (!trunc_ln138_2 & select_ln1027_7 & trunc_ln146 != 0 & trunc_ln146 != 1)> <Delay = 2.77> <CoreInst = "RAM">   --->   Core 82 'RAM' <Latency = 1> <II = 1> <Delay = 2.77> <Storage> <Opcode : 'load' 'store'> <Ports = 2> <Width = 32> <Depth = 64> <RAM>
ST_14 : Operation 205 [1/1] (0.00ns)   --->   "%br_ln146 = br void %arrayidx16610.exit3781" [../ip/ip6/conv_bn_relu.cpp:146]   --->   Operation 205 'br' 'br_ln146' <Predicate = (!trunc_ln138_2 & select_ln1027_7 & trunc_ln146 != 0 & trunc_ln146 != 1)> <Delay = 0.00>
ST_14 : Operation 206 [1/1] (2.77ns)   --->   "%store_ln146 = store i32 %bitcast_ln146, i6 %local_conv_kernel_blk_7_addr" [../ip/ip6/conv_bn_relu.cpp:146]   --->   Operation 206 'store' 'store_ln146' <Predicate = (trunc_ln138_2 & !select_ln1027_7 & trunc_ln146 == 1)> <Delay = 2.77> <CoreInst = "RAM">   --->   Core 82 'RAM' <Latency = 1> <II = 1> <Delay = 2.77> <Storage> <Opcode : 'load' 'store'> <Ports = 2> <Width = 32> <Depth = 64> <RAM>
ST_14 : Operation 207 [1/1] (0.00ns)   --->   "%br_ln146 = br void %arrayidx16610.exit3790" [../ip/ip6/conv_bn_relu.cpp:146]   --->   Operation 207 'br' 'br_ln146' <Predicate = (trunc_ln138_2 & !select_ln1027_7 & trunc_ln146 == 1)> <Delay = 0.00>
ST_14 : Operation 208 [1/1] (2.77ns)   --->   "%store_ln146 = store i32 %bitcast_ln146, i6 %local_conv_kernel_blk_6_addr" [../ip/ip6/conv_bn_relu.cpp:146]   --->   Operation 208 'store' 'store_ln146' <Predicate = (trunc_ln138_2 & !select_ln1027_7 & trunc_ln146 == 0)> <Delay = 2.77> <CoreInst = "RAM">   --->   Core 82 'RAM' <Latency = 1> <II = 1> <Delay = 2.77> <Storage> <Opcode : 'load' 'store'> <Ports = 2> <Width = 32> <Depth = 64> <RAM>
ST_14 : Operation 209 [1/1] (0.00ns)   --->   "%br_ln146 = br void %arrayidx16610.exit3790" [../ip/ip6/conv_bn_relu.cpp:146]   --->   Operation 209 'br' 'br_ln146' <Predicate = (trunc_ln138_2 & !select_ln1027_7 & trunc_ln146 == 0)> <Delay = 0.00>
ST_14 : Operation 210 [1/1] (2.77ns)   --->   "%store_ln146 = store i32 %bitcast_ln146, i6 %local_conv_kernel_blk_8_addr" [../ip/ip6/conv_bn_relu.cpp:146]   --->   Operation 210 'store' 'store_ln146' <Predicate = (trunc_ln138_2 & !select_ln1027_7 & trunc_ln146 != 0 & trunc_ln146 != 1)> <Delay = 2.77> <CoreInst = "RAM">   --->   Core 82 'RAM' <Latency = 1> <II = 1> <Delay = 2.77> <Storage> <Opcode : 'load' 'store'> <Ports = 2> <Width = 32> <Depth = 64> <RAM>
ST_14 : Operation 211 [1/1] (0.00ns)   --->   "%br_ln146 = br void %arrayidx16610.exit3790" [../ip/ip6/conv_bn_relu.cpp:146]   --->   Operation 211 'br' 'br_ln146' <Predicate = (trunc_ln138_2 & !select_ln1027_7 & trunc_ln146 != 0 & trunc_ln146 != 1)> <Delay = 0.00>
ST_14 : Operation 212 [1/1] (2.77ns)   --->   "%store_ln146 = store i32 %bitcast_ln146, i6 %local_conv_kernel_blk_10_addr" [../ip/ip6/conv_bn_relu.cpp:146]   --->   Operation 212 'store' 'store_ln146' <Predicate = (trunc_ln138_2 & select_ln1027_7 & trunc_ln146 == 1)> <Delay = 2.77> <CoreInst = "RAM">   --->   Core 82 'RAM' <Latency = 1> <II = 1> <Delay = 2.77> <Storage> <Opcode : 'load' 'store'> <Ports = 2> <Width = 32> <Depth = 64> <RAM>
ST_14 : Operation 213 [1/1] (0.00ns)   --->   "%br_ln146 = br void %arrayidx16610.exit3795" [../ip/ip6/conv_bn_relu.cpp:146]   --->   Operation 213 'br' 'br_ln146' <Predicate = (trunc_ln138_2 & select_ln1027_7 & trunc_ln146 == 1)> <Delay = 0.00>
ST_14 : Operation 214 [1/1] (2.77ns)   --->   "%store_ln146 = store i32 %bitcast_ln146, i6 %local_conv_kernel_blk_9_addr" [../ip/ip6/conv_bn_relu.cpp:146]   --->   Operation 214 'store' 'store_ln146' <Predicate = (trunc_ln138_2 & select_ln1027_7 & trunc_ln146 == 0)> <Delay = 2.77> <CoreInst = "RAM">   --->   Core 82 'RAM' <Latency = 1> <II = 1> <Delay = 2.77> <Storage> <Opcode : 'load' 'store'> <Ports = 2> <Width = 32> <Depth = 64> <RAM>
ST_14 : Operation 215 [1/1] (0.00ns)   --->   "%br_ln146 = br void %arrayidx16610.exit3795" [../ip/ip6/conv_bn_relu.cpp:146]   --->   Operation 215 'br' 'br_ln146' <Predicate = (trunc_ln138_2 & select_ln1027_7 & trunc_ln146 == 0)> <Delay = 0.00>
ST_14 : Operation 216 [1/1] (2.77ns)   --->   "%store_ln146 = store i32 %bitcast_ln146, i6 %local_conv_kernel_blk_11_addr" [../ip/ip6/conv_bn_relu.cpp:146]   --->   Operation 216 'store' 'store_ln146' <Predicate = (trunc_ln138_2 & select_ln1027_7 & trunc_ln146 != 0 & trunc_ln146 != 1)> <Delay = 2.77> <CoreInst = "RAM">   --->   Core 82 'RAM' <Latency = 1> <II = 1> <Delay = 2.77> <Storage> <Opcode : 'load' 'store'> <Ports = 2> <Width = 32> <Depth = 64> <RAM>
ST_14 : Operation 217 [1/1] (0.00ns)   --->   "%br_ln146 = br void %arrayidx16610.exit3795" [../ip/ip6/conv_bn_relu.cpp:146]   --->   Operation 217 'br' 'br_ln146' <Predicate = (trunc_ln138_2 & select_ln1027_7 & trunc_ln146 != 0 & trunc_ln146 != 1)> <Delay = 0.00>


============================================================
+ Verbose Summary: Timing violations
============================================================
Target clock period: 10ns, clock uncertainty: 2.7ns.

 <State 1>: 1.3ns
The critical path consists of the following:
	'alloca' operation ('indvar_flatten109') [32]  (0 ns)
	'store' operation ('store_ln0') of constant 0 on local variable 'indvar_flatten109' [48]  (1.3 ns)

 <State 2>: 7.25ns
The critical path consists of the following:
	'load' operation ('indvar_flatten21_load') on local variable 'indvar_flatten21' [61]  (0 ns)
	'icmp' operation ('icmp_ln1027_2') [99]  (2.14 ns)
	'select' operation ('select_ln138_4', ../ip/ip6/conv_bn_relu.cpp:138) [100]  (0.813 ns)
	'or' operation ('or_ln1027_1') [105]  (0.8 ns)
	'select' operation ('select_ln1027') [106]  (0.448 ns)
	'add' operation ('add_ln140', ../ip/ip6/conv_bn_relu.cpp:140) [127]  (1.31 ns)
	'select' operation ('select_ln1027_8') [153]  (0.448 ns)
	'store' operation ('store_ln141', ../ip/ip6/conv_bn_relu.cpp:141) of variable 'select_ln1027_8' on local variable 'kh' [243]  (1.3 ns)

 <State 3>: 5.16ns
The critical path consists of the following:
	'load' operation ('indvar3863_load', ../ip/ip6/conv_bn_relu.cpp:138) on local variable 'indvar3863' [64]  (0 ns)
	'add' operation ('add_ln138_1', ../ip/ip6/conv_bn_relu.cpp:138) [81]  (2.69 ns)
	'select' operation ('select_ln138_5', ../ip/ip6/conv_bn_relu.cpp:138) [101]  (1.17 ns)
	'store' operation ('store_ln141', ../ip/ip6/conv_bn_relu.cpp:141) of variable 'select_ln138_5', ../ip/ip6/conv_bn_relu.cpp:138 on local variable 'indvar3863' [238]  (1.3 ns)

 <State 4>: 7.05ns
The critical path consists of the following:
	'mul' operation ('mul_ln138', ../ip/ip6/conv_bn_relu.cpp:138) [67]  (7.05 ns)

 <State 5>: 6.35ns
The critical path consists of the following:
	'add' operation of DSP[70] ('add_ln139_1', ../ip/ip6/conv_bn_relu.cpp:139) [70]  (1.76 ns)
	'add' operation ('add_ln139', ../ip/ip6/conv_bn_relu.cpp:139) [71]  (1.9 ns)
	'select' operation ('select_ln138_6', ../ip/ip6/conv_bn_relu.cpp:138) [116]  (0 ns)
	'select' operation ('select_ln1027_2') [117]  (0 ns)
	'add' operation ('add_ln1027') [120]  (2.69 ns)

 <State 6>: 7.3ns
The critical path consists of the following:
	'getelementptr' operation ('gmem2_addr', ../ip/ip6/conv_bn_relu.cpp:140) [158]  (0 ns)
	bus request operation ('empty_146', ../ip/ip6/conv_bn_relu.cpp:140) on port 'gmem2' (../ip/ip6/conv_bn_relu.cpp:140) [159]  (7.3 ns)

 <State 7>: 7.3ns
The critical path consists of the following:
	bus request operation ('empty_146', ../ip/ip6/conv_bn_relu.cpp:140) on port 'gmem2' (../ip/ip6/conv_bn_relu.cpp:140) [159]  (7.3 ns)

 <State 8>: 7.3ns
The critical path consists of the following:
	bus request operation ('empty_146', ../ip/ip6/conv_bn_relu.cpp:140) on port 'gmem2' (../ip/ip6/conv_bn_relu.cpp:140) [159]  (7.3 ns)

 <State 9>: 7.3ns
The critical path consists of the following:
	bus request operation ('empty_146', ../ip/ip6/conv_bn_relu.cpp:140) on port 'gmem2' (../ip/ip6/conv_bn_relu.cpp:140) [159]  (7.3 ns)

 <State 10>: 7.3ns
The critical path consists of the following:
	bus request operation ('empty_146', ../ip/ip6/conv_bn_relu.cpp:140) on port 'gmem2' (../ip/ip6/conv_bn_relu.cpp:140) [159]  (7.3 ns)

 <State 11>: 7.3ns
The critical path consists of the following:
	bus request operation ('empty_146', ../ip/ip6/conv_bn_relu.cpp:140) on port 'gmem2' (../ip/ip6/conv_bn_relu.cpp:140) [159]  (7.3 ns)

 <State 12>: 7.3ns
The critical path consists of the following:
	bus request operation ('empty_146', ../ip/ip6/conv_bn_relu.cpp:140) on port 'gmem2' (../ip/ip6/conv_bn_relu.cpp:140) [159]  (7.3 ns)

 <State 13>: 7.3ns
The critical path consists of the following:
	bus read operation ('gmem2_addr_1_read', ../ip/ip6/conv_bn_relu.cpp:146) on port 'gmem2' (../ip/ip6/conv_bn_relu.cpp:146) [167]  (7.3 ns)

 <State 14>: 2.77ns
The critical path consists of the following:
	'getelementptr' operation ('local_conv_kernel_blk_2_addr', ../ip/ip6/conv_bn_relu.cpp:138) [139]  (0 ns)
	'store' operation ('store_ln146', ../ip/ip6/conv_bn_relu.cpp:146) of variable 'bitcast_ln146', ../ip/ip6/conv_bn_relu.cpp:146 on array 'local_conv_kernel_blk_2' [182]  (2.77 ns)


============================================================
+ Verbose Summary: Binding
============================================================
N/A
* FSMD analyzer results:
  - Output states:
 - Input state : 
  - Chain level:
	State 1
	State 2
	State 3
	State 4
	State 5
	State 6
	State 7
	State 8
	State 9
	State 10
	State 11
	State 12
	State 13
	State 14


============================================================
+ Verbose Summary: Datapath Resource usage 
============================================================
N/A
