

================================================================
== Vitis HLS Report for 'Block_entry352_proc1_Pipeline_VITIS_LOOP_117_7'
================================================================
* Date:           Thu Nov  6 12:00:30 2025

* Version:        2022.2 (Build 3670227 on Oct 13 2022)
* Project:        ip9
* Solution:       solution1 (Vivado IP Flow Target)
* Product family: zynq
* Target device:  xc7z020-clg400-2


================================================================
== Performance Estimates
================================================================
+ Timing: 
    * Summary: 
    +--------+----------+----------+------------+
    |  Clock |  Target  | Estimated| Uncertainty|
    +--------+----------+----------+------------+
    |ap_clk  |  10.00 ns|  7.300 ns|     2.70 ns|
    +--------+----------+----------+------------+

+ Latency: 
    * Summary: 
    +---------+---------+----------+----------+-----+-----+---------+
    |  Latency (cycles) |  Latency (absolute) |  Interval | Pipeline|
    |   min   |   max   |    min   |    max   | min | max |   Type  |
    +---------+---------+----------+----------+-----+-----+---------+
    |        ?|        ?|         ?|         ?|    ?|    ?|       no|
    +---------+---------+----------+----------+-----+-----+---------+

    + Detail: 
        * Instance: 
        N/A

        * Loop: 
        +-------------------------------------+---------+---------+----------+-----------+-----------+------+----------+
        |                                     |  Latency (cycles) | Iteration|  Initiation Interval  | Trip |          |
        |              Loop Name              |   min   |   max   |  Latency |  achieved |   target  | Count| Pipelined|
        +-------------------------------------+---------+---------+----------+-----------+-----------+------+----------+
        |- VITIS_LOOP_116_6_VITIS_LOOP_117_7  |        ?|        ?|        13|          1|          1|     ?|       yes|
        +-------------------------------------+---------+---------+----------+-----------+-----------+------+----------+

============================================================
+ Verbose Summary: Synthesis Manager
============================================================
InlineROM: 1
ExposeGlobal: 0
============================================================
+ Verbose Summary: CDFG Model
============================================================
IsTopModel: 0
ResetActiveHigh: 1
IsCombinational: 0
IsDatapathOnly: 0
HasWiredReturn: 1
HasMFsm: 2
HasVarLatency: 1
IsPipeline: 0
IsRtlPipelined: 0
IsInstanceOverlapped: 0
IsDontTouch: 0
HasImplIP: 0
IsGatedGlobalClock: 0

+ Individual pipeline summary: 
  * Pipeline-0: initiation interval (II) = 1, depth = 14


============================================================
+ Verbose Summary: Schedule
============================================================
* Number of FSM states : 14
* Pipeline : 1
  Pipeline-0 : II = 1, D = 14, States = { 1 2 3 4 5 6 7 8 9 10 11 12 13 14 }
* Dataflow Pipeline: 0

* FSM state transitions: 
1 --> 2 
2 --> 3 
3 --> 4 
4 --> 5 
5 --> 6 
6 --> 7 
7 --> 8 
8 --> 9 
9 --> 10 
10 --> 11 
11 --> 12 
12 --> 13 
13 --> 14 
14 --> 

* FSM state operations: 

State 1 <SV = 0> <Delay = 1.29>
ST_1 : Operation 16 [1/1] (0.00ns)   --->   "%c_in_3 = alloca i32 1"   --->   Operation 16 'alloca' 'c_in_3' <Predicate = true> <Delay = 0.00>
ST_1 : Operation 17 [1/1] (0.00ns)   --->   "%w_in_blk = alloca i32 1"   --->   Operation 17 'alloca' 'w_in_blk' <Predicate = true> <Delay = 0.00>
ST_1 : Operation 18 [1/1] (0.00ns)   --->   "%indvar_flatten = alloca i32 1"   --->   Operation 18 'alloca' 'indvar_flatten' <Predicate = true> <Delay = 0.00>
ST_1 : Operation 19 [1/1] (0.00ns)   --->   "%sub_ln131_read = read i62 @_ssdm_op_Read.ap_auto.i62, i62 %sub_ln131"   --->   Operation 19 'read' 'sub_ln131_read' <Predicate = true> <Delay = 0.00>
ST_1 : Operation 20 [1/1] (0.00ns)   --->   "%feature_in_read = read i64 @_ssdm_op_Read.ap_auto.i64, i64 %feature_in"   --->   Operation 20 'read' 'feature_in_read' <Predicate = true> <Delay = 0.00>
ST_1 : Operation 21 [1/1] (0.00ns)   --->   "%add_ln116_read = read i32 @_ssdm_op_Read.ap_auto.i32, i32 %add_ln116"   --->   Operation 21 'read' 'add_ln116_read' <Predicate = true> <Delay = 0.00>
ST_1 : Operation 22 [1/1] (0.00ns)   --->   "%mul_ln105_1_read = read i32 @_ssdm_op_Read.ap_auto.i32, i32 %mul_ln105_1"   --->   Operation 22 'read' 'mul_ln105_1_read' <Predicate = true> <Delay = 0.00>
ST_1 : Operation 23 [1/1] (0.00ns)   --->   "%phi_mul594_read = read i32 @_ssdm_op_Read.ap_auto.i32, i32 %phi_mul594"   --->   Operation 23 'read' 'phi_mul594_read' <Predicate = true> <Delay = 0.00>
ST_1 : Operation 24 [1/1] (0.00ns)   --->   "%zext_ln87_2_read = read i16 @_ssdm_op_Read.ap_auto.i16, i16 %zext_ln87_2"   --->   Operation 24 'read' 'zext_ln87_2_read' <Predicate = true> <Delay = 0.00>
ST_1 : Operation 25 [1/1] (0.00ns)   --->   "%tmp22_read = read i1 @_ssdm_op_Read.ap_auto.i1, i1 %tmp22"   --->   Operation 25 'read' 'tmp22_read' <Predicate = true> <Delay = 0.00>
ST_1 : Operation 26 [1/1] (0.00ns)   --->   "%C_in_read = read i16 @_ssdm_op_Read.ap_auto.i16, i16 %C_in"   --->   Operation 26 'read' 'C_in_read' <Predicate = true> <Delay = 0.00>
ST_1 : Operation 27 [1/1] (0.00ns)   --->   "%bound_read = read i80 @_ssdm_op_Read.ap_auto.i80, i80 %bound"   --->   Operation 27 'read' 'bound_read' <Predicate = true> <Delay = 0.00>
ST_1 : Operation 28 [1/1] (0.00ns)   --->   "%conv_i_i961_read = read i16 @_ssdm_op_Read.ap_auto.i16, i16 %conv_i_i961"   --->   Operation 28 'read' 'conv_i_i961_read' <Predicate = true> <Delay = 0.00>
ST_1 : Operation 29 [1/1] (0.00ns)   --->   "%add_i_i1015_read = read i32 @_ssdm_op_Read.ap_auto.i32, i32 %add_i_i1015"   --->   Operation 29 'read' 'add_i_i1015_read' <Predicate = true> <Delay = 0.00>
ST_1 : Operation 30 [1/1] (0.00ns)   --->   "%zext_ln87_2_cast = zext i16 %zext_ln87_2_read"   --->   Operation 30 'zext' 'zext_ln87_2_cast' <Predicate = true> <Delay = 0.00>
ST_1 : Operation 31 [1/1] (0.00ns)   --->   "%conv_i_i961_cast = zext i16 %conv_i_i961_read"   --->   Operation 31 'zext' 'conv_i_i961_cast' <Predicate = true> <Delay = 0.00>
ST_1 : Operation 32 [1/1] (0.00ns)   --->   "%specinterface_ln0 = specinterface void @_ssdm_op_SpecInterface, i32 %gmem1, void @empty_29, i32 0, i32 0, void @empty_43, i32 0, i32 2147483647, void @empty_44, void @empty_45, void @empty_43, i32 16, i32 16, i32 16, i32 16, void @empty_43, void @empty_43, i32 4294967295, i32 0"   --->   Operation 32 'specinterface' 'specinterface_ln0' <Predicate = true> <Delay = 0.00>
ST_1 : Operation 33 [1/1] (1.29ns)   --->   "%store_ln0 = store i80 0, i80 %indvar_flatten"   --->   Operation 33 'store' 'store_ln0' <Predicate = true> <Delay = 1.29>
ST_1 : Operation 34 [1/1] (1.29ns)   --->   "%store_ln0 = store i64 0, i64 %w_in_blk"   --->   Operation 34 'store' 'store_ln0' <Predicate = true> <Delay = 1.29>
ST_1 : Operation 35 [1/1] (1.29ns)   --->   "%store_ln0 = store i16 0, i16 %c_in_3"   --->   Operation 35 'store' 'store_ln0' <Predicate = true> <Delay = 1.29>
ST_1 : Operation 36 [1/1] (1.29ns)   --->   "%br_ln0 = br void %for.body82"   --->   Operation 36 'br' 'br_ln0' <Predicate = true> <Delay = 1.29>

State 2 <SV = 1> <Delay = 6.55>
ST_2 : Operation 37 [1/1] (0.00ns)   --->   "%first_iter_0 = phi i1 1, void %newFuncRoot, i1 0, void %for.inc119"   --->   Operation 37 'phi' 'first_iter_0' <Predicate = true> <Delay = 0.00>
ST_2 : Operation 38 [1/1] (0.00ns)   --->   "%w_in_blk_1 = load i64 %w_in_blk"   --->   Operation 38 'load' 'w_in_blk_1' <Predicate = true> <Delay = 0.00>
ST_2 : Operation 39 [1/1] (0.00ns)   --->   "%indvar_flatten_load = load i80 %indvar_flatten"   --->   Operation 39 'load' 'indvar_flatten_load' <Predicate = true> <Delay = 0.00>
ST_2 : Operation 40 [1/1] (0.00ns)   --->   "%trunc_ln1027 = trunc i64 %w_in_blk_1"   --->   Operation 40 'trunc' 'trunc_ln1027' <Predicate = true> <Delay = 0.00>
ST_2 : Operation 41 [1/1] (1.89ns)   --->   "%w_in = add i32 %trunc_ln1027, i32 %add_i_i1015_read"   --->   Operation 41 'add' 'w_in' <Predicate = true> <Delay = 1.89> <CoreInst = "Adder">   --->   Core 1 'Adder' <Latency = 0> <II = 1> <Delay = 1.89> <FuncUnit> <Opcode : 'add' 'sub'> <InPorts = 2> <OutPorts = 1>
ST_2 : Operation 42 [1/1] (0.00ns) (grouped into LUT with out node tmp23)   --->   "%tmp = bitselect i1 @_ssdm_op_BitSelect.i1.i32.i32, i32 %w_in, i32 31"   --->   Operation 42 'bitselect' 'tmp' <Predicate = true> <Delay = 0.00>
ST_2 : Operation 43 [1/1] (0.00ns) (grouped into LUT with out node tmp23)   --->   "%rev = xor i1 %tmp, i1 1"   --->   Operation 43 'xor' 'rev' <Predicate = true> <Delay = 0.00> <CoreInst = "LogicGate">   --->   Core 74 'LogicGate' <Latency = 0> <II = 1> <Delay = 0.80> <FuncUnit> <Opcode : 'and' 'or' 'xor'> <InPorts = 2> <OutPorts = 1>
ST_2 : Operation 44 [1/1] (1.96ns)   --->   "%cmp_i_i962 = icmp_slt  i32 %w_in, i32 %conv_i_i961_cast"   --->   Operation 44 'icmp' 'cmp_i_i962' <Predicate = true> <Delay = 1.96> <CoreInst = "Cmp">   --->   Core 9 'Cmp' <Latency = 0> <II = 1> <Delay = 1.96> <FuncUnit> <Opcode : 'icmp'> <InPorts = 2> <OutPorts = 1>
ST_2 : Operation 45 [1/1] (0.80ns) (out node of the LUT)   --->   "%tmp23 = and i1 %cmp_i_i962, i1 %rev"   --->   Operation 45 'and' 'tmp23' <Predicate = true> <Delay = 0.80> <CoreInst = "LogicGate">   --->   Core 74 'LogicGate' <Latency = 0> <II = 1> <Delay = 0.80> <FuncUnit> <Opcode : 'and' 'or' 'xor'> <InPorts = 2> <OutPorts = 1>
ST_2 : Operation 46 [1/1] (2.44ns)   --->   "%icmp_ln1027 = icmp_eq  i80 %indvar_flatten_load, i80 %bound_read"   --->   Operation 46 'icmp' 'icmp_ln1027' <Predicate = true> <Delay = 2.44> <CoreInst = "Cmp">   --->   Core 9 'Cmp' <Latency = 0> <II = 1> <Delay = 2.44> <FuncUnit> <Opcode : 'icmp'> <InPorts = 2> <OutPorts = 1>
ST_2 : Operation 47 [1/1] (2.94ns)   --->   "%add_ln1027 = add i80 %indvar_flatten_load, i80 1"   --->   Operation 47 'add' 'add_ln1027' <Predicate = true> <Delay = 2.94> <CoreInst = "Adder">   --->   Core 1 'Adder' <Latency = 0> <II = 1> <Delay = 2.94> <FuncUnit> <Opcode : 'add' 'sub'> <InPorts = 2> <OutPorts = 1>
ST_2 : Operation 48 [1/1] (0.00ns)   --->   "%br_ln1027 = br i1 %icmp_ln1027, void %for.inc122.loopexit, void %for.inc125.loopexit.exitStub"   --->   Operation 48 'br' 'br_ln1027' <Predicate = true> <Delay = 0.00>
ST_2 : Operation 49 [1/1] (0.00ns)   --->   "%c_in_3_load = load i16 %c_in_3"   --->   Operation 49 'load' 'c_in_3_load' <Predicate = (!icmp_ln1027)> <Delay = 0.00>
ST_2 : Operation 50 [1/1] (2.69ns)   --->   "%add_ln116_1 = add i64 %w_in_blk_1, i64 1" [../ip/ip6/conv_bn_relu.cpp:116]   --->   Operation 50 'add' 'add_ln116_1' <Predicate = (!icmp_ln1027)> <Delay = 2.69> <CoreInst = "Adder">   --->   Core 1 'Adder' <Latency = 0> <II = 1> <Delay = 2.69> <FuncUnit> <Opcode : 'add' 'sub'> <InPorts = 2> <OutPorts = 1>
ST_2 : Operation 51 [1/1] (2.13ns)   --->   "%icmp_ln1027_3 = icmp_eq  i16 %c_in_3_load, i16 %C_in_read"   --->   Operation 51 'icmp' 'icmp_ln1027_3' <Predicate = (!icmp_ln1027)> <Delay = 2.13> <CoreInst = "Cmp">   --->   Core 9 'Cmp' <Latency = 0> <II = 1> <Delay = 2.13> <FuncUnit> <Opcode : 'icmp'> <InPorts = 2> <OutPorts = 1>
ST_2 : Operation 52 [1/1] (0.80ns)   --->   "%or_ln1027 = or i1 %icmp_ln1027_3, i1 %first_iter_0"   --->   Operation 52 'or' 'or_ln1027' <Predicate = (!icmp_ln1027)> <Delay = 0.80> <CoreInst = "LogicGate">   --->   Core 74 'LogicGate' <Latency = 0> <II = 1> <Delay = 0.80> <FuncUnit> <Opcode : 'and' 'or' 'xor'> <InPorts = 2> <OutPorts = 1>
ST_2 : Operation 53 [1/1] (0.62ns)   --->   "%select_ln1027_10 = select i1 %icmp_ln1027_3, i16 0, i16 %c_in_3_load"   --->   Operation 53 'select' 'select_ln1027_10' <Predicate = (!icmp_ln1027)> <Delay = 0.62> <CoreInst = "Sel">   --->   Core 73 'Sel' <Latency = 0> <II = 1> <Delay = 0.62> <FuncUnit> <Opcode : 'select'> <InPorts = 3> <OutPorts = 1>
ST_2 : Operation 54 [1/1] (0.00ns)   --->   "%trunc_ln1027_1 = trunc i64 %add_ln116_1"   --->   Operation 54 'trunc' 'trunc_ln1027_1' <Predicate = (!icmp_ln1027)> <Delay = 0.00>
ST_2 : Operation 55 [1/1] (1.89ns)   --->   "%w_in_1_mid1 = add i32 %trunc_ln1027_1, i32 %add_i_i1015_read"   --->   Operation 55 'add' 'w_in_1_mid1' <Predicate = (!icmp_ln1027)> <Delay = 1.89> <CoreInst = "Adder">   --->   Core 1 'Adder' <Latency = 0> <II = 1> <Delay = 1.89> <FuncUnit> <Opcode : 'add' 'sub'> <InPorts = 2> <OutPorts = 1>
ST_2 : Operation 56 [1/1] (1.96ns)   --->   "%cmp_i_i962_mid1 = icmp_slt  i32 %w_in_1_mid1, i32 %conv_i_i961_cast"   --->   Operation 56 'icmp' 'cmp_i_i962_mid1' <Predicate = (!icmp_ln1027)> <Delay = 1.96> <CoreInst = "Cmp">   --->   Core 9 'Cmp' <Latency = 0> <II = 1> <Delay = 1.96> <FuncUnit> <Opcode : 'icmp'> <InPorts = 2> <OutPorts = 1>
ST_2 : Operation 57 [1/1] (0.70ns)   --->   "%select_ln1027_11 = select i1 %icmp_ln1027_3, i32 %trunc_ln1027_1, i32 %trunc_ln1027"   --->   Operation 57 'select' 'select_ln1027_11' <Predicate = (!icmp_ln1027)> <Delay = 0.70> <CoreInst = "Sel">   --->   Core 73 'Sel' <Latency = 0> <II = 1> <Delay = 0.70> <FuncUnit> <Opcode : 'select'> <InPorts = 3> <OutPorts = 1>
ST_2 : Operation 58 [1/1] (1.17ns)   --->   "%select_ln1027_12 = select i1 %icmp_ln1027_3, i64 %add_ln116_1, i64 %w_in_blk_1"   --->   Operation 58 'select' 'select_ln1027_12' <Predicate = (!icmp_ln1027)> <Delay = 1.17> <CoreInst = "Sel">   --->   Core 73 'Sel' <Latency = 0> <II = 1> <Delay = 1.17> <FuncUnit> <Opcode : 'select'> <InPorts = 3> <OutPorts = 1>
ST_2 : Operation 59 [1/1] (0.00ns)   --->   "%trunc_ln131 = trunc i62 %sub_ln131_read" [../ip/ip6/conv_bn_relu.cpp:131]   --->   Operation 59 'trunc' 'trunc_ln131' <Predicate = (!icmp_ln1027)> <Delay = 0.00>
ST_2 : Operation 60 [1/1] (0.00ns)   --->   "%trunc_ln131_1 = trunc i64 %select_ln1027_12" [../ip/ip6/conv_bn_relu.cpp:131]   --->   Operation 60 'trunc' 'trunc_ln131_1' <Predicate = (!icmp_ln1027)> <Delay = 0.00>
ST_2 : Operation 61 [1/1] (1.28ns)   --->   "%add_ln131 = add i6 %trunc_ln131, i6 %trunc_ln131_1" [../ip/ip6/conv_bn_relu.cpp:131]   --->   Operation 61 'add' 'add_ln131' <Predicate = (!icmp_ln1027)> <Delay = 1.28> <CoreInst = "Adder">   --->   Core 1 'Adder' <Latency = 0> <II = 1> <Delay = 1.28> <FuncUnit> <Opcode : 'add' 'sub'> <InPorts = 2> <OutPorts = 1>
ST_2 : Operation 62 [1/1] (0.00ns)   --->   "%tmp_s = bitconcatenate i8 @_ssdm_op_BitConcatenate.i8.i6.i2, i6 %add_ln131, i2 0" [../ip/ip6/conv_bn_relu.cpp:131]   --->   Operation 62 'bitconcatenate' 'tmp_s' <Predicate = (!icmp_ln1027)> <Delay = 0.00>
ST_2 : Operation 63 [1/1] (0.00ns)   --->   "%br_ln117 = br i1 %or_ln1027, void %for.body82.split, void %for.first.iter.for.body82" [../ip/ip6/conv_bn_relu.cpp:117]   --->   Operation 63 'br' 'br_ln117' <Predicate = (!icmp_ln1027)> <Delay = 0.00>
ST_2 : Operation 64 [1/1] (0.00ns)   --->   "%lshr_ln4 = partselect i8 @_ssdm_op_PartSelect.i8.i16.i32.i32, i16 %select_ln1027_10, i32 1, i32 8" [../ip/ip6/conv_bn_relu.cpp:131]   --->   Operation 64 'partselect' 'lshr_ln4' <Predicate = (!icmp_ln1027)> <Delay = 0.00>
ST_2 : Operation 65 [1/1] (1.30ns)   --->   "%add_ln131_1 = add i8 %tmp_s, i8 %lshr_ln4" [../ip/ip6/conv_bn_relu.cpp:131]   --->   Operation 65 'add' 'add_ln131_1' <Predicate = (!icmp_ln1027)> <Delay = 1.30> <CoreInst = "Adder">   --->   Core 1 'Adder' <Latency = 0> <II = 1> <Delay = 1.30> <FuncUnit> <Opcode : 'add' 'sub'> <InPorts = 2> <OutPorts = 1>
ST_2 : Operation 66 [1/1] (0.00ns)   --->   "%trunc_ln131_2 = trunc i16 %select_ln1027_10" [../ip/ip6/conv_bn_relu.cpp:131]   --->   Operation 66 'trunc' 'trunc_ln131_2' <Predicate = (!icmp_ln1027)> <Delay = 0.00>
ST_2 : Operation 67 [1/1] (1.54ns)   --->   "%add_ln117 = add i16 %select_ln1027_10, i16 1" [../ip/ip6/conv_bn_relu.cpp:117]   --->   Operation 67 'add' 'add_ln117' <Predicate = (!icmp_ln1027)> <Delay = 1.54> <CoreInst = "Adder">   --->   Core 1 'Adder' <Latency = 0> <II = 1> <Delay = 1.54> <FuncUnit> <Opcode : 'add' 'sub'> <InPorts = 2> <OutPorts = 1>
ST_2 : Operation 68 [1/1] (1.29ns)   --->   "%store_ln117 = store i80 %add_ln1027, i80 %indvar_flatten" [../ip/ip6/conv_bn_relu.cpp:117]   --->   Operation 68 'store' 'store_ln117' <Predicate = (!icmp_ln1027)> <Delay = 1.29>
ST_2 : Operation 69 [1/1] (1.29ns)   --->   "%store_ln117 = store i64 %select_ln1027_12, i64 %w_in_blk" [../ip/ip6/conv_bn_relu.cpp:117]   --->   Operation 69 'store' 'store_ln117' <Predicate = (!icmp_ln1027)> <Delay = 1.29>
ST_2 : Operation 70 [1/1] (1.29ns)   --->   "%store_ln117 = store i16 %add_ln117, i16 %c_in_3" [../ip/ip6/conv_bn_relu.cpp:117]   --->   Operation 70 'store' 'store_ln117' <Predicate = (!icmp_ln1027)> <Delay = 1.29>
ST_2 : Operation 71 [1/1] (0.00ns)   --->   "%br_ln117 = br void %for.body82" [../ip/ip6/conv_bn_relu.cpp:117]   --->   Operation 71 'br' 'br_ln117' <Predicate = (!icmp_ln1027)> <Delay = 0.00>

State 3 <SV = 2> <Delay = 7.05>
ST_3 : Operation 72 [1/1] (0.00ns) (grouped into LUT with out node and_ln1027)   --->   "%tmp_1 = bitselect i1 @_ssdm_op_BitSelect.i1.i32.i32, i32 %w_in_1_mid1, i32 31"   --->   Operation 72 'bitselect' 'tmp_1' <Predicate = (icmp_ln1027_3)> <Delay = 0.00>
ST_3 : Operation 73 [1/1] (0.00ns) (grouped into LUT with out node and_ln1027)   --->   "%rev21 = xor i1 %tmp_1, i1 1"   --->   Operation 73 'xor' 'rev21' <Predicate = (icmp_ln1027_3)> <Delay = 0.00> <CoreInst = "LogicGate">   --->   Core 74 'LogicGate' <Latency = 0> <II = 1> <Delay = 0.80> <FuncUnit> <Opcode : 'and' 'or' 'xor'> <InPorts = 2> <OutPorts = 1>
ST_3 : Operation 74 [1/1] (0.00ns) (grouped into LUT with out node and_ln1027)   --->   "%tmp23_mid1 = and i1 %cmp_i_i962_mid1, i1 %rev21"   --->   Operation 74 'and' 'tmp23_mid1' <Predicate = (icmp_ln1027_3)> <Delay = 0.00> <CoreInst = "LogicGate">   --->   Core 74 'LogicGate' <Latency = 0> <II = 1> <Delay = 0.80> <FuncUnit> <Opcode : 'and' 'or' 'xor'> <InPorts = 2> <OutPorts = 1>
ST_3 : Operation 75 [1/1] (0.00ns) (grouped into LUT with out node and_ln1027)   --->   "%select_ln1027 = select i1 %icmp_ln1027_3, i1 %tmp23_mid1, i1 %tmp23"   --->   Operation 75 'select' 'select_ln1027' <Predicate = true> <Delay = 0.00> <CoreInst = "Sel">   --->   Core 73 'Sel' <Latency = 0> <II = 1> <Delay = 0.81> <FuncUnit> <Opcode : 'select'> <InPorts = 3> <OutPorts = 1>
ST_3 : Operation 76 [1/1] (0.81ns) (out node of the LUT)   --->   "%and_ln1027 = and i1 %select_ln1027, i1 %tmp22_read"   --->   Operation 76 'and' 'and_ln1027' <Predicate = true> <Delay = 0.81> <CoreInst = "LogicGate">   --->   Core 74 'LogicGate' <Latency = 0> <II = 1> <Delay = 0.80> <FuncUnit> <Opcode : 'and' 'or' 'xor'> <InPorts = 2> <OutPorts = 1>
ST_3 : Operation 77 [1/1] (7.05ns)   --->   "%mul_ln1027 = mul i32 %select_ln1027_11, i32 %zext_ln87_2_cast"   --->   Operation 77 'mul' 'mul_ln1027' <Predicate = true> <Delay = 7.05> <CoreInst = "Multiplier">   --->   Core 3 'Multiplier' <Latency = 0> <II = 1> <Delay = 7.05> <FuncUnit> <Opcode : 'mul'> <InPorts = 2> <OutPorts = 1>
ST_3 : Operation 78 [1/1] (0.00ns)   --->   "%specpipeline_ln118 = specpipeline void @_ssdm_op_SpecPipeline, i32 1, i32 0, i32 0, i32 0, void @empty_43" [../ip/ip6/conv_bn_relu.cpp:118]   --->   Operation 78 'specpipeline' 'specpipeline_ln118' <Predicate = true> <Delay = 0.00>
ST_3 : Operation 79 [1/1] (0.00ns)   --->   "%specloopname_ln117 = specloopname void @_ssdm_op_SpecLoopName, void @empty_20" [../ip/ip6/conv_bn_relu.cpp:117]   --->   Operation 79 'specloopname' 'specloopname_ln117' <Predicate = true> <Delay = 0.00>
ST_3 : Operation 80 [1/1] (0.00ns)   --->   "%zext_ln131 = zext i8 %add_ln131_1" [../ip/ip6/conv_bn_relu.cpp:131]   --->   Operation 80 'zext' 'zext_ln131' <Predicate = true> <Delay = 0.00>
ST_3 : Operation 81 [1/1] (0.00ns)   --->   "%local_feature_in_blk_addr = getelementptr i32 %local_feature_in_blk, i64 0, i64 %zext_ln131" [../ip/ip6/conv_bn_relu.cpp:131]   --->   Operation 81 'getelementptr' 'local_feature_in_blk_addr' <Predicate = true> <Delay = 0.00>
ST_3 : Operation 82 [1/1] (0.00ns)   --->   "%local_feature_in_blk_1_addr = getelementptr i32 %local_feature_in_blk_1, i64 0, i64 %zext_ln131" [../ip/ip6/conv_bn_relu.cpp:131]   --->   Operation 82 'getelementptr' 'local_feature_in_blk_1_addr' <Predicate = true> <Delay = 0.00>
ST_3 : Operation 83 [1/1] (0.00ns)   --->   "%br_ln126 = br i1 %and_ln1027, void %if.else, void %if.then98" [../ip/ip6/conv_bn_relu.cpp:126]   --->   Operation 83 'br' 'br_ln126' <Predicate = true> <Delay = 0.00>
ST_3 : Operation 84 [1/1] (0.00ns)   --->   "%br_ln131 = br i1 %trunc_ln131_2, void %arrayidx11812.case.03770, void %arrayidx11812.case.13771" [../ip/ip6/conv_bn_relu.cpp:131]   --->   Operation 84 'br' 'br_ln131' <Predicate = (!and_ln1027)> <Delay = 0.00>
ST_3 : Operation 85 [1/1] (2.77ns)   --->   "%store_ln131 = store i32 0, i8 %local_feature_in_blk_addr" [../ip/ip6/conv_bn_relu.cpp:131]   --->   Operation 85 'store' 'store_ln131' <Predicate = (!and_ln1027 & !trunc_ln131_2)> <Delay = 2.77> <CoreInst = "RAM">   --->   Core 82 'RAM' <Latency = 1> <II = 1> <Delay = 2.77> <Storage> <Opcode : 'load' 'store'> <Ports = 2> <Width = 32> <Depth = 144> <RAM>
ST_3 : Operation 86 [1/1] (0.00ns)   --->   "%br_ln131 = br void %arrayidx11812.exit3769" [../ip/ip6/conv_bn_relu.cpp:131]   --->   Operation 86 'br' 'br_ln131' <Predicate = (!and_ln1027 & !trunc_ln131_2)> <Delay = 0.00>
ST_3 : Operation 87 [1/1] (2.77ns)   --->   "%store_ln131 = store i32 0, i8 %local_feature_in_blk_1_addr" [../ip/ip6/conv_bn_relu.cpp:131]   --->   Operation 87 'store' 'store_ln131' <Predicate = (!and_ln1027 & trunc_ln131_2)> <Delay = 2.77> <CoreInst = "RAM">   --->   Core 82 'RAM' <Latency = 1> <II = 1> <Delay = 2.77> <Storage> <Opcode : 'load' 'store'> <Ports = 2> <Width = 32> <Depth = 144> <RAM>
ST_3 : Operation 88 [1/1] (0.00ns)   --->   "%br_ln131 = br void %arrayidx11812.exit3769" [../ip/ip6/conv_bn_relu.cpp:131]   --->   Operation 88 'br' 'br_ln131' <Predicate = (!and_ln1027 & trunc_ln131_2)> <Delay = 0.00>
ST_3 : Operation 89 [1/1] (0.00ns)   --->   "%br_ln0 = br void %for.inc119"   --->   Operation 89 'br' 'br_ln0' <Predicate = (!and_ln1027)> <Delay = 0.00>
ST_3 : Operation 90 [1/1] (0.00ns)   --->   "%br_ln128 = br i1 %trunc_ln131_2, void %arrayidx11812.case.0, void %arrayidx11812.case.1" [../ip/ip6/conv_bn_relu.cpp:128]   --->   Operation 90 'br' 'br_ln128' <Predicate = (and_ln1027)> <Delay = 0.00>
ST_3 : Operation 91 [1/1] (0.00ns)   --->   "%br_ln129 = br void %for.inc119" [../ip/ip6/conv_bn_relu.cpp:129]   --->   Operation 91 'br' 'br_ln129' <Predicate = (and_ln1027)> <Delay = 0.00>

State 4 <SV = 3> <Delay = 5.48>
ST_4 : Operation 92 [1/1] (1.89ns)   --->   "%add_ln1027_3 = add i32 %phi_mul594_read, i32 %mul_ln1027"   --->   Operation 92 'add' 'add_ln1027_3' <Predicate = true> <Delay = 1.89> <CoreInst = "Adder">   --->   Core 1 'Adder' <Latency = 0> <II = 1> <Delay = 1.89> <FuncUnit> <Opcode : 'add' 'sub'> <InPorts = 2> <OutPorts = 1>
ST_4 : Operation 93 [1/1] (0.00ns) (grouped into TernaryAdder)   --->   "%add_ln1027_4 = add i32 %add_ln1027_3, i32 %mul_ln105_1_read"   --->   Operation 93 'add' 'add_ln1027_4' <Predicate = true> <Delay = 0.00> <CoreInst = "TAddSub">   --->   Core 10 'TAddSub' <Latency = 0> <II = 1> <Delay = 1.79> <IPBlock> <Opcode : 'add' 'sub'> <InPorts = 3> <OutPorts = 1> <Sync> <CReg>
ST_4 : Operation 94 [1/1] (3.58ns) (root node of TernaryAdder)   --->   "%add_ln1027_5 = add i32 %add_ln1027_4, i32 %add_ln116_read"   --->   Operation 94 'add' 'add_ln1027_5' <Predicate = true> <Delay = 3.58> <CoreInst = "TAddSub">   --->   Core 10 'TAddSub' <Latency = 0> <II = 1> <Delay = 1.79> <IPBlock> <Opcode : 'add' 'sub'> <InPorts = 3> <OutPorts = 1> <Sync> <CReg>

State 5 <SV = 4> <Delay = 2.69>
ST_5 : Operation 95 [1/1] (0.00ns)   --->   "%sext_ln117_mid2_v_v_v_v_v = bitconcatenate i34 @_ssdm_op_BitConcatenate.i34.i32.i2, i32 %add_ln1027_5, i2 0"   --->   Operation 95 'bitconcatenate' 'sext_ln117_mid2_v_v_v_v_v' <Predicate = true> <Delay = 0.00>
ST_5 : Operation 96 [1/1] (0.00ns)   --->   "%sext_ln1027 = sext i34 %sext_ln117_mid2_v_v_v_v_v"   --->   Operation 96 'sext' 'sext_ln1027' <Predicate = true> <Delay = 0.00>
ST_5 : Operation 97 [1/1] (2.69ns)   --->   "%add_ln1027_6 = add i64 %sext_ln1027, i64 %feature_in_read"   --->   Operation 97 'add' 'add_ln1027_6' <Predicate = true> <Delay = 2.69> <CoreInst = "Adder">   --->   Core 1 'Adder' <Latency = 0> <II = 1> <Delay = 2.69> <FuncUnit> <Opcode : 'add' 'sub'> <InPorts = 2> <OutPorts = 1>
ST_5 : Operation 98 [1/1] (0.00ns)   --->   "%sext_ln117_mid2_v = partselect i62 @_ssdm_op_PartSelect.i62.i64.i32.i32, i64 %add_ln1027_6, i32 2, i32 63"   --->   Operation 98 'partselect' 'sext_ln117_mid2_v' <Predicate = true> <Delay = 0.00>

State 6 <SV = 5> <Delay = 7.30>
ST_6 : Operation 99 [1/1] (0.00ns)   --->   "%specloopname_ln0 = specloopname void @_ssdm_op_SpecLoopName, void @VITIS_LOOP_116_6_VITIS_LOOP_117_7_str"   --->   Operation 99 'specloopname' 'specloopname_ln0' <Predicate = true> <Delay = 0.00>
ST_6 : Operation 100 [1/1] (0.00ns)   --->   "%sext_ln1027_2 = sext i62 %sext_ln117_mid2_v"   --->   Operation 100 'sext' 'sext_ln1027_2' <Predicate = true> <Delay = 0.00>
ST_6 : Operation 101 [1/1] (0.00ns)   --->   "%gmem1_addr = getelementptr i32 %gmem1, i64 %sext_ln1027_2" [../ip/ip6/conv_bn_relu.cpp:117]   --->   Operation 101 'getelementptr' 'gmem1_addr' <Predicate = (or_ln1027)> <Delay = 0.00>
ST_6 : Operation 102 [7/7] (7.30ns)   --->   "%empty = readreq i1 @_ssdm_op_ReadReq.m_axi.p1i32, i32 %gmem1_addr, i32 0" [../ip/ip6/conv_bn_relu.cpp:117]   --->   Operation 102 'readreq' 'empty' <Predicate = (or_ln1027)> <Delay = 7.30> <CoreInst = "m_axi">   --->   Core 113 'm_axi' <Latency = 0> <II = 1> <Delay = 1.00> <Adapter> <Opcode : 'read' 'write' 'readreq' 'writereq' 'writeresp'>
ST_6 : Operation 103 [1/1] (0.00ns)   --->   "%gmem1_addr_1 = getelementptr i32 %gmem1, i64 %sext_ln1027_2" [../ip/ip6/conv_bn_relu.cpp:117]   --->   Operation 103 'getelementptr' 'gmem1_addr_1' <Predicate = (and_ln1027)> <Delay = 0.00>

State 7 <SV = 6> <Delay = 7.30>
ST_7 : Operation 104 [6/7] (7.30ns)   --->   "%empty = readreq i1 @_ssdm_op_ReadReq.m_axi.p1i32, i32 %gmem1_addr, i32 0" [../ip/ip6/conv_bn_relu.cpp:117]   --->   Operation 104 'readreq' 'empty' <Predicate = (or_ln1027)> <Delay = 7.30> <CoreInst = "m_axi">   --->   Core 113 'm_axi' <Latency = 0> <II = 1> <Delay = 1.00> <Adapter> <Opcode : 'read' 'write' 'readreq' 'writereq' 'writeresp'>

State 8 <SV = 7> <Delay = 7.30>
ST_8 : Operation 105 [5/7] (7.30ns)   --->   "%empty = readreq i1 @_ssdm_op_ReadReq.m_axi.p1i32, i32 %gmem1_addr, i32 0" [../ip/ip6/conv_bn_relu.cpp:117]   --->   Operation 105 'readreq' 'empty' <Predicate = (or_ln1027)> <Delay = 7.30> <CoreInst = "m_axi">   --->   Core 113 'm_axi' <Latency = 0> <II = 1> <Delay = 1.00> <Adapter> <Opcode : 'read' 'write' 'readreq' 'writereq' 'writeresp'>

State 9 <SV = 8> <Delay = 7.30>
ST_9 : Operation 106 [4/7] (7.30ns)   --->   "%empty = readreq i1 @_ssdm_op_ReadReq.m_axi.p1i32, i32 %gmem1_addr, i32 0" [../ip/ip6/conv_bn_relu.cpp:117]   --->   Operation 106 'readreq' 'empty' <Predicate = (or_ln1027)> <Delay = 7.30> <CoreInst = "m_axi">   --->   Core 113 'm_axi' <Latency = 0> <II = 1> <Delay = 1.00> <Adapter> <Opcode : 'read' 'write' 'readreq' 'writereq' 'writeresp'>

State 10 <SV = 9> <Delay = 7.30>
ST_10 : Operation 107 [3/7] (7.30ns)   --->   "%empty = readreq i1 @_ssdm_op_ReadReq.m_axi.p1i32, i32 %gmem1_addr, i32 0" [../ip/ip6/conv_bn_relu.cpp:117]   --->   Operation 107 'readreq' 'empty' <Predicate = (or_ln1027)> <Delay = 7.30> <CoreInst = "m_axi">   --->   Core 113 'm_axi' <Latency = 0> <II = 1> <Delay = 1.00> <Adapter> <Opcode : 'read' 'write' 'readreq' 'writereq' 'writeresp'>

State 11 <SV = 10> <Delay = 7.30>
ST_11 : Operation 108 [2/7] (7.30ns)   --->   "%empty = readreq i1 @_ssdm_op_ReadReq.m_axi.p1i32, i32 %gmem1_addr, i32 0" [../ip/ip6/conv_bn_relu.cpp:117]   --->   Operation 108 'readreq' 'empty' <Predicate = (or_ln1027)> <Delay = 7.30> <CoreInst = "m_axi">   --->   Core 113 'm_axi' <Latency = 0> <II = 1> <Delay = 1.00> <Adapter> <Opcode : 'read' 'write' 'readreq' 'writereq' 'writeresp'>

State 12 <SV = 11> <Delay = 7.30>
ST_12 : Operation 109 [1/7] (7.30ns)   --->   "%empty = readreq i1 @_ssdm_op_ReadReq.m_axi.p1i32, i32 %gmem1_addr, i32 0" [../ip/ip6/conv_bn_relu.cpp:117]   --->   Operation 109 'readreq' 'empty' <Predicate = (or_ln1027)> <Delay = 7.30> <CoreInst = "m_axi">   --->   Core 113 'm_axi' <Latency = 0> <II = 1> <Delay = 1.00> <Adapter> <Opcode : 'read' 'write' 'readreq' 'writereq' 'writeresp'>
ST_12 : Operation 110 [1/1] (0.00ns)   --->   "%br_ln117 = br void %for.body82.split" [../ip/ip6/conv_bn_relu.cpp:117]   --->   Operation 110 'br' 'br_ln117' <Predicate = (or_ln1027)> <Delay = 0.00>

State 13 <SV = 12> <Delay = 7.30>
ST_13 : Operation 111 [1/1] (7.30ns)   --->   "%gmem1_addr_1_read = read i32 @_ssdm_op_Read.m_axi.p1i32, i32 %gmem1_addr_1" [../ip/ip6/conv_bn_relu.cpp:128]   --->   Operation 111 'read' 'gmem1_addr_1_read' <Predicate = (and_ln1027)> <Delay = 7.30> <CoreInst = "m_axi">   --->   Core 113 'm_axi' <Latency = 0> <II = 1> <Delay = 1.00> <Adapter> <Opcode : 'read' 'write' 'readreq' 'writereq' 'writeresp'>
ST_13 : Operation 112 [1/1] (0.00ns)   --->   "%bitcast_ln128 = bitcast i32 %gmem1_addr_1_read" [../ip/ip6/conv_bn_relu.cpp:128]   --->   Operation 112 'bitcast' 'bitcast_ln128' <Predicate = (and_ln1027)> <Delay = 0.00>
ST_13 : Operation 117 [1/1] (0.00ns)   --->   "%ret_ln0 = ret"   --->   Operation 117 'ret' 'ret_ln0' <Predicate = (icmp_ln1027)> <Delay = 0.00>

State 14 <SV = 13> <Delay = 2.77>
ST_14 : Operation 113 [1/1] (2.77ns)   --->   "%store_ln128 = store i32 %bitcast_ln128, i8 %local_feature_in_blk_addr" [../ip/ip6/conv_bn_relu.cpp:128]   --->   Operation 113 'store' 'store_ln128' <Predicate = (and_ln1027 & !trunc_ln131_2)> <Delay = 2.77> <CoreInst = "RAM">   --->   Core 82 'RAM' <Latency = 1> <II = 1> <Delay = 2.77> <Storage> <Opcode : 'load' 'store'> <Ports = 2> <Width = 32> <Depth = 144> <RAM>
ST_14 : Operation 114 [1/1] (0.00ns)   --->   "%br_ln128 = br void %arrayidx11812.exit" [../ip/ip6/conv_bn_relu.cpp:128]   --->   Operation 114 'br' 'br_ln128' <Predicate = (and_ln1027 & !trunc_ln131_2)> <Delay = 0.00>
ST_14 : Operation 115 [1/1] (2.77ns)   --->   "%store_ln128 = store i32 %bitcast_ln128, i8 %local_feature_in_blk_1_addr" [../ip/ip6/conv_bn_relu.cpp:128]   --->   Operation 115 'store' 'store_ln128' <Predicate = (and_ln1027 & trunc_ln131_2)> <Delay = 2.77> <CoreInst = "RAM">   --->   Core 82 'RAM' <Latency = 1> <II = 1> <Delay = 2.77> <Storage> <Opcode : 'load' 'store'> <Ports = 2> <Width = 32> <Depth = 144> <RAM>
ST_14 : Operation 116 [1/1] (0.00ns)   --->   "%br_ln128 = br void %arrayidx11812.exit" [../ip/ip6/conv_bn_relu.cpp:128]   --->   Operation 116 'br' 'br_ln128' <Predicate = (and_ln1027 & trunc_ln131_2)> <Delay = 0.00>


============================================================
+ Verbose Summary: Timing violations
============================================================
Target clock period: 10ns, clock uncertainty: 2.7ns.

 <State 1>: 1.3ns
The critical path consists of the following:
	'alloca' operation ('indvar_flatten') [17]  (0 ns)
	'store' operation ('store_ln0') of constant 0 on local variable 'indvar_flatten' [32]  (1.3 ns)

 <State 2>: 6.55ns
The critical path consists of the following:
	'load' operation ('w_in_blk') on local variable 'w_in_blk' [38]  (0 ns)
	'add' operation ('add_ln116_1', ../ip/ip6/conv_bn_relu.cpp:116) [51]  (2.69 ns)
	'add' operation ('w_in_1_mid1') [57]  (1.9 ns)
	'icmp' operation ('cmp_i_i962_mid1') [60]  (1.97 ns)

 <State 3>: 7.05ns
The critical path consists of the following:
	'mul' operation ('mul_ln1027') [65]  (7.05 ns)

 <State 4>: 5.48ns
The critical path consists of the following:
	'add' operation ('add_ln1027_3') [66]  (1.9 ns)
	'add' operation ('add_ln1027_4') [67]  (0 ns)
	'add' operation ('add_ln1027_5') [68]  (3.59 ns)

 <State 5>: 2.69ns
The critical path consists of the following:
	'add' operation ('add_ln1027_6') [71]  (2.69 ns)

 <State 6>: 7.3ns
The critical path consists of the following:
	'getelementptr' operation ('gmem1_addr', ../ip/ip6/conv_bn_relu.cpp:117) [81]  (0 ns)
	bus request operation ('empty', ../ip/ip6/conv_bn_relu.cpp:117) on port 'gmem1' (../ip/ip6/conv_bn_relu.cpp:117) [82]  (7.3 ns)

 <State 7>: 7.3ns
The critical path consists of the following:
	bus request operation ('empty', ../ip/ip6/conv_bn_relu.cpp:117) on port 'gmem1' (../ip/ip6/conv_bn_relu.cpp:117) [82]  (7.3 ns)

 <State 8>: 7.3ns
The critical path consists of the following:
	bus request operation ('empty', ../ip/ip6/conv_bn_relu.cpp:117) on port 'gmem1' (../ip/ip6/conv_bn_relu.cpp:117) [82]  (7.3 ns)

 <State 9>: 7.3ns
The critical path consists of the following:
	bus request operation ('empty', ../ip/ip6/conv_bn_relu.cpp:117) on port 'gmem1' (../ip/ip6/conv_bn_relu.cpp:117) [82]  (7.3 ns)

 <State 10>: 7.3ns
The critical path consists of the following:
	bus request operation ('empty', ../ip/ip6/conv_bn_relu.cpp:117) on port 'gmem1' (../ip/ip6/conv_bn_relu.cpp:117) [82]  (7.3 ns)

 <State 11>: 7.3ns
The critical path consists of the following:
	bus request operation ('empty', ../ip/ip6/conv_bn_relu.cpp:117) on port 'gmem1' (../ip/ip6/conv_bn_relu.cpp:117) [82]  (7.3 ns)

 <State 12>: 7.3ns
The critical path consists of the following:
	bus request operation ('empty', ../ip/ip6/conv_bn_relu.cpp:117) on port 'gmem1' (../ip/ip6/conv_bn_relu.cpp:117) [82]  (7.3 ns)

 <State 13>: 7.3ns
The critical path consists of the following:
	bus read operation ('gmem1_addr_1_read', ../ip/ip6/conv_bn_relu.cpp:128) on port 'gmem1' (../ip/ip6/conv_bn_relu.cpp:128) [106]  (7.3 ns)

 <State 14>: 2.77ns
The critical path consists of the following:
	'store' operation ('store_ln128', ../ip/ip6/conv_bn_relu.cpp:128) of variable 'bitcast_ln128', ../ip/ip6/conv_bn_relu.cpp:128 on array 'local_feature_in_blk_1' [113]  (2.77 ns)


============================================================
+ Verbose Summary: Binding
============================================================
N/A
* FSMD analyzer results:
  - Output states:
 - Input state : 
  - Chain level:
	State 1
	State 2
	State 3
	State 4
	State 5
	State 6
	State 7
	State 8
	State 9
	State 10
	State 11
	State 12
	State 13
	State 14


============================================================
+ Verbose Summary: Datapath Resource usage 
============================================================
N/A
