

================================================================
== Vitis HLS Report for 'Block_entry352_proc1_Pipeline_VITIS_LOOP_205_18'
================================================================
* Date:           Thu Nov  6 12:00:28 2025

* Version:        2022.2 (Build 3670227 on Oct 13 2022)
* Project:        ip9
* Solution:       solution1 (Vivado IP Flow Target)
* Product family: zynq
* Target device:  xc7z020-clg400-2


================================================================
== Performance Estimates
================================================================
+ Timing: 
    * Summary: 
    +--------+----------+----------+------------+
    |  Clock |  Target  | Estimated| Uncertainty|
    +--------+----------+----------+------------+
    |ap_clk  |  10.00 ns|  7.300 ns|     2.70 ns|
    +--------+----------+----------+------------+

+ Latency: 
    * Summary: 
    +---------+---------+-----------+----------+-----+--------+---------+
    |  Latency (cycles) |  Latency (absolute)  |   Interval   | Pipeline|
    |   min   |   max   |    min    |    max   | min |   max  |   Type  |
    +---------+---------+-----------+----------+-----+--------+---------+
    |        2|   131153|  20.000 ns|  1.312 ms|    2|  131153|       no|
    +---------+---------+-----------+----------+-----+--------+---------+

    + Detail: 
        * Instance: 
        N/A

        * Loop: 
        +---------------------+---------+---------+----------+-----------+-----------+-----------+----------+
        |                     |  Latency (cycles) | Iteration|  Initiation Interval  |    Trip   |          |
        |      Loop Name      |   min   |   max   |  Latency |  achieved |   target  |   Count   | Pipelined|
        +---------------------+---------+---------+----------+-----------+-----------+-----------+----------+
        |- VITIS_LOOP_205_18  |        0|   131151|        84|          2|          1|  0 ~ 65535|       yes|
        +---------------------+---------+---------+----------+-----------+-----------+-----------+----------+

============================================================
+ Verbose Summary: Synthesis Manager
============================================================
InlineROM: 1
ExposeGlobal: 0
============================================================
+ Verbose Summary: CDFG Model
============================================================
IsTopModel: 0
ResetActiveHigh: 1
IsCombinational: 0
IsDatapathOnly: 0
HasWiredReturn: 1
HasMFsm: 2
HasVarLatency: 1
IsPipeline: 0
IsRtlPipelined: 0
IsInstanceOverlapped: 0
IsDontTouch: 0
HasImplIP: 0
IsGatedGlobalClock: 0

+ Individual pipeline summary: 
  * Pipeline-0: initiation interval (II) = 2, depth = 84


============================================================
+ Verbose Summary: Schedule
============================================================
* Number of FSM states : 84
* Pipeline : 1
  Pipeline-0 : II = 2, D = 84, States = { 1 2 3 4 5 6 7 8 9 10 11 12 13 14 15 16 17 18 19 20 21 22 23 24 25 26 27 28 29 30 31 32 33 34 35 36 37 38 39 40 41 42 43 44 45 46 47 48 49 50 51 52 53 54 55 56 57 58 59 60 61 62 63 64 65 66 67 68 69 70 71 72 73 74 75 76 77 78 79 80 81 82 83 84 }
* Dataflow Pipeline: 0

* FSM state transitions: 
1 --> 2 
2 --> 3 
3 --> 4 
4 --> 5 
5 --> 6 
6 --> 7 
7 --> 8 
8 --> 9 
9 --> 10 
10 --> 11 
11 --> 12 
12 --> 13 
13 --> 14 
14 --> 15 
15 --> 16 
16 --> 17 
17 --> 18 
18 --> 19 
19 --> 20 
20 --> 21 
21 --> 22 
22 --> 23 
23 --> 24 
24 --> 25 
25 --> 26 
26 --> 27 
27 --> 28 
28 --> 29 
29 --> 30 
30 --> 31 
31 --> 32 
32 --> 33 
33 --> 34 
34 --> 35 
35 --> 36 
36 --> 37 
37 --> 38 
38 --> 39 
39 --> 40 
40 --> 41 
41 --> 42 
42 --> 43 
43 --> 44 
44 --> 45 
45 --> 46 
46 --> 47 
47 --> 48 
48 --> 49 
49 --> 50 
50 --> 51 
51 --> 52 
52 --> 53 
53 --> 54 
54 --> 55 
55 --> 56 
56 --> 57 
57 --> 58 
58 --> 59 
59 --> 60 
60 --> 61 
61 --> 62 
62 --> 63 
63 --> 64 
64 --> 65 
65 --> 66 
66 --> 67 
67 --> 68 
68 --> 69 
69 --> 70 
70 --> 71 
71 --> 72 
72 --> 73 
73 --> 74 
74 --> 75 
75 --> 76 
76 --> 77 
77 --> 78 
78 --> 79 
79 --> 80 
80 --> 81 
81 --> 82 
82 --> 83 
83 --> 84 
84 --> 

* FSM state operations: 

State 1 <SV = 0> <Delay = 3.43>
ST_1 : Operation 87 [1/1] (0.00ns)   --->   "%c_out_param_1 = alloca i32 1"   --->   Operation 87 'alloca' 'c_out_param_1' <Predicate = true> <Delay = 0.00>
ST_1 : Operation 88 [1/1] (0.00ns)   --->   "%sext_ln205_1_read = read i62 @_ssdm_op_Read.ap_auto.i62, i62 %sext_ln205_1"   --->   Operation 88 'read' 'sext_ln205_1_read' <Predicate = true> <Delay = 0.00>
ST_1 : Operation 89 [1/1] (0.00ns)   --->   "%sext_ln205_read = read i62 @_ssdm_op_Read.ap_auto.i62, i62 %sext_ln205"   --->   Operation 89 'read' 'sext_ln205_read' <Predicate = true> <Delay = 0.00>
ST_1 : Operation 90 [1/1] (0.00ns)   --->   "%C_out_read = read i16 @_ssdm_op_Read.ap_auto.i16, i16 %C_out"   --->   Operation 90 'read' 'C_out_read' <Predicate = true> <Delay = 0.00>
ST_1 : Operation 91 [1/1] (0.00ns)   --->   "%sext_ln205_1_cast = sext i62 %sext_ln205_1_read"   --->   Operation 91 'sext' 'sext_ln205_1_cast' <Predicate = true> <Delay = 0.00>
ST_1 : Operation 92 [1/1] (0.00ns)   --->   "%sext_ln205_cast = sext i62 %sext_ln205_read"   --->   Operation 92 'sext' 'sext_ln205_cast' <Predicate = true> <Delay = 0.00>
ST_1 : Operation 93 [1/1] (0.00ns)   --->   "%specinterface_ln0 = specinterface void @_ssdm_op_SpecInterface, i32 %gmem3, void @empty_29, i32 0, i32 0, void @empty_43, i32 0, i32 2147483647, void @empty_47, void @empty_45, void @empty_43, i32 16, i32 16, i32 16, i32 16, void @empty_43, void @empty_43, i32 4294967295, i32 0"   --->   Operation 93 'specinterface' 'specinterface_ln0' <Predicate = true> <Delay = 0.00>
ST_1 : Operation 94 [1/1] (1.29ns)   --->   "%store_ln0 = store i16 0, i16 %c_out_param_1"   --->   Operation 94 'store' 'store_ln0' <Predicate = true> <Delay = 1.29>
ST_1 : Operation 95 [1/1] (0.00ns)   --->   "%br_ln0 = br void %for.cond287"   --->   Operation 95 'br' 'br_ln0' <Predicate = true> <Delay = 0.00>
ST_1 : Operation 96 [1/1] (0.00ns)   --->   "%c_out_param = load i16 %c_out_param_1" [../ip/ip6/conv_bn_relu.cpp:209]   --->   Operation 96 'load' 'c_out_param' <Predicate = true> <Delay = 0.00>
ST_1 : Operation 97 [1/1] (2.13ns)   --->   "%icmp_ln1027 = icmp_eq  i16 %c_out_param, i16 %C_out_read"   --->   Operation 97 'icmp' 'icmp_ln1027' <Predicate = true> <Delay = 2.13> <CoreInst = "Cmp">   --->   Core 9 'Cmp' <Latency = 0> <II = 1> <Delay = 2.13> <FuncUnit> <Opcode : 'icmp'> <InPorts = 2> <OutPorts = 1>
ST_1 : Operation 98 [1/1] (0.00ns)   --->   "%empty = speclooptripcount i32 @_ssdm_op_SpecLoopTripCount, i64 0, i64 65535, i64 0"   --->   Operation 98 'speclooptripcount' 'empty' <Predicate = true> <Delay = 0.00>
ST_1 : Operation 99 [1/1] (1.54ns)   --->   "%add_ln205 = add i16 %c_out_param, i16 1" [../ip/ip6/conv_bn_relu.cpp:205]   --->   Operation 99 'add' 'add_ln205' <Predicate = true> <Delay = 1.54> <CoreInst = "Adder">   --->   Core 1 'Adder' <Latency = 0> <II = 1> <Delay = 1.54> <FuncUnit> <Opcode : 'add' 'sub'> <InPorts = 2> <OutPorts = 1>
ST_1 : Operation 100 [1/1] (0.00ns)   --->   "%br_ln205 = br i1 %icmp_ln1027, void %for.inc306, void %VITIS_LOOP_213_19.exitStub" [../ip/ip6/conv_bn_relu.cpp:205]   --->   Operation 100 'br' 'br_ln205' <Predicate = true> <Delay = 0.00>
ST_1 : Operation 101 [1/1] (0.00ns)   --->   "%zext_ln205 = zext i16 %c_out_param" [../ip/ip6/conv_bn_relu.cpp:205]   --->   Operation 101 'zext' 'zext_ln205' <Predicate = (!icmp_ln1027)> <Delay = 0.00>
ST_1 : Operation 102 [1/1] (2.64ns)   --->   "%add_ln207 = add i63 %sext_ln205_cast, i63 %zext_ln205" [../ip/ip6/conv_bn_relu.cpp:207]   --->   Operation 102 'add' 'add_ln207' <Predicate = (!icmp_ln1027)> <Delay = 2.64> <CoreInst = "Adder">   --->   Core 1 'Adder' <Latency = 0> <II = 1> <Delay = 2.64> <FuncUnit> <Opcode : 'add' 'sub'> <InPorts = 2> <OutPorts = 1>
ST_1 : Operation 103 [1/1] (0.00ns)   --->   "%sext_ln207 = sext i63 %add_ln207" [../ip/ip6/conv_bn_relu.cpp:207]   --->   Operation 103 'sext' 'sext_ln207' <Predicate = (!icmp_ln1027)> <Delay = 0.00>
ST_1 : Operation 104 [1/1] (0.00ns)   --->   "%gmem3_addr = getelementptr i32 %gmem3, i64 %sext_ln207" [../ip/ip6/conv_bn_relu.cpp:207]   --->   Operation 104 'getelementptr' 'gmem3_addr' <Predicate = (!icmp_ln1027)> <Delay = 0.00>
ST_1 : Operation 105 [1/1] (2.64ns)   --->   "%add_ln209 = add i63 %sext_ln205_1_cast, i63 %zext_ln205" [../ip/ip6/conv_bn_relu.cpp:209]   --->   Operation 105 'add' 'add_ln209' <Predicate = (!icmp_ln1027)> <Delay = 2.64> <CoreInst = "Adder">   --->   Core 1 'Adder' <Latency = 0> <II = 1> <Delay = 2.64> <FuncUnit> <Opcode : 'add' 'sub'> <InPorts = 2> <OutPorts = 1>
ST_1 : Operation 106 [1/1] (0.00ns)   --->   "%sext_ln209 = sext i63 %add_ln209" [../ip/ip6/conv_bn_relu.cpp:209]   --->   Operation 106 'sext' 'sext_ln209' <Predicate = (!icmp_ln1027)> <Delay = 0.00>
ST_1 : Operation 107 [1/1] (0.00ns)   --->   "%gmem3_addr_2 = getelementptr i32 %gmem3, i64 %sext_ln209" [../ip/ip6/conv_bn_relu.cpp:209]   --->   Operation 107 'getelementptr' 'gmem3_addr_2' <Predicate = (!icmp_ln1027)> <Delay = 0.00>
ST_1 : Operation 108 [1/1] (0.00ns)   --->   "%lshr_ln1 = partselect i7 @_ssdm_op_PartSelect.i7.i16.i32.i32, i16 %c_out_param, i32 2, i32 8" [../ip/ip6/conv_bn_relu.cpp:209]   --->   Operation 108 'partselect' 'lshr_ln1' <Predicate = (!icmp_ln1027)> <Delay = 0.00>
ST_1 : Operation 109 [1/1] (0.00ns)   --->   "%trunc_ln209 = trunc i16 %c_out_param" [../ip/ip6/conv_bn_relu.cpp:209]   --->   Operation 109 'trunc' 'trunc_ln209' <Predicate = (!icmp_ln1027)> <Delay = 0.00>
ST_1 : Operation 110 [1/1] (0.50ns)   --->   "%switch_ln209 = switch i2 %trunc_ln209, void %arrayidx305.case.3, i2 0, void %arrayidx305.case.0, i2 1, void %arrayidx305.case.1, i2 2, void %arrayidx305.case.2" [../ip/ip6/conv_bn_relu.cpp:209]   --->   Operation 110 'switch' 'switch_ln209' <Predicate = (!icmp_ln1027)> <Delay = 0.50>
ST_1 : Operation 111 [1/1] (1.29ns)   --->   "%store_ln205 = store i16 %add_ln205, i16 %c_out_param_1" [../ip/ip6/conv_bn_relu.cpp:205]   --->   Operation 111 'store' 'store_ln205' <Predicate = (!icmp_ln1027)> <Delay = 1.29>
ST_1 : Operation 112 [1/1] (0.00ns)   --->   "%br_ln205 = br void %for.cond287" [../ip/ip6/conv_bn_relu.cpp:205]   --->   Operation 112 'br' 'br_ln205' <Predicate = (!icmp_ln1027)> <Delay = 0.00>

State 2 <SV = 1> <Delay = 7.30>
ST_2 : Operation 113 [7/7] (7.30ns)   --->   "%gmem3_load_2_req = readreq i1 @_ssdm_op_ReadReq.m_axi.i32P1A, i32 %gmem3_addr, i32 1" [../ip/ip6/conv_bn_relu.cpp:207]   --->   Operation 113 'readreq' 'gmem3_load_2_req' <Predicate = (!icmp_ln1027)> <Delay = 7.30> <CoreInst = "m_axi">   --->   Core 113 'm_axi' <Latency = 0> <II = 1> <Delay = 1.00> <Adapter> <Opcode : 'read' 'write' 'readreq' 'writereq' 'writeresp'>

State 3 <SV = 2> <Delay = 7.30>
ST_3 : Operation 114 [6/7] (7.30ns)   --->   "%gmem3_load_2_req = readreq i1 @_ssdm_op_ReadReq.m_axi.i32P1A, i32 %gmem3_addr, i32 1" [../ip/ip6/conv_bn_relu.cpp:207]   --->   Operation 114 'readreq' 'gmem3_load_2_req' <Predicate = true> <Delay = 7.30> <CoreInst = "m_axi">   --->   Core 113 'm_axi' <Latency = 0> <II = 1> <Delay = 1.00> <Adapter> <Opcode : 'read' 'write' 'readreq' 'writereq' 'writeresp'>
ST_3 : Operation 115 [7/7] (7.30ns)   --->   "%gmem3_load_3_req = readreq i1 @_ssdm_op_ReadReq.m_axi.i32P1A, i32 %gmem3_addr_2, i32 1" [../ip/ip6/conv_bn_relu.cpp:209]   --->   Operation 115 'readreq' 'gmem3_load_3_req' <Predicate = true> <Delay = 7.30> <CoreInst = "m_axi">   --->   Core 113 'm_axi' <Latency = 0> <II = 1> <Delay = 1.00> <Adapter> <Opcode : 'read' 'write' 'readreq' 'writereq' 'writeresp'>

State 4 <SV = 3> <Delay = 7.30>
ST_4 : Operation 116 [5/7] (7.30ns)   --->   "%gmem3_load_2_req = readreq i1 @_ssdm_op_ReadReq.m_axi.i32P1A, i32 %gmem3_addr, i32 1" [../ip/ip6/conv_bn_relu.cpp:207]   --->   Operation 116 'readreq' 'gmem3_load_2_req' <Predicate = true> <Delay = 7.30> <CoreInst = "m_axi">   --->   Core 113 'm_axi' <Latency = 0> <II = 1> <Delay = 1.00> <Adapter> <Opcode : 'read' 'write' 'readreq' 'writereq' 'writeresp'>
ST_4 : Operation 117 [6/7] (7.30ns)   --->   "%gmem3_load_3_req = readreq i1 @_ssdm_op_ReadReq.m_axi.i32P1A, i32 %gmem3_addr_2, i32 1" [../ip/ip6/conv_bn_relu.cpp:209]   --->   Operation 117 'readreq' 'gmem3_load_3_req' <Predicate = true> <Delay = 7.30> <CoreInst = "m_axi">   --->   Core 113 'm_axi' <Latency = 0> <II = 1> <Delay = 1.00> <Adapter> <Opcode : 'read' 'write' 'readreq' 'writereq' 'writeresp'>

State 5 <SV = 4> <Delay = 7.30>
ST_5 : Operation 118 [4/7] (7.30ns)   --->   "%gmem3_load_2_req = readreq i1 @_ssdm_op_ReadReq.m_axi.i32P1A, i32 %gmem3_addr, i32 1" [../ip/ip6/conv_bn_relu.cpp:207]   --->   Operation 118 'readreq' 'gmem3_load_2_req' <Predicate = true> <Delay = 7.30> <CoreInst = "m_axi">   --->   Core 113 'm_axi' <Latency = 0> <II = 1> <Delay = 1.00> <Adapter> <Opcode : 'read' 'write' 'readreq' 'writereq' 'writeresp'>
ST_5 : Operation 119 [5/7] (7.30ns)   --->   "%gmem3_load_3_req = readreq i1 @_ssdm_op_ReadReq.m_axi.i32P1A, i32 %gmem3_addr_2, i32 1" [../ip/ip6/conv_bn_relu.cpp:209]   --->   Operation 119 'readreq' 'gmem3_load_3_req' <Predicate = true> <Delay = 7.30> <CoreInst = "m_axi">   --->   Core 113 'm_axi' <Latency = 0> <II = 1> <Delay = 1.00> <Adapter> <Opcode : 'read' 'write' 'readreq' 'writereq' 'writeresp'>

State 6 <SV = 5> <Delay = 7.30>
ST_6 : Operation 120 [3/7] (7.30ns)   --->   "%gmem3_load_2_req = readreq i1 @_ssdm_op_ReadReq.m_axi.i32P1A, i32 %gmem3_addr, i32 1" [../ip/ip6/conv_bn_relu.cpp:207]   --->   Operation 120 'readreq' 'gmem3_load_2_req' <Predicate = true> <Delay = 7.30> <CoreInst = "m_axi">   --->   Core 113 'm_axi' <Latency = 0> <II = 1> <Delay = 1.00> <Adapter> <Opcode : 'read' 'write' 'readreq' 'writereq' 'writeresp'>
ST_6 : Operation 121 [4/7] (7.30ns)   --->   "%gmem3_load_3_req = readreq i1 @_ssdm_op_ReadReq.m_axi.i32P1A, i32 %gmem3_addr_2, i32 1" [../ip/ip6/conv_bn_relu.cpp:209]   --->   Operation 121 'readreq' 'gmem3_load_3_req' <Predicate = true> <Delay = 7.30> <CoreInst = "m_axi">   --->   Core 113 'm_axi' <Latency = 0> <II = 1> <Delay = 1.00> <Adapter> <Opcode : 'read' 'write' 'readreq' 'writereq' 'writeresp'>

State 7 <SV = 6> <Delay = 7.30>
ST_7 : Operation 122 [2/7] (7.30ns)   --->   "%gmem3_load_2_req = readreq i1 @_ssdm_op_ReadReq.m_axi.i32P1A, i32 %gmem3_addr, i32 1" [../ip/ip6/conv_bn_relu.cpp:207]   --->   Operation 122 'readreq' 'gmem3_load_2_req' <Predicate = true> <Delay = 7.30> <CoreInst = "m_axi">   --->   Core 113 'm_axi' <Latency = 0> <II = 1> <Delay = 1.00> <Adapter> <Opcode : 'read' 'write' 'readreq' 'writereq' 'writeresp'>
ST_7 : Operation 123 [3/7] (7.30ns)   --->   "%gmem3_load_3_req = readreq i1 @_ssdm_op_ReadReq.m_axi.i32P1A, i32 %gmem3_addr_2, i32 1" [../ip/ip6/conv_bn_relu.cpp:209]   --->   Operation 123 'readreq' 'gmem3_load_3_req' <Predicate = true> <Delay = 7.30> <CoreInst = "m_axi">   --->   Core 113 'm_axi' <Latency = 0> <II = 1> <Delay = 1.00> <Adapter> <Opcode : 'read' 'write' 'readreq' 'writereq' 'writeresp'>

State 8 <SV = 7> <Delay = 7.30>
ST_8 : Operation 124 [1/7] (7.30ns)   --->   "%gmem3_load_2_req = readreq i1 @_ssdm_op_ReadReq.m_axi.i32P1A, i32 %gmem3_addr, i32 1" [../ip/ip6/conv_bn_relu.cpp:207]   --->   Operation 124 'readreq' 'gmem3_load_2_req' <Predicate = true> <Delay = 7.30> <CoreInst = "m_axi">   --->   Core 113 'm_axi' <Latency = 0> <II = 1> <Delay = 1.00> <Adapter> <Opcode : 'read' 'write' 'readreq' 'writereq' 'writeresp'>
ST_8 : Operation 125 [2/7] (7.30ns)   --->   "%gmem3_load_3_req = readreq i1 @_ssdm_op_ReadReq.m_axi.i32P1A, i32 %gmem3_addr_2, i32 1" [../ip/ip6/conv_bn_relu.cpp:209]   --->   Operation 125 'readreq' 'gmem3_load_3_req' <Predicate = true> <Delay = 7.30> <CoreInst = "m_axi">   --->   Core 113 'm_axi' <Latency = 0> <II = 1> <Delay = 1.00> <Adapter> <Opcode : 'read' 'write' 'readreq' 'writereq' 'writeresp'>

State 9 <SV = 8> <Delay = 7.30>
ST_9 : Operation 126 [1/1] (7.30ns)   --->   "%gmem3_addr_read = read i32 @_ssdm_op_Read.m_axi.i32P1A, i32 %gmem3_addr" [../ip/ip6/conv_bn_relu.cpp:207]   --->   Operation 126 'read' 'gmem3_addr_read' <Predicate = true> <Delay = 7.30> <CoreInst = "m_axi">   --->   Core 113 'm_axi' <Latency = 0> <II = 1> <Delay = 1.00> <Adapter> <Opcode : 'read' 'write' 'readreq' 'writereq' 'writeresp'>
ST_9 : Operation 127 [1/7] (7.30ns)   --->   "%gmem3_load_3_req = readreq i1 @_ssdm_op_ReadReq.m_axi.i32P1A, i32 %gmem3_addr_2, i32 1" [../ip/ip6/conv_bn_relu.cpp:209]   --->   Operation 127 'readreq' 'gmem3_load_3_req' <Predicate = true> <Delay = 7.30> <CoreInst = "m_axi">   --->   Core 113 'm_axi' <Latency = 0> <II = 1> <Delay = 1.00> <Adapter> <Opcode : 'read' 'write' 'readreq' 'writereq' 'writeresp'>

State 10 <SV = 9> <Delay = 7.30>
ST_10 : Operation 128 [1/1] (0.00ns)   --->   "%bitcast_ln208 = bitcast i32 %gmem3_addr_read" [../ip/ip6/conv_bn_relu.cpp:208]   --->   Operation 128 'bitcast' 'bitcast_ln208' <Predicate = true> <Delay = 0.00>
ST_10 : Operation 129 [5/5] (6.32ns)   --->   "%conv3 = fadd i32 %bitcast_ln208, i32 1e-05" [../ip/ip6/conv_bn_relu.cpp:208]   --->   Operation 129 'fadd' 'conv3' <Predicate = true> <Delay = 6.32> <CoreInst = "FAddSub_fulldsp">   --->   Core 18 'FAddSub_fulldsp' <Latency = 4> <II = 1> <Delay = 6.32> <FuncUnit> <Opcode : 'fadd' 'fsub'> <InPorts = 2> <OutPorts = 1>
ST_10 : Operation 130 [1/1] (7.30ns)   --->   "%gmem3_addr_2_read = read i32 @_ssdm_op_Read.m_axi.i32P1A, i32 %gmem3_addr_2" [../ip/ip6/conv_bn_relu.cpp:209]   --->   Operation 130 'read' 'gmem3_addr_2_read' <Predicate = true> <Delay = 7.30> <CoreInst = "m_axi">   --->   Core 113 'm_axi' <Latency = 0> <II = 1> <Delay = 1.00> <Adapter> <Opcode : 'read' 'write' 'readreq' 'writereq' 'writeresp'>

State 11 <SV = 10> <Delay = 6.32>
ST_11 : Operation 131 [4/5] (6.32ns)   --->   "%conv3 = fadd i32 %bitcast_ln208, i32 1e-05" [../ip/ip6/conv_bn_relu.cpp:208]   --->   Operation 131 'fadd' 'conv3' <Predicate = true> <Delay = 6.32> <CoreInst = "FAddSub_fulldsp">   --->   Core 18 'FAddSub_fulldsp' <Latency = 4> <II = 1> <Delay = 6.32> <FuncUnit> <Opcode : 'fadd' 'fsub'> <InPorts = 2> <OutPorts = 1>

State 12 <SV = 11> <Delay = 6.32>
ST_12 : Operation 132 [3/5] (6.32ns)   --->   "%conv3 = fadd i32 %bitcast_ln208, i32 1e-05" [../ip/ip6/conv_bn_relu.cpp:208]   --->   Operation 132 'fadd' 'conv3' <Predicate = true> <Delay = 6.32> <CoreInst = "FAddSub_fulldsp">   --->   Core 18 'FAddSub_fulldsp' <Latency = 4> <II = 1> <Delay = 6.32> <FuncUnit> <Opcode : 'fadd' 'fsub'> <InPorts = 2> <OutPorts = 1>
ST_12 : Operation 133 [1/1] (0.00ns)   --->   "%bitcast_ln209 = bitcast i32 %gmem3_addr_2_read" [../ip/ip6/conv_bn_relu.cpp:209]   --->   Operation 133 'bitcast' 'bitcast_ln209' <Predicate = true> <Delay = 0.00>
ST_12 : Operation 134 [2/2] (3.15ns)   --->   "%conv5 = fpext i32 %bitcast_ln209" [../ip/ip6/conv_bn_relu.cpp:209]   --->   Operation 134 'fpext' 'conv5' <Predicate = true> <Delay = 3.15> <CoreInst = "Float2Double">   --->   Core 64 'Float2Double' <Latency = 1> <II = 1> <Delay = 3.15> <FuncUnit> <Opcode : 'fpext'> <InPorts = 1> <OutPorts = 1>

State 13 <SV = 12> <Delay = 6.32>
ST_13 : Operation 135 [2/5] (6.32ns)   --->   "%conv3 = fadd i32 %bitcast_ln208, i32 1e-05" [../ip/ip6/conv_bn_relu.cpp:208]   --->   Operation 135 'fadd' 'conv3' <Predicate = true> <Delay = 6.32> <CoreInst = "FAddSub_fulldsp">   --->   Core 18 'FAddSub_fulldsp' <Latency = 4> <II = 1> <Delay = 6.32> <FuncUnit> <Opcode : 'fadd' 'fsub'> <InPorts = 2> <OutPorts = 1>
ST_13 : Operation 136 [1/2] (3.15ns)   --->   "%conv5 = fpext i32 %bitcast_ln209" [../ip/ip6/conv_bn_relu.cpp:209]   --->   Operation 136 'fpext' 'conv5' <Predicate = true> <Delay = 3.15> <CoreInst = "Float2Double">   --->   Core 64 'Float2Double' <Latency = 1> <II = 1> <Delay = 3.15> <FuncUnit> <Opcode : 'fpext'> <InPorts = 1> <OutPorts = 1>

State 14 <SV = 13> <Delay = 6.32>
ST_14 : Operation 137 [1/5] (6.32ns)   --->   "%conv3 = fadd i32 %bitcast_ln208, i32 1e-05" [../ip/ip6/conv_bn_relu.cpp:208]   --->   Operation 137 'fadd' 'conv3' <Predicate = true> <Delay = 6.32> <CoreInst = "FAddSub_fulldsp">   --->   Core 18 'FAddSub_fulldsp' <Latency = 4> <II = 1> <Delay = 6.32> <FuncUnit> <Opcode : 'fadd' 'fsub'> <InPorts = 2> <OutPorts = 1>

State 15 <SV = 14> <Delay = 3.15>
ST_15 : Operation 138 [2/2] (3.15ns)   --->   "%conv4 = fpext i32 %conv3" [../ip/ip6/conv_bn_relu.cpp:208]   --->   Operation 138 'fpext' 'conv4' <Predicate = true> <Delay = 3.15> <CoreInst = "Float2Double">   --->   Core 64 'Float2Double' <Latency = 1> <II = 1> <Delay = 3.15> <FuncUnit> <Opcode : 'fpext'> <InPorts = 1> <OutPorts = 1>

State 16 <SV = 15> <Delay = 3.15>
ST_16 : Operation 139 [1/2] (3.15ns)   --->   "%conv4 = fpext i32 %conv3" [../ip/ip6/conv_bn_relu.cpp:208]   --->   Operation 139 'fpext' 'conv4' <Predicate = true> <Delay = 3.15> <CoreInst = "Float2Double">   --->   Core 64 'Float2Double' <Latency = 1> <II = 1> <Delay = 3.15> <FuncUnit> <Opcode : 'fpext'> <InPorts = 1> <OutPorts = 1>

State 17 <SV = 16> <Delay = 7.18>
ST_17 : Operation 140 [30/30] (7.18ns)   --->   "%tmp_1 = dsqrt i64 @llvm.sqrt.f64, i64 %conv4" [../ip/ip6/conv_bn_relu.cpp:208]   --->   Operation 140 'dsqrt' 'tmp_1' <Predicate = true> <Delay = 7.18> <CoreInst = "DSqrt">   --->   Core 52 'DSqrt' <Latency = 29> <II = 1> <Delay = 7.18> <FuncUnit> <Opcode : 'dsqrt'> <InPorts = 1> <OutPorts = 1>

State 18 <SV = 17> <Delay = 7.18>
ST_18 : Operation 141 [29/30] (7.18ns)   --->   "%tmp_1 = dsqrt i64 @llvm.sqrt.f64, i64 %conv4" [../ip/ip6/conv_bn_relu.cpp:208]   --->   Operation 141 'dsqrt' 'tmp_1' <Predicate = true> <Delay = 7.18> <CoreInst = "DSqrt">   --->   Core 52 'DSqrt' <Latency = 29> <II = 1> <Delay = 7.18> <FuncUnit> <Opcode : 'dsqrt'> <InPorts = 1> <OutPorts = 1>

State 19 <SV = 18> <Delay = 7.18>
ST_19 : Operation 142 [28/30] (7.18ns)   --->   "%tmp_1 = dsqrt i64 @llvm.sqrt.f64, i64 %conv4" [../ip/ip6/conv_bn_relu.cpp:208]   --->   Operation 142 'dsqrt' 'tmp_1' <Predicate = true> <Delay = 7.18> <CoreInst = "DSqrt">   --->   Core 52 'DSqrt' <Latency = 29> <II = 1> <Delay = 7.18> <FuncUnit> <Opcode : 'dsqrt'> <InPorts = 1> <OutPorts = 1>

State 20 <SV = 19> <Delay = 7.18>
ST_20 : Operation 143 [27/30] (7.18ns)   --->   "%tmp_1 = dsqrt i64 @llvm.sqrt.f64, i64 %conv4" [../ip/ip6/conv_bn_relu.cpp:208]   --->   Operation 143 'dsqrt' 'tmp_1' <Predicate = true> <Delay = 7.18> <CoreInst = "DSqrt">   --->   Core 52 'DSqrt' <Latency = 29> <II = 1> <Delay = 7.18> <FuncUnit> <Opcode : 'dsqrt'> <InPorts = 1> <OutPorts = 1>

State 21 <SV = 20> <Delay = 7.18>
ST_21 : Operation 144 [26/30] (7.18ns)   --->   "%tmp_1 = dsqrt i64 @llvm.sqrt.f64, i64 %conv4" [../ip/ip6/conv_bn_relu.cpp:208]   --->   Operation 144 'dsqrt' 'tmp_1' <Predicate = true> <Delay = 7.18> <CoreInst = "DSqrt">   --->   Core 52 'DSqrt' <Latency = 29> <II = 1> <Delay = 7.18> <FuncUnit> <Opcode : 'dsqrt'> <InPorts = 1> <OutPorts = 1>

State 22 <SV = 21> <Delay = 7.18>
ST_22 : Operation 145 [25/30] (7.18ns)   --->   "%tmp_1 = dsqrt i64 @llvm.sqrt.f64, i64 %conv4" [../ip/ip6/conv_bn_relu.cpp:208]   --->   Operation 145 'dsqrt' 'tmp_1' <Predicate = true> <Delay = 7.18> <CoreInst = "DSqrt">   --->   Core 52 'DSqrt' <Latency = 29> <II = 1> <Delay = 7.18> <FuncUnit> <Opcode : 'dsqrt'> <InPorts = 1> <OutPorts = 1>

State 23 <SV = 22> <Delay = 7.18>
ST_23 : Operation 146 [24/30] (7.18ns)   --->   "%tmp_1 = dsqrt i64 @llvm.sqrt.f64, i64 %conv4" [../ip/ip6/conv_bn_relu.cpp:208]   --->   Operation 146 'dsqrt' 'tmp_1' <Predicate = true> <Delay = 7.18> <CoreInst = "DSqrt">   --->   Core 52 'DSqrt' <Latency = 29> <II = 1> <Delay = 7.18> <FuncUnit> <Opcode : 'dsqrt'> <InPorts = 1> <OutPorts = 1>

State 24 <SV = 23> <Delay = 7.18>
ST_24 : Operation 147 [23/30] (7.18ns)   --->   "%tmp_1 = dsqrt i64 @llvm.sqrt.f64, i64 %conv4" [../ip/ip6/conv_bn_relu.cpp:208]   --->   Operation 147 'dsqrt' 'tmp_1' <Predicate = true> <Delay = 7.18> <CoreInst = "DSqrt">   --->   Core 52 'DSqrt' <Latency = 29> <II = 1> <Delay = 7.18> <FuncUnit> <Opcode : 'dsqrt'> <InPorts = 1> <OutPorts = 1>

State 25 <SV = 24> <Delay = 7.18>
ST_25 : Operation 148 [22/30] (7.18ns)   --->   "%tmp_1 = dsqrt i64 @llvm.sqrt.f64, i64 %conv4" [../ip/ip6/conv_bn_relu.cpp:208]   --->   Operation 148 'dsqrt' 'tmp_1' <Predicate = true> <Delay = 7.18> <CoreInst = "DSqrt">   --->   Core 52 'DSqrt' <Latency = 29> <II = 1> <Delay = 7.18> <FuncUnit> <Opcode : 'dsqrt'> <InPorts = 1> <OutPorts = 1>

State 26 <SV = 25> <Delay = 7.18>
ST_26 : Operation 149 [21/30] (7.18ns)   --->   "%tmp_1 = dsqrt i64 @llvm.sqrt.f64, i64 %conv4" [../ip/ip6/conv_bn_relu.cpp:208]   --->   Operation 149 'dsqrt' 'tmp_1' <Predicate = true> <Delay = 7.18> <CoreInst = "DSqrt">   --->   Core 52 'DSqrt' <Latency = 29> <II = 1> <Delay = 7.18> <FuncUnit> <Opcode : 'dsqrt'> <InPorts = 1> <OutPorts = 1>

State 27 <SV = 26> <Delay = 7.18>
ST_27 : Operation 150 [20/30] (7.18ns)   --->   "%tmp_1 = dsqrt i64 @llvm.sqrt.f64, i64 %conv4" [../ip/ip6/conv_bn_relu.cpp:208]   --->   Operation 150 'dsqrt' 'tmp_1' <Predicate = true> <Delay = 7.18> <CoreInst = "DSqrt">   --->   Core 52 'DSqrt' <Latency = 29> <II = 1> <Delay = 7.18> <FuncUnit> <Opcode : 'dsqrt'> <InPorts = 1> <OutPorts = 1>

State 28 <SV = 27> <Delay = 7.18>
ST_28 : Operation 151 [19/30] (7.18ns)   --->   "%tmp_1 = dsqrt i64 @llvm.sqrt.f64, i64 %conv4" [../ip/ip6/conv_bn_relu.cpp:208]   --->   Operation 151 'dsqrt' 'tmp_1' <Predicate = true> <Delay = 7.18> <CoreInst = "DSqrt">   --->   Core 52 'DSqrt' <Latency = 29> <II = 1> <Delay = 7.18> <FuncUnit> <Opcode : 'dsqrt'> <InPorts = 1> <OutPorts = 1>

State 29 <SV = 28> <Delay = 7.18>
ST_29 : Operation 152 [18/30] (7.18ns)   --->   "%tmp_1 = dsqrt i64 @llvm.sqrt.f64, i64 %conv4" [../ip/ip6/conv_bn_relu.cpp:208]   --->   Operation 152 'dsqrt' 'tmp_1' <Predicate = true> <Delay = 7.18> <CoreInst = "DSqrt">   --->   Core 52 'DSqrt' <Latency = 29> <II = 1> <Delay = 7.18> <FuncUnit> <Opcode : 'dsqrt'> <InPorts = 1> <OutPorts = 1>

State 30 <SV = 29> <Delay = 7.18>
ST_30 : Operation 153 [17/30] (7.18ns)   --->   "%tmp_1 = dsqrt i64 @llvm.sqrt.f64, i64 %conv4" [../ip/ip6/conv_bn_relu.cpp:208]   --->   Operation 153 'dsqrt' 'tmp_1' <Predicate = true> <Delay = 7.18> <CoreInst = "DSqrt">   --->   Core 52 'DSqrt' <Latency = 29> <II = 1> <Delay = 7.18> <FuncUnit> <Opcode : 'dsqrt'> <InPorts = 1> <OutPorts = 1>

State 31 <SV = 30> <Delay = 7.18>
ST_31 : Operation 154 [16/30] (7.18ns)   --->   "%tmp_1 = dsqrt i64 @llvm.sqrt.f64, i64 %conv4" [../ip/ip6/conv_bn_relu.cpp:208]   --->   Operation 154 'dsqrt' 'tmp_1' <Predicate = true> <Delay = 7.18> <CoreInst = "DSqrt">   --->   Core 52 'DSqrt' <Latency = 29> <II = 1> <Delay = 7.18> <FuncUnit> <Opcode : 'dsqrt'> <InPorts = 1> <OutPorts = 1>

State 32 <SV = 31> <Delay = 7.18>
ST_32 : Operation 155 [15/30] (7.18ns)   --->   "%tmp_1 = dsqrt i64 @llvm.sqrt.f64, i64 %conv4" [../ip/ip6/conv_bn_relu.cpp:208]   --->   Operation 155 'dsqrt' 'tmp_1' <Predicate = true> <Delay = 7.18> <CoreInst = "DSqrt">   --->   Core 52 'DSqrt' <Latency = 29> <II = 1> <Delay = 7.18> <FuncUnit> <Opcode : 'dsqrt'> <InPorts = 1> <OutPorts = 1>

State 33 <SV = 32> <Delay = 7.18>
ST_33 : Operation 156 [14/30] (7.18ns)   --->   "%tmp_1 = dsqrt i64 @llvm.sqrt.f64, i64 %conv4" [../ip/ip6/conv_bn_relu.cpp:208]   --->   Operation 156 'dsqrt' 'tmp_1' <Predicate = true> <Delay = 7.18> <CoreInst = "DSqrt">   --->   Core 52 'DSqrt' <Latency = 29> <II = 1> <Delay = 7.18> <FuncUnit> <Opcode : 'dsqrt'> <InPorts = 1> <OutPorts = 1>

State 34 <SV = 33> <Delay = 7.18>
ST_34 : Operation 157 [13/30] (7.18ns)   --->   "%tmp_1 = dsqrt i64 @llvm.sqrt.f64, i64 %conv4" [../ip/ip6/conv_bn_relu.cpp:208]   --->   Operation 157 'dsqrt' 'tmp_1' <Predicate = true> <Delay = 7.18> <CoreInst = "DSqrt">   --->   Core 52 'DSqrt' <Latency = 29> <II = 1> <Delay = 7.18> <FuncUnit> <Opcode : 'dsqrt'> <InPorts = 1> <OutPorts = 1>

State 35 <SV = 34> <Delay = 7.18>
ST_35 : Operation 158 [12/30] (7.18ns)   --->   "%tmp_1 = dsqrt i64 @llvm.sqrt.f64, i64 %conv4" [../ip/ip6/conv_bn_relu.cpp:208]   --->   Operation 158 'dsqrt' 'tmp_1' <Predicate = true> <Delay = 7.18> <CoreInst = "DSqrt">   --->   Core 52 'DSqrt' <Latency = 29> <II = 1> <Delay = 7.18> <FuncUnit> <Opcode : 'dsqrt'> <InPorts = 1> <OutPorts = 1>

State 36 <SV = 35> <Delay = 7.18>
ST_36 : Operation 159 [11/30] (7.18ns)   --->   "%tmp_1 = dsqrt i64 @llvm.sqrt.f64, i64 %conv4" [../ip/ip6/conv_bn_relu.cpp:208]   --->   Operation 159 'dsqrt' 'tmp_1' <Predicate = true> <Delay = 7.18> <CoreInst = "DSqrt">   --->   Core 52 'DSqrt' <Latency = 29> <II = 1> <Delay = 7.18> <FuncUnit> <Opcode : 'dsqrt'> <InPorts = 1> <OutPorts = 1>

State 37 <SV = 36> <Delay = 7.18>
ST_37 : Operation 160 [10/30] (7.18ns)   --->   "%tmp_1 = dsqrt i64 @llvm.sqrt.f64, i64 %conv4" [../ip/ip6/conv_bn_relu.cpp:208]   --->   Operation 160 'dsqrt' 'tmp_1' <Predicate = true> <Delay = 7.18> <CoreInst = "DSqrt">   --->   Core 52 'DSqrt' <Latency = 29> <II = 1> <Delay = 7.18> <FuncUnit> <Opcode : 'dsqrt'> <InPorts = 1> <OutPorts = 1>

State 38 <SV = 37> <Delay = 7.18>
ST_38 : Operation 161 [9/30] (7.18ns)   --->   "%tmp_1 = dsqrt i64 @llvm.sqrt.f64, i64 %conv4" [../ip/ip6/conv_bn_relu.cpp:208]   --->   Operation 161 'dsqrt' 'tmp_1' <Predicate = true> <Delay = 7.18> <CoreInst = "DSqrt">   --->   Core 52 'DSqrt' <Latency = 29> <II = 1> <Delay = 7.18> <FuncUnit> <Opcode : 'dsqrt'> <InPorts = 1> <OutPorts = 1>

State 39 <SV = 38> <Delay = 7.18>
ST_39 : Operation 162 [8/30] (7.18ns)   --->   "%tmp_1 = dsqrt i64 @llvm.sqrt.f64, i64 %conv4" [../ip/ip6/conv_bn_relu.cpp:208]   --->   Operation 162 'dsqrt' 'tmp_1' <Predicate = true> <Delay = 7.18> <CoreInst = "DSqrt">   --->   Core 52 'DSqrt' <Latency = 29> <II = 1> <Delay = 7.18> <FuncUnit> <Opcode : 'dsqrt'> <InPorts = 1> <OutPorts = 1>

State 40 <SV = 39> <Delay = 7.18>
ST_40 : Operation 163 [7/30] (7.18ns)   --->   "%tmp_1 = dsqrt i64 @llvm.sqrt.f64, i64 %conv4" [../ip/ip6/conv_bn_relu.cpp:208]   --->   Operation 163 'dsqrt' 'tmp_1' <Predicate = true> <Delay = 7.18> <CoreInst = "DSqrt">   --->   Core 52 'DSqrt' <Latency = 29> <II = 1> <Delay = 7.18> <FuncUnit> <Opcode : 'dsqrt'> <InPorts = 1> <OutPorts = 1>

State 41 <SV = 40> <Delay = 7.18>
ST_41 : Operation 164 [6/30] (7.18ns)   --->   "%tmp_1 = dsqrt i64 @llvm.sqrt.f64, i64 %conv4" [../ip/ip6/conv_bn_relu.cpp:208]   --->   Operation 164 'dsqrt' 'tmp_1' <Predicate = true> <Delay = 7.18> <CoreInst = "DSqrt">   --->   Core 52 'DSqrt' <Latency = 29> <II = 1> <Delay = 7.18> <FuncUnit> <Opcode : 'dsqrt'> <InPorts = 1> <OutPorts = 1>

State 42 <SV = 41> <Delay = 7.18>
ST_42 : Operation 165 [5/30] (7.18ns)   --->   "%tmp_1 = dsqrt i64 @llvm.sqrt.f64, i64 %conv4" [../ip/ip6/conv_bn_relu.cpp:208]   --->   Operation 165 'dsqrt' 'tmp_1' <Predicate = true> <Delay = 7.18> <CoreInst = "DSqrt">   --->   Core 52 'DSqrt' <Latency = 29> <II = 1> <Delay = 7.18> <FuncUnit> <Opcode : 'dsqrt'> <InPorts = 1> <OutPorts = 1>

State 43 <SV = 42> <Delay = 7.18>
ST_43 : Operation 166 [4/30] (7.18ns)   --->   "%tmp_1 = dsqrt i64 @llvm.sqrt.f64, i64 %conv4" [../ip/ip6/conv_bn_relu.cpp:208]   --->   Operation 166 'dsqrt' 'tmp_1' <Predicate = true> <Delay = 7.18> <CoreInst = "DSqrt">   --->   Core 52 'DSqrt' <Latency = 29> <II = 1> <Delay = 7.18> <FuncUnit> <Opcode : 'dsqrt'> <InPorts = 1> <OutPorts = 1>

State 44 <SV = 43> <Delay = 7.18>
ST_44 : Operation 167 [3/30] (7.18ns)   --->   "%tmp_1 = dsqrt i64 @llvm.sqrt.f64, i64 %conv4" [../ip/ip6/conv_bn_relu.cpp:208]   --->   Operation 167 'dsqrt' 'tmp_1' <Predicate = true> <Delay = 7.18> <CoreInst = "DSqrt">   --->   Core 52 'DSqrt' <Latency = 29> <II = 1> <Delay = 7.18> <FuncUnit> <Opcode : 'dsqrt'> <InPorts = 1> <OutPorts = 1>

State 45 <SV = 44> <Delay = 7.18>
ST_45 : Operation 168 [2/30] (7.18ns)   --->   "%tmp_1 = dsqrt i64 @llvm.sqrt.f64, i64 %conv4" [../ip/ip6/conv_bn_relu.cpp:208]   --->   Operation 168 'dsqrt' 'tmp_1' <Predicate = true> <Delay = 7.18> <CoreInst = "DSqrt">   --->   Core 52 'DSqrt' <Latency = 29> <II = 1> <Delay = 7.18> <FuncUnit> <Opcode : 'dsqrt'> <InPorts = 1> <OutPorts = 1>

State 46 <SV = 45> <Delay = 7.18>
ST_46 : Operation 169 [1/30] (7.18ns)   --->   "%tmp_1 = dsqrt i64 @llvm.sqrt.f64, i64 %conv4" [../ip/ip6/conv_bn_relu.cpp:208]   --->   Operation 169 'dsqrt' 'tmp_1' <Predicate = true> <Delay = 7.18> <CoreInst = "DSqrt">   --->   Core 52 'DSqrt' <Latency = 29> <II = 1> <Delay = 7.18> <FuncUnit> <Opcode : 'dsqrt'> <InPorts = 1> <OutPorts = 1>

State 47 <SV = 46> <Delay = 6.77>
ST_47 : Operation 170 [31/31] (6.77ns)   --->   "%inv_std = ddiv i64 1, i64 %tmp_1" [../ip/ip6/conv_bn_relu.cpp:208]   --->   Operation 170 'ddiv' 'inv_std' <Predicate = true> <Delay = 6.77> <CoreInst = "DDiv">   --->   Core 39 'DDiv' <Latency = 30> <II = 1> <Delay = 6.77> <FuncUnit> <Opcode : 'ddiv' 'drem'> <InPorts = 2> <OutPorts = 1>

State 48 <SV = 47> <Delay = 6.77>
ST_48 : Operation 171 [30/31] (6.77ns)   --->   "%inv_std = ddiv i64 1, i64 %tmp_1" [../ip/ip6/conv_bn_relu.cpp:208]   --->   Operation 171 'ddiv' 'inv_std' <Predicate = true> <Delay = 6.77> <CoreInst = "DDiv">   --->   Core 39 'DDiv' <Latency = 30> <II = 1> <Delay = 6.77> <FuncUnit> <Opcode : 'ddiv' 'drem'> <InPorts = 2> <OutPorts = 1>

State 49 <SV = 48> <Delay = 6.77>
ST_49 : Operation 172 [29/31] (6.77ns)   --->   "%inv_std = ddiv i64 1, i64 %tmp_1" [../ip/ip6/conv_bn_relu.cpp:208]   --->   Operation 172 'ddiv' 'inv_std' <Predicate = true> <Delay = 6.77> <CoreInst = "DDiv">   --->   Core 39 'DDiv' <Latency = 30> <II = 1> <Delay = 6.77> <FuncUnit> <Opcode : 'ddiv' 'drem'> <InPorts = 2> <OutPorts = 1>

State 50 <SV = 49> <Delay = 6.77>
ST_50 : Operation 173 [28/31] (6.77ns)   --->   "%inv_std = ddiv i64 1, i64 %tmp_1" [../ip/ip6/conv_bn_relu.cpp:208]   --->   Operation 173 'ddiv' 'inv_std' <Predicate = true> <Delay = 6.77> <CoreInst = "DDiv">   --->   Core 39 'DDiv' <Latency = 30> <II = 1> <Delay = 6.77> <FuncUnit> <Opcode : 'ddiv' 'drem'> <InPorts = 2> <OutPorts = 1>

State 51 <SV = 50> <Delay = 6.77>
ST_51 : Operation 174 [27/31] (6.77ns)   --->   "%inv_std = ddiv i64 1, i64 %tmp_1" [../ip/ip6/conv_bn_relu.cpp:208]   --->   Operation 174 'ddiv' 'inv_std' <Predicate = true> <Delay = 6.77> <CoreInst = "DDiv">   --->   Core 39 'DDiv' <Latency = 30> <II = 1> <Delay = 6.77> <FuncUnit> <Opcode : 'ddiv' 'drem'> <InPorts = 2> <OutPorts = 1>

State 52 <SV = 51> <Delay = 6.77>
ST_52 : Operation 175 [26/31] (6.77ns)   --->   "%inv_std = ddiv i64 1, i64 %tmp_1" [../ip/ip6/conv_bn_relu.cpp:208]   --->   Operation 175 'ddiv' 'inv_std' <Predicate = true> <Delay = 6.77> <CoreInst = "DDiv">   --->   Core 39 'DDiv' <Latency = 30> <II = 1> <Delay = 6.77> <FuncUnit> <Opcode : 'ddiv' 'drem'> <InPorts = 2> <OutPorts = 1>

State 53 <SV = 52> <Delay = 6.77>
ST_53 : Operation 176 [25/31] (6.77ns)   --->   "%inv_std = ddiv i64 1, i64 %tmp_1" [../ip/ip6/conv_bn_relu.cpp:208]   --->   Operation 176 'ddiv' 'inv_std' <Predicate = true> <Delay = 6.77> <CoreInst = "DDiv">   --->   Core 39 'DDiv' <Latency = 30> <II = 1> <Delay = 6.77> <FuncUnit> <Opcode : 'ddiv' 'drem'> <InPorts = 2> <OutPorts = 1>

State 54 <SV = 53> <Delay = 6.77>
ST_54 : Operation 177 [24/31] (6.77ns)   --->   "%inv_std = ddiv i64 1, i64 %tmp_1" [../ip/ip6/conv_bn_relu.cpp:208]   --->   Operation 177 'ddiv' 'inv_std' <Predicate = true> <Delay = 6.77> <CoreInst = "DDiv">   --->   Core 39 'DDiv' <Latency = 30> <II = 1> <Delay = 6.77> <FuncUnit> <Opcode : 'ddiv' 'drem'> <InPorts = 2> <OutPorts = 1>

State 55 <SV = 54> <Delay = 6.77>
ST_55 : Operation 178 [23/31] (6.77ns)   --->   "%inv_std = ddiv i64 1, i64 %tmp_1" [../ip/ip6/conv_bn_relu.cpp:208]   --->   Operation 178 'ddiv' 'inv_std' <Predicate = true> <Delay = 6.77> <CoreInst = "DDiv">   --->   Core 39 'DDiv' <Latency = 30> <II = 1> <Delay = 6.77> <FuncUnit> <Opcode : 'ddiv' 'drem'> <InPorts = 2> <OutPorts = 1>

State 56 <SV = 55> <Delay = 6.77>
ST_56 : Operation 179 [22/31] (6.77ns)   --->   "%inv_std = ddiv i64 1, i64 %tmp_1" [../ip/ip6/conv_bn_relu.cpp:208]   --->   Operation 179 'ddiv' 'inv_std' <Predicate = true> <Delay = 6.77> <CoreInst = "DDiv">   --->   Core 39 'DDiv' <Latency = 30> <II = 1> <Delay = 6.77> <FuncUnit> <Opcode : 'ddiv' 'drem'> <InPorts = 2> <OutPorts = 1>

State 57 <SV = 56> <Delay = 6.77>
ST_57 : Operation 180 [21/31] (6.77ns)   --->   "%inv_std = ddiv i64 1, i64 %tmp_1" [../ip/ip6/conv_bn_relu.cpp:208]   --->   Operation 180 'ddiv' 'inv_std' <Predicate = true> <Delay = 6.77> <CoreInst = "DDiv">   --->   Core 39 'DDiv' <Latency = 30> <II = 1> <Delay = 6.77> <FuncUnit> <Opcode : 'ddiv' 'drem'> <InPorts = 2> <OutPorts = 1>

State 58 <SV = 57> <Delay = 6.77>
ST_58 : Operation 181 [20/31] (6.77ns)   --->   "%inv_std = ddiv i64 1, i64 %tmp_1" [../ip/ip6/conv_bn_relu.cpp:208]   --->   Operation 181 'ddiv' 'inv_std' <Predicate = true> <Delay = 6.77> <CoreInst = "DDiv">   --->   Core 39 'DDiv' <Latency = 30> <II = 1> <Delay = 6.77> <FuncUnit> <Opcode : 'ddiv' 'drem'> <InPorts = 2> <OutPorts = 1>

State 59 <SV = 58> <Delay = 6.77>
ST_59 : Operation 182 [19/31] (6.77ns)   --->   "%inv_std = ddiv i64 1, i64 %tmp_1" [../ip/ip6/conv_bn_relu.cpp:208]   --->   Operation 182 'ddiv' 'inv_std' <Predicate = true> <Delay = 6.77> <CoreInst = "DDiv">   --->   Core 39 'DDiv' <Latency = 30> <II = 1> <Delay = 6.77> <FuncUnit> <Opcode : 'ddiv' 'drem'> <InPorts = 2> <OutPorts = 1>

State 60 <SV = 59> <Delay = 6.77>
ST_60 : Operation 183 [18/31] (6.77ns)   --->   "%inv_std = ddiv i64 1, i64 %tmp_1" [../ip/ip6/conv_bn_relu.cpp:208]   --->   Operation 183 'ddiv' 'inv_std' <Predicate = true> <Delay = 6.77> <CoreInst = "DDiv">   --->   Core 39 'DDiv' <Latency = 30> <II = 1> <Delay = 6.77> <FuncUnit> <Opcode : 'ddiv' 'drem'> <InPorts = 2> <OutPorts = 1>

State 61 <SV = 60> <Delay = 6.77>
ST_61 : Operation 184 [17/31] (6.77ns)   --->   "%inv_std = ddiv i64 1, i64 %tmp_1" [../ip/ip6/conv_bn_relu.cpp:208]   --->   Operation 184 'ddiv' 'inv_std' <Predicate = true> <Delay = 6.77> <CoreInst = "DDiv">   --->   Core 39 'DDiv' <Latency = 30> <II = 1> <Delay = 6.77> <FuncUnit> <Opcode : 'ddiv' 'drem'> <InPorts = 2> <OutPorts = 1>

State 62 <SV = 61> <Delay = 6.77>
ST_62 : Operation 185 [16/31] (6.77ns)   --->   "%inv_std = ddiv i64 1, i64 %tmp_1" [../ip/ip6/conv_bn_relu.cpp:208]   --->   Operation 185 'ddiv' 'inv_std' <Predicate = true> <Delay = 6.77> <CoreInst = "DDiv">   --->   Core 39 'DDiv' <Latency = 30> <II = 1> <Delay = 6.77> <FuncUnit> <Opcode : 'ddiv' 'drem'> <InPorts = 2> <OutPorts = 1>

State 63 <SV = 62> <Delay = 6.77>
ST_63 : Operation 186 [15/31] (6.77ns)   --->   "%inv_std = ddiv i64 1, i64 %tmp_1" [../ip/ip6/conv_bn_relu.cpp:208]   --->   Operation 186 'ddiv' 'inv_std' <Predicate = true> <Delay = 6.77> <CoreInst = "DDiv">   --->   Core 39 'DDiv' <Latency = 30> <II = 1> <Delay = 6.77> <FuncUnit> <Opcode : 'ddiv' 'drem'> <InPorts = 2> <OutPorts = 1>

State 64 <SV = 63> <Delay = 6.77>
ST_64 : Operation 187 [14/31] (6.77ns)   --->   "%inv_std = ddiv i64 1, i64 %tmp_1" [../ip/ip6/conv_bn_relu.cpp:208]   --->   Operation 187 'ddiv' 'inv_std' <Predicate = true> <Delay = 6.77> <CoreInst = "DDiv">   --->   Core 39 'DDiv' <Latency = 30> <II = 1> <Delay = 6.77> <FuncUnit> <Opcode : 'ddiv' 'drem'> <InPorts = 2> <OutPorts = 1>

State 65 <SV = 64> <Delay = 6.77>
ST_65 : Operation 188 [13/31] (6.77ns)   --->   "%inv_std = ddiv i64 1, i64 %tmp_1" [../ip/ip6/conv_bn_relu.cpp:208]   --->   Operation 188 'ddiv' 'inv_std' <Predicate = true> <Delay = 6.77> <CoreInst = "DDiv">   --->   Core 39 'DDiv' <Latency = 30> <II = 1> <Delay = 6.77> <FuncUnit> <Opcode : 'ddiv' 'drem'> <InPorts = 2> <OutPorts = 1>

State 66 <SV = 65> <Delay = 6.77>
ST_66 : Operation 189 [12/31] (6.77ns)   --->   "%inv_std = ddiv i64 1, i64 %tmp_1" [../ip/ip6/conv_bn_relu.cpp:208]   --->   Operation 189 'ddiv' 'inv_std' <Predicate = true> <Delay = 6.77> <CoreInst = "DDiv">   --->   Core 39 'DDiv' <Latency = 30> <II = 1> <Delay = 6.77> <FuncUnit> <Opcode : 'ddiv' 'drem'> <InPorts = 2> <OutPorts = 1>

State 67 <SV = 66> <Delay = 6.77>
ST_67 : Operation 190 [11/31] (6.77ns)   --->   "%inv_std = ddiv i64 1, i64 %tmp_1" [../ip/ip6/conv_bn_relu.cpp:208]   --->   Operation 190 'ddiv' 'inv_std' <Predicate = true> <Delay = 6.77> <CoreInst = "DDiv">   --->   Core 39 'DDiv' <Latency = 30> <II = 1> <Delay = 6.77> <FuncUnit> <Opcode : 'ddiv' 'drem'> <InPorts = 2> <OutPorts = 1>

State 68 <SV = 67> <Delay = 6.77>
ST_68 : Operation 191 [10/31] (6.77ns)   --->   "%inv_std = ddiv i64 1, i64 %tmp_1" [../ip/ip6/conv_bn_relu.cpp:208]   --->   Operation 191 'ddiv' 'inv_std' <Predicate = true> <Delay = 6.77> <CoreInst = "DDiv">   --->   Core 39 'DDiv' <Latency = 30> <II = 1> <Delay = 6.77> <FuncUnit> <Opcode : 'ddiv' 'drem'> <InPorts = 2> <OutPorts = 1>

State 69 <SV = 68> <Delay = 6.77>
ST_69 : Operation 192 [9/31] (6.77ns)   --->   "%inv_std = ddiv i64 1, i64 %tmp_1" [../ip/ip6/conv_bn_relu.cpp:208]   --->   Operation 192 'ddiv' 'inv_std' <Predicate = true> <Delay = 6.77> <CoreInst = "DDiv">   --->   Core 39 'DDiv' <Latency = 30> <II = 1> <Delay = 6.77> <FuncUnit> <Opcode : 'ddiv' 'drem'> <InPorts = 2> <OutPorts = 1>

State 70 <SV = 69> <Delay = 6.77>
ST_70 : Operation 193 [8/31] (6.77ns)   --->   "%inv_std = ddiv i64 1, i64 %tmp_1" [../ip/ip6/conv_bn_relu.cpp:208]   --->   Operation 193 'ddiv' 'inv_std' <Predicate = true> <Delay = 6.77> <CoreInst = "DDiv">   --->   Core 39 'DDiv' <Latency = 30> <II = 1> <Delay = 6.77> <FuncUnit> <Opcode : 'ddiv' 'drem'> <InPorts = 2> <OutPorts = 1>

State 71 <SV = 70> <Delay = 6.77>
ST_71 : Operation 194 [7/31] (6.77ns)   --->   "%inv_std = ddiv i64 1, i64 %tmp_1" [../ip/ip6/conv_bn_relu.cpp:208]   --->   Operation 194 'ddiv' 'inv_std' <Predicate = true> <Delay = 6.77> <CoreInst = "DDiv">   --->   Core 39 'DDiv' <Latency = 30> <II = 1> <Delay = 6.77> <FuncUnit> <Opcode : 'ddiv' 'drem'> <InPorts = 2> <OutPorts = 1>

State 72 <SV = 71> <Delay = 6.77>
ST_72 : Operation 195 [6/31] (6.77ns)   --->   "%inv_std = ddiv i64 1, i64 %tmp_1" [../ip/ip6/conv_bn_relu.cpp:208]   --->   Operation 195 'ddiv' 'inv_std' <Predicate = true> <Delay = 6.77> <CoreInst = "DDiv">   --->   Core 39 'DDiv' <Latency = 30> <II = 1> <Delay = 6.77> <FuncUnit> <Opcode : 'ddiv' 'drem'> <InPorts = 2> <OutPorts = 1>

State 73 <SV = 72> <Delay = 6.77>
ST_73 : Operation 196 [5/31] (6.77ns)   --->   "%inv_std = ddiv i64 1, i64 %tmp_1" [../ip/ip6/conv_bn_relu.cpp:208]   --->   Operation 196 'ddiv' 'inv_std' <Predicate = true> <Delay = 6.77> <CoreInst = "DDiv">   --->   Core 39 'DDiv' <Latency = 30> <II = 1> <Delay = 6.77> <FuncUnit> <Opcode : 'ddiv' 'drem'> <InPorts = 2> <OutPorts = 1>

State 74 <SV = 73> <Delay = 6.77>
ST_74 : Operation 197 [4/31] (6.77ns)   --->   "%inv_std = ddiv i64 1, i64 %tmp_1" [../ip/ip6/conv_bn_relu.cpp:208]   --->   Operation 197 'ddiv' 'inv_std' <Predicate = true> <Delay = 6.77> <CoreInst = "DDiv">   --->   Core 39 'DDiv' <Latency = 30> <II = 1> <Delay = 6.77> <FuncUnit> <Opcode : 'ddiv' 'drem'> <InPorts = 2> <OutPorts = 1>

State 75 <SV = 74> <Delay = 6.77>
ST_75 : Operation 198 [3/31] (6.77ns)   --->   "%inv_std = ddiv i64 1, i64 %tmp_1" [../ip/ip6/conv_bn_relu.cpp:208]   --->   Operation 198 'ddiv' 'inv_std' <Predicate = true> <Delay = 6.77> <CoreInst = "DDiv">   --->   Core 39 'DDiv' <Latency = 30> <II = 1> <Delay = 6.77> <FuncUnit> <Opcode : 'ddiv' 'drem'> <InPorts = 2> <OutPorts = 1>

State 76 <SV = 75> <Delay = 6.77>
ST_76 : Operation 199 [2/31] (6.77ns)   --->   "%inv_std = ddiv i64 1, i64 %tmp_1" [../ip/ip6/conv_bn_relu.cpp:208]   --->   Operation 199 'ddiv' 'inv_std' <Predicate = true> <Delay = 6.77> <CoreInst = "DDiv">   --->   Core 39 'DDiv' <Latency = 30> <II = 1> <Delay = 6.77> <FuncUnit> <Opcode : 'ddiv' 'drem'> <InPorts = 2> <OutPorts = 1>

State 77 <SV = 76> <Delay = 6.77>
ST_77 : Operation 200 [1/31] (6.77ns)   --->   "%inv_std = ddiv i64 1, i64 %tmp_1" [../ip/ip6/conv_bn_relu.cpp:208]   --->   Operation 200 'ddiv' 'inv_std' <Predicate = true> <Delay = 6.77> <CoreInst = "DDiv">   --->   Core 39 'DDiv' <Latency = 30> <II = 1> <Delay = 6.77> <FuncUnit> <Opcode : 'ddiv' 'drem'> <InPorts = 2> <OutPorts = 1>

State 78 <SV = 77> <Delay = 6.54>
ST_78 : Operation 201 [6/6] (6.54ns)   --->   "%mul1 = dmul i64 %conv5, i64 %inv_std" [../ip/ip6/conv_bn_relu.cpp:209]   --->   Operation 201 'dmul' 'mul1' <Predicate = true> <Delay = 6.54> <CoreInst = "DMul_maxdsp">   --->   Core 49 'DMul_maxdsp' <Latency = 5> <II = 1> <Delay = 6.54> <FuncUnit> <Opcode : 'dmul'> <InPorts = 2> <OutPorts = 1>

State 79 <SV = 78> <Delay = 6.54>
ST_79 : Operation 202 [5/6] (6.54ns)   --->   "%mul1 = dmul i64 %conv5, i64 %inv_std" [../ip/ip6/conv_bn_relu.cpp:209]   --->   Operation 202 'dmul' 'mul1' <Predicate = true> <Delay = 6.54> <CoreInst = "DMul_maxdsp">   --->   Core 49 'DMul_maxdsp' <Latency = 5> <II = 1> <Delay = 6.54> <FuncUnit> <Opcode : 'dmul'> <InPorts = 2> <OutPorts = 1>

State 80 <SV = 79> <Delay = 6.54>
ST_80 : Operation 203 [4/6] (6.54ns)   --->   "%mul1 = dmul i64 %conv5, i64 %inv_std" [../ip/ip6/conv_bn_relu.cpp:209]   --->   Operation 203 'dmul' 'mul1' <Predicate = true> <Delay = 6.54> <CoreInst = "DMul_maxdsp">   --->   Core 49 'DMul_maxdsp' <Latency = 5> <II = 1> <Delay = 6.54> <FuncUnit> <Opcode : 'dmul'> <InPorts = 2> <OutPorts = 1>

State 81 <SV = 80> <Delay = 6.54>
ST_81 : Operation 204 [3/6] (6.54ns)   --->   "%mul1 = dmul i64 %conv5, i64 %inv_std" [../ip/ip6/conv_bn_relu.cpp:209]   --->   Operation 204 'dmul' 'mul1' <Predicate = true> <Delay = 6.54> <CoreInst = "DMul_maxdsp">   --->   Core 49 'DMul_maxdsp' <Latency = 5> <II = 1> <Delay = 6.54> <FuncUnit> <Opcode : 'dmul'> <InPorts = 2> <OutPorts = 1>

State 82 <SV = 81> <Delay = 6.54>
ST_82 : Operation 205 [2/6] (6.54ns)   --->   "%mul1 = dmul i64 %conv5, i64 %inv_std" [../ip/ip6/conv_bn_relu.cpp:209]   --->   Operation 205 'dmul' 'mul1' <Predicate = true> <Delay = 6.54> <CoreInst = "DMul_maxdsp">   --->   Core 49 'DMul_maxdsp' <Latency = 5> <II = 1> <Delay = 6.54> <FuncUnit> <Opcode : 'dmul'> <InPorts = 2> <OutPorts = 1>
ST_82 : Operation 222 [1/1] (0.00ns)   --->   "%ret_ln0 = ret"   --->   Operation 222 'ret' 'ret_ln0' <Predicate = (icmp_ln1027)> <Delay = 0.00>

State 83 <SV = 82> <Delay = 6.54>
ST_83 : Operation 206 [1/6] (6.54ns)   --->   "%mul1 = dmul i64 %conv5, i64 %inv_std" [../ip/ip6/conv_bn_relu.cpp:209]   --->   Operation 206 'dmul' 'mul1' <Predicate = true> <Delay = 6.54> <CoreInst = "DMul_maxdsp">   --->   Core 49 'DMul_maxdsp' <Latency = 5> <II = 1> <Delay = 6.54> <FuncUnit> <Opcode : 'dmul'> <InPorts = 2> <OutPorts = 1>

State 84 <SV = 83> <Delay = 2.77>
ST_84 : Operation 207 [1/1] (0.00ns)   --->   "%specpipeline_ln206 = specpipeline void @_ssdm_op_SpecPipeline, i32 1, i32 0, i32 0, i32 0, void @empty_43" [../ip/ip6/conv_bn_relu.cpp:206]   --->   Operation 207 'specpipeline' 'specpipeline_ln206' <Predicate = true> <Delay = 0.00>
ST_84 : Operation 208 [1/1] (0.00ns)   --->   "%specloopname_ln207 = specloopname void @_ssdm_op_SpecLoopName, void @empty_8" [../ip/ip6/conv_bn_relu.cpp:207]   --->   Operation 208 'specloopname' 'specloopname_ln207' <Predicate = true> <Delay = 0.00>
ST_84 : Operation 209 [1/1] (0.00ns)   --->   "%zext_ln209 = zext i7 %lshr_ln1" [../ip/ip6/conv_bn_relu.cpp:209]   --->   Operation 209 'zext' 'zext_ln209' <Predicate = true> <Delay = 0.00>
ST_84 : Operation 210 [1/1] (0.00ns)   --->   "%bn_params_7_addr = getelementptr i64 %bn_params_7, i64 0, i64 %zext_ln209" [../ip/ip6/conv_bn_relu.cpp:209]   --->   Operation 210 'getelementptr' 'bn_params_7_addr' <Predicate = true> <Delay = 0.00>
ST_84 : Operation 211 [1/1] (0.00ns)   --->   "%bn_params_6_addr = getelementptr i64 %bn_params_6, i64 0, i64 %zext_ln209" [../ip/ip6/conv_bn_relu.cpp:209]   --->   Operation 211 'getelementptr' 'bn_params_6_addr' <Predicate = true> <Delay = 0.00>
ST_84 : Operation 212 [1/1] (0.00ns)   --->   "%bn_params_5_addr = getelementptr i64 %bn_params_5, i64 0, i64 %zext_ln209" [../ip/ip6/conv_bn_relu.cpp:209]   --->   Operation 212 'getelementptr' 'bn_params_5_addr' <Predicate = true> <Delay = 0.00>
ST_84 : Operation 213 [1/1] (0.00ns)   --->   "%bn_params_4_addr = getelementptr i64 %bn_params_4, i64 0, i64 %zext_ln209" [../ip/ip6/conv_bn_relu.cpp:209]   --->   Operation 213 'getelementptr' 'bn_params_4_addr' <Predicate = true> <Delay = 0.00>
ST_84 : Operation 214 [1/1] (2.77ns)   --->   "%store_ln209 = store i64 %mul1, i7 %bn_params_5_addr" [../ip/ip6/conv_bn_relu.cpp:209]   --->   Operation 214 'store' 'store_ln209' <Predicate = (trunc_ln209 == 2)> <Delay = 2.77> <CoreInst = "RAM">   --->   Core 82 'RAM' <Latency = 1> <II = 1> <Delay = 2.77> <Storage> <Opcode : 'load' 'store'> <Ports = 2> <Width = 64> <Depth = 128> <RAM>
ST_84 : Operation 215 [1/1] (0.00ns)   --->   "%br_ln209 = br void %arrayidx305.exit" [../ip/ip6/conv_bn_relu.cpp:209]   --->   Operation 215 'br' 'br_ln209' <Predicate = (trunc_ln209 == 2)> <Delay = 0.00>
ST_84 : Operation 216 [1/1] (2.77ns)   --->   "%store_ln209 = store i64 %mul1, i7 %bn_params_6_addr" [../ip/ip6/conv_bn_relu.cpp:209]   --->   Operation 216 'store' 'store_ln209' <Predicate = (trunc_ln209 == 1)> <Delay = 2.77> <CoreInst = "RAM">   --->   Core 82 'RAM' <Latency = 1> <II = 1> <Delay = 2.77> <Storage> <Opcode : 'load' 'store'> <Ports = 2> <Width = 64> <Depth = 128> <RAM>
ST_84 : Operation 217 [1/1] (0.00ns)   --->   "%br_ln209 = br void %arrayidx305.exit" [../ip/ip6/conv_bn_relu.cpp:209]   --->   Operation 217 'br' 'br_ln209' <Predicate = (trunc_ln209 == 1)> <Delay = 0.00>
ST_84 : Operation 218 [1/1] (2.77ns)   --->   "%store_ln209 = store i64 %mul1, i7 %bn_params_7_addr" [../ip/ip6/conv_bn_relu.cpp:209]   --->   Operation 218 'store' 'store_ln209' <Predicate = (trunc_ln209 == 0)> <Delay = 2.77> <CoreInst = "RAM">   --->   Core 82 'RAM' <Latency = 1> <II = 1> <Delay = 2.77> <Storage> <Opcode : 'load' 'store'> <Ports = 2> <Width = 64> <Depth = 128> <RAM>
ST_84 : Operation 219 [1/1] (0.00ns)   --->   "%br_ln209 = br void %arrayidx305.exit" [../ip/ip6/conv_bn_relu.cpp:209]   --->   Operation 219 'br' 'br_ln209' <Predicate = (trunc_ln209 == 0)> <Delay = 0.00>
ST_84 : Operation 220 [1/1] (2.77ns)   --->   "%store_ln209 = store i64 %mul1, i7 %bn_params_4_addr" [../ip/ip6/conv_bn_relu.cpp:209]   --->   Operation 220 'store' 'store_ln209' <Predicate = (trunc_ln209 == 3)> <Delay = 2.77> <CoreInst = "RAM">   --->   Core 82 'RAM' <Latency = 1> <II = 1> <Delay = 2.77> <Storage> <Opcode : 'load' 'store'> <Ports = 2> <Width = 64> <Depth = 128> <RAM>
ST_84 : Operation 221 [1/1] (0.00ns)   --->   "%br_ln209 = br void %arrayidx305.exit" [../ip/ip6/conv_bn_relu.cpp:209]   --->   Operation 221 'br' 'br_ln209' <Predicate = (trunc_ln209 == 3)> <Delay = 0.00>


============================================================
+ Verbose Summary: Timing violations
============================================================
Target clock period: 10ns, clock uncertainty: 2.7ns.

 <State 1>: 3.44ns
The critical path consists of the following:
	'alloca' operation ('i_op') [9]  (0 ns)
	'load' operation ('c_out_param', ../ip/ip6/conv_bn_relu.cpp:209) on local variable 'i_op' [19]  (0 ns)
	'add' operation ('add_ln205', ../ip/ip6/conv_bn_relu.cpp:205) [22]  (1.54 ns)
	'store' operation ('store_ln205', ../ip/ip6/conv_bn_relu.cpp:205) of variable 'add_ln205', ../ip/ip6/conv_bn_relu.cpp:205 on local variable 'i_op' [67]  (1.3 ns)
	blocking operation 0.594 ns on control path)

 <State 2>: 7.3ns
The critical path consists of the following:
	bus request operation ('gmem3_load_2_req', ../ip/ip6/conv_bn_relu.cpp:207) on port 'gmem3' (../ip/ip6/conv_bn_relu.cpp:207) [31]  (7.3 ns)

 <State 3>: 7.3ns
The critical path consists of the following:
	bus request operation ('gmem3_load_2_req', ../ip/ip6/conv_bn_relu.cpp:207) on port 'gmem3' (../ip/ip6/conv_bn_relu.cpp:207) [31]  (7.3 ns)

 <State 4>: 7.3ns
The critical path consists of the following:
	bus request operation ('gmem3_load_2_req', ../ip/ip6/conv_bn_relu.cpp:207) on port 'gmem3' (../ip/ip6/conv_bn_relu.cpp:207) [31]  (7.3 ns)

 <State 5>: 7.3ns
The critical path consists of the following:
	bus request operation ('gmem3_load_2_req', ../ip/ip6/conv_bn_relu.cpp:207) on port 'gmem3' (../ip/ip6/conv_bn_relu.cpp:207) [31]  (7.3 ns)

 <State 6>: 7.3ns
The critical path consists of the following:
	bus request operation ('gmem3_load_2_req', ../ip/ip6/conv_bn_relu.cpp:207) on port 'gmem3' (../ip/ip6/conv_bn_relu.cpp:207) [31]  (7.3 ns)

 <State 7>: 7.3ns
The critical path consists of the following:
	bus request operation ('gmem3_load_2_req', ../ip/ip6/conv_bn_relu.cpp:207) on port 'gmem3' (../ip/ip6/conv_bn_relu.cpp:207) [31]  (7.3 ns)

 <State 8>: 7.3ns
The critical path consists of the following:
	bus request operation ('gmem3_load_2_req', ../ip/ip6/conv_bn_relu.cpp:207) on port 'gmem3' (../ip/ip6/conv_bn_relu.cpp:207) [31]  (7.3 ns)

 <State 9>: 7.3ns
The critical path consists of the following:
	bus read operation ('gmem3_addr_read', ../ip/ip6/conv_bn_relu.cpp:207) on port 'gmem3' (../ip/ip6/conv_bn_relu.cpp:207) [32]  (7.3 ns)

 <State 10>: 7.3ns
The critical path consists of the following:
	bus read operation ('gmem3_addr_2_read', ../ip/ip6/conv_bn_relu.cpp:209) on port 'gmem3' (../ip/ip6/conv_bn_relu.cpp:209) [42]  (7.3 ns)

 <State 11>: 6.33ns
The critical path consists of the following:
	'fadd' operation ('conv3', ../ip/ip6/conv_bn_relu.cpp:208) [34]  (6.33 ns)

 <State 12>: 6.33ns
The critical path consists of the following:
	'fadd' operation ('conv3', ../ip/ip6/conv_bn_relu.cpp:208) [34]  (6.33 ns)

 <State 13>: 6.33ns
The critical path consists of the following:
	'fadd' operation ('conv3', ../ip/ip6/conv_bn_relu.cpp:208) [34]  (6.33 ns)

 <State 14>: 6.33ns
The critical path consists of the following:
	'fadd' operation ('conv3', ../ip/ip6/conv_bn_relu.cpp:208) [34]  (6.33 ns)

 <State 15>: 3.16ns
The critical path consists of the following:
	'fpext' operation ('conv4', ../ip/ip6/conv_bn_relu.cpp:208) [35]  (3.16 ns)

 <State 16>: 3.16ns
The critical path consists of the following:
	'fpext' operation ('conv4', ../ip/ip6/conv_bn_relu.cpp:208) [35]  (3.16 ns)

 <State 17>: 7.19ns
The critical path consists of the following:
	'dsqrt' operation ('tmp_1', ../ip/ip6/conv_bn_relu.cpp:208) [36]  (7.19 ns)

 <State 18>: 7.19ns
The critical path consists of the following:
	'dsqrt' operation ('tmp_1', ../ip/ip6/conv_bn_relu.cpp:208) [36]  (7.19 ns)

 <State 19>: 7.19ns
The critical path consists of the following:
	'dsqrt' operation ('tmp_1', ../ip/ip6/conv_bn_relu.cpp:208) [36]  (7.19 ns)

 <State 20>: 7.19ns
The critical path consists of the following:
	'dsqrt' operation ('tmp_1', ../ip/ip6/conv_bn_relu.cpp:208) [36]  (7.19 ns)

 <State 21>: 7.19ns
The critical path consists of the following:
	'dsqrt' operation ('tmp_1', ../ip/ip6/conv_bn_relu.cpp:208) [36]  (7.19 ns)

 <State 22>: 7.19ns
The critical path consists of the following:
	'dsqrt' operation ('tmp_1', ../ip/ip6/conv_bn_relu.cpp:208) [36]  (7.19 ns)

 <State 23>: 7.19ns
The critical path consists of the following:
	'dsqrt' operation ('tmp_1', ../ip/ip6/conv_bn_relu.cpp:208) [36]  (7.19 ns)

 <State 24>: 7.19ns
The critical path consists of the following:
	'dsqrt' operation ('tmp_1', ../ip/ip6/conv_bn_relu.cpp:208) [36]  (7.19 ns)

 <State 25>: 7.19ns
The critical path consists of the following:
	'dsqrt' operation ('tmp_1', ../ip/ip6/conv_bn_relu.cpp:208) [36]  (7.19 ns)

 <State 26>: 7.19ns
The critical path consists of the following:
	'dsqrt' operation ('tmp_1', ../ip/ip6/conv_bn_relu.cpp:208) [36]  (7.19 ns)

 <State 27>: 7.19ns
The critical path consists of the following:
	'dsqrt' operation ('tmp_1', ../ip/ip6/conv_bn_relu.cpp:208) [36]  (7.19 ns)

 <State 28>: 7.19ns
The critical path consists of the following:
	'dsqrt' operation ('tmp_1', ../ip/ip6/conv_bn_relu.cpp:208) [36]  (7.19 ns)

 <State 29>: 7.19ns
The critical path consists of the following:
	'dsqrt' operation ('tmp_1', ../ip/ip6/conv_bn_relu.cpp:208) [36]  (7.19 ns)

 <State 30>: 7.19ns
The critical path consists of the following:
	'dsqrt' operation ('tmp_1', ../ip/ip6/conv_bn_relu.cpp:208) [36]  (7.19 ns)

 <State 31>: 7.19ns
The critical path consists of the following:
	'dsqrt' operation ('tmp_1', ../ip/ip6/conv_bn_relu.cpp:208) [36]  (7.19 ns)

 <State 32>: 7.19ns
The critical path consists of the following:
	'dsqrt' operation ('tmp_1', ../ip/ip6/conv_bn_relu.cpp:208) [36]  (7.19 ns)

 <State 33>: 7.19ns
The critical path consists of the following:
	'dsqrt' operation ('tmp_1', ../ip/ip6/conv_bn_relu.cpp:208) [36]  (7.19 ns)

 <State 34>: 7.19ns
The critical path consists of the following:
	'dsqrt' operation ('tmp_1', ../ip/ip6/conv_bn_relu.cpp:208) [36]  (7.19 ns)

 <State 35>: 7.19ns
The critical path consists of the following:
	'dsqrt' operation ('tmp_1', ../ip/ip6/conv_bn_relu.cpp:208) [36]  (7.19 ns)

 <State 36>: 7.19ns
The critical path consists of the following:
	'dsqrt' operation ('tmp_1', ../ip/ip6/conv_bn_relu.cpp:208) [36]  (7.19 ns)

 <State 37>: 7.19ns
The critical path consists of the following:
	'dsqrt' operation ('tmp_1', ../ip/ip6/conv_bn_relu.cpp:208) [36]  (7.19 ns)

 <State 38>: 7.19ns
The critical path consists of the following:
	'dsqrt' operation ('tmp_1', ../ip/ip6/conv_bn_relu.cpp:208) [36]  (7.19 ns)

 <State 39>: 7.19ns
The critical path consists of the following:
	'dsqrt' operation ('tmp_1', ../ip/ip6/conv_bn_relu.cpp:208) [36]  (7.19 ns)

 <State 40>: 7.19ns
The critical path consists of the following:
	'dsqrt' operation ('tmp_1', ../ip/ip6/conv_bn_relu.cpp:208) [36]  (7.19 ns)

 <State 41>: 7.19ns
The critical path consists of the following:
	'dsqrt' operation ('tmp_1', ../ip/ip6/conv_bn_relu.cpp:208) [36]  (7.19 ns)

 <State 42>: 7.19ns
The critical path consists of the following:
	'dsqrt' operation ('tmp_1', ../ip/ip6/conv_bn_relu.cpp:208) [36]  (7.19 ns)

 <State 43>: 7.19ns
The critical path consists of the following:
	'dsqrt' operation ('tmp_1', ../ip/ip6/conv_bn_relu.cpp:208) [36]  (7.19 ns)

 <State 44>: 7.19ns
The critical path consists of the following:
	'dsqrt' operation ('tmp_1', ../ip/ip6/conv_bn_relu.cpp:208) [36]  (7.19 ns)

 <State 45>: 7.19ns
The critical path consists of the following:
	'dsqrt' operation ('tmp_1', ../ip/ip6/conv_bn_relu.cpp:208) [36]  (7.19 ns)

 <State 46>: 7.19ns
The critical path consists of the following:
	'dsqrt' operation ('tmp_1', ../ip/ip6/conv_bn_relu.cpp:208) [36]  (7.19 ns)

 <State 47>: 6.78ns
The critical path consists of the following:
	'ddiv' operation ('inv_std', ../ip/ip6/conv_bn_relu.cpp:208) [37]  (6.78 ns)

 <State 48>: 6.78ns
The critical path consists of the following:
	'ddiv' operation ('inv_std', ../ip/ip6/conv_bn_relu.cpp:208) [37]  (6.78 ns)

 <State 49>: 6.78ns
The critical path consists of the following:
	'ddiv' operation ('inv_std', ../ip/ip6/conv_bn_relu.cpp:208) [37]  (6.78 ns)

 <State 50>: 6.78ns
The critical path consists of the following:
	'ddiv' operation ('inv_std', ../ip/ip6/conv_bn_relu.cpp:208) [37]  (6.78 ns)

 <State 51>: 6.78ns
The critical path consists of the following:
	'ddiv' operation ('inv_std', ../ip/ip6/conv_bn_relu.cpp:208) [37]  (6.78 ns)

 <State 52>: 6.78ns
The critical path consists of the following:
	'ddiv' operation ('inv_std', ../ip/ip6/conv_bn_relu.cpp:208) [37]  (6.78 ns)

 <State 53>: 6.78ns
The critical path consists of the following:
	'ddiv' operation ('inv_std', ../ip/ip6/conv_bn_relu.cpp:208) [37]  (6.78 ns)

 <State 54>: 6.78ns
The critical path consists of the following:
	'ddiv' operation ('inv_std', ../ip/ip6/conv_bn_relu.cpp:208) [37]  (6.78 ns)

 <State 55>: 6.78ns
The critical path consists of the following:
	'ddiv' operation ('inv_std', ../ip/ip6/conv_bn_relu.cpp:208) [37]  (6.78 ns)

 <State 56>: 6.78ns
The critical path consists of the following:
	'ddiv' operation ('inv_std', ../ip/ip6/conv_bn_relu.cpp:208) [37]  (6.78 ns)

 <State 57>: 6.78ns
The critical path consists of the following:
	'ddiv' operation ('inv_std', ../ip/ip6/conv_bn_relu.cpp:208) [37]  (6.78 ns)

 <State 58>: 6.78ns
The critical path consists of the following:
	'ddiv' operation ('inv_std', ../ip/ip6/conv_bn_relu.cpp:208) [37]  (6.78 ns)

 <State 59>: 6.78ns
The critical path consists of the following:
	'ddiv' operation ('inv_std', ../ip/ip6/conv_bn_relu.cpp:208) [37]  (6.78 ns)

 <State 60>: 6.78ns
The critical path consists of the following:
	'ddiv' operation ('inv_std', ../ip/ip6/conv_bn_relu.cpp:208) [37]  (6.78 ns)

 <State 61>: 6.78ns
The critical path consists of the following:
	'ddiv' operation ('inv_std', ../ip/ip6/conv_bn_relu.cpp:208) [37]  (6.78 ns)

 <State 62>: 6.78ns
The critical path consists of the following:
	'ddiv' operation ('inv_std', ../ip/ip6/conv_bn_relu.cpp:208) [37]  (6.78 ns)

 <State 63>: 6.78ns
The critical path consists of the following:
	'ddiv' operation ('inv_std', ../ip/ip6/conv_bn_relu.cpp:208) [37]  (6.78 ns)

 <State 64>: 6.78ns
The critical path consists of the following:
	'ddiv' operation ('inv_std', ../ip/ip6/conv_bn_relu.cpp:208) [37]  (6.78 ns)

 <State 65>: 6.78ns
The critical path consists of the following:
	'ddiv' operation ('inv_std', ../ip/ip6/conv_bn_relu.cpp:208) [37]  (6.78 ns)

 <State 66>: 6.78ns
The critical path consists of the following:
	'ddiv' operation ('inv_std', ../ip/ip6/conv_bn_relu.cpp:208) [37]  (6.78 ns)

 <State 67>: 6.78ns
The critical path consists of the following:
	'ddiv' operation ('inv_std', ../ip/ip6/conv_bn_relu.cpp:208) [37]  (6.78 ns)

 <State 68>: 6.78ns
The critical path consists of the following:
	'ddiv' operation ('inv_std', ../ip/ip6/conv_bn_relu.cpp:208) [37]  (6.78 ns)

 <State 69>: 6.78ns
The critical path consists of the following:
	'ddiv' operation ('inv_std', ../ip/ip6/conv_bn_relu.cpp:208) [37]  (6.78 ns)

 <State 70>: 6.78ns
The critical path consists of the following:
	'ddiv' operation ('inv_std', ../ip/ip6/conv_bn_relu.cpp:208) [37]  (6.78 ns)

 <State 71>: 6.78ns
The critical path consists of the following:
	'ddiv' operation ('inv_std', ../ip/ip6/conv_bn_relu.cpp:208) [37]  (6.78 ns)

 <State 72>: 6.78ns
The critical path consists of the following:
	'ddiv' operation ('inv_std', ../ip/ip6/conv_bn_relu.cpp:208) [37]  (6.78 ns)

 <State 73>: 6.78ns
The critical path consists of the following:
	'ddiv' operation ('inv_std', ../ip/ip6/conv_bn_relu.cpp:208) [37]  (6.78 ns)

 <State 74>: 6.78ns
The critical path consists of the following:
	'ddiv' operation ('inv_std', ../ip/ip6/conv_bn_relu.cpp:208) [37]  (6.78 ns)

 <State 75>: 6.78ns
The critical path consists of the following:
	'ddiv' operation ('inv_std', ../ip/ip6/conv_bn_relu.cpp:208) [37]  (6.78 ns)

 <State 76>: 6.78ns
The critical path consists of the following:
	'ddiv' operation ('inv_std', ../ip/ip6/conv_bn_relu.cpp:208) [37]  (6.78 ns)

 <State 77>: 6.78ns
The critical path consists of the following:
	'ddiv' operation ('inv_std', ../ip/ip6/conv_bn_relu.cpp:208) [37]  (6.78 ns)

 <State 78>: 6.55ns
The critical path consists of the following:
	'dmul' operation ('mul1', ../ip/ip6/conv_bn_relu.cpp:209) [45]  (6.55 ns)

 <State 79>: 6.55ns
The critical path consists of the following:
	'dmul' operation ('mul1', ../ip/ip6/conv_bn_relu.cpp:209) [45]  (6.55 ns)

 <State 80>: 6.55ns
The critical path consists of the following:
	'dmul' operation ('mul1', ../ip/ip6/conv_bn_relu.cpp:209) [45]  (6.55 ns)

 <State 81>: 6.55ns
The critical path consists of the following:
	'dmul' operation ('mul1', ../ip/ip6/conv_bn_relu.cpp:209) [45]  (6.55 ns)

 <State 82>: 6.55ns
The critical path consists of the following:
	'dmul' operation ('mul1', ../ip/ip6/conv_bn_relu.cpp:209) [45]  (6.55 ns)

 <State 83>: 6.55ns
The critical path consists of the following:
	'dmul' operation ('mul1', ../ip/ip6/conv_bn_relu.cpp:209) [45]  (6.55 ns)

 <State 84>: 2.77ns
The critical path consists of the following:
	'getelementptr' operation ('bn_params_6_addr', ../ip/ip6/conv_bn_relu.cpp:209) [49]  (0 ns)
	'store' operation ('store_ln209', ../ip/ip6/conv_bn_relu.cpp:209) of variable 'mul1', ../ip/ip6/conv_bn_relu.cpp:209 on array 'bn_params_6' [58]  (2.77 ns)


============================================================
+ Verbose Summary: Binding
============================================================
N/A
* FSMD analyzer results:
  - Output states:
 - Input state : 
  - Chain level:
	State 1
	State 2
	State 3
	State 4
	State 5
	State 6
	State 7
	State 8
	State 9
	State 10
	State 11
	State 12
	State 13
	State 14
	State 15
	State 16
	State 17
	State 18
	State 19
	State 20
	State 21
	State 22
	State 23
	State 24
	State 25
	State 26
	State 27
	State 28
	State 29
	State 30
	State 31
	State 32
	State 33
	State 34
	State 35
	State 36
	State 37
	State 38
	State 39
	State 40
	State 41
	State 42
	State 43
	State 44
	State 45
	State 46
	State 47
	State 48
	State 49
	State 50
	State 51
	State 52
	State 53
	State 54
	State 55
	State 56
	State 57
	State 58
	State 59
	State 60
	State 61
	State 62
	State 63
	State 64
	State 65
	State 66
	State 67
	State 68
	State 69
	State 70
	State 71
	State 72
	State 73
	State 74
	State 75
	State 76
	State 77
	State 78
	State 79
	State 80
	State 81
	State 82
	State 83
	State 84


============================================================
+ Verbose Summary: Datapath Resource usage 
============================================================
N/A
