In file included from ../ip/ip6/conv_bn_relu.cpp:1:
In file included from ../ip/ip6/conv_bn_relu.h:4:
In file included from D:/Xilinx/Vitis_HLS/2022.2/common/technology/autopilot\ap_int.h:12:
D:/Xilinx/Vitis_HLS/2022.2/common/technology/autopilot\ap_int_ref.h:678:9: warning: HLS pragma dump _XLX_SEP_ PragmaIsValid=1_XLX_SEP_ PragmaType=unroll_XLX_SEP_ PragmaContext=_XLX_SEP_ PragmaFunction=and_reduce_XLX_SEP_ PragmaOptions=_XLX_SEP_ [-Wdump-hls-pragmas]
#pragma HLS unroll
        ^
D:/Xilinx/Vitis_HLS/2022.2/common/technology/autopilot\ap_int_ref.h:692:9: warning: HLS pragma dump _XLX_SEP_ PragmaIsValid=1_XLX_SEP_ PragmaType=unroll_XLX_SEP_ PragmaContext=_XLX_SEP_ PragmaFunction=or_reduce_XLX_SEP_ PragmaOptions=_XLX_SEP_ [-Wdump-hls-pragmas]
#pragma HLS unroll
        ^
D:/Xilinx/Vitis_HLS/2022.2/common/technology/autopilot\ap_int_ref.h:706:9: warning: HLS pragma dump _XLX_SEP_ PragmaIsValid=1_XLX_SEP_ PragmaType=unroll_XLX_SEP_ PragmaContext=_XLX_SEP_ PragmaFunction=xor_reduce_XLX_SEP_ PragmaOptions=_XLX_SEP_ [-Wdump-hls-pragmas]
#pragma HLS unroll
        ^
C:/Users/11400/Desktop/shuffletest/HLS/ip9/solution1/csynth.tcl:15:9: warning: HLS pragma dump _XLX_SEP_ PragmaIsValid=1_XLX_SEP_ PragmaType=top_XLX_SEP_ PragmaContext=directive_XLX_SEP_ PragmaFunction=conv_bn_relu_XLX_SEP_ PragmaOptions=name=conv_bn_relu_XLX_SEP_ [-Wdump-hls-pragmas]
#pragma HLSDIRECTIVE TOP name=conv_bn_relu
        ^
../ip/ip6/conv_bn_relu.cpp:48:9: warning: HLS pragma dump _XLX_SEP_ PragmaIsValid=1_XLX_SEP_ PragmaType=interface_XLX_SEP_ PragmaContext=_XLX_SEP_ PragmaFunction=conv_bn_relu_XLX_SEP_ PragmaOptions=m_axi depth=2147483647 port=feature_out bundle=gmem0 offset=slave_XLX_SEP_ [-Wdump-hls-pragmas]
#pragma HLS INTERFACE m_axi depth=2147483647 port=feature_out bundle=gmem0 offset=slave
        ^
../ip/ip6/conv_bn_relu.cpp:49:9: warning: HLS pragma dump _XLX_SEP_ PragmaIsValid=1_XLX_SEP_ PragmaType=interface_XLX_SEP_ PragmaContext=_XLX_SEP_ PragmaFunction=conv_bn_relu_XLX_SEP_ PragmaOptions=m_axi depth=2147483647 port=feature_in bundle=gmem1 offset=slave_XLX_SEP_ [-Wdump-hls-pragmas]
#pragma HLS INTERFACE m_axi depth=2147483647 port=feature_in bundle=gmem1 offset=slave
        ^
../ip/ip6/conv_bn_relu.cpp:50:9: warning: HLS pragma dump _XLX_SEP_ PragmaIsValid=1_XLX_SEP_ PragmaType=interface_XLX_SEP_ PragmaContext=_XLX_SEP_ PragmaFunction=conv_bn_relu_XLX_SEP_ PragmaOptions=m_axi depth=2147483647 port=conv_kernel bundle=gmem2 offset=slave_XLX_SEP_ [-Wdump-hls-pragmas]
#pragma HLS INTERFACE m_axi depth=2147483647 port=conv_kernel bundle=gmem2 offset=slave
        ^
../ip/ip6/conv_bn_relu.cpp:51:9: warning: HLS pragma dump _XLX_SEP_ PragmaIsValid=1_XLX_SEP_ PragmaType=interface_XLX_SEP_ PragmaContext=_XLX_SEP_ PragmaFunction=conv_bn_relu_XLX_SEP_ PragmaOptions=m_axi depth=2147483647 port=bn_mean bundle=gmem3 offset=slave_XLX_SEP_ [-Wdump-hls-pragmas]
#pragma HLS INTERFACE m_axi depth=2147483647 port=bn_mean bundle=gmem3 offset=slave
        ^
../ip/ip6/conv_bn_relu.cpp:52:9: warning: HLS pragma dump _XLX_SEP_ PragmaIsValid=1_XLX_SEP_ PragmaType=interface_XLX_SEP_ PragmaContext=_XLX_SEP_ PragmaFunction=conv_bn_relu_XLX_SEP_ PragmaOptions=m_axi depth=2147483647 port=bn_var bundle=gmem3 offset=slave_XLX_SEP_ [-Wdump-hls-pragmas]
#pragma HLS INTERFACE m_axi depth=2147483647 port=bn_var bundle=gmem3 offset=slave
        ^
../ip/ip6/conv_bn_relu.cpp:53:9: warning: HLS pragma dump _XLX_SEP_ PragmaIsValid=1_XLX_SEP_ PragmaType=interface_XLX_SEP_ PragmaContext=_XLX_SEP_ PragmaFunction=conv_bn_relu_XLX_SEP_ PragmaOptions=m_axi depth=2147483647 port=bn_gamma bundle=gmem3 offset=slave_XLX_SEP_ [-Wdump-hls-pragmas]
#pragma HLS INTERFACE m_axi depth=2147483647 port=bn_gamma bundle=gmem3 offset=slave
        ^
../ip/ip6/conv_bn_relu.cpp:54:9: warning: HLS pragma dump _XLX_SEP_ PragmaIsValid=1_XLX_SEP_ PragmaType=interface_XLX_SEP_ PragmaContext=_XLX_SEP_ PragmaFunction=conv_bn_relu_XLX_SEP_ PragmaOptions=m_axi depth=2147483647 port=bn_beta bundle=gmem3 offset=slave_XLX_SEP_ [-Wdump-hls-pragmas]
#pragma HLS INTERFACE m_axi depth=2147483647 port=bn_beta bundle=gmem3 offset=slave
        ^
../ip/ip6/conv_bn_relu.cpp:57:9: warning: HLS pragma dump _XLX_SEP_ PragmaIsValid=1_XLX_SEP_ PragmaType=interface_XLX_SEP_ PragmaContext=_XLX_SEP_ PragmaFunction=conv_bn_relu_XLX_SEP_ PragmaOptions=s_axilite port=return_XLX_SEP_ [-Wdump-hls-pragmas]
#pragma HLS INTERFACE s_axilite port=return
        ^
../ip/ip6/conv_bn_relu.cpp:58:9: warning: HLS pragma dump _XLX_SEP_ PragmaIsValid=1_XLX_SEP_ PragmaType=interface_XLX_SEP_ PragmaContext=_XLX_SEP_ PragmaFunction=conv_bn_relu_XLX_SEP_ PragmaOptions=s_axilite register port=conv_type offset=0x10_XLX_SEP_ [-Wdump-hls-pragmas]
#pragma HLS INTERFACE s_axilite register port=conv_type offset=0x10
        ^
../ip/ip6/conv_bn_relu.cpp:59:9: warning: HLS pragma dump _XLX_SEP_ PragmaIsValid=1_XLX_SEP_ PragmaType=interface_XLX_SEP_ PragmaContext=_XLX_SEP_ PragmaFunction=conv_bn_relu_XLX_SEP_ PragmaOptions=s_axilite register port=C_in offset=0x14_XLX_SEP_ [-Wdump-hls-pragmas]
#pragma HLS INTERFACE s_axilite register port=C_in offset=0x14
        ^
../ip/ip6/conv_bn_relu.cpp:60:9: warning: HLS pragma dump _XLX_SEP_ PragmaIsValid=1_XLX_SEP_ PragmaType=interface_XLX_SEP_ PragmaContext=_XLX_SEP_ PragmaFunction=conv_bn_relu_XLX_SEP_ PragmaOptions=s_axilite register port=H_in offset=0x18_XLX_SEP_ [-Wdump-hls-pragmas]
#pragma HLS INTERFACE s_axilite register port=H_in offset=0x18
        ^
../ip/ip6/conv_bn_relu.cpp:61:9: warning: HLS pragma dump _XLX_SEP_ PragmaIsValid=1_XLX_SEP_ PragmaType=interface_XLX_SEP_ PragmaContext=_XLX_SEP_ PragmaFunction=conv_bn_relu_XLX_SEP_ PragmaOptions=s_axilite register port=W_in offset=0x1C_XLX_SEP_ [-Wdump-hls-pragmas]
#pragma HLS INTERFACE s_axilite register port=W_in offset=0x1C
        ^
../ip/ip6/conv_bn_relu.cpp:62:9: warning: HLS pragma dump _XLX_SEP_ PragmaIsValid=1_XLX_SEP_ PragmaType=interface_XLX_SEP_ PragmaContext=_XLX_SEP_ PragmaFunction=conv_bn_relu_XLX_SEP_ PragmaOptions=s_axilite register port=C_out offset=0x20_XLX_SEP_ [-Wdump-hls-pragmas]
#pragma HLS INTERFACE s_axilite register port=C_out offset=0x20
        ^
../ip/ip6/conv_bn_relu.cpp:63:9: warning: HLS pragma dump _XLX_SEP_ PragmaIsValid=1_XLX_SEP_ PragmaType=interface_XLX_SEP_ PragmaContext=_XLX_SEP_ PragmaFunction=conv_bn_relu_XLX_SEP_ PragmaOptions=s_axilite register port=kernel_size offset=0x24_XLX_SEP_ [-Wdump-hls-pragmas]
#pragma HLS INTERFACE s_axilite register port=kernel_size offset=0x24
        ^
../ip/ip6/conv_bn_relu.cpp:64:9: warning: HLS pragma dump _XLX_SEP_ PragmaIsValid=1_XLX_SEP_ PragmaType=interface_XLX_SEP_ PragmaContext=_XLX_SEP_ PragmaFunction=conv_bn_relu_XLX_SEP_ PragmaOptions=s_axilite register port=stride offset=0x28_XLX_SEP_ [-Wdump-hls-pragmas]
#pragma HLS INTERFACE s_axilite register port=stride offset=0x28
        ^
../ip/ip6/conv_bn_relu.cpp:65:9: warning: HLS pragma dump _XLX_SEP_ PragmaIsValid=1_XLX_SEP_ PragmaType=interface_XLX_SEP_ PragmaContext=_XLX_SEP_ PragmaFunction=conv_bn_relu_XLX_SEP_ PragmaOptions=s_axilite register port=padding offset=0x2C_XLX_SEP_ [-Wdump-hls-pragmas]
#pragma HLS INTERFACE s_axilite register port=padding offset=0x2C
        ^
../ip/ip6/conv_bn_relu.cpp:68:9: warning: HLS pragma dump _XLX_SEP_ PragmaIsValid=1_XLX_SEP_ PragmaType=dataflow_XLX_SEP_ PragmaContext=_XLX_SEP_ PragmaFunction=conv_bn_relu_XLX_SEP_ PragmaOptions=_XLX_SEP_ [-Wdump-hls-pragmas]
#pragma HLS DATAFLOW
        ^
../ip/ip6/conv_bn_relu.cpp:76:9: warning: HLS pragma dump _XLX_SEP_ PragmaIsValid=1_XLX_SEP_ PragmaType=array_partition_XLX_SEP_ PragmaContext=_XLX_SEP_ PragmaFunction=conv_bn_relu_XLX_SEP_ PragmaOptions=variable=bn_params cyclic factor=4 dim=1_XLX_SEP_ [-Wdump-hls-pragmas]
#pragma HLS ARRAY_PARTITION variable=bn_params cyclic factor=4 dim=1
        ^
../ip/ip6/conv_bn_relu.cpp:80:9: warning: HLS pragma dump _XLX_SEP_ PragmaIsValid=1_XLX_SEP_ PragmaType=pipeline_XLX_SEP_ PragmaContext=_XLX_SEP_ PragmaFunction=conv_bn_relu_XLX_SEP_ PragmaOptions=II=1_XLX_SEP_ [-Wdump-hls-pragmas]
#pragma HLS PIPELINE II=1
        ^
../ip/ip6/conv_bn_relu.cpp:109:9: warning: HLS pragma dump _XLX_SEP_ PragmaIsValid=1_XLX_SEP_ PragmaType=array_partition_XLX_SEP_ PragmaContext=_XLX_SEP_ PragmaFunction=conv_bn_relu_XLX_SEP_ PragmaOptions=variable=local_feature_in_blk cyclic factor=2 dim=3_XLX_SEP_ [-Wdump-hls-pragmas]
#pragma HLS ARRAY_PARTITION variable=local_feature_in_blk cyclic factor=2 dim=3
        ^
../ip/ip6/conv_bn_relu.cpp:110:9: warning: HLS pragma dump _XLX_SEP_ PragmaIsValid=1_XLX_SEP_ PragmaType=array_partition_XLX_SEP_ PragmaContext=_XLX_SEP_ PragmaFunction=conv_bn_relu_XLX_SEP_ PragmaOptions=variable=local_conv_kernel_blk cyclic factor=2 dim=1_XLX_SEP_ [-Wdump-hls-pragmas]
#pragma HLS ARRAY_PARTITION variable=local_conv_kernel_blk cyclic factor=2 dim=1
        ^
../ip/ip6/conv_bn_relu.cpp:111:9: warning: HLS pragma dump _XLX_SEP_ PragmaIsValid=1_XLX_SEP_ PragmaType=array_partition_XLX_SEP_ PragmaContext=_XLX_SEP_ PragmaFunction=conv_bn_relu_XLX_SEP_ PragmaOptions=variable=local_conv_kernel_blk cyclic factor=2 dim=3_XLX_SEP_ [-Wdump-hls-pragmas]
#pragma HLS ARRAY_PARTITION variable=local_conv_kernel_blk cyclic factor=2 dim=3
        ^
../ip/ip6/conv_bn_relu.cpp:112:9: warning: HLS pragma dump _XLX_SEP_ PragmaIsValid=1_XLX_SEP_ PragmaType=array_partition_XLX_SEP_ PragmaContext=_XLX_SEP_ PragmaFunction=conv_bn_relu_XLX_SEP_ PragmaOptions=variable=local_conv_kernel_blk complete dim=4_XLX_SEP_ [-Wdump-hls-pragmas]
#pragma HLS ARRAY_PARTITION variable=local_conv_kernel_blk complete dim=4
        ^
../ip/ip6/conv_bn_relu.cpp:118:9: warning: HLS pragma dump _XLX_SEP_ PragmaIsValid=1_XLX_SEP_ PragmaType=pipeline_XLX_SEP_ PragmaContext=_XLX_SEP_ PragmaFunction=conv_bn_relu_XLX_SEP_ PragmaOptions=II=1_XLX_SEP_ [-Wdump-hls-pragmas]
#pragma HLS PIPELINE II=1
        ^
../ip/ip6/conv_bn_relu.cpp:142:9: warning: HLS pragma dump _XLX_SEP_ PragmaIsValid=1_XLX_SEP_ PragmaType=pipeline_XLX_SEP_ PragmaContext=_XLX_SEP_ PragmaFunction=conv_bn_relu_XLX_SEP_ PragmaOptions=II=1_XLX_SEP_ [-Wdump-hls-pragmas]
#pragma HLS PIPELINE II=1
        ^
../ip/ip6/conv_bn_relu.cpp:156:9: warning: HLS pragma dump _XLX_SEP_ PragmaIsValid=1_XLX_SEP_ PragmaType=pipeline_XLX_SEP_ PragmaContext=_XLX_SEP_ PragmaFunction=conv_bn_relu_XLX_SEP_ PragmaOptions=II=2_XLX_SEP_ [-Wdump-hls-pragmas]
#pragma HLS PIPELINE II=2
        ^
../ip/ip6/conv_bn_relu.cpp:167:9: warning: HLS pragma dump _XLX_SEP_ PragmaIsValid=1_XLX_SEP_ PragmaType=loop_flatten_XLX_SEP_ PragmaContext=_XLX_SEP_ PragmaFunction=conv_bn_relu_XLX_SEP_ PragmaOptions=off_XLX_SEP_ [-Wdump-hls-pragmas]
#pragma HLS LOOP_FLATTEN off
        ^
../ip/ip6/conv_bn_relu.cpp:202:9: warning: HLS pragma dump _XLX_SEP_ PragmaIsValid=1_XLX_SEP_ PragmaType=array_partition_XLX_SEP_ PragmaContext=_XLX_SEP_ PragmaFunction=conv_bn_relu_XLX_SEP_ PragmaOptions=variable=bn_params cyclic factor=4 dim=1_XLX_SEP_ [-Wdump-hls-pragmas]
#pragma HLS ARRAY_PARTITION variable=bn_params cyclic factor=4 dim=1
        ^
../ip/ip6/conv_bn_relu.cpp:206:9: warning: HLS pragma dump _XLX_SEP_ PragmaIsValid=1_XLX_SEP_ PragmaType=pipeline_XLX_SEP_ PragmaContext=_XLX_SEP_ PragmaFunction=conv_bn_relu_XLX_SEP_ PragmaOptions=II=1_XLX_SEP_ [-Wdump-hls-pragmas]
#pragma HLS PIPELINE II=1
        ^
../ip/ip6/conv_bn_relu.cpp:226:9: warning: HLS pragma dump _XLX_SEP_ PragmaIsValid=1_XLX_SEP_ PragmaType=pipeline_XLX_SEP_ PragmaContext=_XLX_SEP_ PragmaFunction=conv_bn_relu_XLX_SEP_ PragmaOptions=II=2_XLX_SEP_ [-Wdump-hls-pragmas]
#pragma HLS PIPELINE II=2
        ^
../ip/ip6/conv_bn_relu.cpp:232:9: warning: HLS pragma dump _XLX_SEP_ PragmaIsValid=1_XLX_SEP_ PragmaType=array_partition_XLX_SEP_ PragmaContext=_XLX_SEP_ PragmaFunction=conv_bn_relu_XLX_SEP_ PragmaOptions=variable=local_kernel cyclic factor=2 dim=1_XLX_SEP_ [-Wdump-hls-pragmas]
#pragma HLS ARRAY_PARTITION variable=local_kernel cyclic factor=2 dim=1
        ^
../ip/ip6/conv_bn_relu.cpp:233:9: warning: HLS pragma dump _XLX_SEP_ PragmaIsValid=1_XLX_SEP_ PragmaType=array_partition_XLX_SEP_ PragmaContext=_XLX_SEP_ PragmaFunction=conv_bn_relu_XLX_SEP_ PragmaOptions=variable=local_kernel cyclic factor=2 dim=2_XLX_SEP_ [-Wdump-hls-pragmas]
#pragma HLS ARRAY_PARTITION variable=local_kernel cyclic factor=2 dim=2
        ^
../ip/ip6/conv_bn_relu.cpp:249:9: warning: HLS pragma dump _XLX_SEP_ PragmaIsValid=1_XLX_SEP_ PragmaType=loop_flatten_XLX_SEP_ PragmaContext=_XLX_SEP_ PragmaFunction=conv_bn_relu_XLX_SEP_ PragmaOptions=off_XLX_SEP_ [-Wdump-hls-pragmas]
#pragma HLS LOOP_FLATTEN off
        ^
37 warnings generated.
