

================================================================
== Synthesis Summary Report of 'channel_shuffle'
================================================================
+ General Information: 
    * Date:           Tue Nov  4 14:31:04 2025
    * Version:        2022.2 (Build 3670227 on Oct 13 2022)
    * Project:        ip5
    * Solution:       solution1 (Vivado IP Flow Target)
    * Product family: zynq
    * Target device:  xc7z020-clg400-2
    

+ Performance & Resource Estimates: 
    
    PS: '+' for module; 'o' for loop; '*' for dataflow
    +----------------------------------------------------+------+------+---------+--------+----------+---------+------+----------+------+---------+-----------+-----------+-----+
    |                       Modules                      | Issue|      | Latency | Latency| Iteration|         | Trip |          |      |         |           |           |     |
    |                       & Loops                      | Type | Slack| (cycles)|  (ns)  |  Latency | Interval| Count| Pipelined| BRAM |   DSP   |     FF    |    LUT    | URAM|
    +----------------------------------------------------+------+------+---------+--------+----------+---------+------+----------+------+---------+-----------+-----------+-----+
    |+ channel_shuffle                                   |     -|  0.00|        -|       -|         -|        -|     -|        no|     -|  10 (4%)|  2847 (2%)|  4049 (7%)|    -|
    | o VITIS_LOOP_32_1_VITIS_LOOP_33_2_VITIS_LOOP_36_3  |     -|  7.30|        -|       -|         -|        -|     -|        no|     -|        -|          -|          -|    -|
    |  o VITIS_LOOP_37_4                                 |     -|  7.30|        -|       -|        17|        -|     -|        no|     -|        -|          -|          -|    -|
    +----------------------------------------------------+------+------+---------+--------+----------+---------+------+----------+------+---------+-----------+-----------+-----+


================================================================
== HW Interfaces
================================================================
* M_AXI
+----------------+------------+---------------+---------+--------+----------+-----------+--------------+--------------+-------------+-------------+
| Interface      | Data Width | Address Width | Latency | Offset | Register | Max Widen | Max Read     | Max Write    | Num Read    | Num Write   |
|                | (SW->HW)   |               |         |        |          | Bitwidth  | Burst Length | Burst Length | Outstanding | Outstanding |
+----------------+------------+---------------+---------+--------+----------+-----------+--------------+--------------+-------------+-------------+
| m_axi_gmem_in  | 32 -> 32   | 64            | 0       | slave  | 0        | 0         | 16           | 16           | 16          | 16          |
| m_axi_gmem_out | 32 -> 32   | 64            | 0       | slave  | 0        | 0         | 16           | 16           | 16          | 16          |
+----------------+------------+---------------+---------+--------+----------+-----------+--------------+--------------+-------------+-------------+

* S_AXILITE Interfaces
+---------------+------------+---------------+--------+----------+
| Interface     | Data Width | Address Width | Offset | Register |
+---------------+------------+---------------+--------+----------+
| s_axi_control | 32         | 6             | 16     | 0        |
+---------------+------------+---------------+--------+----------+

* S_AXILITE Registers
+---------------+----------+--------+-------+--------+----------------------------------+----------------------------------------------------------------------+
| Interface     | Register | Offset | Width | Access | Description                      | Bit Fields                                                           |
+---------------+----------+--------+-------+--------+----------------------------------+----------------------------------------------------------------------+
| s_axi_control | CTRL     | 0x00   | 32    | RW     | Control signals                  | 0=AP_START 1=AP_DONE 2=AP_IDLE 3=AP_READY 7=AUTO_RESTART 9=INTERRUPT |
| s_axi_control | GIER     | 0x04   | 32    | RW     | Global Interrupt Enable Register | 0=Enable                                                             |
| s_axi_control | IP_IER   | 0x08   | 32    | RW     | IP Interrupt Enable Register     | 0=CHAN0_INT_EN 1=CHAN1_INT_EN                                        |
| s_axi_control | IP_ISR   | 0x0c   | 32    | RW     | IP Interrupt Status Register     | 0=CHAN0_INT_ST 1=CHAN1_INT_ST                                        |
| s_axi_control | c_in     | 0x10   | 32    | W      | Data signal of c_in              |                                                                      |
| s_axi_control | groups   | 0x18   | 32    | W      | Data signal of groups            |                                                                      |
| s_axi_control | h_w      | 0x20   | 32    | W      | Data signal of h_w               |                                                                      |
| s_axi_control | in_r_1   | 0x28   | 32    | W      | Data signal of in_r              |                                                                      |
| s_axi_control | in_r_2   | 0x2c   | 32    | W      | Data signal of in_r              |                                                                      |
| s_axi_control | out_r_1  | 0x34   | 32    | W      | Data signal of out_r             |                                                                      |
| s_axi_control | out_r_2  | 0x38   | 32    | W      | Data signal of out_r             |                                                                      |
+---------------+----------+--------+-------+--------+----------------------------------+----------------------------------------------------------------------+

* TOP LEVEL CONTROL
+-----------+------------+-----------+
| Interface | Type       | Ports     |
+-----------+------------+-----------+
| ap_clk    | clock      | ap_clk    |
| ap_rst_n  | reset      | ap_rst_n  |
| interrupt | interrupt  | interrupt |
| ap_ctrl   | ap_ctrl_hs |           |
+-----------+------------+-----------+


================================================================
== SW I/O Information
================================================================
* Top Function Arguments
+----------+-----------+-------------+
| Argument | Direction | Datatype    |
+----------+-----------+-------------+
| c_in     | in        | ap_uint<16> |
| h_w      | in        | ap_uint<16> |
| groups   | in        | ap_uint<8>  |
| in       | in        | float*      |
| out      | out       | float*      |
+----------+-----------+-------------+

* SW-to-HW Mapping
+----------+----------------+-----------+----------+----------------------------------+
| Argument | HW Interface   | HW Type   | HW Usage | HW Info                          |
+----------+----------------+-----------+----------+----------------------------------+
| c_in     | s_axi_control  | register  |          | name=c_in offset=0x10 range=32   |
| h_w      | s_axi_control  | register  |          | name=h_w offset=0x20 range=32    |
| groups   | s_axi_control  | register  |          | name=groups offset=0x18 range=32 |
| in       | m_axi_gmem_in  | interface |          |                                  |
| in       | s_axi_control  | interface | offset   |                                  |
| out      | m_axi_gmem_out | interface |          |                                  |
| out      | s_axi_control  | interface | offset   |                                  |
+----------+----------------+-----------+----------+----------------------------------+


================================================================
== M_AXI Burst Information
================================================================
 Note: All burst requests might be further partitioned into multiple requests during RTL generation based on max_read_burst_length or max_write_burst_length settings.

* Inferred Bursts and Widening Missed
+----------------+----------+-----------------+------------------------+------------+-------------------------------------+
| HW Interface   | Variable | Loop            | Problem                | Resolution | Location                            |
+----------------+----------+-----------------+------------------------+------------+-------------------------------------+
| m_axi_gmem_in  | in       | VITIS_LOOP_37_4 | Stride is incompatible | 214-230    | ../ip/ip6/channel_shuffle.cpp:37:34 |
| m_axi_gmem_out | out      | VITIS_LOOP_37_4 | Stride is incompatible | 214-230    | ../ip/ip6/channel_shuffle.cpp:37:34 |
+----------------+----------+-----------------+------------------------+------------+-------------------------------------+

    * Resolution URL: www.xilinx.com/cgi-bin/docs/rdoc?v=2022.2;t=hls+guidance;d=XXX-YYY.html (replace XXX-YYY with column value)

================================================================
== Bind Op Report
================================================================
+-------------------------------+-----+--------+--------------+-----+--------+---------+
| Name                          | DSP | Pragma | Variable     | Op  | Impl   | Latency |
+-------------------------------+-----+--------+--------------+-----+--------+---------+
| + channel_shuffle             | 10  |        |              |     |        |         |
|   mul_mul_16ns_16ns_32_4_1_U5 | 1   |        | ret_V_3      | mul | dsp48  | 3       |
|   mul_mul_16ns_8ns_24_4_1_U4  | 1   |        | mul_ln11     | mul | dsp48  | 3       |
|   mul_mul_16ns_24ns_40_4_1_U6 | 1   |        | mul_ln11_1   | mul | dsp48  | 3       |
|   mul_mul_16ns_16ns_32_4_1_U7 | 1   |        | ret_V_1      | mul | dsp48  | 3       |
|   add_ln186_fu_295_p2         | -   |        | add_ln186    | add | fabric | 0       |
|   add_ln1027_1_fu_305_p2      | -   |        | add_ln1027_1 | add | fabric | 0       |
|   add_ln840_fu_319_p2         | -   |        | add_ln840    | add | fabric | 0       |
|   mul_mul_16ns_16ns_32_4_1_U8 | 1   |        | ret_V_1_mid1 | mul | dsp48  | 3       |
|   w_V_3_fu_381_p2             | -   |        | w_V_3        | add | fabric | 0       |
|   add_ln186_1_fu_391_p2       | -   |        | add_ln186_1  | add | fabric | 0       |
|   mul_mul_16ns_8ns_24_4_1_U9  | 1   |        | lhs          | mul | dsp48  | 3       |
|   c_V_fu_419_p2               | -   |        | c_V          | add | fabric | 0       |
|   ret_V_fu_429_p2             | -   |        | ret_V        | add | fabric | 0       |
|   mul_32s_24ns_32_1_1_U2      | 2   |        | mul_ln186_1  | mul | auto   | 0       |
|   in_idx_V_fu_500_p2          | -   |        | in_idx_V     | add | fabric | 0       |
|   add_ln186_3_fu_434_p2       | -   |        | add_ln186_3  | add | fabric | 0       |
|   out_c_V_fu_439_p2           | -   |        | out_c_V      | add | fabric | 0       |
|   mul_32s_16ns_32_1_1_U3      | 2   |        | mul_ln186    | mul | auto   | 0       |
|   out_idx_V_fu_504_p2         | -   |        | out_idx_V    | add | fabric | 0       |
|   add_ln46_fu_520_p2          | -   |        | add_ln46     | add | fabric | 0       |
|   add_ln46_1_fu_557_p2        | -   |        | add_ln46_1   | add | fabric | 0       |
|   g_V_1_fu_444_p2             | -   |        | g_V_1        | add | fabric | 0       |
|   add_ln1027_fu_449_p2        | -   |        | add_ln1027   | add | fabric | 0       |
+-------------------------------+-----+--------+--------------+-----+--------+---------+


================================================================
== Bind Storage Report
================================================================
  No bind storage info in design

================================================================
== Pragma Report
================================================================
* Valid Pragma Syntax
+-----------+-----------------------------------------------------+-------------------------------------------------------------+
| Type      | Options                                             | Location                                                    |
+-----------+-----------------------------------------------------+-------------------------------------------------------------+
| interface | m_axi port=in bundle=gmem_in depth=1024*1024*1024   | ../ip/ip6/channel_shuffle.cpp:19 in channel_shuffle, in     |
| interface | m_axi port=out bundle=gmem_out depth=1024*1024*1024 | ../ip/ip6/channel_shuffle.cpp:20 in channel_shuffle, out    |
| interface | s_axilite port=return bundle=control                | ../ip/ip6/channel_shuffle.cpp:23 in channel_shuffle, return |
| interface | s_axilite port=c_in bundle=control offset=0x10      | ../ip/ip6/channel_shuffle.cpp:24 in channel_shuffle, c_in   |
| interface | s_axilite port=h_w bundle=control offset=0x14       | ../ip/ip6/channel_shuffle.cpp:25 in channel_shuffle, h_w    |
| interface | s_axilite port=groups bundle=control offset=0x18    | ../ip/ip6/channel_shuffle.cpp:26 in channel_shuffle, groups |
| pipeline  | II=1                                                | ../ip/ip6/channel_shuffle.cpp:34 in channel_shuffle         |
+-----------+-----------------------------------------------------+-------------------------------------------------------------+


