INFO: [SIM 2] *************** CSIM start ***************
INFO: [SIM 4] CSIM will launch GCC as the compiler.
   Compiling ../../../../../ip/ip6/test_fully_connected.cpp in debug mode
   Compiling ../../../../../ip/ip6/fully_connected.cpp in debug mode
   Generating csim.exe
Makefile.rules:322: recipe for target 'csim.exe' failed
In file included from D:/Xilinx/Vitis_HLS/2022.2/include/floating_point_v7_1_bitacc_cmodel.h:149:0,
                 from D:/Xilinx/Vitis_HLS/2022.2/include/hls_fpo.h:143,
                 from D:/Xilinx/Vitis_HLS/2022.2/include/hls_half_fpo.h:18,
                 from D:/Xilinx/Vitis_HLS/2022.2/include/hls_half.h:25,
                 from D:/Xilinx/Vitis_HLS/2022.2/include/etc/ap_private.h:52,
                 from D:/Xilinx/Vitis_HLS/2022.2/include/ap_common.h:666,
                 from D:/Xilinx/Vitis_HLS/2022.2/include/ap_int.h:10,
                 from ../../../../../ip/ip6/fully_connected.h:4,
                 from ../../../../../ip/ip6/test_fully_connected.cpp:1:
D:/Xilinx/Vitis_HLS/2022.2/include/gmp.h:58:0: warning: "__GMP_LIBGMP_DLL" redefined
 #define __GMP_LIBGMP_DLL  0
 
In file included from D:/Xilinx/Vitis_HLS/2022.2/include/hls_fpo.h:143:0,
                 from D:/Xilinx/Vitis_HLS/2022.2/include/hls_half_fpo.h:18,
                 from D:/Xilinx/Vitis_HLS/2022.2/include/hls_half.h:25,
                 from D:/Xilinx/Vitis_HLS/2022.2/include/etc/ap_private.h:52,
                 from D:/Xilinx/Vitis_HLS/2022.2/include/ap_common.h:666,
                 from D:/Xilinx/Vitis_HLS/2022.2/include/ap_int.h:10,
                 from ../../../../../ip/ip6/fully_connected.h:4,
                 from ../../../../../ip/ip6/test_fully_connected.cpp:1:
D:/Xilinx/Vitis_HLS/2022.2/include/floating_point_v7_1_bitacc_cmodel.h:141:0: note: this is the location of the previous definition
 #define __GMP_LIBGMP_DLL 1
 
In file included from D:/Xilinx/Vitis_HLS/2022.2/include/floating_point_v7_1_bitacc_cmodel.h:149:0,
                 from D:/Xilinx/Vitis_HLS/2022.2/include/hls_fpo.h:143,
                 from D:/Xilinx/Vitis_HLS/2022.2/include/hls_half_fpo.h:18,
                 from D:/Xilinx/Vitis_HLS/2022.2/include/hls_half.h:25,
                 from D:/Xilinx/Vitis_HLS/2022.2/include/etc/ap_private.h:52,
                 from D:/Xilinx/Vitis_HLS/2022.2/include/ap_common.h:666,
                 from D:/Xilinx/Vitis_HLS/2022.2/include/ap_int.h:10,
                 from ../../../../../ip/ip6/fully_connected.h:4,
                 from ../../../../../ip/ip6/fully_connected.cpp:1:
D:/Xilinx/Vitis_HLS/2022.2/include/gmp.h:58:0: warning: "__GMP_LIBGMP_DLL" redefined
 #define __GMP_LIBGMP_DLL  0
 
In file included from D:/Xilinx/Vitis_HLS/2022.2/include/hls_fpo.h:143:0,
                 from D:/Xilinx/Vitis_HLS/2022.2/include/hls_half_fpo.h:18,
                 from D:/Xilinx/Vitis_HLS/2022.2/include/hls_half.h:25,
                 from D:/Xilinx/Vitis_HLS/2022.2/include/etc/ap_private.h:52,
                 from D:/Xilinx/Vitis_HLS/2022.2/include/ap_common.h:666,
                 from D:/Xilinx/Vitis_HLS/2022.2/include/ap_int.h:10,
                 from ../../../../../ip/ip6/fully_connected.h:4,
                 from ../../../../../ip/ip6/fully_connected.cpp:1:
D:/Xilinx/Vitis_HLS/2022.2/include/floating_point_v7_1_bitacc_cmodel.h:141:0: note: this is the location of the previous definition
 #define __GMP_LIBGMP_DLL 1
 
obj/test_fully_connected.o: In function `main':
C:\Users\11400\Desktop\shuffletest\HLS\ip6\solution1\csim\build/../../../../../ip/ip6/test_fully_connected.cpp:110: undefined reference to `fully_connected(ap_uint<16>, ap_uint<16>, ap_uint<1>, float*, float*, float*, float*)'
C:\Users\11400\Desktop\shuffletest\HLS\ip6\solution1\csim\build/../../../../../ip/ip6/test_fully_connected.cpp:129: undefined reference to `fully_connected(ap_uint<16>, ap_uint<16>, ap_uint<1>, float*, float*, float*, float*)'
collect2.exe: error: ld returned 1 exit status
make: *** [csim.exe] Error 1
ERR: [SIM 100] CSim file generation failed: compilation error(s).
INFO: [SIM 3] *************** CSIM finish ***************
