

================================================================
== Vitis HLS Report for 'pooling'
================================================================
* Date:           Tue Nov  4 14:31:18 2025

* Version:        2022.2 (Build 3670227 on Oct 13 2022)
* Project:        ip8
* Solution:       solution1 (Vivado IP Flow Target)
* Product family: zynq
* Target device:  xc7z020-clg400-2


================================================================
== Performance Estimates
================================================================
+ Timing: 
    * Summary: 
    +--------+----------+----------+------------+
    |  Clock |  Target  | Estimated| Uncertainty|
    +--------+----------+----------+------------+
    |ap_clk  |  10.00 ns|  7.300 ns|     2.70 ns|
    +--------+----------+----------+------------+

+ Latency: 
    * Summary: 
    +---------+---------+----------+----------+-----+-----+---------+
    |  Latency (cycles) |  Latency (absolute) |  Interval | Pipeline|
    |   min   |   max   |    min   |    max   | min | max |   Type  |
    +---------+---------+----------+----------+-----+-----+---------+
    |        ?|        ?|         ?|         ?|    ?|    ?|       no|
    +---------+---------+----------+----------+-----+-----+---------+

    + Detail: 
        * Instance: 
        N/A

        * Loop: 
        +---------------------------------------------------+---------+---------+----------+-----------+-----------+----------------+----------+
        |                                                   |  Latency (cycles) | Iteration|  Initiation Interval  |      Trip      |          |
        |                     Loop Name                     |   min   |   max   |  Latency |  achieved |   target  |      Count     | Pipelined|
        +---------------------------------------------------+---------+---------+----------+-----------+-----------+----------------+----------+
        |- VITIS_LOOP_48_1_VITIS_LOOP_50_2_VITIS_LOOP_51_3  |        ?|        ?|         ?|          -|          -|  0 ~ 4261413375|        no|
        +---------------------------------------------------+---------+---------+----------+-----------+-----------+----------------+----------+

============================================================
+ Verbose Summary: Synthesis Manager
============================================================
InlineROM: 1
ExposeGlobal: 0
============================================================
+ Verbose Summary: CDFG Model
============================================================
IsTopModel: 1
ResetActiveHigh: 1
IsCombinational: 0
IsDatapathOnly: 0
HasWiredReturn: 1
HasMFsm: 0
HasVarLatency: 1
IsPipeline: 0
IsRtlPipelined: 0
IsInstanceOverlapped: 0
IsDontTouch: 0
HasImplIP: 0
IsGatedGlobalClock: 0


============================================================
+ Verbose Summary: Schedule
============================================================
* Number of FSM states : 79
* Pipeline : 0
* Dataflow Pipeline: 0

* FSM state transitions: 
1 --> 2 
2 --> 3 
3 --> 4 
4 --> 5 
5 --> 6 
6 --> 7 
7 --> 8 
8 --> 9 
9 --> 10 
10 --> 11 
11 --> 12 
12 --> 13 
13 --> 14 
14 --> 15 
15 --> 16 
16 --> 17 
17 --> 18 
18 --> 19 
19 --> 20 
20 --> 21 
21 --> 22 
22 --> 23 
23 --> 24 
24 --> 25 
25 --> 26 
26 --> 27 
27 --> 28 
28 --> 29 
29 --> 30 
30 --> 31 
31 --> 32 
32 --> 33 
33 --> 34 
34 --> 35 
35 --> 36 
36 --> 37 56 
37 --> 38 
38 --> 39 
39 --> 40 
40 --> 41 
41 --> 42 
42 --> 43 
43 --> 44 
44 --> 45 
45 --> 46 
46 --> 47 
47 --> 48 
48 --> 49 
49 --> 50 
50 --> 51 
51 --> 52 
52 --> 53 
53 --> 54 
54 --> 55 
55 --> 74 
56 --> 57 
57 --> 55 58 
58 --> 59 
59 --> 60 
60 --> 61 
61 --> 62 
62 --> 63 
63 --> 64 
64 --> 65 
65 --> 66 
66 --> 67 
67 --> 68 
68 --> 69 
69 --> 70 
70 --> 71 
71 --> 72 
72 --> 73 
73 --> 55 
74 --> 75 
75 --> 76 
76 --> 77 
77 --> 78 
78 --> 79 
79 --> 27 

* FSM state operations: 

State 1 <SV = 0> <Delay = 7.16>
ST_1 : Operation 80 [1/1] (0.00ns)   --->   "%w_out_1 = alloca i32 1"   --->   Operation 80 'alloca' 'w_out_1' <Predicate = true> <Delay = 0.00>
ST_1 : Operation 81 [1/1] (0.00ns)   --->   "%h_out = alloca i32 1"   --->   Operation 81 'alloca' 'h_out' <Predicate = true> <Delay = 0.00>
ST_1 : Operation 82 [1/1] (0.00ns)   --->   "%indvar_flatten21 = alloca i32 1"   --->   Operation 82 'alloca' 'indvar_flatten21' <Predicate = true> <Delay = 0.00>
ST_1 : Operation 83 [1/1] (0.00ns)   --->   "%c = alloca i32 1"   --->   Operation 83 'alloca' 'c' <Predicate = true> <Delay = 0.00>
ST_1 : Operation 84 [1/1] (0.00ns)   --->   "%indvar_flatten45 = alloca i32 1"   --->   Operation 84 'alloca' 'indvar_flatten45' <Predicate = true> <Delay = 0.00>
ST_1 : Operation 85 [1/1] (1.00ns)   --->   "%feature_out_read = read i64 @_ssdm_op_Read.s_axilite.i64, i64 %feature_out"   --->   Operation 85 'read' 'feature_out_read' <Predicate = true> <Delay = 1.00> <CoreInst = "s_axilite">   --->   Core 114 's_axilite' <Latency = 0> <II = 1> <Delay = 1.00> <Adapter> <Opcode : 'read' 'write'>
ST_1 : Operation 86 [1/1] (1.00ns)   --->   "%feature_in_read = read i64 @_ssdm_op_Read.s_axilite.i64, i64 %feature_in"   --->   Operation 86 'read' 'feature_in_read' <Predicate = true> <Delay = 1.00> <CoreInst = "s_axilite">   --->   Core 114 's_axilite' <Latency = 0> <II = 1> <Delay = 1.00> <Adapter> <Opcode : 'read' 'write'>
ST_1 : Operation 87 [1/1] (1.00ns)   --->   "%pool_type_read = read i1 @_ssdm_op_Read.s_axilite.i1, i1 %pool_type"   --->   Operation 87 'read' 'pool_type_read' <Predicate = true> <Delay = 1.00> <CoreInst = "s_axilite">   --->   Core 114 's_axilite' <Latency = 0> <II = 1> <Delay = 1.00> <Adapter> <Opcode : 'read' 'write'>
ST_1 : Operation 88 [1/1] (1.00ns)   --->   "%padding_read = read i8 @_ssdm_op_Read.s_axilite.i8, i8 %padding"   --->   Operation 88 'read' 'padding_read' <Predicate = true> <Delay = 1.00> <CoreInst = "s_axilite">   --->   Core 114 's_axilite' <Latency = 0> <II = 1> <Delay = 1.00> <Adapter> <Opcode : 'read' 'write'>
ST_1 : Operation 89 [1/1] (1.00ns)   --->   "%stride_read = read i8 @_ssdm_op_Read.s_axilite.i8, i8 %stride"   --->   Operation 89 'read' 'stride_read' <Predicate = true> <Delay = 1.00> <CoreInst = "s_axilite">   --->   Core 114 's_axilite' <Latency = 0> <II = 1> <Delay = 1.00> <Adapter> <Opcode : 'read' 'write'>
ST_1 : Operation 90 [1/1] (1.00ns)   --->   "%kernel_size_read = read i8 @_ssdm_op_Read.s_axilite.i8, i8 %kernel_size"   --->   Operation 90 'read' 'kernel_size_read' <Predicate = true> <Delay = 1.00> <CoreInst = "s_axilite">   --->   Core 114 's_axilite' <Latency = 0> <II = 1> <Delay = 1.00> <Adapter> <Opcode : 'read' 'write'>
ST_1 : Operation 91 [1/1] (1.00ns)   --->   "%W_in_read = read i16 @_ssdm_op_Read.s_axilite.i16, i16 %W_in"   --->   Operation 91 'read' 'W_in_read' <Predicate = true> <Delay = 1.00> <CoreInst = "s_axilite">   --->   Core 114 's_axilite' <Latency = 0> <II = 1> <Delay = 1.00> <Adapter> <Opcode : 'read' 'write'>
ST_1 : Operation 92 [1/1] (1.00ns)   --->   "%H_in_read = read i16 @_ssdm_op_Read.s_axilite.i16, i16 %H_in"   --->   Operation 92 'read' 'H_in_read' <Predicate = true> <Delay = 1.00> <CoreInst = "s_axilite">   --->   Core 114 's_axilite' <Latency = 0> <II = 1> <Delay = 1.00> <Adapter> <Opcode : 'read' 'write'>
ST_1 : Operation 93 [1/1] (1.00ns)   --->   "%C_in_read = read i16 @_ssdm_op_Read.s_axilite.i16, i16 %C_in"   --->   Operation 93 'read' 'C_in_read' <Predicate = true> <Delay = 1.00> <CoreInst = "s_axilite">   --->   Core 114 's_axilite' <Latency = 0> <II = 1> <Delay = 1.00> <Adapter> <Opcode : 'read' 'write'>
ST_1 : Operation 94 [1/1] (0.00ns)   --->   "%sum_1_loc = alloca i64 1"   --->   Operation 94 'alloca' 'sum_1_loc' <Predicate = true> <Delay = 0.00>
ST_1 : Operation 95 [1/1] (0.00ns)   --->   "%count_1_loc = alloca i64 1"   --->   Operation 95 'alloca' 'count_1_loc' <Predicate = true> <Delay = 0.00>
ST_1 : Operation 96 [1/1] (0.00ns)   --->   "%p_loc = alloca i64 1"   --->   Operation 96 'alloca' 'p_loc' <Predicate = true> <Delay = 0.00>
ST_1 : Operation 97 [1/1] (0.00ns)   --->   "%shl_ln = bitconcatenate i9 @_ssdm_op_BitConcatenate.i9.i8.i1, i8 %padding_read, i1 0"   --->   Operation 97 'bitconcatenate' 'shl_ln' <Predicate = true> <Delay = 0.00>
ST_1 : Operation 98 [1/1] (0.00ns)   --->   "%zext_ln1495 = zext i9 %shl_ln"   --->   Operation 98 'zext' 'zext_ln1495' <Predicate = true> <Delay = 0.00>
ST_1 : Operation 99 [1/1] (0.00ns)   --->   "%zext_ln1496 = zext i16 %H_in_read"   --->   Operation 99 'zext' 'zext_ln1496' <Predicate = true> <Delay = 0.00>
ST_1 : Operation 100 [1/1] (1.54ns)   --->   "%add_ln1496 = add i17 %zext_ln1495, i17 %zext_ln1496"   --->   Operation 100 'add' 'add_ln1496' <Predicate = true> <Delay = 1.54> <CoreInst = "Adder">   --->   Core 1 'Adder' <Latency = 0> <II = 1> <Delay = 1.54> <FuncUnit> <Opcode : 'add' 'sub'> <InPorts = 2> <OutPorts = 1>
ST_1 : Operation 101 [1/1] (0.00ns)   --->   "%zext_ln1496_1 = zext i17 %add_ln1496"   --->   Operation 101 'zext' 'zext_ln1496_1' <Predicate = true> <Delay = 0.00>
ST_1 : Operation 102 [1/1] (0.00ns)   --->   "%zext_ln1513 = zext i8 %kernel_size_read"   --->   Operation 102 'zext' 'zext_ln1513' <Predicate = true> <Delay = 0.00>
ST_1 : Operation 103 [1/1] (1.55ns)   --->   "%sub_ln1513 = sub i18 %zext_ln1496_1, i18 %zext_ln1513"   --->   Operation 103 'sub' 'sub_ln1513' <Predicate = true> <Delay = 1.55> <CoreInst = "Adder">   --->   Core 1 'Adder' <Latency = 0> <II = 1> <Delay = 1.55> <FuncUnit> <Opcode : 'add' 'sub'> <InPorts = 2> <OutPorts = 1>
ST_1 : Operation 104 [1/1] (0.00ns)   --->   "%zext_ln1513_1 = zext i8 %stride_read"   --->   Operation 104 'zext' 'zext_ln1513_1' <Predicate = true> <Delay = 0.00>
ST_1 : Operation 105 [22/22] (3.06ns)   --->   "%sdiv_ln1513 = sdiv i18 %sub_ln1513, i18 %zext_ln1513_1"   --->   Operation 105 'sdiv' 'sdiv_ln1513' <Predicate = true> <Delay = 3.06> <CoreInst = "DivnS_SEQ">   --->   Core 7 'DivnS_SEQ' <Latency = 21> <II = 16> <Delay = 3.06> <FuncUnit> <Opcode : 'sdiv' 'srem' 'udiv' 'urem'> <InPorts = 2> <OutPorts = 1>
ST_1 : Operation 106 [1/1] (0.00ns)   --->   "%zext_ln1496_2 = zext i16 %W_in_read"   --->   Operation 106 'zext' 'zext_ln1496_2' <Predicate = true> <Delay = 0.00>
ST_1 : Operation 107 [1/1] (1.54ns)   --->   "%add_ln1496_1 = add i17 %zext_ln1495, i17 %zext_ln1496_2"   --->   Operation 107 'add' 'add_ln1496_1' <Predicate = true> <Delay = 1.54> <CoreInst = "Adder">   --->   Core 1 'Adder' <Latency = 0> <II = 1> <Delay = 1.54> <FuncUnit> <Opcode : 'add' 'sub'> <InPorts = 2> <OutPorts = 1>
ST_1 : Operation 108 [1/1] (0.00ns)   --->   "%zext_ln1513_2 = zext i17 %add_ln1496_1"   --->   Operation 108 'zext' 'zext_ln1513_2' <Predicate = true> <Delay = 0.00>
ST_1 : Operation 109 [1/1] (1.55ns)   --->   "%sub_ln1513_1 = sub i18 %zext_ln1513_2, i18 %zext_ln1513"   --->   Operation 109 'sub' 'sub_ln1513_1' <Predicate = true> <Delay = 1.55> <CoreInst = "Adder">   --->   Core 1 'Adder' <Latency = 0> <II = 1> <Delay = 1.55> <FuncUnit> <Opcode : 'add' 'sub'> <InPorts = 2> <OutPorts = 1>
ST_1 : Operation 110 [22/22] (3.06ns)   --->   "%sdiv_ln1513_1 = sdiv i18 %sub_ln1513_1, i18 %zext_ln1513_1"   --->   Operation 110 'sdiv' 'sdiv_ln1513_1' <Predicate = true> <Delay = 3.06> <CoreInst = "DivnS_SEQ">   --->   Core 7 'DivnS_SEQ' <Latency = 21> <II = 16> <Delay = 3.06> <FuncUnit> <Opcode : 'sdiv' 'srem' 'udiv' 'urem'> <InPorts = 2> <OutPorts = 1>
ST_1 : Operation 111 [1/1] (1.29ns)   --->   "%store_ln48 = store i48 0, i48 %indvar_flatten45" [../ip/ip6/pooling.cpp:48]   --->   Operation 111 'store' 'store_ln48' <Predicate = true> <Delay = 1.29>
ST_1 : Operation 112 [1/1] (1.29ns)   --->   "%store_ln48 = store i16 0, i16 %c" [../ip/ip6/pooling.cpp:48]   --->   Operation 112 'store' 'store_ln48' <Predicate = true> <Delay = 1.29>
ST_1 : Operation 113 [1/1] (1.29ns)   --->   "%store_ln48 = store i32 0, i32 %indvar_flatten21" [../ip/ip6/pooling.cpp:48]   --->   Operation 113 'store' 'store_ln48' <Predicate = true> <Delay = 1.29>
ST_1 : Operation 114 [1/1] (1.29ns)   --->   "%store_ln48 = store i16 0, i16 %h_out" [../ip/ip6/pooling.cpp:48]   --->   Operation 114 'store' 'store_ln48' <Predicate = true> <Delay = 1.29>
ST_1 : Operation 115 [1/1] (1.29ns)   --->   "%store_ln48 = store i16 0, i16 %w_out_1" [../ip/ip6/pooling.cpp:48]   --->   Operation 115 'store' 'store_ln48' <Predicate = true> <Delay = 1.29>

State 2 <SV = 1> <Delay = 3.06>
ST_2 : Operation 116 [21/22] (3.06ns)   --->   "%sdiv_ln1513 = sdiv i18 %sub_ln1513, i18 %zext_ln1513_1"   --->   Operation 116 'sdiv' 'sdiv_ln1513' <Predicate = true> <Delay = 3.06> <CoreInst = "DivnS_SEQ">   --->   Core 7 'DivnS_SEQ' <Latency = 21> <II = 16> <Delay = 3.06> <FuncUnit> <Opcode : 'sdiv' 'srem' 'udiv' 'urem'> <InPorts = 2> <OutPorts = 1>
ST_2 : Operation 117 [21/22] (3.06ns)   --->   "%sdiv_ln1513_1 = sdiv i18 %sub_ln1513_1, i18 %zext_ln1513_1"   --->   Operation 117 'sdiv' 'sdiv_ln1513_1' <Predicate = true> <Delay = 3.06> <CoreInst = "DivnS_SEQ">   --->   Core 7 'DivnS_SEQ' <Latency = 21> <II = 16> <Delay = 3.06> <FuncUnit> <Opcode : 'sdiv' 'srem' 'udiv' 'urem'> <InPorts = 2> <OutPorts = 1>

State 3 <SV = 2> <Delay = 3.06>
ST_3 : Operation 118 [20/22] (3.06ns)   --->   "%sdiv_ln1513 = sdiv i18 %sub_ln1513, i18 %zext_ln1513_1"   --->   Operation 118 'sdiv' 'sdiv_ln1513' <Predicate = true> <Delay = 3.06> <CoreInst = "DivnS_SEQ">   --->   Core 7 'DivnS_SEQ' <Latency = 21> <II = 16> <Delay = 3.06> <FuncUnit> <Opcode : 'sdiv' 'srem' 'udiv' 'urem'> <InPorts = 2> <OutPorts = 1>
ST_3 : Operation 119 [20/22] (3.06ns)   --->   "%sdiv_ln1513_1 = sdiv i18 %sub_ln1513_1, i18 %zext_ln1513_1"   --->   Operation 119 'sdiv' 'sdiv_ln1513_1' <Predicate = true> <Delay = 3.06> <CoreInst = "DivnS_SEQ">   --->   Core 7 'DivnS_SEQ' <Latency = 21> <II = 16> <Delay = 3.06> <FuncUnit> <Opcode : 'sdiv' 'srem' 'udiv' 'urem'> <InPorts = 2> <OutPorts = 1>

State 4 <SV = 3> <Delay = 3.06>
ST_4 : Operation 120 [19/22] (3.06ns)   --->   "%sdiv_ln1513 = sdiv i18 %sub_ln1513, i18 %zext_ln1513_1"   --->   Operation 120 'sdiv' 'sdiv_ln1513' <Predicate = true> <Delay = 3.06> <CoreInst = "DivnS_SEQ">   --->   Core 7 'DivnS_SEQ' <Latency = 21> <II = 16> <Delay = 3.06> <FuncUnit> <Opcode : 'sdiv' 'srem' 'udiv' 'urem'> <InPorts = 2> <OutPorts = 1>
ST_4 : Operation 121 [19/22] (3.06ns)   --->   "%sdiv_ln1513_1 = sdiv i18 %sub_ln1513_1, i18 %zext_ln1513_1"   --->   Operation 121 'sdiv' 'sdiv_ln1513_1' <Predicate = true> <Delay = 3.06> <CoreInst = "DivnS_SEQ">   --->   Core 7 'DivnS_SEQ' <Latency = 21> <II = 16> <Delay = 3.06> <FuncUnit> <Opcode : 'sdiv' 'srem' 'udiv' 'urem'> <InPorts = 2> <OutPorts = 1>

State 5 <SV = 4> <Delay = 3.06>
ST_5 : Operation 122 [18/22] (3.06ns)   --->   "%sdiv_ln1513 = sdiv i18 %sub_ln1513, i18 %zext_ln1513_1"   --->   Operation 122 'sdiv' 'sdiv_ln1513' <Predicate = true> <Delay = 3.06> <CoreInst = "DivnS_SEQ">   --->   Core 7 'DivnS_SEQ' <Latency = 21> <II = 16> <Delay = 3.06> <FuncUnit> <Opcode : 'sdiv' 'srem' 'udiv' 'urem'> <InPorts = 2> <OutPorts = 1>
ST_5 : Operation 123 [18/22] (3.06ns)   --->   "%sdiv_ln1513_1 = sdiv i18 %sub_ln1513_1, i18 %zext_ln1513_1"   --->   Operation 123 'sdiv' 'sdiv_ln1513_1' <Predicate = true> <Delay = 3.06> <CoreInst = "DivnS_SEQ">   --->   Core 7 'DivnS_SEQ' <Latency = 21> <II = 16> <Delay = 3.06> <FuncUnit> <Opcode : 'sdiv' 'srem' 'udiv' 'urem'> <InPorts = 2> <OutPorts = 1>

State 6 <SV = 5> <Delay = 3.06>
ST_6 : Operation 124 [17/22] (3.06ns)   --->   "%sdiv_ln1513 = sdiv i18 %sub_ln1513, i18 %zext_ln1513_1"   --->   Operation 124 'sdiv' 'sdiv_ln1513' <Predicate = true> <Delay = 3.06> <CoreInst = "DivnS_SEQ">   --->   Core 7 'DivnS_SEQ' <Latency = 21> <II = 16> <Delay = 3.06> <FuncUnit> <Opcode : 'sdiv' 'srem' 'udiv' 'urem'> <InPorts = 2> <OutPorts = 1>
ST_6 : Operation 125 [17/22] (3.06ns)   --->   "%sdiv_ln1513_1 = sdiv i18 %sub_ln1513_1, i18 %zext_ln1513_1"   --->   Operation 125 'sdiv' 'sdiv_ln1513_1' <Predicate = true> <Delay = 3.06> <CoreInst = "DivnS_SEQ">   --->   Core 7 'DivnS_SEQ' <Latency = 21> <II = 16> <Delay = 3.06> <FuncUnit> <Opcode : 'sdiv' 'srem' 'udiv' 'urem'> <InPorts = 2> <OutPorts = 1>

State 7 <SV = 6> <Delay = 3.06>
ST_7 : Operation 126 [16/22] (3.06ns)   --->   "%sdiv_ln1513 = sdiv i18 %sub_ln1513, i18 %zext_ln1513_1"   --->   Operation 126 'sdiv' 'sdiv_ln1513' <Predicate = true> <Delay = 3.06> <CoreInst = "DivnS_SEQ">   --->   Core 7 'DivnS_SEQ' <Latency = 21> <II = 16> <Delay = 3.06> <FuncUnit> <Opcode : 'sdiv' 'srem' 'udiv' 'urem'> <InPorts = 2> <OutPorts = 1>
ST_7 : Operation 127 [16/22] (3.06ns)   --->   "%sdiv_ln1513_1 = sdiv i18 %sub_ln1513_1, i18 %zext_ln1513_1"   --->   Operation 127 'sdiv' 'sdiv_ln1513_1' <Predicate = true> <Delay = 3.06> <CoreInst = "DivnS_SEQ">   --->   Core 7 'DivnS_SEQ' <Latency = 21> <II = 16> <Delay = 3.06> <FuncUnit> <Opcode : 'sdiv' 'srem' 'udiv' 'urem'> <InPorts = 2> <OutPorts = 1>

State 8 <SV = 7> <Delay = 3.06>
ST_8 : Operation 128 [15/22] (3.06ns)   --->   "%sdiv_ln1513 = sdiv i18 %sub_ln1513, i18 %zext_ln1513_1"   --->   Operation 128 'sdiv' 'sdiv_ln1513' <Predicate = true> <Delay = 3.06> <CoreInst = "DivnS_SEQ">   --->   Core 7 'DivnS_SEQ' <Latency = 21> <II = 16> <Delay = 3.06> <FuncUnit> <Opcode : 'sdiv' 'srem' 'udiv' 'urem'> <InPorts = 2> <OutPorts = 1>
ST_8 : Operation 129 [15/22] (3.06ns)   --->   "%sdiv_ln1513_1 = sdiv i18 %sub_ln1513_1, i18 %zext_ln1513_1"   --->   Operation 129 'sdiv' 'sdiv_ln1513_1' <Predicate = true> <Delay = 3.06> <CoreInst = "DivnS_SEQ">   --->   Core 7 'DivnS_SEQ' <Latency = 21> <II = 16> <Delay = 3.06> <FuncUnit> <Opcode : 'sdiv' 'srem' 'udiv' 'urem'> <InPorts = 2> <OutPorts = 1>

State 9 <SV = 8> <Delay = 3.06>
ST_9 : Operation 130 [14/22] (3.06ns)   --->   "%sdiv_ln1513 = sdiv i18 %sub_ln1513, i18 %zext_ln1513_1"   --->   Operation 130 'sdiv' 'sdiv_ln1513' <Predicate = true> <Delay = 3.06> <CoreInst = "DivnS_SEQ">   --->   Core 7 'DivnS_SEQ' <Latency = 21> <II = 16> <Delay = 3.06> <FuncUnit> <Opcode : 'sdiv' 'srem' 'udiv' 'urem'> <InPorts = 2> <OutPorts = 1>
ST_9 : Operation 131 [14/22] (3.06ns)   --->   "%sdiv_ln1513_1 = sdiv i18 %sub_ln1513_1, i18 %zext_ln1513_1"   --->   Operation 131 'sdiv' 'sdiv_ln1513_1' <Predicate = true> <Delay = 3.06> <CoreInst = "DivnS_SEQ">   --->   Core 7 'DivnS_SEQ' <Latency = 21> <II = 16> <Delay = 3.06> <FuncUnit> <Opcode : 'sdiv' 'srem' 'udiv' 'urem'> <InPorts = 2> <OutPorts = 1>

State 10 <SV = 9> <Delay = 3.06>
ST_10 : Operation 132 [13/22] (3.06ns)   --->   "%sdiv_ln1513 = sdiv i18 %sub_ln1513, i18 %zext_ln1513_1"   --->   Operation 132 'sdiv' 'sdiv_ln1513' <Predicate = true> <Delay = 3.06> <CoreInst = "DivnS_SEQ">   --->   Core 7 'DivnS_SEQ' <Latency = 21> <II = 16> <Delay = 3.06> <FuncUnit> <Opcode : 'sdiv' 'srem' 'udiv' 'urem'> <InPorts = 2> <OutPorts = 1>
ST_10 : Operation 133 [13/22] (3.06ns)   --->   "%sdiv_ln1513_1 = sdiv i18 %sub_ln1513_1, i18 %zext_ln1513_1"   --->   Operation 133 'sdiv' 'sdiv_ln1513_1' <Predicate = true> <Delay = 3.06> <CoreInst = "DivnS_SEQ">   --->   Core 7 'DivnS_SEQ' <Latency = 21> <II = 16> <Delay = 3.06> <FuncUnit> <Opcode : 'sdiv' 'srem' 'udiv' 'urem'> <InPorts = 2> <OutPorts = 1>

State 11 <SV = 10> <Delay = 3.06>
ST_11 : Operation 134 [12/22] (3.06ns)   --->   "%sdiv_ln1513 = sdiv i18 %sub_ln1513, i18 %zext_ln1513_1"   --->   Operation 134 'sdiv' 'sdiv_ln1513' <Predicate = true> <Delay = 3.06> <CoreInst = "DivnS_SEQ">   --->   Core 7 'DivnS_SEQ' <Latency = 21> <II = 16> <Delay = 3.06> <FuncUnit> <Opcode : 'sdiv' 'srem' 'udiv' 'urem'> <InPorts = 2> <OutPorts = 1>
ST_11 : Operation 135 [12/22] (3.06ns)   --->   "%sdiv_ln1513_1 = sdiv i18 %sub_ln1513_1, i18 %zext_ln1513_1"   --->   Operation 135 'sdiv' 'sdiv_ln1513_1' <Predicate = true> <Delay = 3.06> <CoreInst = "DivnS_SEQ">   --->   Core 7 'DivnS_SEQ' <Latency = 21> <II = 16> <Delay = 3.06> <FuncUnit> <Opcode : 'sdiv' 'srem' 'udiv' 'urem'> <InPorts = 2> <OutPorts = 1>

State 12 <SV = 11> <Delay = 3.06>
ST_12 : Operation 136 [11/22] (3.06ns)   --->   "%sdiv_ln1513 = sdiv i18 %sub_ln1513, i18 %zext_ln1513_1"   --->   Operation 136 'sdiv' 'sdiv_ln1513' <Predicate = true> <Delay = 3.06> <CoreInst = "DivnS_SEQ">   --->   Core 7 'DivnS_SEQ' <Latency = 21> <II = 16> <Delay = 3.06> <FuncUnit> <Opcode : 'sdiv' 'srem' 'udiv' 'urem'> <InPorts = 2> <OutPorts = 1>
ST_12 : Operation 137 [11/22] (3.06ns)   --->   "%sdiv_ln1513_1 = sdiv i18 %sub_ln1513_1, i18 %zext_ln1513_1"   --->   Operation 137 'sdiv' 'sdiv_ln1513_1' <Predicate = true> <Delay = 3.06> <CoreInst = "DivnS_SEQ">   --->   Core 7 'DivnS_SEQ' <Latency = 21> <II = 16> <Delay = 3.06> <FuncUnit> <Opcode : 'sdiv' 'srem' 'udiv' 'urem'> <InPorts = 2> <OutPorts = 1>

State 13 <SV = 12> <Delay = 3.06>
ST_13 : Operation 138 [10/22] (3.06ns)   --->   "%sdiv_ln1513 = sdiv i18 %sub_ln1513, i18 %zext_ln1513_1"   --->   Operation 138 'sdiv' 'sdiv_ln1513' <Predicate = true> <Delay = 3.06> <CoreInst = "DivnS_SEQ">   --->   Core 7 'DivnS_SEQ' <Latency = 21> <II = 16> <Delay = 3.06> <FuncUnit> <Opcode : 'sdiv' 'srem' 'udiv' 'urem'> <InPorts = 2> <OutPorts = 1>
ST_13 : Operation 139 [10/22] (3.06ns)   --->   "%sdiv_ln1513_1 = sdiv i18 %sub_ln1513_1, i18 %zext_ln1513_1"   --->   Operation 139 'sdiv' 'sdiv_ln1513_1' <Predicate = true> <Delay = 3.06> <CoreInst = "DivnS_SEQ">   --->   Core 7 'DivnS_SEQ' <Latency = 21> <II = 16> <Delay = 3.06> <FuncUnit> <Opcode : 'sdiv' 'srem' 'udiv' 'urem'> <InPorts = 2> <OutPorts = 1>

State 14 <SV = 13> <Delay = 3.06>
ST_14 : Operation 140 [9/22] (3.06ns)   --->   "%sdiv_ln1513 = sdiv i18 %sub_ln1513, i18 %zext_ln1513_1"   --->   Operation 140 'sdiv' 'sdiv_ln1513' <Predicate = true> <Delay = 3.06> <CoreInst = "DivnS_SEQ">   --->   Core 7 'DivnS_SEQ' <Latency = 21> <II = 16> <Delay = 3.06> <FuncUnit> <Opcode : 'sdiv' 'srem' 'udiv' 'urem'> <InPorts = 2> <OutPorts = 1>
ST_14 : Operation 141 [9/22] (3.06ns)   --->   "%sdiv_ln1513_1 = sdiv i18 %sub_ln1513_1, i18 %zext_ln1513_1"   --->   Operation 141 'sdiv' 'sdiv_ln1513_1' <Predicate = true> <Delay = 3.06> <CoreInst = "DivnS_SEQ">   --->   Core 7 'DivnS_SEQ' <Latency = 21> <II = 16> <Delay = 3.06> <FuncUnit> <Opcode : 'sdiv' 'srem' 'udiv' 'urem'> <InPorts = 2> <OutPorts = 1>

State 15 <SV = 14> <Delay = 3.06>
ST_15 : Operation 142 [8/22] (3.06ns)   --->   "%sdiv_ln1513 = sdiv i18 %sub_ln1513, i18 %zext_ln1513_1"   --->   Operation 142 'sdiv' 'sdiv_ln1513' <Predicate = true> <Delay = 3.06> <CoreInst = "DivnS_SEQ">   --->   Core 7 'DivnS_SEQ' <Latency = 21> <II = 16> <Delay = 3.06> <FuncUnit> <Opcode : 'sdiv' 'srem' 'udiv' 'urem'> <InPorts = 2> <OutPorts = 1>
ST_15 : Operation 143 [8/22] (3.06ns)   --->   "%sdiv_ln1513_1 = sdiv i18 %sub_ln1513_1, i18 %zext_ln1513_1"   --->   Operation 143 'sdiv' 'sdiv_ln1513_1' <Predicate = true> <Delay = 3.06> <CoreInst = "DivnS_SEQ">   --->   Core 7 'DivnS_SEQ' <Latency = 21> <II = 16> <Delay = 3.06> <FuncUnit> <Opcode : 'sdiv' 'srem' 'udiv' 'urem'> <InPorts = 2> <OutPorts = 1>

State 16 <SV = 15> <Delay = 3.06>
ST_16 : Operation 144 [7/22] (3.06ns)   --->   "%sdiv_ln1513 = sdiv i18 %sub_ln1513, i18 %zext_ln1513_1"   --->   Operation 144 'sdiv' 'sdiv_ln1513' <Predicate = true> <Delay = 3.06> <CoreInst = "DivnS_SEQ">   --->   Core 7 'DivnS_SEQ' <Latency = 21> <II = 16> <Delay = 3.06> <FuncUnit> <Opcode : 'sdiv' 'srem' 'udiv' 'urem'> <InPorts = 2> <OutPorts = 1>
ST_16 : Operation 145 [7/22] (3.06ns)   --->   "%sdiv_ln1513_1 = sdiv i18 %sub_ln1513_1, i18 %zext_ln1513_1"   --->   Operation 145 'sdiv' 'sdiv_ln1513_1' <Predicate = true> <Delay = 3.06> <CoreInst = "DivnS_SEQ">   --->   Core 7 'DivnS_SEQ' <Latency = 21> <II = 16> <Delay = 3.06> <FuncUnit> <Opcode : 'sdiv' 'srem' 'udiv' 'urem'> <InPorts = 2> <OutPorts = 1>

State 17 <SV = 16> <Delay = 3.06>
ST_17 : Operation 146 [6/22] (3.06ns)   --->   "%sdiv_ln1513 = sdiv i18 %sub_ln1513, i18 %zext_ln1513_1"   --->   Operation 146 'sdiv' 'sdiv_ln1513' <Predicate = true> <Delay = 3.06> <CoreInst = "DivnS_SEQ">   --->   Core 7 'DivnS_SEQ' <Latency = 21> <II = 16> <Delay = 3.06> <FuncUnit> <Opcode : 'sdiv' 'srem' 'udiv' 'urem'> <InPorts = 2> <OutPorts = 1>
ST_17 : Operation 147 [6/22] (3.06ns)   --->   "%sdiv_ln1513_1 = sdiv i18 %sub_ln1513_1, i18 %zext_ln1513_1"   --->   Operation 147 'sdiv' 'sdiv_ln1513_1' <Predicate = true> <Delay = 3.06> <CoreInst = "DivnS_SEQ">   --->   Core 7 'DivnS_SEQ' <Latency = 21> <II = 16> <Delay = 3.06> <FuncUnit> <Opcode : 'sdiv' 'srem' 'udiv' 'urem'> <InPorts = 2> <OutPorts = 1>

State 18 <SV = 17> <Delay = 3.06>
ST_18 : Operation 148 [5/22] (3.06ns)   --->   "%sdiv_ln1513 = sdiv i18 %sub_ln1513, i18 %zext_ln1513_1"   --->   Operation 148 'sdiv' 'sdiv_ln1513' <Predicate = true> <Delay = 3.06> <CoreInst = "DivnS_SEQ">   --->   Core 7 'DivnS_SEQ' <Latency = 21> <II = 16> <Delay = 3.06> <FuncUnit> <Opcode : 'sdiv' 'srem' 'udiv' 'urem'> <InPorts = 2> <OutPorts = 1>
ST_18 : Operation 149 [5/22] (3.06ns)   --->   "%sdiv_ln1513_1 = sdiv i18 %sub_ln1513_1, i18 %zext_ln1513_1"   --->   Operation 149 'sdiv' 'sdiv_ln1513_1' <Predicate = true> <Delay = 3.06> <CoreInst = "DivnS_SEQ">   --->   Core 7 'DivnS_SEQ' <Latency = 21> <II = 16> <Delay = 3.06> <FuncUnit> <Opcode : 'sdiv' 'srem' 'udiv' 'urem'> <InPorts = 2> <OutPorts = 1>

State 19 <SV = 18> <Delay = 3.06>
ST_19 : Operation 150 [4/22] (3.06ns)   --->   "%sdiv_ln1513 = sdiv i18 %sub_ln1513, i18 %zext_ln1513_1"   --->   Operation 150 'sdiv' 'sdiv_ln1513' <Predicate = true> <Delay = 3.06> <CoreInst = "DivnS_SEQ">   --->   Core 7 'DivnS_SEQ' <Latency = 21> <II = 16> <Delay = 3.06> <FuncUnit> <Opcode : 'sdiv' 'srem' 'udiv' 'urem'> <InPorts = 2> <OutPorts = 1>
ST_19 : Operation 151 [4/22] (3.06ns)   --->   "%sdiv_ln1513_1 = sdiv i18 %sub_ln1513_1, i18 %zext_ln1513_1"   --->   Operation 151 'sdiv' 'sdiv_ln1513_1' <Predicate = true> <Delay = 3.06> <CoreInst = "DivnS_SEQ">   --->   Core 7 'DivnS_SEQ' <Latency = 21> <II = 16> <Delay = 3.06> <FuncUnit> <Opcode : 'sdiv' 'srem' 'udiv' 'urem'> <InPorts = 2> <OutPorts = 1>

State 20 <SV = 19> <Delay = 3.06>
ST_20 : Operation 152 [3/22] (3.06ns)   --->   "%sdiv_ln1513 = sdiv i18 %sub_ln1513, i18 %zext_ln1513_1"   --->   Operation 152 'sdiv' 'sdiv_ln1513' <Predicate = true> <Delay = 3.06> <CoreInst = "DivnS_SEQ">   --->   Core 7 'DivnS_SEQ' <Latency = 21> <II = 16> <Delay = 3.06> <FuncUnit> <Opcode : 'sdiv' 'srem' 'udiv' 'urem'> <InPorts = 2> <OutPorts = 1>
ST_20 : Operation 153 [3/22] (3.06ns)   --->   "%sdiv_ln1513_1 = sdiv i18 %sub_ln1513_1, i18 %zext_ln1513_1"   --->   Operation 153 'sdiv' 'sdiv_ln1513_1' <Predicate = true> <Delay = 3.06> <CoreInst = "DivnS_SEQ">   --->   Core 7 'DivnS_SEQ' <Latency = 21> <II = 16> <Delay = 3.06> <FuncUnit> <Opcode : 'sdiv' 'srem' 'udiv' 'urem'> <InPorts = 2> <OutPorts = 1>

State 21 <SV = 20> <Delay = 3.06>
ST_21 : Operation 154 [2/22] (3.06ns)   --->   "%sdiv_ln1513 = sdiv i18 %sub_ln1513, i18 %zext_ln1513_1"   --->   Operation 154 'sdiv' 'sdiv_ln1513' <Predicate = true> <Delay = 3.06> <CoreInst = "DivnS_SEQ">   --->   Core 7 'DivnS_SEQ' <Latency = 21> <II = 16> <Delay = 3.06> <FuncUnit> <Opcode : 'sdiv' 'srem' 'udiv' 'urem'> <InPorts = 2> <OutPorts = 1>
ST_21 : Operation 155 [2/22] (3.06ns)   --->   "%sdiv_ln1513_1 = sdiv i18 %sub_ln1513_1, i18 %zext_ln1513_1"   --->   Operation 155 'sdiv' 'sdiv_ln1513_1' <Predicate = true> <Delay = 3.06> <CoreInst = "DivnS_SEQ">   --->   Core 7 'DivnS_SEQ' <Latency = 21> <II = 16> <Delay = 3.06> <FuncUnit> <Opcode : 'sdiv' 'srem' 'udiv' 'urem'> <InPorts = 2> <OutPorts = 1>

State 22 <SV = 21> <Delay = 6.42>
ST_22 : Operation 156 [1/22] (3.06ns)   --->   "%sdiv_ln1513 = sdiv i18 %sub_ln1513, i18 %zext_ln1513_1"   --->   Operation 156 'sdiv' 'sdiv_ln1513' <Predicate = true> <Delay = 3.06> <CoreInst = "DivnS_SEQ">   --->   Core 7 'DivnS_SEQ' <Latency = 21> <II = 16> <Delay = 3.06> <FuncUnit> <Opcode : 'sdiv' 'srem' 'udiv' 'urem'> <InPorts = 2> <OutPorts = 1>
ST_22 : Operation 157 [1/1] (0.00ns)   --->   "%trunc_ln186 = trunc i16 %sdiv_ln1513"   --->   Operation 157 'trunc' 'trunc_ln186' <Predicate = true> <Delay = 0.00>
ST_22 : Operation 158 [1/1] (1.54ns)   --->   "%H_out_V = add i16 %trunc_ln186, i16 1"   --->   Operation 158 'add' 'H_out_V' <Predicate = true> <Delay = 1.54> <CoreInst = "Adder">   --->   Core 1 'Adder' <Latency = 0> <II = 1> <Delay = 1.54> <FuncUnit> <Opcode : 'add' 'sub'> <InPorts = 2> <OutPorts = 1>
ST_22 : Operation 159 [1/22] (3.06ns)   --->   "%sdiv_ln1513_1 = sdiv i18 %sub_ln1513_1, i18 %zext_ln1513_1"   --->   Operation 159 'sdiv' 'sdiv_ln1513_1' <Predicate = true> <Delay = 3.06> <CoreInst = "DivnS_SEQ">   --->   Core 7 'DivnS_SEQ' <Latency = 21> <II = 16> <Delay = 3.06> <FuncUnit> <Opcode : 'sdiv' 'srem' 'udiv' 'urem'> <InPorts = 2> <OutPorts = 1>
ST_22 : Operation 160 [1/1] (0.00ns)   --->   "%trunc_ln186_1 = trunc i16 %sdiv_ln1513_1"   --->   Operation 160 'trunc' 'trunc_ln186_1' <Predicate = true> <Delay = 0.00>
ST_22 : Operation 161 [1/1] (1.54ns)   --->   "%W_out_V = add i16 %trunc_ln186_1, i16 1"   --->   Operation 161 'add' 'W_out_V' <Predicate = true> <Delay = 1.54> <CoreInst = "Adder">   --->   Core 1 'Adder' <Latency = 0> <II = 1> <Delay = 1.54> <FuncUnit> <Opcode : 'add' 'sub'> <InPorts = 2> <OutPorts = 1>
ST_22 : Operation 162 [1/1] (0.00ns)   --->   "%conv_i_i707 = zext i16 %W_out_V"   --->   Operation 162 'zext' 'conv_i_i707' <Predicate = true> <Delay = 0.00>
ST_22 : Operation 163 [1/1] (0.00ns)   --->   "%zext_ln15_1 = zext i16 %H_out_V" [../ip/ip6/pooling.cpp:15]   --->   Operation 163 'zext' 'zext_ln15_1' <Predicate = true> <Delay = 0.00>
ST_22 : Operation 164 [4/4] (1.82ns) (root node of the DSP)   --->   "%mul_ln15_1 = mul i32 %zext_ln15_1, i32 %conv_i_i707" [../ip/ip6/pooling.cpp:15]   --->   Operation 164 'mul' 'mul_ln15_1' <Predicate = true> <Delay = 1.82> <CoreInst = "DSP48">   --->   Core 119 'DSP48' <Latency = 3> <II = 1> <Delay = 1.82> <IPBlock> <Opcode : 'mul' 'add' 'sub' 'select'> <InPorts = 0> <OutPorts = 1> <Sync> <CReg>

State 23 <SV = 22> <Delay = 1.82>
ST_23 : Operation 165 [3/4] (1.82ns) (root node of the DSP)   --->   "%mul_ln15_1 = mul i32 %zext_ln15_1, i32 %conv_i_i707" [../ip/ip6/pooling.cpp:15]   --->   Operation 165 'mul' 'mul_ln15_1' <Predicate = true> <Delay = 1.82> <CoreInst = "DSP48">   --->   Core 119 'DSP48' <Latency = 3> <II = 1> <Delay = 1.82> <IPBlock> <Opcode : 'mul' 'add' 'sub' 'select'> <InPorts = 0> <OutPorts = 1> <Sync> <CReg>

State 24 <SV = 23> <Delay = 1.82>
ST_24 : Operation 166 [2/4] (1.82ns) (root node of the DSP)   --->   "%mul_ln15_1 = mul i32 %zext_ln15_1, i32 %conv_i_i707" [../ip/ip6/pooling.cpp:15]   --->   Operation 166 'mul' 'mul_ln15_1' <Predicate = true> <Delay = 1.82> <CoreInst = "DSP48">   --->   Core 119 'DSP48' <Latency = 3> <II = 1> <Delay = 1.82> <IPBlock> <Opcode : 'mul' 'add' 'sub' 'select'> <InPorts = 0> <OutPorts = 1> <Sync> <CReg>

State 25 <SV = 24> <Delay = 0.00>
ST_25 : Operation 167 [1/4] (0.00ns) (root node of the DSP)   --->   "%mul_ln15_1 = mul i32 %zext_ln15_1, i32 %conv_i_i707" [../ip/ip6/pooling.cpp:15]   --->   Operation 167 'mul' 'mul_ln15_1' <Predicate = true> <Delay = 0.00> <CoreInst = "DSP48">   --->   Core 119 'DSP48' <Latency = 3> <II = 1> <Delay = 1.82> <IPBlock> <Opcode : 'mul' 'add' 'sub' 'select'> <InPorts = 0> <OutPorts = 1> <Sync> <CReg>

State 26 <SV = 25> <Delay = 7.05>
ST_26 : Operation 168 [1/1] (0.00ns)   --->   "%spectopmodule_ln15 = spectopmodule void @_ssdm_op_SpecTopModule, void @empty_16" [../ip/ip6/pooling.cpp:15]   --->   Operation 168 'spectopmodule' 'spectopmodule_ln15' <Predicate = true> <Delay = 0.00>
ST_26 : Operation 169 [1/1] (0.00ns)   --->   "%specinterface_ln0 = specinterface void @_ssdm_op_SpecInterface, i32 %gmem0, void @empty, i32 0, i32 0, void @empty_0, i32 0, i32 1073741824, void @empty_1, void @empty_2, void @empty_0, i32 16, i32 16, i32 16, i32 16, void @empty_0, void @empty_0, i32 4294967295, i32 0"   --->   Operation 169 'specinterface' 'specinterface_ln0' <Predicate = true> <Delay = 0.00>
ST_26 : Operation 170 [1/1] (0.00ns)   --->   "%specbitsmap_ln0 = specbitsmap void @_ssdm_op_SpecBitsMap, i32 %gmem0"   --->   Operation 170 'specbitsmap' 'specbitsmap_ln0' <Predicate = true> <Delay = 0.00>
ST_26 : Operation 171 [1/1] (0.00ns)   --->   "%specbitsmap_ln0 = specbitsmap void @_ssdm_op_SpecBitsMap, i16 %C_in"   --->   Operation 171 'specbitsmap' 'specbitsmap_ln0' <Predicate = true> <Delay = 0.00>
ST_26 : Operation 172 [1/1] (0.00ns)   --->   "%specinterface_ln0 = specinterface void @_ssdm_op_SpecInterface, i16 %C_in, void @empty_3, i32 0, i32 0, void @empty_0, i32 0, i32 0, void @empty_4, void @empty_5, void @empty_0, i32 0, i32 0, i32 0, i32 0, void @empty_0, void @empty_0, i32 4294967295, i32 0"   --->   Operation 172 'specinterface' 'specinterface_ln0' <Predicate = true> <Delay = 0.00>
ST_26 : Operation 173 [1/1] (0.00ns)   --->   "%specinterface_ln0 = specinterface void @_ssdm_op_SpecInterface, i16 %C_in, void @empty_6, i32 0, i32 0, void @empty_0, i32 0, i32 0, void @empty_0, void @empty_0, void @empty_0, i32 0, i32 0, i32 0, i32 0, void @empty_0, void @empty_0, i32 4294967295, i32 0"   --->   Operation 173 'specinterface' 'specinterface_ln0' <Predicate = true> <Delay = 0.00>
ST_26 : Operation 174 [1/1] (0.00ns)   --->   "%specbitsmap_ln0 = specbitsmap void @_ssdm_op_SpecBitsMap, i16 %H_in"   --->   Operation 174 'specbitsmap' 'specbitsmap_ln0' <Predicate = true> <Delay = 0.00>
ST_26 : Operation 175 [1/1] (0.00ns)   --->   "%specinterface_ln0 = specinterface void @_ssdm_op_SpecInterface, i16 %H_in, void @empty_3, i32 0, i32 0, void @empty_0, i32 0, i32 0, void @empty_4, void @empty_7, void @empty_0, i32 0, i32 0, i32 0, i32 0, void @empty_0, void @empty_0, i32 4294967295, i32 0"   --->   Operation 175 'specinterface' 'specinterface_ln0' <Predicate = true> <Delay = 0.00>
ST_26 : Operation 176 [1/1] (0.00ns)   --->   "%specinterface_ln0 = specinterface void @_ssdm_op_SpecInterface, i16 %H_in, void @empty_6, i32 0, i32 0, void @empty_0, i32 0, i32 0, void @empty_0, void @empty_0, void @empty_0, i32 0, i32 0, i32 0, i32 0, void @empty_0, void @empty_0, i32 4294967295, i32 0"   --->   Operation 176 'specinterface' 'specinterface_ln0' <Predicate = true> <Delay = 0.00>
ST_26 : Operation 177 [1/1] (0.00ns)   --->   "%specbitsmap_ln0 = specbitsmap void @_ssdm_op_SpecBitsMap, i16 %W_in"   --->   Operation 177 'specbitsmap' 'specbitsmap_ln0' <Predicate = true> <Delay = 0.00>
ST_26 : Operation 178 [1/1] (0.00ns)   --->   "%specinterface_ln0 = specinterface void @_ssdm_op_SpecInterface, i16 %W_in, void @empty_3, i32 0, i32 0, void @empty_0, i32 0, i32 0, void @empty_4, void @empty_8, void @empty_0, i32 0, i32 0, i32 0, i32 0, void @empty_0, void @empty_0, i32 4294967295, i32 0"   --->   Operation 178 'specinterface' 'specinterface_ln0' <Predicate = true> <Delay = 0.00>
ST_26 : Operation 179 [1/1] (0.00ns)   --->   "%specinterface_ln0 = specinterface void @_ssdm_op_SpecInterface, i16 %W_in, void @empty_6, i32 0, i32 0, void @empty_0, i32 0, i32 0, void @empty_0, void @empty_0, void @empty_0, i32 0, i32 0, i32 0, i32 0, void @empty_0, void @empty_0, i32 4294967295, i32 0"   --->   Operation 179 'specinterface' 'specinterface_ln0' <Predicate = true> <Delay = 0.00>
ST_26 : Operation 180 [1/1] (0.00ns)   --->   "%specbitsmap_ln0 = specbitsmap void @_ssdm_op_SpecBitsMap, i8 %kernel_size"   --->   Operation 180 'specbitsmap' 'specbitsmap_ln0' <Predicate = true> <Delay = 0.00>
ST_26 : Operation 181 [1/1] (0.00ns)   --->   "%specinterface_ln0 = specinterface void @_ssdm_op_SpecInterface, i8 %kernel_size, void @empty_3, i32 0, i32 0, void @empty_0, i32 0, i32 0, void @empty_4, void @empty_9, void @empty_0, i32 0, i32 0, i32 0, i32 0, void @empty_0, void @empty_0, i32 4294967295, i32 0"   --->   Operation 181 'specinterface' 'specinterface_ln0' <Predicate = true> <Delay = 0.00>
ST_26 : Operation 182 [1/1] (0.00ns)   --->   "%specinterface_ln0 = specinterface void @_ssdm_op_SpecInterface, i8 %kernel_size, void @empty_6, i32 0, i32 0, void @empty_0, i32 0, i32 0, void @empty_0, void @empty_0, void @empty_0, i32 0, i32 0, i32 0, i32 0, void @empty_0, void @empty_0, i32 4294967295, i32 0"   --->   Operation 182 'specinterface' 'specinterface_ln0' <Predicate = true> <Delay = 0.00>
ST_26 : Operation 183 [1/1] (0.00ns)   --->   "%specbitsmap_ln0 = specbitsmap void @_ssdm_op_SpecBitsMap, i8 %stride"   --->   Operation 183 'specbitsmap' 'specbitsmap_ln0' <Predicate = true> <Delay = 0.00>
ST_26 : Operation 184 [1/1] (0.00ns)   --->   "%specinterface_ln0 = specinterface void @_ssdm_op_SpecInterface, i8 %stride, void @empty_3, i32 0, i32 0, void @empty_0, i32 0, i32 0, void @empty_4, void @empty_10, void @empty_0, i32 0, i32 0, i32 0, i32 0, void @empty_0, void @empty_0, i32 4294967295, i32 0"   --->   Operation 184 'specinterface' 'specinterface_ln0' <Predicate = true> <Delay = 0.00>
ST_26 : Operation 185 [1/1] (0.00ns)   --->   "%specinterface_ln0 = specinterface void @_ssdm_op_SpecInterface, i8 %stride, void @empty_6, i32 0, i32 0, void @empty_0, i32 0, i32 0, void @empty_0, void @empty_0, void @empty_0, i32 0, i32 0, i32 0, i32 0, void @empty_0, void @empty_0, i32 4294967295, i32 0"   --->   Operation 185 'specinterface' 'specinterface_ln0' <Predicate = true> <Delay = 0.00>
ST_26 : Operation 186 [1/1] (0.00ns)   --->   "%specbitsmap_ln0 = specbitsmap void @_ssdm_op_SpecBitsMap, i8 %padding"   --->   Operation 186 'specbitsmap' 'specbitsmap_ln0' <Predicate = true> <Delay = 0.00>
ST_26 : Operation 187 [1/1] (0.00ns)   --->   "%specinterface_ln0 = specinterface void @_ssdm_op_SpecInterface, i8 %padding, void @empty_3, i32 0, i32 0, void @empty_0, i32 0, i32 0, void @empty_4, void @empty_11, void @empty_0, i32 0, i32 0, i32 0, i32 0, void @empty_0, void @empty_0, i32 4294967295, i32 0"   --->   Operation 187 'specinterface' 'specinterface_ln0' <Predicate = true> <Delay = 0.00>
ST_26 : Operation 188 [1/1] (0.00ns)   --->   "%specinterface_ln0 = specinterface void @_ssdm_op_SpecInterface, i8 %padding, void @empty_6, i32 0, i32 0, void @empty_0, i32 0, i32 0, void @empty_0, void @empty_0, void @empty_0, i32 0, i32 0, i32 0, i32 0, void @empty_0, void @empty_0, i32 4294967295, i32 0"   --->   Operation 188 'specinterface' 'specinterface_ln0' <Predicate = true> <Delay = 0.00>
ST_26 : Operation 189 [1/1] (0.00ns)   --->   "%specbitsmap_ln0 = specbitsmap void @_ssdm_op_SpecBitsMap, i1 %pool_type"   --->   Operation 189 'specbitsmap' 'specbitsmap_ln0' <Predicate = true> <Delay = 0.00>
ST_26 : Operation 190 [1/1] (0.00ns)   --->   "%specinterface_ln0 = specinterface void @_ssdm_op_SpecInterface, i1 %pool_type, void @empty_3, i32 0, i32 0, void @empty_0, i32 0, i32 0, void @empty_4, void @empty_12, void @empty_0, i32 0, i32 0, i32 0, i32 0, void @empty_0, void @empty_0, i32 4294967295, i32 0"   --->   Operation 190 'specinterface' 'specinterface_ln0' <Predicate = true> <Delay = 0.00>
ST_26 : Operation 191 [1/1] (0.00ns)   --->   "%specinterface_ln0 = specinterface void @_ssdm_op_SpecInterface, i1 %pool_type, void @empty_6, i32 0, i32 0, void @empty_0, i32 0, i32 0, void @empty_0, void @empty_0, void @empty_0, i32 0, i32 0, i32 0, i32 0, void @empty_0, void @empty_0, i32 4294967295, i32 0"   --->   Operation 191 'specinterface' 'specinterface_ln0' <Predicate = true> <Delay = 0.00>
ST_26 : Operation 192 [1/1] (0.00ns)   --->   "%specinterface_ln0 = specinterface void @_ssdm_op_SpecInterface, i64 %feature_in, void @empty_3, i32 0, i32 0, void @empty_0, i32 0, i32 0, void @empty_4, void @empty_13, void @empty_0, i32 0, i32 0, i32 0, i32 0, void @empty_0, void @empty_14, i32 4294967295, i32 0"   --->   Operation 192 'specinterface' 'specinterface_ln0' <Predicate = true> <Delay = 0.00>
ST_26 : Operation 193 [1/1] (0.00ns)   --->   "%specinterface_ln0 = specinterface void @_ssdm_op_SpecInterface, i64 %feature_in, void @empty_6, i32 0, i32 0, void @empty_0, i32 0, i32 0, void @empty_0, void @empty_0, void @empty_0, i32 0, i32 0, i32 0, i32 0, void @empty_0, void @empty_14, i32 4294967295, i32 0"   --->   Operation 193 'specinterface' 'specinterface_ln0' <Predicate = true> <Delay = 0.00>
ST_26 : Operation 194 [1/1] (0.00ns)   --->   "%specinterface_ln0 = specinterface void @_ssdm_op_SpecInterface, i64 %feature_out, void @empty_3, i32 0, i32 0, void @empty_0, i32 0, i32 0, void @empty_4, void @empty_15, void @empty_0, i32 0, i32 0, i32 0, i32 0, void @empty_0, void @empty_14, i32 4294967295, i32 0"   --->   Operation 194 'specinterface' 'specinterface_ln0' <Predicate = true> <Delay = 0.00>
ST_26 : Operation 195 [1/1] (0.00ns)   --->   "%specinterface_ln0 = specinterface void @_ssdm_op_SpecInterface, i64 %feature_out, void @empty_6, i32 0, i32 0, void @empty_0, i32 0, i32 0, void @empty_0, void @empty_0, void @empty_0, i32 0, i32 0, i32 0, i32 0, void @empty_0, void @empty_14, i32 4294967295, i32 0"   --->   Operation 195 'specinterface' 'specinterface_ln0' <Predicate = true> <Delay = 0.00>
ST_26 : Operation 196 [1/1] (0.00ns)   --->   "%specinterface_ln0 = specinterface void @_ssdm_op_SpecInterface, i32 0, void @empty_3, i32 0, i32 0, void @empty_0, i32 0, i32 0, void @empty_4, void @empty_0, void @empty_0, i32 0, i32 0, i32 0, i32 0, void @empty_0, void @empty_0, i32 4294967295, i32 0"   --->   Operation 196 'specinterface' 'specinterface_ln0' <Predicate = true> <Delay = 0.00>
ST_26 : Operation 197 [1/1] (0.00ns)   --->   "%conv_i_i721 = zext i16 %C_in_read"   --->   Operation 197 'zext' 'conv_i_i721' <Predicate = true> <Delay = 0.00>
ST_26 : Operation 198 [1/1] (0.00ns)   --->   "%stride_cast2 = zext i8 %stride_read"   --->   Operation 198 'zext' 'stride_cast2' <Predicate = true> <Delay = 0.00>
ST_26 : Operation 199 [1/1] (0.00ns)   --->   "%zext_ln48 = zext i8 %padding_read" [../ip/ip6/pooling.cpp:48]   --->   Operation 199 'zext' 'zext_ln48' <Predicate = true> <Delay = 0.00>
ST_26 : Operation 200 [1/1] (0.00ns)   --->   "%zext_ln15 = zext i8 %kernel_size_read" [../ip/ip6/pooling.cpp:15]   --->   Operation 200 'zext' 'zext_ln15' <Predicate = true> <Delay = 0.00>
ST_26 : Operation 201 [1/1] (3.61ns)   --->   "%mul_ln15 = mul i16 %zext_ln15, i16 %zext_ln15" [../ip/ip6/pooling.cpp:15]   --->   Operation 201 'mul' 'mul_ln15' <Predicate = true> <Delay = 3.61> <CoreInst = "Multiplier">   --->   Core 3 'Multiplier' <Latency = 0> <II = 1> <Delay = 3.61> <FuncUnit> <Opcode : 'mul'> <InPorts = 2> <OutPorts = 1>
ST_26 : Operation 202 [1/1] (0.00ns)   --->   "%zext_ln15_2 = zext i16 %C_in_read" [../ip/ip6/pooling.cpp:15]   --->   Operation 202 'zext' 'zext_ln15_2' <Predicate = true> <Delay = 0.00>
ST_26 : Operation 203 [1/1] (0.00ns)   --->   "%zext_ln15_3 = zext i32 %mul_ln15_1" [../ip/ip6/pooling.cpp:15]   --->   Operation 203 'zext' 'zext_ln15_3' <Predicate = true> <Delay = 0.00>
ST_26 : Operation 204 [1/1] (7.05ns)   --->   "%mul_ln15_2 = mul i48 %zext_ln15_2, i48 %zext_ln15_3" [../ip/ip6/pooling.cpp:15]   --->   Operation 204 'mul' 'mul_ln15_2' <Predicate = true> <Delay = 7.05> <CoreInst = "Multiplier">   --->   Core 3 'Multiplier' <Latency = 0> <II = 1> <Delay = 7.05> <FuncUnit> <Opcode : 'mul'> <InPorts = 2> <OutPorts = 1>
ST_26 : Operation 205 [1/1] (2.13ns)   --->   "%icmp_ln1027 = icmp_eq  i16 %W_out_V, i16 0"   --->   Operation 205 'icmp' 'icmp_ln1027' <Predicate = true> <Delay = 2.13> <CoreInst = "Cmp">   --->   Core 9 'Cmp' <Latency = 0> <II = 1> <Delay = 2.13> <FuncUnit> <Opcode : 'icmp'> <InPorts = 2> <OutPorts = 1>
ST_26 : Operation 206 [1/1] (0.00ns)   --->   "%br_ln48 = br void %for.body24" [../ip/ip6/pooling.cpp:48]   --->   Operation 206 'br' 'br_ln48' <Predicate = true> <Delay = 0.00>

State 27 <SV = 26> <Delay = 1.82>
ST_27 : Operation 207 [1/1] (0.00ns)   --->   "%h_out_1 = load i16 %h_out"   --->   Operation 207 'load' 'h_out_1' <Predicate = true> <Delay = 0.00>
ST_27 : Operation 208 [1/1] (0.00ns)   --->   "%zext_ln1027 = zext i16 %h_out_1"   --->   Operation 208 'zext' 'zext_ln1027' <Predicate = true> <Delay = 0.00>
ST_27 : Operation 209 [1/1] (0.00ns)   --->   "%zext_ln1027_1 = zext i16 %h_out_1"   --->   Operation 209 'zext' 'zext_ln1027_1' <Predicate = true> <Delay = 0.00>
ST_27 : Operation 210 [4/4] (1.82ns) (root node of the DSP)   --->   "%mul_ln1494 = mul i32 %zext_ln1027, i32 %conv_i_i707"   --->   Operation 210 'mul' 'mul_ln1494' <Predicate = true> <Delay = 1.82> <CoreInst = "DSP48">   --->   Core 119 'DSP48' <Latency = 3> <II = 1> <Delay = 1.82> <IPBlock> <Opcode : 'mul' 'add' 'sub' 'select'> <InPorts = 0> <OutPorts = 1> <Sync> <CReg>
ST_27 : Operation 211 [4/4] (1.82ns) (root node of the DSP)   --->   "%empty = mul i24 %zext_ln1027_1, i24 %stride_cast2"   --->   Operation 211 'mul' 'empty' <Predicate = true> <Delay = 1.82> <CoreInst = "DSP48">   --->   Core 119 'DSP48' <Latency = 3> <II = 1> <Delay = 1.82> <IPBlock> <Opcode : 'mul' 'add' 'sub' 'select'> <InPorts = 0> <OutPorts = 1> <Sync> <CReg>

State 28 <SV = 27> <Delay = 1.82>
ST_28 : Operation 212 [3/4] (1.82ns) (root node of the DSP)   --->   "%mul_ln1494 = mul i32 %zext_ln1027, i32 %conv_i_i707"   --->   Operation 212 'mul' 'mul_ln1494' <Predicate = true> <Delay = 1.82> <CoreInst = "DSP48">   --->   Core 119 'DSP48' <Latency = 3> <II = 1> <Delay = 1.82> <IPBlock> <Opcode : 'mul' 'add' 'sub' 'select'> <InPorts = 0> <OutPorts = 1> <Sync> <CReg>
ST_28 : Operation 213 [3/4] (1.82ns) (root node of the DSP)   --->   "%empty = mul i24 %zext_ln1027_1, i24 %stride_cast2"   --->   Operation 213 'mul' 'empty' <Predicate = true> <Delay = 1.82> <CoreInst = "DSP48">   --->   Core 119 'DSP48' <Latency = 3> <II = 1> <Delay = 1.82> <IPBlock> <Opcode : 'mul' 'add' 'sub' 'select'> <InPorts = 0> <OutPorts = 1> <Sync> <CReg>

State 29 <SV = 28> <Delay = 1.82>
ST_29 : Operation 214 [2/4] (1.82ns) (root node of the DSP)   --->   "%mul_ln1494 = mul i32 %zext_ln1027, i32 %conv_i_i707"   --->   Operation 214 'mul' 'mul_ln1494' <Predicate = true> <Delay = 1.82> <CoreInst = "DSP48">   --->   Core 119 'DSP48' <Latency = 3> <II = 1> <Delay = 1.82> <IPBlock> <Opcode : 'mul' 'add' 'sub' 'select'> <InPorts = 0> <OutPorts = 1> <Sync> <CReg>
ST_29 : Operation 215 [2/4] (1.82ns) (root node of the DSP)   --->   "%empty = mul i24 %zext_ln1027_1, i24 %stride_cast2"   --->   Operation 215 'mul' 'empty' <Predicate = true> <Delay = 1.82> <CoreInst = "DSP48">   --->   Core 119 'DSP48' <Latency = 3> <II = 1> <Delay = 1.82> <IPBlock> <Opcode : 'mul' 'add' 'sub' 'select'> <InPorts = 0> <OutPorts = 1> <Sync> <CReg>

State 30 <SV = 29> <Delay = 2.95>
ST_30 : Operation 216 [1/1] (0.00ns)   --->   "%indvar_flatten45_load = load i48 %indvar_flatten45"   --->   Operation 216 'load' 'indvar_flatten45_load' <Predicate = true> <Delay = 0.00>
ST_30 : Operation 217 [1/4] (0.00ns) (root node of the DSP)   --->   "%mul_ln1494 = mul i32 %zext_ln1027, i32 %conv_i_i707"   --->   Operation 217 'mul' 'mul_ln1494' <Predicate = true> <Delay = 0.00> <CoreInst = "DSP48">   --->   Core 119 'DSP48' <Latency = 3> <II = 1> <Delay = 1.82> <IPBlock> <Opcode : 'mul' 'add' 'sub' 'select'> <InPorts = 0> <OutPorts = 1> <Sync> <CReg>
ST_30 : Operation 218 [1/4] (0.00ns) (root node of the DSP)   --->   "%empty = mul i24 %zext_ln1027_1, i24 %stride_cast2"   --->   Operation 218 'mul' 'empty' <Predicate = true> <Delay = 0.00> <CoreInst = "DSP48">   --->   Core 119 'DSP48' <Latency = 3> <II = 1> <Delay = 1.82> <IPBlock> <Opcode : 'mul' 'add' 'sub' 'select'> <InPorts = 0> <OutPorts = 1> <Sync> <CReg>
ST_30 : Operation 219 [1/1] (2.12ns)   --->   "%icmp_ln1027_3 = icmp_eq  i48 %indvar_flatten45_load, i48 %mul_ln15_2"   --->   Operation 219 'icmp' 'icmp_ln1027_3' <Predicate = true> <Delay = 2.12> <CoreInst = "Cmp">   --->   Core 9 'Cmp' <Latency = 0> <II = 1> <Delay = 2.12> <FuncUnit> <Opcode : 'icmp'> <InPorts = 2> <OutPorts = 1>
ST_30 : Operation 220 [1/1] (2.29ns)   --->   "%add_ln1027 = add i48 %indvar_flatten45_load, i48 1"   --->   Operation 220 'add' 'add_ln1027' <Predicate = true> <Delay = 2.29> <CoreInst = "Adder">   --->   Core 1 'Adder' <Latency = 0> <II = 1> <Delay = 2.29> <FuncUnit> <Opcode : 'add' 'sub'> <InPorts = 2> <OutPorts = 1>
ST_30 : Operation 221 [1/1] (0.00ns)   --->   "%br_ln1027 = br i1 %icmp_ln1027_3, void %for.inc135.loopexit, void %for.end137.loopexit"   --->   Operation 221 'br' 'br_ln1027' <Predicate = true> <Delay = 0.00>
ST_30 : Operation 222 [1/1] (0.00ns)   --->   "%w_out_1_load = load i16 %w_out_1"   --->   Operation 222 'load' 'w_out_1_load' <Predicate = (!icmp_ln1027_3)> <Delay = 0.00>
ST_30 : Operation 223 [1/1] (0.00ns)   --->   "%indvar_flatten21_load_1 = load i32 %indvar_flatten21"   --->   Operation 223 'load' 'indvar_flatten21_load_1' <Predicate = (!icmp_ln1027_3)> <Delay = 0.00>
ST_30 : Operation 224 [1/1] (1.96ns)   --->   "%icmp_ln1027_4 = icmp_eq  i32 %indvar_flatten21_load_1, i32 %mul_ln15_1"   --->   Operation 224 'icmp' 'icmp_ln1027_4' <Predicate = (!icmp_ln1027_3)> <Delay = 1.96> <CoreInst = "Cmp">   --->   Core 9 'Cmp' <Latency = 0> <II = 1> <Delay = 1.96> <FuncUnit> <Opcode : 'icmp'> <InPorts = 2> <OutPorts = 1>
ST_30 : Operation 225 [1/1] (2.13ns)   --->   "%icmp_ln1027_5 = icmp_eq  i16 %w_out_1_load, i16 %W_out_V"   --->   Operation 225 'icmp' 'icmp_ln1027_5' <Predicate = (!icmp_ln1027_3)> <Delay = 2.13> <CoreInst = "Cmp">   --->   Core 9 'Cmp' <Latency = 0> <II = 1> <Delay = 2.13> <FuncUnit> <Opcode : 'icmp'> <InPorts = 2> <OutPorts = 1>
ST_30 : Operation 226 [1/1] (0.81ns)   --->   "%select_ln1633_4 = select i1 %icmp_ln1027_4, i1 %icmp_ln1027, i1 %icmp_ln1027_5"   --->   Operation 226 'select' 'select_ln1633_4' <Predicate = (!icmp_ln1027_3)> <Delay = 0.81> <CoreInst = "Sel">   --->   Core 73 'Sel' <Latency = 0> <II = 1> <Delay = 0.81> <FuncUnit> <Opcode : 'select'> <InPorts = 3> <OutPorts = 1>
ST_30 : Operation 227 [1/1] (0.00ns)   --->   "%ret_ln111 = ret" [../ip/ip6/pooling.cpp:111]   --->   Operation 227 'ret' 'ret_ln111' <Predicate = (icmp_ln1027_3)> <Delay = 0.00>

State 31 <SV = 30> <Delay = 3.99>
ST_31 : Operation 228 [1/1] (0.62ns)   --->   "%select_ln1633 = select i1 %icmp_ln1027_4, i16 0, i16 %h_out_1"   --->   Operation 228 'select' 'select_ln1633' <Predicate = true> <Delay = 0.62> <CoreInst = "Sel">   --->   Core 73 'Sel' <Latency = 0> <II = 1> <Delay = 0.62> <FuncUnit> <Opcode : 'select'> <InPorts = 3> <OutPorts = 1>
ST_31 : Operation 229 [1/1] (1.54ns)   --->   "%h_out_3 = add i16 %select_ln1633, i16 1" [../ip/ip6/pooling.cpp:50]   --->   Operation 229 'add' 'h_out_3' <Predicate = true> <Delay = 1.54> <CoreInst = "Adder">   --->   Core 1 'Adder' <Latency = 0> <II = 1> <Delay = 1.54> <FuncUnit> <Opcode : 'add' 'sub'> <InPorts = 2> <OutPorts = 1>
ST_31 : Operation 230 [1/1] (0.00ns)   --->   "%zext_ln1027_3 = zext i16 %h_out_3"   --->   Operation 230 'zext' 'zext_ln1027_3' <Predicate = (select_ln1633_4)> <Delay = 0.00>
ST_31 : Operation 231 [1/1] (0.00ns)   --->   "%zext_ln1027_4 = zext i16 %h_out_3"   --->   Operation 231 'zext' 'zext_ln1027_4' <Predicate = (select_ln1633_4)> <Delay = 0.00>
ST_31 : Operation 232 [4/4] (1.82ns) (root node of the DSP)   --->   "%mul_ln1494_1 = mul i32 %zext_ln1027_3, i32 %conv_i_i707"   --->   Operation 232 'mul' 'mul_ln1494_1' <Predicate = (select_ln1633_4)> <Delay = 1.82> <CoreInst = "DSP48">   --->   Core 119 'DSP48' <Latency = 3> <II = 1> <Delay = 1.82> <IPBlock> <Opcode : 'mul' 'add' 'sub' 'select'> <InPorts = 0> <OutPorts = 1> <Sync> <CReg>
ST_31 : Operation 233 [4/4] (1.82ns) (root node of the DSP)   --->   "%p_mid1 = mul i24 %zext_ln1027_4, i24 %stride_cast2"   --->   Operation 233 'mul' 'p_mid1' <Predicate = (select_ln1633_4)> <Delay = 1.82> <CoreInst = "DSP48">   --->   Core 119 'DSP48' <Latency = 3> <II = 1> <Delay = 1.82> <IPBlock> <Opcode : 'mul' 'add' 'sub' 'select'> <InPorts = 0> <OutPorts = 1> <Sync> <CReg>
ST_31 : Operation 234 [1/1] (0.62ns)   --->   "%select_ln1027_3 = select i1 %select_ln1633_4, i16 %h_out_3, i16 %select_ln1633"   --->   Operation 234 'select' 'select_ln1027_3' <Predicate = true> <Delay = 0.62> <CoreInst = "Sel">   --->   Core 73 'Sel' <Latency = 0> <II = 1> <Delay = 0.62> <FuncUnit> <Opcode : 'select'> <InPorts = 3> <OutPorts = 1>

State 32 <SV = 31> <Delay = 1.82>
ST_32 : Operation 235 [1/1] (0.00ns) (grouped into LUT with out node select_ln1027)   --->   "%or_ln1027 = or i1 %select_ln1633_4, i1 %icmp_ln1027_4"   --->   Operation 235 'or' 'or_ln1027' <Predicate = true> <Delay = 0.00> <CoreInst = "LogicGate">   --->   Core 74 'LogicGate' <Latency = 0> <II = 1> <Delay = 0.80> <FuncUnit> <Opcode : 'and' 'or' 'xor'> <InPorts = 2> <OutPorts = 1>
ST_32 : Operation 236 [1/1] (0.80ns) (out node of the LUT)   --->   "%select_ln1027 = select i1 %or_ln1027, i16 0, i16 %w_out_1_load"   --->   Operation 236 'select' 'select_ln1027' <Predicate = true> <Delay = 0.80> <CoreInst = "Sel">   --->   Core 73 'Sel' <Latency = 0> <II = 1> <Delay = 0.62> <FuncUnit> <Opcode : 'select'> <InPorts = 3> <OutPorts = 1>
ST_32 : Operation 237 [3/4] (1.82ns) (root node of the DSP)   --->   "%mul_ln1494_1 = mul i32 %zext_ln1027_3, i32 %conv_i_i707"   --->   Operation 237 'mul' 'mul_ln1494_1' <Predicate = (select_ln1633_4)> <Delay = 1.82> <CoreInst = "DSP48">   --->   Core 119 'DSP48' <Latency = 3> <II = 1> <Delay = 1.82> <IPBlock> <Opcode : 'mul' 'add' 'sub' 'select'> <InPorts = 0> <OutPorts = 1> <Sync> <CReg>
ST_32 : Operation 238 [3/4] (1.82ns) (root node of the DSP)   --->   "%p_mid1 = mul i24 %zext_ln1027_4, i24 %stride_cast2"   --->   Operation 238 'mul' 'p_mid1' <Predicate = (select_ln1633_4)> <Delay = 1.82> <CoreInst = "DSP48">   --->   Core 119 'DSP48' <Latency = 3> <II = 1> <Delay = 1.82> <IPBlock> <Opcode : 'mul' 'add' 'sub' 'select'> <InPorts = 0> <OutPorts = 1> <Sync> <CReg>
ST_32 : Operation 239 [1/1] (0.00ns)   --->   "%zext_ln1633_2 = zext i16 %select_ln1027"   --->   Operation 239 'zext' 'zext_ln1633_2' <Predicate = true> <Delay = 0.00>
ST_32 : Operation 240 [3/3] (0.98ns) (grouped into DSP with root node sub_ln1496)   --->   "%mul_ln1495 = mul i24 %zext_ln1633_2, i24 %stride_cast2"   --->   Operation 240 'mul' 'mul_ln1495' <Predicate = true> <Delay = 0.98> <CoreInst = "DSP48">   --->   Core 119 'DSP48' <Latency = 3> <II = 1> <Delay = 1.82> <IPBlock> <Opcode : 'mul' 'add' 'sub' 'select'> <InPorts = 0> <OutPorts = 1> <Sync> <CReg>

State 33 <SV = 32> <Delay = 1.82>
ST_33 : Operation 241 [2/4] (1.82ns) (root node of the DSP)   --->   "%mul_ln1494_1 = mul i32 %zext_ln1027_3, i32 %conv_i_i707"   --->   Operation 241 'mul' 'mul_ln1494_1' <Predicate = (select_ln1633_4)> <Delay = 1.82> <CoreInst = "DSP48">   --->   Core 119 'DSP48' <Latency = 3> <II = 1> <Delay = 1.82> <IPBlock> <Opcode : 'mul' 'add' 'sub' 'select'> <InPorts = 0> <OutPorts = 1> <Sync> <CReg>
ST_33 : Operation 242 [2/4] (1.82ns) (root node of the DSP)   --->   "%p_mid1 = mul i24 %zext_ln1027_4, i24 %stride_cast2"   --->   Operation 242 'mul' 'p_mid1' <Predicate = (select_ln1633_4)> <Delay = 1.82> <CoreInst = "DSP48">   --->   Core 119 'DSP48' <Latency = 3> <II = 1> <Delay = 1.82> <IPBlock> <Opcode : 'mul' 'add' 'sub' 'select'> <InPorts = 0> <OutPorts = 1> <Sync> <CReg>
ST_33 : Operation 243 [2/3] (0.98ns) (grouped into DSP with root node sub_ln1496)   --->   "%mul_ln1495 = mul i24 %zext_ln1633_2, i24 %stride_cast2"   --->   Operation 243 'mul' 'mul_ln1495' <Predicate = true> <Delay = 0.98> <CoreInst = "DSP48">   --->   Core 119 'DSP48' <Latency = 3> <II = 1> <Delay = 1.82> <IPBlock> <Opcode : 'mul' 'add' 'sub' 'select'> <InPorts = 0> <OutPorts = 1> <Sync> <CReg>

State 34 <SV = 33> <Delay = 1.89>
ST_34 : Operation 244 [1/1] (0.00ns) (grouped into LUT with out node add_ln1494)   --->   "%select_ln1633_2 = select i1 %icmp_ln1027_4, i32 0, i32 %mul_ln1494"   --->   Operation 244 'select' 'select_ln1633_2' <Predicate = (!select_ln1633_4)> <Delay = 0.00> <CoreInst = "Sel">   --->   Core 73 'Sel' <Latency = 0> <II = 1> <Delay = 0.70> <FuncUnit> <Opcode : 'select'> <InPorts = 3> <OutPorts = 1>
ST_34 : Operation 245 [1/1] (0.00ns) (grouped into LUT with out node sub_ln1027)   --->   "%select_ln1633_3 = select i1 %icmp_ln1027_4, i24 0, i24 %empty"   --->   Operation 245 'select' 'select_ln1633_3' <Predicate = (!select_ln1633_4)> <Delay = 0.00> <CoreInst = "Sel">   --->   Core 73 'Sel' <Latency = 0> <II = 1> <Delay = 1.12> <FuncUnit> <Opcode : 'select'> <InPorts = 3> <OutPorts = 1>
ST_34 : Operation 246 [1/4] (0.00ns) (root node of the DSP)   --->   "%mul_ln1494_1 = mul i32 %zext_ln1027_3, i32 %conv_i_i707"   --->   Operation 246 'mul' 'mul_ln1494_1' <Predicate = (select_ln1633_4)> <Delay = 0.00> <CoreInst = "DSP48">   --->   Core 119 'DSP48' <Latency = 3> <II = 1> <Delay = 1.82> <IPBlock> <Opcode : 'mul' 'add' 'sub' 'select'> <InPorts = 0> <OutPorts = 1> <Sync> <CReg>
ST_34 : Operation 247 [1/1] (0.00ns) (grouped into LUT with out node add_ln1494)   --->   "%select_ln1027_1 = select i1 %select_ln1633_4, i32 %mul_ln1494_1, i32 %select_ln1633_2"   --->   Operation 247 'select' 'select_ln1027_1' <Predicate = true> <Delay = 0.00> <CoreInst = "Sel">   --->   Core 73 'Sel' <Latency = 0> <II = 1> <Delay = 0.70> <FuncUnit> <Opcode : 'select'> <InPorts = 3> <OutPorts = 1>
ST_34 : Operation 248 [1/4] (0.00ns) (root node of the DSP)   --->   "%p_mid1 = mul i24 %zext_ln1027_4, i24 %stride_cast2"   --->   Operation 248 'mul' 'p_mid1' <Predicate = (select_ln1633_4)> <Delay = 0.00> <CoreInst = "DSP48">   --->   Core 119 'DSP48' <Latency = 3> <II = 1> <Delay = 1.82> <IPBlock> <Opcode : 'mul' 'add' 'sub' 'select'> <InPorts = 0> <OutPorts = 1> <Sync> <CReg>
ST_34 : Operation 249 [1/1] (0.00ns) (grouped into LUT with out node sub_ln1027)   --->   "%select_ln1027_2 = select i1 %select_ln1633_4, i24 %p_mid1, i24 %select_ln1633_3"   --->   Operation 249 'select' 'select_ln1027_2' <Predicate = true> <Delay = 0.00> <CoreInst = "Sel">   --->   Core 73 'Sel' <Latency = 0> <II = 1> <Delay = 1.12> <FuncUnit> <Opcode : 'select'> <InPorts = 3> <OutPorts = 1>
ST_34 : Operation 250 [1/1] (0.00ns) (grouped into LUT with out node sub_ln1027)   --->   "%zext_ln1027_5 = zext i24 %select_ln1027_2"   --->   Operation 250 'zext' 'zext_ln1027_5' <Predicate = true> <Delay = 0.00>
ST_34 : Operation 251 [1/1] (1.68ns) (out node of the LUT)   --->   "%sub_ln1027 = sub i25 %zext_ln1027_5, i25 %zext_ln48"   --->   Operation 251 'sub' 'sub_ln1027' <Predicate = true> <Delay = 1.68> <CoreInst = "Adder">   --->   Core 1 'Adder' <Latency = 0> <II = 1> <Delay = 1.68> <FuncUnit> <Opcode : 'add' 'sub'> <InPorts = 2> <OutPorts = 1>
ST_34 : Operation 252 [1/1] (0.00ns) (grouped into LUT with out node add_ln1494)   --->   "%zext_ln1633_1 = zext i16 %select_ln1027"   --->   Operation 252 'zext' 'zext_ln1633_1' <Predicate = true> <Delay = 0.00>
ST_34 : Operation 253 [1/3] (0.00ns) (grouped into DSP with root node sub_ln1496)   --->   "%mul_ln1495 = mul i24 %zext_ln1633_2, i24 %stride_cast2"   --->   Operation 253 'mul' 'mul_ln1495' <Predicate = true> <Delay = 0.00> <CoreInst = "DSP48">   --->   Core 119 'DSP48' <Latency = 3> <II = 1> <Delay = 1.82> <IPBlock> <Opcode : 'mul' 'add' 'sub' 'select'> <InPorts = 0> <OutPorts = 1> <Sync> <CReg>
ST_34 : Operation 254 [1/1] (0.00ns) (grouped into DSP with root node sub_ln1496)   --->   "%zext_ln1494 = zext i24 %mul_ln1495"   --->   Operation 254 'zext' 'zext_ln1494' <Predicate = true> <Delay = 0.00>
ST_34 : Operation 255 [1/1] (1.89ns) (out node of the LUT)   --->   "%add_ln1494 = add i32 %zext_ln1633_1, i32 %select_ln1027_1"   --->   Operation 255 'add' 'add_ln1494' <Predicate = true> <Delay = 1.89> <CoreInst = "Adder">   --->   Core 1 'Adder' <Latency = 0> <II = 1> <Delay = 1.89> <FuncUnit> <Opcode : 'add' 'sub'> <InPorts = 2> <OutPorts = 1>
ST_34 : Operation 256 [2/2] (1.76ns) (root node of the DSP)   --->   "%sub_ln1496 = sub i25 %zext_ln1494, i25 %zext_ln48"   --->   Operation 256 'sub' 'sub_ln1496' <Predicate = true> <Delay = 1.76> <CoreInst = "DSP48">   --->   Core 119 'DSP48' <Latency = 3> <II = 1> <Delay = 1.82> <IPBlock> <Opcode : 'mul' 'add' 'sub' 'select'> <InPorts = 0> <OutPorts = 1> <Sync> <CReg>

State 35 <SV = 34> <Delay = 7.05>
ST_35 : Operation 257 [1/1] (0.00ns)   --->   "%c_load = load i16 %c" [../ip/ip6/pooling.cpp:48]   --->   Operation 257 'load' 'c_load' <Predicate = true> <Delay = 0.00>
ST_35 : Operation 258 [1/1] (1.54ns)   --->   "%add_ln48 = add i16 %c_load, i16 1" [../ip/ip6/pooling.cpp:48]   --->   Operation 258 'add' 'add_ln48' <Predicate = (icmp_ln1027_4)> <Delay = 1.54> <CoreInst = "Adder">   --->   Core 1 'Adder' <Latency = 0> <II = 1> <Delay = 1.54> <FuncUnit> <Opcode : 'add' 'sub'> <InPorts = 2> <OutPorts = 1>
ST_35 : Operation 259 [1/1] (0.62ns)   --->   "%select_ln1633_1 = select i1 %icmp_ln1027_4, i16 %add_ln48, i16 %c_load"   --->   Operation 259 'select' 'select_ln1633_1' <Predicate = true> <Delay = 0.62> <CoreInst = "Sel">   --->   Core 73 'Sel' <Latency = 0> <II = 1> <Delay = 0.62> <FuncUnit> <Opcode : 'select'> <InPorts = 3> <OutPorts = 1>
ST_35 : Operation 260 [1/1] (7.05ns)   --->   "%mul_ln105 = mul i32 %add_ln1494, i32 %conv_i_i721" [../ip/ip6/pooling.cpp:105]   --->   Operation 260 'mul' 'mul_ln105' <Predicate = true> <Delay = 7.05> <CoreInst = "Multiplier">   --->   Core 3 'Multiplier' <Latency = 0> <II = 1> <Delay = 7.05> <FuncUnit> <Opcode : 'mul'> <InPorts = 2> <OutPorts = 1>
ST_35 : Operation 261 [1/2] (1.76ns) (root node of the DSP)   --->   "%sub_ln1496 = sub i25 %zext_ln1494, i25 %zext_ln48"   --->   Operation 261 'sub' 'sub_ln1496' <Predicate = true> <Delay = 1.76> <CoreInst = "DSP48">   --->   Core 119 'DSP48' <Latency = 3> <II = 1> <Delay = 1.82> <IPBlock> <Opcode : 'mul' 'add' 'sub' 'select'> <InPorts = 0> <OutPorts = 1> <Sync> <CReg>

State 36 <SV = 35> <Delay = 6.28>
ST_36 : Operation 262 [1/1] (0.00ns)   --->   "%specloopname_ln0 = specloopname void @_ssdm_op_SpecLoopName, void @VITIS_LOOP_48_1_VITIS_LOOP_50_2_VITIS_LOOP_51_3_str"   --->   Operation 262 'specloopname' 'specloopname_ln0' <Predicate = true> <Delay = 0.00>
ST_36 : Operation 263 [1/1] (0.00ns)   --->   "%empty_28 = speclooptripcount i32 @_ssdm_op_SpecLoopTripCount, i64 0, i64 4261413375, i64 0"   --->   Operation 263 'speclooptripcount' 'empty_28' <Predicate = true> <Delay = 0.00>
ST_36 : Operation 264 [1/1] (0.00ns)   --->   "%zext_ln1633 = zext i16 %select_ln1633_1"   --->   Operation 264 'zext' 'zext_ln1633' <Predicate = true> <Delay = 0.00>
ST_36 : Operation 265 [1/1] (0.00ns)   --->   "%specloopname_ln0 = specloopname void @_ssdm_op_SpecLoopName, void @VITIS_LOOP_50_2_VITIS_LOOP_51_3_str"   --->   Operation 265 'specloopname' 'specloopname_ln0' <Predicate = true> <Delay = 0.00>
ST_36 : Operation 266 [1/1] (0.00ns)   --->   "%specloopname_ln51 = specloopname void @_ssdm_op_SpecLoopName, void @empty_19" [../ip/ip6/pooling.cpp:51]   --->   Operation 266 'specloopname' 'specloopname_ln51' <Predicate = true> <Delay = 0.00>
ST_36 : Operation 267 [1/1] (1.89ns)   --->   "%out_offset = add i32 %mul_ln105, i32 %zext_ln1633" [../ip/ip6/pooling.cpp:105]   --->   Operation 267 'add' 'out_offset' <Predicate = true> <Delay = 1.89> <CoreInst = "Adder">   --->   Core 1 'Adder' <Latency = 0> <II = 1> <Delay = 1.89> <FuncUnit> <Opcode : 'add' 'sub'> <InPorts = 2> <OutPorts = 1>
ST_36 : Operation 268 [1/1] (0.00ns)   --->   "%shl_ln1 = bitconcatenate i34 @_ssdm_op_BitConcatenate.i34.i32.i2, i32 %out_offset, i2 0" [../ip/ip6/pooling.cpp:106]   --->   Operation 268 'bitconcatenate' 'shl_ln1' <Predicate = true> <Delay = 0.00>
ST_36 : Operation 269 [1/1] (0.00ns)   --->   "%sext_ln106 = sext i34 %shl_ln1" [../ip/ip6/pooling.cpp:106]   --->   Operation 269 'sext' 'sext_ln106' <Predicate = true> <Delay = 0.00>
ST_36 : Operation 270 [1/1] (2.69ns)   --->   "%add_ln106 = add i64 %sext_ln106, i64 %feature_out_read" [../ip/ip6/pooling.cpp:106]   --->   Operation 270 'add' 'add_ln106' <Predicate = true> <Delay = 2.69> <CoreInst = "Adder">   --->   Core 1 'Adder' <Latency = 0> <II = 1> <Delay = 2.69> <FuncUnit> <Opcode : 'add' 'sub'> <InPorts = 2> <OutPorts = 1>
ST_36 : Operation 271 [1/1] (0.00ns)   --->   "%trunc_ln1 = partselect i62 @_ssdm_op_PartSelect.i62.i64.i32.i32, i64 %add_ln106, i32 2, i32 63" [../ip/ip6/pooling.cpp:106]   --->   Operation 271 'partselect' 'trunc_ln1' <Predicate = true> <Delay = 0.00>
ST_36 : Operation 272 [1/1] (0.00ns)   --->   "%sext_ln106_1 = sext i62 %trunc_ln1" [../ip/ip6/pooling.cpp:106]   --->   Operation 272 'sext' 'sext_ln106_1' <Predicate = true> <Delay = 0.00>
ST_36 : Operation 273 [1/1] (0.00ns)   --->   "%gmem0_addr = getelementptr i32 %gmem0, i64 %sext_ln106_1" [../ip/ip6/pooling.cpp:106]   --->   Operation 273 'getelementptr' 'gmem0_addr' <Predicate = true> <Delay = 0.00>
ST_36 : Operation 274 [1/1] (0.00ns)   --->   "%br_ln52 = br i1 %pool_type_read, void %for.body33.preheader, void %for.body79.preheader" [../ip/ip6/pooling.cpp:52]   --->   Operation 274 'br' 'br_ln52' <Predicate = true> <Delay = 0.00>
ST_36 : Operation 275 [2/2] (6.28ns)   --->   "%call_ln1027 = call void @pooling_Pipeline_VITIS_LOOP_57_4_VITIS_LOOP_58_5, i32 %gmem0, i25 %sub_ln1027, i16 %H_in_read, i16 %mul_ln15, i8 %kernel_size_read, i16 %W_in_read, i25 %sub_ln1496, i16 %W_in_read, i16 %C_in_read, i16 %select_ln1633_1, i64 %feature_in_read, i32 %p_loc"   --->   Operation 275 'call' 'call_ln1027' <Predicate = (!pool_type_read)> <Delay = 6.28> <CoreType = "Generic">   --->   Core 0 '' <Latency = 0> <II = 1> <Delay = 1.00> <Generic> <Opcode : >
ST_36 : Operation 276 [2/2] (4.56ns)   --->   "%call_ln1027 = call void @pooling_Pipeline_VITIS_LOOP_85_6_VITIS_LOOP_86_7, i32 %gmem0, i25 %sub_ln1027, i16 %H_in_read, i16 %mul_ln15, i8 %kernel_size_read, i16 %W_in_read, i25 %sub_ln1496, i16 %W_in_read, i16 %C_in_read, i16 %select_ln1633_1, i64 %feature_in_read, i32 %count_1_loc, i32 %sum_1_loc"   --->   Operation 276 'call' 'call_ln1027' <Predicate = (pool_type_read)> <Delay = 4.56> <CoreType = "Generic">   --->   Core 0 '' <Latency = 0> <II = 1> <Delay = 1.00> <Generic> <Opcode : >

State 37 <SV = 36> <Delay = 0.00>
ST_37 : Operation 277 [1/2] (0.00ns)   --->   "%call_ln1027 = call void @pooling_Pipeline_VITIS_LOOP_57_4_VITIS_LOOP_58_5, i32 %gmem0, i25 %sub_ln1027, i16 %H_in_read, i16 %mul_ln15, i8 %kernel_size_read, i16 %W_in_read, i25 %sub_ln1496, i16 %W_in_read, i16 %C_in_read, i16 %select_ln1633_1, i64 %feature_in_read, i32 %p_loc"   --->   Operation 277 'call' 'call_ln1027' <Predicate = true> <Delay = 0.00> <CoreType = "Generic">   --->   Core 0 '' <Latency = 0> <II = 1> <Delay = 1.00> <Generic> <Opcode : >

State 38 <SV = 37> <Delay = 0.00>

State 39 <SV = 38> <Delay = 0.00>

State 40 <SV = 39> <Delay = 0.00>

State 41 <SV = 40> <Delay = 0.00>

State 42 <SV = 41> <Delay = 0.00>

State 43 <SV = 42> <Delay = 0.00>

State 44 <SV = 43> <Delay = 0.00>

State 45 <SV = 44> <Delay = 0.00>

State 46 <SV = 45> <Delay = 0.00>

State 47 <SV = 46> <Delay = 0.00>

State 48 <SV = 47> <Delay = 0.00>

State 49 <SV = 48> <Delay = 0.00>

State 50 <SV = 49> <Delay = 0.00>

State 51 <SV = 50> <Delay = 0.00>

State 52 <SV = 51> <Delay = 0.00>

State 53 <SV = 52> <Delay = 0.00>

State 54 <SV = 53> <Delay = 0.00>

State 55 <SV = 54> <Delay = 7.30>
ST_55 : Operation 278 [1/1] (0.00ns)   --->   "%p_loc_load = load i32 %p_loc"   --->   Operation 278 'load' 'p_loc_load' <Predicate = (!pool_type_read)> <Delay = 0.00>
ST_55 : Operation 279 [1/1] (1.29ns)   --->   "%br_ln0 = br void %for.inc129"   --->   Operation 279 'br' 'br_ln0' <Predicate = (!pool_type_read)> <Delay = 1.29>
ST_55 : Operation 280 [1/1] (1.29ns)   --->   "%br_ln104 = br void %cond.end" [../ip/ip6/pooling.cpp:104]   --->   Operation 280 'br' 'br_ln104' <Predicate = (pool_type_read & icmp_ln104)> <Delay = 1.29>
ST_55 : Operation 281 [1/1] (0.00ns)   --->   "%avg_val = phi i32 %div, void %cond.true, i32 0, void %for.body79.preheader" [../ip/ip6/pooling.cpp:104]   --->   Operation 281 'phi' 'avg_val' <Predicate = (pool_type_read)> <Delay = 0.00>
ST_55 : Operation 282 [1/1] (0.00ns)   --->   "%bitcast_ln106 = bitcast i32 %avg_val" [../ip/ip6/pooling.cpp:106]   --->   Operation 282 'bitcast' 'bitcast_ln106' <Predicate = (pool_type_read)> <Delay = 0.00>
ST_55 : Operation 283 [1/1] (1.29ns)   --->   "%br_ln0 = br void %for.inc129"   --->   Operation 283 'br' 'br_ln0' <Predicate = (pool_type_read)> <Delay = 1.29>
ST_55 : Operation 284 [1/1] (0.00ns)   --->   "%indvar_flatten21_load = load i32 %indvar_flatten21"   --->   Operation 284 'load' 'indvar_flatten21_load' <Predicate = (!icmp_ln1027_4)> <Delay = 0.00>
ST_55 : Operation 285 [1/1] (7.30ns)   --->   "%gmem0_addr_req = writereq i1 @_ssdm_op_WriteReq.m_axi.i32P1A, i32 %gmem0_addr, i32 1" [../ip/ip6/pooling.cpp:106]   --->   Operation 285 'writereq' 'gmem0_addr_req' <Predicate = true> <Delay = 7.30> <CoreInst = "m_axi">   --->   Core 113 'm_axi' <Latency = 0> <II = 1> <Delay = 1.00> <Adapter> <Opcode : 'read' 'write' 'readreq' 'writereq' 'writeresp'>
ST_55 : Operation 286 [1/1] (1.54ns)   --->   "%w_out = add i16 %select_ln1027, i16 1" [../ip/ip6/pooling.cpp:51]   --->   Operation 286 'add' 'w_out' <Predicate = true> <Delay = 1.54> <CoreInst = "Adder">   --->   Core 1 'Adder' <Latency = 0> <II = 1> <Delay = 1.54> <FuncUnit> <Opcode : 'add' 'sub'> <InPorts = 2> <OutPorts = 1>
ST_55 : Operation 287 [1/1] (1.89ns)   --->   "%add_ln1027_1 = add i32 %indvar_flatten21_load, i32 1"   --->   Operation 287 'add' 'add_ln1027_1' <Predicate = (!icmp_ln1027_4)> <Delay = 1.89> <CoreInst = "Adder">   --->   Core 1 'Adder' <Latency = 0> <II = 1> <Delay = 1.89> <FuncUnit> <Opcode : 'add' 'sub'> <InPorts = 2> <OutPorts = 1>
ST_55 : Operation 288 [1/1] (0.70ns)   --->   "%select_ln1027_9 = select i1 %icmp_ln1027_4, i32 1, i32 %add_ln1027_1"   --->   Operation 288 'select' 'select_ln1027_9' <Predicate = true> <Delay = 0.70> <CoreInst = "Sel">   --->   Core 73 'Sel' <Latency = 0> <II = 1> <Delay = 0.70> <FuncUnit> <Opcode : 'select'> <InPorts = 3> <OutPorts = 1>
ST_55 : Operation 289 [1/1] (1.29ns)   --->   "%store_ln51 = store i48 %add_ln1027, i48 %indvar_flatten45" [../ip/ip6/pooling.cpp:51]   --->   Operation 289 'store' 'store_ln51' <Predicate = true> <Delay = 1.29>
ST_55 : Operation 290 [1/1] (1.29ns)   --->   "%store_ln51 = store i16 %select_ln1633_1, i16 %c" [../ip/ip6/pooling.cpp:51]   --->   Operation 290 'store' 'store_ln51' <Predicate = true> <Delay = 1.29>
ST_55 : Operation 291 [1/1] (1.29ns)   --->   "%store_ln51 = store i32 %select_ln1027_9, i32 %indvar_flatten21" [../ip/ip6/pooling.cpp:51]   --->   Operation 291 'store' 'store_ln51' <Predicate = true> <Delay = 1.29>
ST_55 : Operation 292 [1/1] (1.29ns)   --->   "%store_ln51 = store i16 %select_ln1027_3, i16 %h_out" [../ip/ip6/pooling.cpp:51]   --->   Operation 292 'store' 'store_ln51' <Predicate = true> <Delay = 1.29>
ST_55 : Operation 293 [1/1] (1.29ns)   --->   "%store_ln51 = store i16 %w_out, i16 %w_out_1" [../ip/ip6/pooling.cpp:51]   --->   Operation 293 'store' 'store_ln51' <Predicate = true> <Delay = 1.29>

State 56 <SV = 36> <Delay = 0.00>
ST_56 : Operation 294 [1/2] (0.00ns)   --->   "%call_ln1027 = call void @pooling_Pipeline_VITIS_LOOP_85_6_VITIS_LOOP_86_7, i32 %gmem0, i25 %sub_ln1027, i16 %H_in_read, i16 %mul_ln15, i8 %kernel_size_read, i16 %W_in_read, i25 %sub_ln1496, i16 %W_in_read, i16 %C_in_read, i16 %select_ln1633_1, i64 %feature_in_read, i32 %count_1_loc, i32 %sum_1_loc"   --->   Operation 294 'call' 'call_ln1027' <Predicate = true> <Delay = 0.00> <CoreType = "Generic">   --->   Core 0 '' <Latency = 0> <II = 1> <Delay = 1.00> <Generic> <Opcode : >

State 57 <SV = 37> <Delay = 7.14>
ST_57 : Operation 295 [1/1] (0.00ns)   --->   "%count_1_loc_load = load i32 %count_1_loc"   --->   Operation 295 'load' 'count_1_loc_load' <Predicate = true> <Delay = 0.00>
ST_57 : Operation 296 [1/1] (0.00ns)   --->   "%sum_1_loc_load = load i32 %sum_1_loc"   --->   Operation 296 'load' 'sum_1_loc_load' <Predicate = true> <Delay = 0.00>
ST_57 : Operation 297 [1/1] (1.96ns)   --->   "%icmp_ln104 = icmp_sgt  i32 %count_1_loc_load, i32 0" [../ip/ip6/pooling.cpp:104]   --->   Operation 297 'icmp' 'icmp_ln104' <Predicate = true> <Delay = 1.96> <CoreInst = "Cmp">   --->   Core 9 'Cmp' <Latency = 0> <II = 1> <Delay = 1.96> <FuncUnit> <Opcode : 'icmp'> <InPorts = 2> <OutPorts = 1>
ST_57 : Operation 298 [1/1] (1.29ns)   --->   "%br_ln104 = br i1 %icmp_ln104, void %cond.end, void %cond.true" [../ip/ip6/pooling.cpp:104]   --->   Operation 298 'br' 'br_ln104' <Predicate = true> <Delay = 1.29>
ST_57 : Operation 299 [5/5] (7.14ns)   --->   "%conv1 = sitofp i32 %count_1_loc_load" [../ip/ip6/pooling.cpp:104]   --->   Operation 299 'sitofp' 'conv1' <Predicate = (icmp_ln104)> <Delay = 7.14> <CoreInst = "Int2Float">   --->   Core 62 'Int2Float' <Latency = 4> <II = 1> <Delay = 7.14> <FuncUnit> <Opcode : 'sitofp' 'uitofp'> <InPorts = 1> <OutPorts = 1>

State 58 <SV = 38> <Delay = 7.14>
ST_58 : Operation 300 [4/5] (7.14ns)   --->   "%conv1 = sitofp i32 %count_1_loc_load" [../ip/ip6/pooling.cpp:104]   --->   Operation 300 'sitofp' 'conv1' <Predicate = true> <Delay = 7.14> <CoreInst = "Int2Float">   --->   Core 62 'Int2Float' <Latency = 4> <II = 1> <Delay = 7.14> <FuncUnit> <Opcode : 'sitofp' 'uitofp'> <InPorts = 1> <OutPorts = 1>

State 59 <SV = 39> <Delay = 7.14>
ST_59 : Operation 301 [3/5] (7.14ns)   --->   "%conv1 = sitofp i32 %count_1_loc_load" [../ip/ip6/pooling.cpp:104]   --->   Operation 301 'sitofp' 'conv1' <Predicate = true> <Delay = 7.14> <CoreInst = "Int2Float">   --->   Core 62 'Int2Float' <Latency = 4> <II = 1> <Delay = 7.14> <FuncUnit> <Opcode : 'sitofp' 'uitofp'> <InPorts = 1> <OutPorts = 1>

State 60 <SV = 40> <Delay = 7.14>
ST_60 : Operation 302 [2/5] (7.14ns)   --->   "%conv1 = sitofp i32 %count_1_loc_load" [../ip/ip6/pooling.cpp:104]   --->   Operation 302 'sitofp' 'conv1' <Predicate = true> <Delay = 7.14> <CoreInst = "Int2Float">   --->   Core 62 'Int2Float' <Latency = 4> <II = 1> <Delay = 7.14> <FuncUnit> <Opcode : 'sitofp' 'uitofp'> <InPorts = 1> <OutPorts = 1>

State 61 <SV = 41> <Delay = 7.14>
ST_61 : Operation 303 [1/5] (7.14ns)   --->   "%conv1 = sitofp i32 %count_1_loc_load" [../ip/ip6/pooling.cpp:104]   --->   Operation 303 'sitofp' 'conv1' <Predicate = true> <Delay = 7.14> <CoreInst = "Int2Float">   --->   Core 62 'Int2Float' <Latency = 4> <II = 1> <Delay = 7.14> <FuncUnit> <Opcode : 'sitofp' 'uitofp'> <InPorts = 1> <OutPorts = 1>

State 62 <SV = 42> <Delay = 7.19>
ST_62 : Operation 304 [12/12] (7.19ns)   --->   "%div = fdiv i32 %sum_1_loc_load, i32 %conv1" [../ip/ip6/pooling.cpp:104]   --->   Operation 304 'fdiv' 'div' <Predicate = true> <Delay = 7.19> <CoreInst = "FDiv">   --->   Core 20 'FDiv' <Latency = 11> <II = 1> <Delay = 7.19> <FuncUnit> <Opcode : 'fdiv' 'frem'> <InPorts = 2> <OutPorts = 1>

State 63 <SV = 43> <Delay = 7.19>
ST_63 : Operation 305 [11/12] (7.19ns)   --->   "%div = fdiv i32 %sum_1_loc_load, i32 %conv1" [../ip/ip6/pooling.cpp:104]   --->   Operation 305 'fdiv' 'div' <Predicate = true> <Delay = 7.19> <CoreInst = "FDiv">   --->   Core 20 'FDiv' <Latency = 11> <II = 1> <Delay = 7.19> <FuncUnit> <Opcode : 'fdiv' 'frem'> <InPorts = 2> <OutPorts = 1>

State 64 <SV = 44> <Delay = 7.19>
ST_64 : Operation 306 [10/12] (7.19ns)   --->   "%div = fdiv i32 %sum_1_loc_load, i32 %conv1" [../ip/ip6/pooling.cpp:104]   --->   Operation 306 'fdiv' 'div' <Predicate = true> <Delay = 7.19> <CoreInst = "FDiv">   --->   Core 20 'FDiv' <Latency = 11> <II = 1> <Delay = 7.19> <FuncUnit> <Opcode : 'fdiv' 'frem'> <InPorts = 2> <OutPorts = 1>

State 65 <SV = 45> <Delay = 7.19>
ST_65 : Operation 307 [9/12] (7.19ns)   --->   "%div = fdiv i32 %sum_1_loc_load, i32 %conv1" [../ip/ip6/pooling.cpp:104]   --->   Operation 307 'fdiv' 'div' <Predicate = true> <Delay = 7.19> <CoreInst = "FDiv">   --->   Core 20 'FDiv' <Latency = 11> <II = 1> <Delay = 7.19> <FuncUnit> <Opcode : 'fdiv' 'frem'> <InPorts = 2> <OutPorts = 1>

State 66 <SV = 46> <Delay = 7.19>
ST_66 : Operation 308 [8/12] (7.19ns)   --->   "%div = fdiv i32 %sum_1_loc_load, i32 %conv1" [../ip/ip6/pooling.cpp:104]   --->   Operation 308 'fdiv' 'div' <Predicate = true> <Delay = 7.19> <CoreInst = "FDiv">   --->   Core 20 'FDiv' <Latency = 11> <II = 1> <Delay = 7.19> <FuncUnit> <Opcode : 'fdiv' 'frem'> <InPorts = 2> <OutPorts = 1>

State 67 <SV = 47> <Delay = 7.19>
ST_67 : Operation 309 [7/12] (7.19ns)   --->   "%div = fdiv i32 %sum_1_loc_load, i32 %conv1" [../ip/ip6/pooling.cpp:104]   --->   Operation 309 'fdiv' 'div' <Predicate = true> <Delay = 7.19> <CoreInst = "FDiv">   --->   Core 20 'FDiv' <Latency = 11> <II = 1> <Delay = 7.19> <FuncUnit> <Opcode : 'fdiv' 'frem'> <InPorts = 2> <OutPorts = 1>

State 68 <SV = 48> <Delay = 7.19>
ST_68 : Operation 310 [6/12] (7.19ns)   --->   "%div = fdiv i32 %sum_1_loc_load, i32 %conv1" [../ip/ip6/pooling.cpp:104]   --->   Operation 310 'fdiv' 'div' <Predicate = true> <Delay = 7.19> <CoreInst = "FDiv">   --->   Core 20 'FDiv' <Latency = 11> <II = 1> <Delay = 7.19> <FuncUnit> <Opcode : 'fdiv' 'frem'> <InPorts = 2> <OutPorts = 1>

State 69 <SV = 49> <Delay = 7.19>
ST_69 : Operation 311 [5/12] (7.19ns)   --->   "%div = fdiv i32 %sum_1_loc_load, i32 %conv1" [../ip/ip6/pooling.cpp:104]   --->   Operation 311 'fdiv' 'div' <Predicate = true> <Delay = 7.19> <CoreInst = "FDiv">   --->   Core 20 'FDiv' <Latency = 11> <II = 1> <Delay = 7.19> <FuncUnit> <Opcode : 'fdiv' 'frem'> <InPorts = 2> <OutPorts = 1>

State 70 <SV = 50> <Delay = 7.19>
ST_70 : Operation 312 [4/12] (7.19ns)   --->   "%div = fdiv i32 %sum_1_loc_load, i32 %conv1" [../ip/ip6/pooling.cpp:104]   --->   Operation 312 'fdiv' 'div' <Predicate = true> <Delay = 7.19> <CoreInst = "FDiv">   --->   Core 20 'FDiv' <Latency = 11> <II = 1> <Delay = 7.19> <FuncUnit> <Opcode : 'fdiv' 'frem'> <InPorts = 2> <OutPorts = 1>

State 71 <SV = 51> <Delay = 7.19>
ST_71 : Operation 313 [3/12] (7.19ns)   --->   "%div = fdiv i32 %sum_1_loc_load, i32 %conv1" [../ip/ip6/pooling.cpp:104]   --->   Operation 313 'fdiv' 'div' <Predicate = true> <Delay = 7.19> <CoreInst = "FDiv">   --->   Core 20 'FDiv' <Latency = 11> <II = 1> <Delay = 7.19> <FuncUnit> <Opcode : 'fdiv' 'frem'> <InPorts = 2> <OutPorts = 1>

State 72 <SV = 52> <Delay = 7.19>
ST_72 : Operation 314 [2/12] (7.19ns)   --->   "%div = fdiv i32 %sum_1_loc_load, i32 %conv1" [../ip/ip6/pooling.cpp:104]   --->   Operation 314 'fdiv' 'div' <Predicate = true> <Delay = 7.19> <CoreInst = "FDiv">   --->   Core 20 'FDiv' <Latency = 11> <II = 1> <Delay = 7.19> <FuncUnit> <Opcode : 'fdiv' 'frem'> <InPorts = 2> <OutPorts = 1>

State 73 <SV = 53> <Delay = 7.19>
ST_73 : Operation 315 [1/12] (7.19ns)   --->   "%div = fdiv i32 %sum_1_loc_load, i32 %conv1" [../ip/ip6/pooling.cpp:104]   --->   Operation 315 'fdiv' 'div' <Predicate = true> <Delay = 7.19> <CoreInst = "FDiv">   --->   Core 20 'FDiv' <Latency = 11> <II = 1> <Delay = 7.19> <FuncUnit> <Opcode : 'fdiv' 'frem'> <InPorts = 2> <OutPorts = 1>

State 74 <SV = 55> <Delay = 7.30>
ST_74 : Operation 316 [1/1] (0.00ns)   --->   "%storemerge = phi i32 %bitcast_ln106, void %cond.end, i32 %p_loc_load, void %for.body33.preheader" [../ip/ip6/pooling.cpp:106]   --->   Operation 316 'phi' 'storemerge' <Predicate = true> <Delay = 0.00>
ST_74 : Operation 317 [1/1] (7.30ns)   --->   "%write_ln106 = write void @_ssdm_op_Write.m_axi.i32P1A, i32 %gmem0_addr, i32 %storemerge, i4 15" [../ip/ip6/pooling.cpp:106]   --->   Operation 317 'write' 'write_ln106' <Predicate = true> <Delay = 7.30> <CoreInst = "m_axi">   --->   Core 113 'm_axi' <Latency = 0> <II = 1> <Delay = 1.00> <Adapter> <Opcode : 'read' 'write' 'readreq' 'writereq' 'writeresp'>

State 75 <SV = 56> <Delay = 7.30>
ST_75 : Operation 318 [5/5] (7.30ns)   --->   "%gmem0_addr_resp = writeresp i1 @_ssdm_op_WriteResp.m_axi.i32P1A, i32 %gmem0_addr" [../ip/ip6/pooling.cpp:106]   --->   Operation 318 'writeresp' 'gmem0_addr_resp' <Predicate = true> <Delay = 7.30> <CoreInst = "m_axi">   --->   Core 113 'm_axi' <Latency = 0> <II = 1> <Delay = 1.00> <Adapter> <Opcode : 'read' 'write' 'readreq' 'writereq' 'writeresp'>

State 76 <SV = 57> <Delay = 7.30>
ST_76 : Operation 319 [4/5] (7.30ns)   --->   "%gmem0_addr_resp = writeresp i1 @_ssdm_op_WriteResp.m_axi.i32P1A, i32 %gmem0_addr" [../ip/ip6/pooling.cpp:106]   --->   Operation 319 'writeresp' 'gmem0_addr_resp' <Predicate = true> <Delay = 7.30> <CoreInst = "m_axi">   --->   Core 113 'm_axi' <Latency = 0> <II = 1> <Delay = 1.00> <Adapter> <Opcode : 'read' 'write' 'readreq' 'writereq' 'writeresp'>

State 77 <SV = 58> <Delay = 7.30>
ST_77 : Operation 320 [3/5] (7.30ns)   --->   "%gmem0_addr_resp = writeresp i1 @_ssdm_op_WriteResp.m_axi.i32P1A, i32 %gmem0_addr" [../ip/ip6/pooling.cpp:106]   --->   Operation 320 'writeresp' 'gmem0_addr_resp' <Predicate = true> <Delay = 7.30> <CoreInst = "m_axi">   --->   Core 113 'm_axi' <Latency = 0> <II = 1> <Delay = 1.00> <Adapter> <Opcode : 'read' 'write' 'readreq' 'writereq' 'writeresp'>

State 78 <SV = 59> <Delay = 7.30>
ST_78 : Operation 321 [2/5] (7.30ns)   --->   "%gmem0_addr_resp = writeresp i1 @_ssdm_op_WriteResp.m_axi.i32P1A, i32 %gmem0_addr" [../ip/ip6/pooling.cpp:106]   --->   Operation 321 'writeresp' 'gmem0_addr_resp' <Predicate = true> <Delay = 7.30> <CoreInst = "m_axi">   --->   Core 113 'm_axi' <Latency = 0> <II = 1> <Delay = 1.00> <Adapter> <Opcode : 'read' 'write' 'readreq' 'writereq' 'writeresp'>

State 79 <SV = 60> <Delay = 7.30>
ST_79 : Operation 322 [1/5] (7.30ns)   --->   "%gmem0_addr_resp = writeresp i1 @_ssdm_op_WriteResp.m_axi.i32P1A, i32 %gmem0_addr" [../ip/ip6/pooling.cpp:106]   --->   Operation 322 'writeresp' 'gmem0_addr_resp' <Predicate = true> <Delay = 7.30> <CoreInst = "m_axi">   --->   Core 113 'm_axi' <Latency = 0> <II = 1> <Delay = 1.00> <Adapter> <Opcode : 'read' 'write' 'readreq' 'writereq' 'writeresp'>
ST_79 : Operation 323 [1/1] (0.00ns)   --->   "%br_ln51 = br void %for.body24" [../ip/ip6/pooling.cpp:51]   --->   Operation 323 'br' 'br_ln51' <Predicate = true> <Delay = 0.00>


============================================================
+ Verbose Summary: Timing violations
============================================================
Target clock period: 10ns, clock uncertainty: 2.7ns.

 <State 1>: 7.16ns
The critical path consists of the following:
	s_axi read operation ('padding_read') on port 'padding' [19]  (1 ns)
	'add' operation ('add_ln1496') [60]  (1.54 ns)
	'sub' operation ('sub_ln1513') [63]  (1.55 ns)
	'sdiv' operation ('sdiv_ln1513') [65]  (3.06 ns)

 <State 2>: 3.06ns
The critical path consists of the following:
	'sdiv' operation ('sdiv_ln1513') [65]  (3.06 ns)

 <State 3>: 3.06ns
The critical path consists of the following:
	'sdiv' operation ('sdiv_ln1513') [65]  (3.06 ns)

 <State 4>: 3.06ns
The critical path consists of the following:
	'sdiv' operation ('sdiv_ln1513') [65]  (3.06 ns)

 <State 5>: 3.06ns
The critical path consists of the following:
	'sdiv' operation ('sdiv_ln1513') [65]  (3.06 ns)

 <State 6>: 3.06ns
The critical path consists of the following:
	'sdiv' operation ('sdiv_ln1513') [65]  (3.06 ns)

 <State 7>: 3.06ns
The critical path consists of the following:
	'sdiv' operation ('sdiv_ln1513') [65]  (3.06 ns)

 <State 8>: 3.06ns
The critical path consists of the following:
	'sdiv' operation ('sdiv_ln1513') [65]  (3.06 ns)

 <State 9>: 3.06ns
The critical path consists of the following:
	'sdiv' operation ('sdiv_ln1513') [65]  (3.06 ns)

 <State 10>: 3.06ns
The critical path consists of the following:
	'sdiv' operation ('sdiv_ln1513') [65]  (3.06 ns)

 <State 11>: 3.06ns
The critical path consists of the following:
	'sdiv' operation ('sdiv_ln1513') [65]  (3.06 ns)

 <State 12>: 3.06ns
The critical path consists of the following:
	'sdiv' operation ('sdiv_ln1513') [65]  (3.06 ns)

 <State 13>: 3.06ns
The critical path consists of the following:
	'sdiv' operation ('sdiv_ln1513') [65]  (3.06 ns)

 <State 14>: 3.06ns
The critical path consists of the following:
	'sdiv' operation ('sdiv_ln1513') [65]  (3.06 ns)

 <State 15>: 3.06ns
The critical path consists of the following:
	'sdiv' operation ('sdiv_ln1513') [65]  (3.06 ns)

 <State 16>: 3.06ns
The critical path consists of the following:
	'sdiv' operation ('sdiv_ln1513') [65]  (3.06 ns)

 <State 17>: 3.06ns
The critical path consists of the following:
	'sdiv' operation ('sdiv_ln1513') [65]  (3.06 ns)

 <State 18>: 3.06ns
The critical path consists of the following:
	'sdiv' operation ('sdiv_ln1513') [65]  (3.06 ns)

 <State 19>: 3.06ns
The critical path consists of the following:
	'sdiv' operation ('sdiv_ln1513') [65]  (3.06 ns)

 <State 20>: 3.06ns
The critical path consists of the following:
	'sdiv' operation ('sdiv_ln1513') [65]  (3.06 ns)

 <State 21>: 3.06ns
The critical path consists of the following:
	'sdiv' operation ('sdiv_ln1513') [65]  (3.06 ns)

 <State 22>: 6.43ns
The critical path consists of the following:
	'sdiv' operation ('sdiv_ln1513') [65]  (3.06 ns)
	'add' operation ('H_out.V') [67]  (1.54 ns)
	'mul' operation of DSP[82] ('mul_ln15_1', ../ip/ip6/pooling.cpp:15) [82]  (1.82 ns)

 <State 23>: 1.82ns
The critical path consists of the following:
	'mul' operation of DSP[82] ('mul_ln15_1', ../ip/ip6/pooling.cpp:15) [82]  (1.82 ns)

 <State 24>: 1.82ns
The critical path consists of the following:
	'mul' operation of DSP[82] ('mul_ln15_1', ../ip/ip6/pooling.cpp:15) [82]  (1.82 ns)

 <State 25>: 0ns
The critical path consists of the following:

 <State 26>: 7.05ns
The critical path consists of the following:
	'mul' operation ('mul_ln15_2', ../ip/ip6/pooling.cpp:15) [85]  (7.05 ns)

 <State 27>: 1.82ns
The critical path consists of the following:
	'load' operation ('h_out') on local variable 'h_out' [94]  (0 ns)
	'mul' operation of DSP[98] ('mul_ln1494') [98]  (1.82 ns)

 <State 28>: 1.82ns
The critical path consists of the following:
	'mul' operation of DSP[98] ('mul_ln1494') [98]  (1.82 ns)

 <State 29>: 1.82ns
The critical path consists of the following:
	'mul' operation of DSP[98] ('mul_ln1494') [98]  (1.82 ns)

 <State 30>: 2.95ns
The critical path consists of the following:
	'load' operation ('w_out_1_load') on local variable 'i_op' [104]  (0 ns)
	'icmp' operation ('icmp_ln1027_5') [116]  (2.14 ns)
	'select' operation ('select_ln1633_4') [117]  (0.813 ns)

 <State 31>: 3.99ns
The critical path consists of the following:
	'select' operation ('select_ln1633') [110]  (0.627 ns)
	'add' operation ('h_out_3', ../ip/ip6/pooling.cpp:50) [118]  (1.54 ns)
	'mul' operation of DSP[124] ('mul_ln1494_1') [124]  (1.82 ns)

 <State 32>: 1.82ns
The critical path consists of the following:
	'mul' operation of DSP[124] ('mul_ln1494_1') [124]  (1.82 ns)

 <State 33>: 1.82ns
The critical path consists of the following:
	'mul' operation of DSP[124] ('mul_ln1494_1') [124]  (1.82 ns)

 <State 34>: 1.9ns
The critical path consists of the following:
	'select' operation ('select_ln1633_2') [114]  (0 ns)
	'select' operation ('select_ln1027_1') [125]  (0 ns)
	'add' operation ('add_ln1494') [136]  (1.9 ns)

 <State 35>: 7.05ns
The critical path consists of the following:
	'mul' operation ('mul_ln105', ../ip/ip6/pooling.cpp:105) [137]  (7.05 ns)

 <State 36>: 6.29ns
The critical path consists of the following:
	'call' operation ('call_ln1027') to 'pooling_Pipeline_VITIS_LOOP_57_4_VITIS_LOOP_58_5' [148]  (6.29 ns)

 <State 37>: 0ns
The critical path consists of the following:

 <State 38>: 0ns
The critical path consists of the following:

 <State 39>: 0ns
The critical path consists of the following:

 <State 40>: 0ns
The critical path consists of the following:

 <State 41>: 0ns
The critical path consists of the following:

 <State 42>: 0ns
The critical path consists of the following:

 <State 43>: 0ns
The critical path consists of the following:

 <State 44>: 0ns
The critical path consists of the following:

 <State 45>: 0ns
The critical path consists of the following:

 <State 46>: 0ns
The critical path consists of the following:

 <State 47>: 0ns
The critical path consists of the following:

 <State 48>: 0ns
The critical path consists of the following:

 <State 49>: 0ns
The critical path consists of the following:

 <State 50>: 0ns
The critical path consists of the following:

 <State 51>: 0ns
The critical path consists of the following:

 <State 52>: 0ns
The critical path consists of the following:

 <State 53>: 0ns
The critical path consists of the following:

 <State 54>: 0ns
The critical path consists of the following:

 <State 55>: 7.3ns
The critical path consists of the following:
	bus request operation ('gmem0_addr_req', ../ip/ip6/pooling.cpp:106) on port 'gmem0' (../ip/ip6/pooling.cpp:106) [168]  (7.3 ns)

 <State 56>: 0ns
The critical path consists of the following:

 <State 57>: 7.14ns
The critical path consists of the following:
	'load' operation ('count_1_loc_load') on local variable 'count_1_loc' [153]  (0 ns)
	'sitofp' operation ('conv1', ../ip/ip6/pooling.cpp:104) [158]  (7.14 ns)

 <State 58>: 7.14ns
The critical path consists of the following:
	'sitofp' operation ('conv1', ../ip/ip6/pooling.cpp:104) [158]  (7.14 ns)

 <State 59>: 7.14ns
The critical path consists of the following:
	'sitofp' operation ('conv1', ../ip/ip6/pooling.cpp:104) [158]  (7.14 ns)

 <State 60>: 7.14ns
The critical path consists of the following:
	'sitofp' operation ('conv1', ../ip/ip6/pooling.cpp:104) [158]  (7.14 ns)

 <State 61>: 7.14ns
The critical path consists of the following:
	'sitofp' operation ('conv1', ../ip/ip6/pooling.cpp:104) [158]  (7.14 ns)

 <State 62>: 7.2ns
The critical path consists of the following:
	'fdiv' operation ('div', ../ip/ip6/pooling.cpp:104) [159]  (7.2 ns)

 <State 63>: 7.2ns
The critical path consists of the following:
	'fdiv' operation ('div', ../ip/ip6/pooling.cpp:104) [159]  (7.2 ns)

 <State 64>: 7.2ns
The critical path consists of the following:
	'fdiv' operation ('div', ../ip/ip6/pooling.cpp:104) [159]  (7.2 ns)

 <State 65>: 7.2ns
The critical path consists of the following:
	'fdiv' operation ('div', ../ip/ip6/pooling.cpp:104) [159]  (7.2 ns)

 <State 66>: 7.2ns
The critical path consists of the following:
	'fdiv' operation ('div', ../ip/ip6/pooling.cpp:104) [159]  (7.2 ns)

 <State 67>: 7.2ns
The critical path consists of the following:
	'fdiv' operation ('div', ../ip/ip6/pooling.cpp:104) [159]  (7.2 ns)

 <State 68>: 7.2ns
The critical path consists of the following:
	'fdiv' operation ('div', ../ip/ip6/pooling.cpp:104) [159]  (7.2 ns)

 <State 69>: 7.2ns
The critical path consists of the following:
	'fdiv' operation ('div', ../ip/ip6/pooling.cpp:104) [159]  (7.2 ns)

 <State 70>: 7.2ns
The critical path consists of the following:
	'fdiv' operation ('div', ../ip/ip6/pooling.cpp:104) [159]  (7.2 ns)

 <State 71>: 7.2ns
The critical path consists of the following:
	'fdiv' operation ('div', ../ip/ip6/pooling.cpp:104) [159]  (7.2 ns)

 <State 72>: 7.2ns
The critical path consists of the following:
	'fdiv' operation ('div', ../ip/ip6/pooling.cpp:104) [159]  (7.2 ns)

 <State 73>: 7.2ns
The critical path consists of the following:
	'fdiv' operation ('div', ../ip/ip6/pooling.cpp:104) [159]  (7.2 ns)

 <State 74>: 7.3ns
The critical path consists of the following:
	'phi' operation ('storemerge', ../ip/ip6/pooling.cpp:106) with incoming values : ('p_loc_load') ('bitcast_ln106', ../ip/ip6/pooling.cpp:106) [166]  (0 ns)
	bus write operation ('write_ln106', ../ip/ip6/pooling.cpp:106) on port 'gmem0' (../ip/ip6/pooling.cpp:106) [169]  (7.3 ns)

 <State 75>: 7.3ns
The critical path consists of the following:
	bus response operation ('gmem0_addr_resp', ../ip/ip6/pooling.cpp:106) on port 'gmem0' (../ip/ip6/pooling.cpp:106) [170]  (7.3 ns)

 <State 76>: 7.3ns
The critical path consists of the following:
	bus response operation ('gmem0_addr_resp', ../ip/ip6/pooling.cpp:106) on port 'gmem0' (../ip/ip6/pooling.cpp:106) [170]  (7.3 ns)

 <State 77>: 7.3ns
The critical path consists of the following:
	bus response operation ('gmem0_addr_resp', ../ip/ip6/pooling.cpp:106) on port 'gmem0' (../ip/ip6/pooling.cpp:106) [170]  (7.3 ns)

 <State 78>: 7.3ns
The critical path consists of the following:
	bus response operation ('gmem0_addr_resp', ../ip/ip6/pooling.cpp:106) on port 'gmem0' (../ip/ip6/pooling.cpp:106) [170]  (7.3 ns)

 <State 79>: 7.3ns
The critical path consists of the following:
	bus response operation ('gmem0_addr_resp', ../ip/ip6/pooling.cpp:106) on port 'gmem0' (../ip/ip6/pooling.cpp:106) [170]  (7.3 ns)


============================================================
+ Verbose Summary: Binding
============================================================
N/A
* FSMD analyzer results:
  - Output states:
 - Input state : 
  - Chain level:
	State 1
	State 2
	State 3
	State 4
	State 5
	State 6
	State 7
	State 8
	State 9
	State 10
	State 11
	State 12
	State 13
	State 14
	State 15
	State 16
	State 17
	State 18
	State 19
	State 20
	State 21
	State 22
	State 23
	State 24
	State 25
	State 26
	State 27
	State 28
	State 29
	State 30
	State 31
	State 32
	State 33
	State 34
	State 35
	State 36
	State 37
	State 38
	State 39
	State 40
	State 41
	State 42
	State 43
	State 44
	State 45
	State 46
	State 47
	State 48
	State 49
	State 50
	State 51
	State 52
	State 53
	State 54
	State 55
	State 56
	State 57
	State 58
	State 59
	State 60
	State 61
	State 62
	State 63
	State 64
	State 65
	State 66
	State 67
	State 68
	State 69
	State 70
	State 71
	State 72
	State 73
	State 74
	State 75
	State 76
	State 77
	State 78
	State 79


============================================================
+ Verbose Summary: Datapath Resource usage 
============================================================
N/A
