

================================================================
== Vitis HLS Report for 'pooling_Pipeline_VITIS_LOOP_57_4_VITIS_LOOP_58_5'
================================================================
* Date:           Tue Nov  4 14:31:15 2025

* Version:        2022.2 (Build 3670227 on Oct 13 2022)
* Project:        ip8
* Solution:       solution1 (Vivado IP Flow Target)
* Product family: zynq
* Target device:  xc7z020-clg400-2


================================================================
== Performance Estimates
================================================================
+ Timing: 
    * Summary: 
    +--------+----------+----------+------------+
    |  Clock |  Target  | Estimated| Uncertainty|
    +--------+----------+----------+------------+
    |ap_clk  |  10.00 ns|  7.300 ns|     2.70 ns|
    +--------+----------+----------+------------+

+ Latency: 
    * Summary: 
    +---------+---------+-----------+----------+-----+-------+---------+
    |  Latency (cycles) |  Latency (absolute)  |   Interval  | Pipeline|
    |   min   |   max   |    min    |    max   | min |  max  |   Type  |
    +---------+---------+-----------+----------+-----+-------+---------+
    |        2|    65041|  20.000 ns|  0.650 ms|    2|  65041|       no|
    +---------+---------+-----------+----------+-----+-------+---------+

    + Detail: 
        * Instance: 
        N/A

        * Loop: 
        +-----------------------------------+---------+---------+----------+-----------+-----------+-----------+----------+
        |                                   |  Latency (cycles) | Iteration|  Initiation Interval  |    Trip   |          |
        |             Loop Name             |   min   |   max   |  Latency |  achieved |   target  |   Count   | Pipelined|
        +-----------------------------------+---------+---------+----------+-----------+-----------+-----------+----------+
        |- VITIS_LOOP_57_4_VITIS_LOOP_58_5  |        0|    65039|        16|          1|          1|  0 ~ 65025|       yes|
        +-----------------------------------+---------+---------+----------+-----------+-----------+-----------+----------+

============================================================
+ Verbose Summary: Synthesis Manager
============================================================
InlineROM: 1
ExposeGlobal: 0
============================================================
+ Verbose Summary: CDFG Model
============================================================
IsTopModel: 0
ResetActiveHigh: 1
IsCombinational: 0
IsDatapathOnly: 0
HasWiredReturn: 1
HasMFsm: 2
HasVarLatency: 1
IsPipeline: 0
IsRtlPipelined: 0
IsInstanceOverlapped: 0
IsDontTouch: 0
HasImplIP: 0
IsGatedGlobalClock: 0

+ Individual pipeline summary: 
  * Pipeline-0: initiation interval (II) = 1, depth = 16


============================================================
+ Verbose Summary: Schedule
============================================================
* Number of FSM states : 16
* Pipeline : 1
  Pipeline-0 : II = 1, D = 16, States = { 1 2 3 4 5 6 7 8 9 10 11 12 13 14 15 16 }
* Dataflow Pipeline: 0

* FSM state transitions: 
1 --> 2 
2 --> 3 
3 --> 4 
4 --> 5 
5 --> 6 
6 --> 7 
7 --> 8 
8 --> 9 
9 --> 10 
10 --> 11 
11 --> 12 
12 --> 13 
13 --> 14 
14 --> 15 
15 --> 16 
16 --> 

* FSM state operations: 

State 1 <SV = 0> <Delay = 6.64>
ST_1 : Operation 19 [1/1] (0.00ns)   --->   "%kw = alloca i32 1"   --->   Operation 19 'alloca' 'kw' <Predicate = true> <Delay = 0.00>
ST_1 : Operation 20 [1/1] (0.00ns)   --->   "%kh = alloca i32 1"   --->   Operation 20 'alloca' 'kh' <Predicate = true> <Delay = 0.00>
ST_1 : Operation 21 [1/1] (0.00ns)   --->   "%indvar_flatten = alloca i32 1"   --->   Operation 21 'alloca' 'indvar_flatten' <Predicate = true> <Delay = 0.00>
ST_1 : Operation 22 [1/1] (0.00ns)   --->   "%max_val = alloca i32 1"   --->   Operation 22 'alloca' 'max_val' <Predicate = true> <Delay = 0.00>
ST_1 : Operation 23 [1/1] (0.00ns)   --->   "%empty = alloca i32 1"   --->   Operation 23 'alloca' 'empty' <Predicate = true> <Delay = 0.00>
ST_1 : Operation 24 [1/1] (0.00ns)   --->   "%feature_in_read = read i64 @_ssdm_op_Read.ap_auto.i64, i64 %feature_in"   --->   Operation 24 'read' 'feature_in_read' <Predicate = true> <Delay = 0.00>
ST_1 : Operation 25 [1/1] (0.00ns)   --->   "%zext_ln1633_read = read i16 @_ssdm_op_Read.ap_auto.i16, i16 %zext_ln1633"   --->   Operation 25 'read' 'zext_ln1633_read' <Predicate = true> <Delay = 0.00>
ST_1 : Operation 26 [1/1] (0.00ns)   --->   "%conv_i_i721_read = read i16 @_ssdm_op_Read.ap_auto.i16, i16 %conv_i_i721"   --->   Operation 26 'read' 'conv_i_i721_read' <Predicate = true> <Delay = 0.00>
ST_1 : Operation 27 [1/1] (0.00ns)   --->   "%W_in_cast5_read = read i16 @_ssdm_op_Read.ap_auto.i16, i16 %W_in_cast5"   --->   Operation 27 'read' 'W_in_cast5_read' <Predicate = true> <Delay = 0.00>
ST_1 : Operation 28 [1/1] (0.00ns)   --->   "%sub_ln1496_read = read i25 @_ssdm_op_Read.ap_auto.i25, i25 %sub_ln1496"   --->   Operation 28 'read' 'sub_ln1496_read' <Predicate = true> <Delay = 0.00>
ST_1 : Operation 29 [1/1] (0.00ns)   --->   "%conv_i_i530_read = read i16 @_ssdm_op_Read.ap_auto.i16, i16 %conv_i_i530"   --->   Operation 29 'read' 'conv_i_i530_read' <Predicate = true> <Delay = 0.00>
ST_1 : Operation 30 [1/1] (0.00ns)   --->   "%kernel_size_read = read i8 @_ssdm_op_Read.ap_auto.i8, i8 %kernel_size"   --->   Operation 30 'read' 'kernel_size_read' <Predicate = true> <Delay = 0.00>
ST_1 : Operation 31 [1/1] (0.00ns)   --->   "%mul_ln15_read = read i16 @_ssdm_op_Read.ap_auto.i16, i16 %mul_ln15"   --->   Operation 31 'read' 'mul_ln15_read' <Predicate = true> <Delay = 0.00>
ST_1 : Operation 32 [1/1] (0.00ns)   --->   "%H_in_cast4_read = read i16 @_ssdm_op_Read.ap_auto.i16, i16 %H_in_cast4"   --->   Operation 32 'read' 'H_in_cast4_read' <Predicate = true> <Delay = 0.00>
ST_1 : Operation 33 [1/1] (0.00ns)   --->   "%sub_ln1027_read = read i25 @_ssdm_op_Read.ap_auto.i25, i25 %sub_ln1027"   --->   Operation 33 'read' 'sub_ln1027_read' <Predicate = true> <Delay = 0.00>
ST_1 : Operation 34 [1/1] (0.00ns)   --->   "%zext_ln1633_cast = zext i16 %zext_ln1633_read"   --->   Operation 34 'zext' 'zext_ln1633_cast' <Predicate = true> <Delay = 0.00>
ST_1 : Operation 35 [1/1] (0.00ns)   --->   "%conv_i_i721_cast = zext i16 %conv_i_i721_read"   --->   Operation 35 'zext' 'conv_i_i721_cast' <Predicate = true> <Delay = 0.00>
ST_1 : Operation 36 [1/1] (0.00ns)   --->   "%W_in_cast5_cast = zext i16 %W_in_cast5_read"   --->   Operation 36 'zext' 'W_in_cast5_cast' <Predicate = true> <Delay = 0.00>
ST_1 : Operation 37 [1/1] (0.00ns)   --->   "%conv_i_i530_cast = zext i16 %conv_i_i530_read"   --->   Operation 37 'zext' 'conv_i_i530_cast' <Predicate = true> <Delay = 0.00>
ST_1 : Operation 38 [1/1] (0.00ns)   --->   "%H_in_cast4_cast = zext i16 %H_in_cast4_read"   --->   Operation 38 'zext' 'H_in_cast4_cast' <Predicate = true> <Delay = 0.00>
ST_1 : Operation 39 [1/1] (0.00ns)   --->   "%specinterface_ln0 = specinterface void @_ssdm_op_SpecInterface, i32 %gmem0, void @empty, i32 0, i32 0, void @empty_0, i32 0, i32 1073741824, void @empty_1, void @empty_2, void @empty_0, i32 16, i32 16, i32 16, i32 16, void @empty_0, void @empty_0, i32 4294967295, i32 0"   --->   Operation 39 'specinterface' 'specinterface_ln0' <Predicate = true> <Delay = 0.00>
ST_1 : Operation 40 [1/1] (1.29ns)   --->   "%store_ln0 = store i32 3271557120, i32 %empty"   --->   Operation 40 'store' 'store_ln0' <Predicate = true> <Delay = 1.29>
ST_1 : Operation 41 [1/1] (1.29ns)   --->   "%store_ln0 = store i32 -128, i32 %max_val"   --->   Operation 41 'store' 'store_ln0' <Predicate = true> <Delay = 1.29>
ST_1 : Operation 42 [1/1] (1.29ns)   --->   "%store_ln0 = store i16 0, i16 %indvar_flatten"   --->   Operation 42 'store' 'store_ln0' <Predicate = true> <Delay = 1.29>
ST_1 : Operation 43 [1/1] (1.29ns)   --->   "%store_ln0 = store i8 0, i8 %kh"   --->   Operation 43 'store' 'store_ln0' <Predicate = true> <Delay = 1.29>
ST_1 : Operation 44 [1/1] (1.29ns)   --->   "%store_ln0 = store i8 0, i8 %kw"   --->   Operation 44 'store' 'store_ln0' <Predicate = true> <Delay = 1.29>
ST_1 : Operation 45 [1/1] (0.00ns)   --->   "%br_ln0 = br void %for.body33"   --->   Operation 45 'br' 'br_ln0' <Predicate = true> <Delay = 0.00>
ST_1 : Operation 46 [1/1] (0.00ns)   --->   "%kh_2 = load i8 %kh" [../ip/ip6/pooling.cpp:57]   --->   Operation 46 'load' 'kh_2' <Predicate = true> <Delay = 0.00>
ST_1 : Operation 47 [1/1] (0.00ns)   --->   "%indvar_flatten_load = load i16 %indvar_flatten"   --->   Operation 47 'load' 'indvar_flatten_load' <Predicate = true> <Delay = 0.00>
ST_1 : Operation 48 [1/1] (0.00ns)   --->   "%specbitsmap_ln0 = specbitsmap void @_ssdm_op_SpecBitsMap, i32 %gmem0"   --->   Operation 48 'specbitsmap' 'specbitsmap_ln0' <Predicate = true> <Delay = 0.00>
ST_1 : Operation 49 [1/1] (0.00ns)   --->   "%zext_ln1027 = zext i8 %kh_2"   --->   Operation 49 'zext' 'zext_ln1027' <Predicate = true> <Delay = 0.00>
ST_1 : Operation 50 [1/1] (1.71ns)   --->   "%h_in = add i25 %zext_ln1027, i25 %sub_ln1027_read"   --->   Operation 50 'add' 'h_in' <Predicate = true> <Delay = 1.71> <CoreInst = "Adder">   --->   Core 1 'Adder' <Latency = 0> <II = 1> <Delay = 1.71> <FuncUnit> <Opcode : 'add' 'sub'> <InPorts = 2> <OutPorts = 1>
ST_1 : Operation 51 [1/1] (0.00ns)   --->   "%tmp_3 = bitselect i1 @_ssdm_op_BitSelect.i1.i25.i32, i25 %h_in, i32 24"   --->   Operation 51 'bitselect' 'tmp_3' <Predicate = true> <Delay = 0.00>
ST_1 : Operation 52 [1/1] (2.00ns)   --->   "%notrhs6 = icmp_slt  i25 %h_in, i25 %H_in_cast4_cast"   --->   Operation 52 'icmp' 'notrhs6' <Predicate = true> <Delay = 2.00> <CoreInst = "Cmp">   --->   Core 9 'Cmp' <Latency = 0> <II = 1> <Delay = 2.00> <FuncUnit> <Opcode : 'icmp'> <InPorts = 2> <OutPorts = 1>
ST_1 : Operation 53 [1/1] (0.00ns)   --->   "%specpipeline_ln0 = specpipeline void @_ssdm_op_SpecPipeline, i32 4294967295, i32 0, i32 1, i32 0, void @p_str"   --->   Operation 53 'specpipeline' 'specpipeline_ln0' <Predicate = true> <Delay = 0.00>
ST_1 : Operation 54 [1/1] (2.13ns)   --->   "%icmp_ln1027 = icmp_eq  i16 %indvar_flatten_load, i16 %mul_ln15_read"   --->   Operation 54 'icmp' 'icmp_ln1027' <Predicate = true> <Delay = 2.13> <CoreInst = "Cmp">   --->   Core 9 'Cmp' <Latency = 0> <II = 1> <Delay = 2.13> <FuncUnit> <Opcode : 'icmp'> <InPorts = 2> <OutPorts = 1>
ST_1 : Operation 55 [1/1] (1.54ns)   --->   "%add_ln1027 = add i16 %indvar_flatten_load, i16 1"   --->   Operation 55 'add' 'add_ln1027' <Predicate = true> <Delay = 1.54> <CoreInst = "Adder">   --->   Core 1 'Adder' <Latency = 0> <II = 1> <Delay = 1.54> <FuncUnit> <Opcode : 'add' 'sub'> <InPorts = 2> <OutPorts = 1>
ST_1 : Operation 56 [1/1] (0.00ns)   --->   "%br_ln1027 = br i1 %icmp_ln1027, void %for.inc59, void %for.inc129.loopexit.exitStub"   --->   Operation 56 'br' 'br_ln1027' <Predicate = true> <Delay = 0.00>
ST_1 : Operation 57 [1/1] (0.00ns)   --->   "%kw_load = load i8 %kw"   --->   Operation 57 'load' 'kw_load' <Predicate = (!icmp_ln1027)> <Delay = 0.00>
ST_1 : Operation 58 [1/1] (1.31ns)   --->   "%icmp_ln1027_2 = icmp_eq  i8 %kw_load, i8 %kernel_size_read"   --->   Operation 58 'icmp' 'icmp_ln1027_2' <Predicate = (!icmp_ln1027)> <Delay = 1.31> <CoreInst = "Cmp">   --->   Core 9 'Cmp' <Latency = 0> <II = 1> <Delay = 1.31> <FuncUnit> <Opcode : 'icmp'> <InPorts = 2> <OutPorts = 1>
ST_1 : Operation 59 [1/1] (0.44ns)   --->   "%select_ln1027 = select i1 %icmp_ln1027_2, i8 0, i8 %kw_load"   --->   Operation 59 'select' 'select_ln1027' <Predicate = (!icmp_ln1027)> <Delay = 0.44> <CoreInst = "Sel">   --->   Core 73 'Sel' <Latency = 0> <II = 1> <Delay = 0.44> <FuncUnit> <Opcode : 'select'> <InPorts = 3> <OutPorts = 1>
ST_1 : Operation 60 [1/1] (1.30ns)   --->   "%add_ln57 = add i8 %kh_2, i8 1" [../ip/ip6/pooling.cpp:57]   --->   Operation 60 'add' 'add_ln57' <Predicate = (!icmp_ln1027)> <Delay = 1.30> <CoreInst = "Adder">   --->   Core 1 'Adder' <Latency = 0> <II = 1> <Delay = 1.30> <FuncUnit> <Opcode : 'add' 'sub'> <InPorts = 2> <OutPorts = 1>
ST_1 : Operation 61 [1/1] (0.00ns)   --->   "%zext_ln1027_2 = zext i8 %add_ln57"   --->   Operation 61 'zext' 'zext_ln1027_2' <Predicate = (!icmp_ln1027)> <Delay = 0.00>
ST_1 : Operation 62 [1/1] (1.71ns)   --->   "%h_in_1_mid1 = add i25 %zext_ln1027_2, i25 %sub_ln1027_read"   --->   Operation 62 'add' 'h_in_1_mid1' <Predicate = (!icmp_ln1027)> <Delay = 1.71> <CoreInst = "Adder">   --->   Core 1 'Adder' <Latency = 0> <II = 1> <Delay = 1.71> <FuncUnit> <Opcode : 'add' 'sub'> <InPorts = 2> <OutPorts = 1>
ST_1 : Operation 63 [1/1] (1.03ns)   --->   "%select_ln1027_5 = select i1 %icmp_ln1027_2, i25 %h_in_1_mid1, i25 %h_in"   --->   Operation 63 'select' 'select_ln1027_5' <Predicate = (!icmp_ln1027)> <Delay = 1.03> <CoreInst = "Sel">   --->   Core 73 'Sel' <Latency = 0> <II = 1> <Delay = 1.03> <FuncUnit> <Opcode : 'select'> <InPorts = 3> <OutPorts = 1>
ST_1 : Operation 64 [1/1] (0.00ns)   --->   "%sext_ln1027 = sext i25 %select_ln1027_5"   --->   Operation 64 'sext' 'sext_ln1027' <Predicate = (!icmp_ln1027)> <Delay = 0.00>
ST_1 : Operation 65 [4/4] (1.82ns) (root node of the DSP)   --->   "%mul_ln1027 = mul i32 %sext_ln1027, i32 %conv_i_i530_cast"   --->   Operation 65 'mul' 'mul_ln1027' <Predicate = (!icmp_ln1027)> <Delay = 1.82> <CoreInst = "DSP48">   --->   Core 119 'DSP48' <Latency = 3> <II = 1> <Delay = 1.82> <IPBlock> <Opcode : 'mul' 'add' 'sub' 'select'> <InPorts = 0> <OutPorts = 1> <Sync> <CReg>
ST_1 : Operation 66 [1/1] (0.00ns) (grouped into LUT with out node and_ln64_1)   --->   "%tmp_4 = bitselect i1 @_ssdm_op_BitSelect.i1.i25.i32, i25 %h_in_1_mid1, i32 24"   --->   Operation 66 'bitselect' 'tmp_4' <Predicate = (!icmp_ln1027)> <Delay = 0.00>
ST_1 : Operation 67 [1/1] (0.00ns) (grouped into LUT with out node and_ln64_1)   --->   "%select_ln1027_6 = select i1 %icmp_ln1027_2, i1 %tmp_4, i1 %tmp_3"   --->   Operation 67 'select' 'select_ln1027_6' <Predicate = (!icmp_ln1027)> <Delay = 0.00> <CoreInst = "Sel">   --->   Core 73 'Sel' <Latency = 0> <II = 1> <Delay = 0.81> <FuncUnit> <Opcode : 'select'> <InPorts = 3> <OutPorts = 1>
ST_1 : Operation 68 [1/1] (0.00ns) (grouped into LUT with out node and_ln64_1)   --->   "%xor_ln1027 = xor i1 %select_ln1027_6, i1 1"   --->   Operation 68 'xor' 'xor_ln1027' <Predicate = (!icmp_ln1027)> <Delay = 0.00> <CoreInst = "LogicGate">   --->   Core 74 'LogicGate' <Latency = 0> <II = 1> <Delay = 0.80> <FuncUnit> <Opcode : 'and' 'or' 'xor'> <InPorts = 2> <OutPorts = 1>
ST_1 : Operation 69 [1/1] (2.00ns)   --->   "%notrhs6_mid1 = icmp_slt  i25 %h_in_1_mid1, i25 %H_in_cast4_cast"   --->   Operation 69 'icmp' 'notrhs6_mid1' <Predicate = (!icmp_ln1027)> <Delay = 2.00> <CoreInst = "Cmp">   --->   Core 9 'Cmp' <Latency = 0> <II = 1> <Delay = 2.00> <FuncUnit> <Opcode : 'icmp'> <InPorts = 2> <OutPorts = 1>
ST_1 : Operation 70 [1/1] (0.00ns) (grouped into LUT with out node and_ln64_1)   --->   "%select_ln1027_7 = select i1 %icmp_ln1027_2, i1 %notrhs6_mid1, i1 %notrhs6"   --->   Operation 70 'select' 'select_ln1027_7' <Predicate = (!icmp_ln1027)> <Delay = 0.00> <CoreInst = "Sel">   --->   Core 73 'Sel' <Latency = 0> <II = 1> <Delay = 0.81> <FuncUnit> <Opcode : 'select'> <InPorts = 3> <OutPorts = 1>
ST_1 : Operation 71 [1/1] (0.44ns)   --->   "%select_ln1027_8 = select i1 %icmp_ln1027_2, i8 %add_ln57, i8 %kh_2"   --->   Operation 71 'select' 'select_ln1027_8' <Predicate = (!icmp_ln1027)> <Delay = 0.44> <CoreInst = "Sel">   --->   Core 73 'Sel' <Latency = 0> <II = 1> <Delay = 0.44> <FuncUnit> <Opcode : 'select'> <InPorts = 3> <OutPorts = 1>
ST_1 : Operation 72 [1/1] (0.00ns)   --->   "%kw_cast = zext i8 %select_ln1027"   --->   Operation 72 'zext' 'kw_cast' <Predicate = (!icmp_ln1027)> <Delay = 0.00>
ST_1 : Operation 73 [1/1] (1.71ns)   --->   "%w_in = add i25 %kw_cast, i25 %sub_ln1496_read" [../ip/ip6/pooling.cpp:61]   --->   Operation 73 'add' 'w_in' <Predicate = (!icmp_ln1027)> <Delay = 1.71> <CoreInst = "Adder">   --->   Core 1 'Adder' <Latency = 0> <II = 1> <Delay = 1.71> <FuncUnit> <Opcode : 'add' 'sub'> <InPorts = 2> <OutPorts = 1>
ST_1 : Operation 74 [1/1] (2.00ns)   --->   "%icmp_ln64 = icmp_ult  i25 %w_in, i25 %W_in_cast5_cast" [../ip/ip6/pooling.cpp:64]   --->   Operation 74 'icmp' 'icmp_ln64' <Predicate = (!icmp_ln1027)> <Delay = 2.00> <CoreInst = "Cmp">   --->   Core 9 'Cmp' <Latency = 0> <II = 1> <Delay = 2.00> <FuncUnit> <Opcode : 'icmp'> <InPorts = 2> <OutPorts = 1>
ST_1 : Operation 75 [1/1] (0.81ns) (out node of the LUT)   --->   "%and_ln64_1 = and i1 %select_ln1027_7, i1 %xor_ln1027" [../ip/ip6/pooling.cpp:64]   --->   Operation 75 'and' 'and_ln64_1' <Predicate = (!icmp_ln1027)> <Delay = 0.81> <CoreInst = "LogicGate">   --->   Core 74 'LogicGate' <Latency = 0> <II = 1> <Delay = 0.80> <FuncUnit> <Opcode : 'and' 'or' 'xor'> <InPorts = 2> <OutPorts = 1>
ST_1 : Operation 76 [1/1] (0.80ns) (out node of the LUT)   --->   "%and_ln64 = and i1 %and_ln64_1, i1 %icmp_ln64" [../ip/ip6/pooling.cpp:64]   --->   Operation 76 'and' 'and_ln64' <Predicate = (!icmp_ln1027)> <Delay = 0.80> <CoreInst = "LogicGate">   --->   Core 74 'LogicGate' <Latency = 0> <II = 1> <Delay = 0.80> <FuncUnit> <Opcode : 'and' 'or' 'xor'> <InPorts = 2> <OutPorts = 1>
ST_1 : Operation 77 [1/1] (0.00ns)   --->   "%br_ln64 = br i1 %and_ln64, void %for.inc, void %if.then47" [../ip/ip6/pooling.cpp:64]   --->   Operation 77 'br' 'br_ln64' <Predicate = (!icmp_ln1027)> <Delay = 0.00>
ST_1 : Operation 78 [1/1] (1.30ns)   --->   "%kw_1 = add i8 %select_ln1027, i8 1" [../ip/ip6/pooling.cpp:58]   --->   Operation 78 'add' 'kw_1' <Predicate = (!icmp_ln1027)> <Delay = 1.30> <CoreInst = "Adder">   --->   Core 1 'Adder' <Latency = 0> <II = 1> <Delay = 1.30> <FuncUnit> <Opcode : 'add' 'sub'> <InPorts = 2> <OutPorts = 1>
ST_1 : Operation 79 [1/1] (1.29ns)   --->   "%store_ln58 = store i16 %add_ln1027, i16 %indvar_flatten" [../ip/ip6/pooling.cpp:58]   --->   Operation 79 'store' 'store_ln58' <Predicate = (!icmp_ln1027)> <Delay = 1.29>
ST_1 : Operation 80 [1/1] (1.29ns)   --->   "%store_ln58 = store i8 %select_ln1027_8, i8 %kh" [../ip/ip6/pooling.cpp:58]   --->   Operation 80 'store' 'store_ln58' <Predicate = (!icmp_ln1027)> <Delay = 1.29>
ST_1 : Operation 81 [1/1] (1.29ns)   --->   "%store_ln58 = store i8 %kw_1, i8 %kw" [../ip/ip6/pooling.cpp:58]   --->   Operation 81 'store' 'store_ln58' <Predicate = (!icmp_ln1027)> <Delay = 1.29>
ST_1 : Operation 82 [1/1] (0.00ns)   --->   "%br_ln58 = br void %for.body33" [../ip/ip6/pooling.cpp:58]   --->   Operation 82 'br' 'br_ln58' <Predicate = (!icmp_ln1027)> <Delay = 0.00>

State 2 <SV = 1> <Delay = 1.82>
ST_2 : Operation 83 [3/4] (1.82ns) (root node of the DSP)   --->   "%mul_ln1027 = mul i32 %sext_ln1027, i32 %conv_i_i530_cast"   --->   Operation 83 'mul' 'mul_ln1027' <Predicate = true> <Delay = 1.82> <CoreInst = "DSP48">   --->   Core 119 'DSP48' <Latency = 3> <II = 1> <Delay = 1.82> <IPBlock> <Opcode : 'mul' 'add' 'sub' 'select'> <InPorts = 0> <OutPorts = 1> <Sync> <CReg>

State 3 <SV = 2> <Delay = 1.82>
ST_3 : Operation 84 [2/4] (1.82ns) (root node of the DSP)   --->   "%mul_ln1027 = mul i32 %sext_ln1027, i32 %conv_i_i530_cast"   --->   Operation 84 'mul' 'mul_ln1027' <Predicate = true> <Delay = 1.82> <CoreInst = "DSP48">   --->   Core 119 'DSP48' <Latency = 3> <II = 1> <Delay = 1.82> <IPBlock> <Opcode : 'mul' 'add' 'sub' 'select'> <InPorts = 0> <OutPorts = 1> <Sync> <CReg>

State 4 <SV = 3> <Delay = 1.89>
ST_4 : Operation 85 [1/1] (0.00ns)   --->   "%specloopname_ln0 = specloopname void @_ssdm_op_SpecLoopName, void @VITIS_LOOP_57_4_VITIS_LOOP_58_5_str"   --->   Operation 85 'specloopname' 'specloopname_ln0' <Predicate = true> <Delay = 0.00>
ST_4 : Operation 86 [1/1] (0.00ns)   --->   "%empty_27 = speclooptripcount i32 @_ssdm_op_SpecLoopTripCount, i64 0, i64 65025, i64 0"   --->   Operation 86 'speclooptripcount' 'empty_27' <Predicate = true> <Delay = 0.00>
ST_4 : Operation 87 [1/4] (0.00ns) (root node of the DSP)   --->   "%mul_ln1027 = mul i32 %sext_ln1027, i32 %conv_i_i530_cast"   --->   Operation 87 'mul' 'mul_ln1027' <Predicate = true> <Delay = 0.00> <CoreInst = "DSP48">   --->   Core 119 'DSP48' <Latency = 3> <II = 1> <Delay = 1.82> <IPBlock> <Opcode : 'mul' 'add' 'sub' 'select'> <InPorts = 0> <OutPorts = 1> <Sync> <CReg>
ST_4 : Operation 88 [1/1] (0.00ns)   --->   "%specpipeline_ln0 = specpipeline void @_ssdm_op_SpecPipeline, i32 4294967295, i32 0, i32 1, i32 0, void @p_str"   --->   Operation 88 'specpipeline' 'specpipeline_ln0' <Predicate = true> <Delay = 0.00>
ST_4 : Operation 89 [1/1] (0.00ns)   --->   "%specloopname_ln58 = specloopname void @_ssdm_op_SpecLoopName, void @empty_18" [../ip/ip6/pooling.cpp:58]   --->   Operation 89 'specloopname' 'specloopname_ln58' <Predicate = true> <Delay = 0.00>
ST_4 : Operation 90 [1/1] (0.00ns)   --->   "%sext_ln61 = sext i25 %w_in" [../ip/ip6/pooling.cpp:61]   --->   Operation 90 'sext' 'sext_ln61' <Predicate = true> <Delay = 0.00>
ST_4 : Operation 91 [1/1] (1.89ns)   --->   "%add_ln1494 = add i32 %sext_ln61, i32 %mul_ln1027"   --->   Operation 91 'add' 'add_ln1494' <Predicate = (and_ln64)> <Delay = 1.89> <CoreInst = "Adder">   --->   Core 1 'Adder' <Latency = 0> <II = 1> <Delay = 1.89> <FuncUnit> <Opcode : 'add' 'sub'> <InPorts = 2> <OutPorts = 1>

State 5 <SV = 4> <Delay = 7.05>
ST_5 : Operation 92 [1/1] (7.05ns)   --->   "%mul_ln66 = mul i32 %add_ln1494, i32 %conv_i_i721_cast" [../ip/ip6/pooling.cpp:66]   --->   Operation 92 'mul' 'mul_ln66' <Predicate = (and_ln64)> <Delay = 7.05> <CoreInst = "Multiplier">   --->   Core 3 'Multiplier' <Latency = 0> <II = 1> <Delay = 7.05> <FuncUnit> <Opcode : 'mul'> <InPorts = 2> <OutPorts = 1>

State 6 <SV = 5> <Delay = 4.58>
ST_6 : Operation 93 [1/1] (1.89ns)   --->   "%in_offset = add i32 %mul_ln66, i32 %zext_ln1633_cast" [../ip/ip6/pooling.cpp:66]   --->   Operation 93 'add' 'in_offset' <Predicate = (and_ln64)> <Delay = 1.89> <CoreInst = "Adder">   --->   Core 1 'Adder' <Latency = 0> <II = 1> <Delay = 1.89> <FuncUnit> <Opcode : 'add' 'sub'> <InPorts = 2> <OutPorts = 1>
ST_6 : Operation 94 [1/1] (0.00ns)   --->   "%shl_ln3 = bitconcatenate i34 @_ssdm_op_BitConcatenate.i34.i32.i2, i32 %in_offset, i2 0" [../ip/ip6/pooling.cpp:69]   --->   Operation 94 'bitconcatenate' 'shl_ln3' <Predicate = (and_ln64)> <Delay = 0.00>
ST_6 : Operation 95 [1/1] (0.00ns)   --->   "%sext_ln69 = sext i34 %shl_ln3" [../ip/ip6/pooling.cpp:69]   --->   Operation 95 'sext' 'sext_ln69' <Predicate = (and_ln64)> <Delay = 0.00>
ST_6 : Operation 96 [1/1] (2.69ns)   --->   "%add_ln69 = add i64 %sext_ln69, i64 %feature_in_read" [../ip/ip6/pooling.cpp:69]   --->   Operation 96 'add' 'add_ln69' <Predicate = (and_ln64)> <Delay = 2.69> <CoreInst = "Adder">   --->   Core 1 'Adder' <Latency = 0> <II = 1> <Delay = 2.69> <FuncUnit> <Opcode : 'add' 'sub'> <InPorts = 2> <OutPorts = 1>
ST_6 : Operation 97 [1/1] (0.00ns)   --->   "%trunc_ln3 = partselect i62 @_ssdm_op_PartSelect.i62.i64.i32.i32, i64 %add_ln69, i32 2, i32 63" [../ip/ip6/pooling.cpp:69]   --->   Operation 97 'partselect' 'trunc_ln3' <Predicate = (and_ln64)> <Delay = 0.00>
ST_6 : Operation 98 [1/1] (0.00ns)   --->   "%sext_ln69_1 = sext i62 %trunc_ln3" [../ip/ip6/pooling.cpp:69]   --->   Operation 98 'sext' 'sext_ln69_1' <Predicate = (and_ln64)> <Delay = 0.00>
ST_6 : Operation 99 [1/1] (0.00ns)   --->   "%gmem0_addr = getelementptr i32 %gmem0, i64 %sext_ln69_1" [../ip/ip6/pooling.cpp:69]   --->   Operation 99 'getelementptr' 'gmem0_addr' <Predicate = (and_ln64)> <Delay = 0.00>

State 7 <SV = 6> <Delay = 7.30>
ST_7 : Operation 100 [7/7] (7.30ns)   --->   "%gmem0_load_1_req = readreq i1 @_ssdm_op_ReadReq.m_axi.i32P1A, i32 %gmem0_addr, i32 1" [../ip/ip6/pooling.cpp:69]   --->   Operation 100 'readreq' 'gmem0_load_1_req' <Predicate = (and_ln64)> <Delay = 7.30> <CoreInst = "m_axi">   --->   Core 113 'm_axi' <Latency = 0> <II = 1> <Delay = 1.00> <Adapter> <Opcode : 'read' 'write' 'readreq' 'writereq' 'writeresp'>

State 8 <SV = 7> <Delay = 7.30>
ST_8 : Operation 101 [6/7] (7.30ns)   --->   "%gmem0_load_1_req = readreq i1 @_ssdm_op_ReadReq.m_axi.i32P1A, i32 %gmem0_addr, i32 1" [../ip/ip6/pooling.cpp:69]   --->   Operation 101 'readreq' 'gmem0_load_1_req' <Predicate = (and_ln64)> <Delay = 7.30> <CoreInst = "m_axi">   --->   Core 113 'm_axi' <Latency = 0> <II = 1> <Delay = 1.00> <Adapter> <Opcode : 'read' 'write' 'readreq' 'writereq' 'writeresp'>

State 9 <SV = 8> <Delay = 7.30>
ST_9 : Operation 102 [5/7] (7.30ns)   --->   "%gmem0_load_1_req = readreq i1 @_ssdm_op_ReadReq.m_axi.i32P1A, i32 %gmem0_addr, i32 1" [../ip/ip6/pooling.cpp:69]   --->   Operation 102 'readreq' 'gmem0_load_1_req' <Predicate = (and_ln64)> <Delay = 7.30> <CoreInst = "m_axi">   --->   Core 113 'm_axi' <Latency = 0> <II = 1> <Delay = 1.00> <Adapter> <Opcode : 'read' 'write' 'readreq' 'writereq' 'writeresp'>

State 10 <SV = 9> <Delay = 7.30>
ST_10 : Operation 103 [4/7] (7.30ns)   --->   "%gmem0_load_1_req = readreq i1 @_ssdm_op_ReadReq.m_axi.i32P1A, i32 %gmem0_addr, i32 1" [../ip/ip6/pooling.cpp:69]   --->   Operation 103 'readreq' 'gmem0_load_1_req' <Predicate = (and_ln64)> <Delay = 7.30> <CoreInst = "m_axi">   --->   Core 113 'm_axi' <Latency = 0> <II = 1> <Delay = 1.00> <Adapter> <Opcode : 'read' 'write' 'readreq' 'writereq' 'writeresp'>

State 11 <SV = 10> <Delay = 7.30>
ST_11 : Operation 104 [3/7] (7.30ns)   --->   "%gmem0_load_1_req = readreq i1 @_ssdm_op_ReadReq.m_axi.i32P1A, i32 %gmem0_addr, i32 1" [../ip/ip6/pooling.cpp:69]   --->   Operation 104 'readreq' 'gmem0_load_1_req' <Predicate = (and_ln64)> <Delay = 7.30> <CoreInst = "m_axi">   --->   Core 113 'm_axi' <Latency = 0> <II = 1> <Delay = 1.00> <Adapter> <Opcode : 'read' 'write' 'readreq' 'writereq' 'writeresp'>

State 12 <SV = 11> <Delay = 7.30>
ST_12 : Operation 105 [2/7] (7.30ns)   --->   "%gmem0_load_1_req = readreq i1 @_ssdm_op_ReadReq.m_axi.i32P1A, i32 %gmem0_addr, i32 1" [../ip/ip6/pooling.cpp:69]   --->   Operation 105 'readreq' 'gmem0_load_1_req' <Predicate = (and_ln64)> <Delay = 7.30> <CoreInst = "m_axi">   --->   Core 113 'm_axi' <Latency = 0> <II = 1> <Delay = 1.00> <Adapter> <Opcode : 'read' 'write' 'readreq' 'writereq' 'writeresp'>

State 13 <SV = 12> <Delay = 7.30>
ST_13 : Operation 106 [1/7] (7.30ns)   --->   "%gmem0_load_1_req = readreq i1 @_ssdm_op_ReadReq.m_axi.i32P1A, i32 %gmem0_addr, i32 1" [../ip/ip6/pooling.cpp:69]   --->   Operation 106 'readreq' 'gmem0_load_1_req' <Predicate = (and_ln64)> <Delay = 7.30> <CoreInst = "m_axi">   --->   Core 113 'm_axi' <Latency = 0> <II = 1> <Delay = 1.00> <Adapter> <Opcode : 'read' 'write' 'readreq' 'writereq' 'writeresp'>

State 14 <SV = 13> <Delay = 7.30>
ST_14 : Operation 107 [1/1] (7.30ns)   --->   "%gmem0_addr_read = read i32 @_ssdm_op_Read.m_axi.i32P1A, i32 %gmem0_addr" [../ip/ip6/pooling.cpp:69]   --->   Operation 107 'read' 'gmem0_addr_read' <Predicate = (and_ln64)> <Delay = 7.30> <CoreInst = "m_axi">   --->   Core 113 'm_axi' <Latency = 0> <II = 1> <Delay = 1.00> <Adapter> <Opcode : 'read' 'write' 'readreq' 'writereq' 'writeresp'>
ST_14 : Operation 108 [1/1] (0.00ns)   --->   "%tmp = partselect i8 @_ssdm_op_PartSelect.i8.i32.i32.i32, i32 %gmem0_addr_read, i32 23, i32 30" [../ip/ip6/pooling.cpp:69]   --->   Operation 108 'partselect' 'tmp' <Predicate = (and_ln64)> <Delay = 0.00>
ST_14 : Operation 109 [1/1] (0.00ns)   --->   "%trunc_ln69 = trunc i32 %gmem0_addr_read" [../ip/ip6/pooling.cpp:69]   --->   Operation 109 'trunc' 'trunc_ln69' <Predicate = (and_ln64)> <Delay = 0.00>

State 15 <SV = 14> <Delay = 4.19>
ST_15 : Operation 110 [1/1] (0.00ns)   --->   "%max_val_load = load i32 %max_val" [../ip/ip6/pooling.cpp:69]   --->   Operation 110 'load' 'max_val_load' <Predicate = (and_ln64)> <Delay = 0.00>
ST_15 : Operation 111 [1/1] (0.00ns)   --->   "%max_val_1 = bitcast i32 %gmem0_addr_read" [../ip/ip6/pooling.cpp:69]   --->   Operation 111 'bitcast' 'max_val_1' <Predicate = (and_ln64)> <Delay = 0.00>
ST_15 : Operation 112 [1/1] (0.00ns)   --->   "%bitcast_ln69 = bitcast i32 %max_val_load" [../ip/ip6/pooling.cpp:69]   --->   Operation 112 'bitcast' 'bitcast_ln69' <Predicate = (and_ln64)> <Delay = 0.00>
ST_15 : Operation 113 [1/1] (0.00ns)   --->   "%tmp_1 = partselect i8 @_ssdm_op_PartSelect.i8.i32.i32.i32, i32 %bitcast_ln69, i32 23, i32 30" [../ip/ip6/pooling.cpp:69]   --->   Operation 113 'partselect' 'tmp_1' <Predicate = (and_ln64)> <Delay = 0.00>
ST_15 : Operation 114 [1/1] (0.00ns)   --->   "%trunc_ln69_1 = trunc i32 %bitcast_ln69" [../ip/ip6/pooling.cpp:69]   --->   Operation 114 'trunc' 'trunc_ln69_1' <Predicate = (and_ln64)> <Delay = 0.00>
ST_15 : Operation 115 [1/1] (1.31ns)   --->   "%icmp_ln69 = icmp_ne  i8 %tmp, i8 255" [../ip/ip6/pooling.cpp:69]   --->   Operation 115 'icmp' 'icmp_ln69' <Predicate = (and_ln64)> <Delay = 1.31> <CoreInst = "Cmp">   --->   Core 9 'Cmp' <Latency = 0> <II = 1> <Delay = 1.31> <FuncUnit> <Opcode : 'icmp'> <InPorts = 2> <OutPorts = 1>
ST_15 : Operation 116 [1/1] (2.02ns)   --->   "%icmp_ln69_1 = icmp_eq  i23 %trunc_ln69, i23 0" [../ip/ip6/pooling.cpp:69]   --->   Operation 116 'icmp' 'icmp_ln69_1' <Predicate = (and_ln64)> <Delay = 2.02> <CoreInst = "Cmp">   --->   Core 9 'Cmp' <Latency = 0> <II = 1> <Delay = 2.02> <FuncUnit> <Opcode : 'icmp'> <InPorts = 2> <OutPorts = 1>
ST_15 : Operation 117 [1/1] (1.31ns)   --->   "%icmp_ln69_2 = icmp_ne  i8 %tmp_1, i8 255" [../ip/ip6/pooling.cpp:69]   --->   Operation 117 'icmp' 'icmp_ln69_2' <Predicate = (and_ln64)> <Delay = 1.31> <CoreInst = "Cmp">   --->   Core 9 'Cmp' <Latency = 0> <II = 1> <Delay = 1.31> <FuncUnit> <Opcode : 'icmp'> <InPorts = 2> <OutPorts = 1>
ST_15 : Operation 118 [1/1] (2.02ns)   --->   "%icmp_ln69_3 = icmp_eq  i23 %trunc_ln69_1, i23 0" [../ip/ip6/pooling.cpp:69]   --->   Operation 118 'icmp' 'icmp_ln69_3' <Predicate = (and_ln64)> <Delay = 2.02> <CoreInst = "Cmp">   --->   Core 9 'Cmp' <Latency = 0> <II = 1> <Delay = 2.02> <FuncUnit> <Opcode : 'icmp'> <InPorts = 2> <OutPorts = 1>
ST_15 : Operation 119 [2/2] (4.19ns)   --->   "%tmp_2 = fcmp_ogt  i32 %max_val_1, i32 %max_val_load" [../ip/ip6/pooling.cpp:69]   --->   Operation 119 'fcmp' 'tmp_2' <Predicate = (and_ln64)> <Delay = 4.19> <CoreInst = "FCompare">   --->   Core 19 'FCompare' <Latency = 1> <II = 1> <Delay = 4.19> <FuncUnit> <Opcode : 'fcmp'> <InPorts = 2> <OutPorts = 1>
ST_15 : Operation 131 [1/1] (0.00ns)   --->   "%p_load = load i32 %empty"   --->   Operation 131 'load' 'p_load' <Predicate = (icmp_ln1027)> <Delay = 0.00>
ST_15 : Operation 132 [1/1] (0.00ns)   --->   "%write_ln0 = write void @_ssdm_op_Write.ap_auto.i32P0A, i32 %p_out, i32 %p_load"   --->   Operation 132 'write' 'write_ln0' <Predicate = (icmp_ln1027)> <Delay = 0.00>
ST_15 : Operation 133 [1/1] (0.00ns)   --->   "%ret_ln0 = ret"   --->   Operation 133 'ret' 'ret_ln0' <Predicate = (icmp_ln1027)> <Delay = 0.00>

State 16 <SV = 15> <Delay = 7.00>
ST_16 : Operation 120 [1/1] (0.00ns)   --->   "%p_load20 = load i32 %empty" [../ip/ip6/pooling.cpp:69]   --->   Operation 120 'load' 'p_load20' <Predicate = (and_ln64)> <Delay = 0.00>
ST_16 : Operation 121 [1/1] (0.00ns) (grouped into LUT with out node and_ln69_1)   --->   "%or_ln69 = or i1 %icmp_ln69_1, i1 %icmp_ln69" [../ip/ip6/pooling.cpp:69]   --->   Operation 121 'or' 'or_ln69' <Predicate = (and_ln64)> <Delay = 0.00> <CoreInst = "LogicGate">   --->   Core 74 'LogicGate' <Latency = 0> <II = 1> <Delay = 0.80> <FuncUnit> <Opcode : 'and' 'or' 'xor'> <InPorts = 2> <OutPorts = 1>
ST_16 : Operation 122 [1/1] (0.00ns) (grouped into LUT with out node and_ln69_1)   --->   "%or_ln69_1 = or i1 %icmp_ln69_3, i1 %icmp_ln69_2" [../ip/ip6/pooling.cpp:69]   --->   Operation 122 'or' 'or_ln69_1' <Predicate = (and_ln64)> <Delay = 0.00> <CoreInst = "LogicGate">   --->   Core 74 'LogicGate' <Latency = 0> <II = 1> <Delay = 0.80> <FuncUnit> <Opcode : 'and' 'or' 'xor'> <InPorts = 2> <OutPorts = 1>
ST_16 : Operation 123 [1/2] (4.19ns)   --->   "%tmp_2 = fcmp_ogt  i32 %max_val_1, i32 %max_val_load" [../ip/ip6/pooling.cpp:69]   --->   Operation 123 'fcmp' 'tmp_2' <Predicate = (and_ln64)> <Delay = 4.19> <CoreInst = "FCompare">   --->   Core 19 'FCompare' <Latency = 1> <II = 1> <Delay = 4.19> <FuncUnit> <Opcode : 'fcmp'> <InPorts = 2> <OutPorts = 1>
ST_16 : Operation 124 [1/1] (0.00ns) (grouped into LUT with out node and_ln69_1)   --->   "%and_ln69 = and i1 %tmp_2, i1 %or_ln69_1" [../ip/ip6/pooling.cpp:69]   --->   Operation 124 'and' 'and_ln69' <Predicate = (and_ln64)> <Delay = 0.00> <CoreInst = "LogicGate">   --->   Core 74 'LogicGate' <Latency = 0> <II = 1> <Delay = 0.80> <FuncUnit> <Opcode : 'and' 'or' 'xor'> <InPorts = 2> <OutPorts = 1>
ST_16 : Operation 125 [1/1] (0.80ns) (out node of the LUT)   --->   "%and_ln69_1 = and i1 %and_ln69, i1 %or_ln69" [../ip/ip6/pooling.cpp:69]   --->   Operation 125 'and' 'and_ln69_1' <Predicate = (and_ln64)> <Delay = 0.80> <CoreInst = "LogicGate">   --->   Core 74 'LogicGate' <Latency = 0> <II = 1> <Delay = 0.80> <FuncUnit> <Opcode : 'and' 'or' 'xor'> <InPorts = 2> <OutPorts = 1>
ST_16 : Operation 126 [1/1] (0.70ns)   --->   "%select_ln69 = select i1 %and_ln69_1, i32 %gmem0_addr_read, i32 %p_load20" [../ip/ip6/pooling.cpp:69]   --->   Operation 126 'select' 'select_ln69' <Predicate = (and_ln64)> <Delay = 0.70> <CoreInst = "Sel">   --->   Core 73 'Sel' <Latency = 0> <II = 1> <Delay = 0.70> <FuncUnit> <Opcode : 'select'> <InPorts = 3> <OutPorts = 1>
ST_16 : Operation 127 [1/1] (0.70ns)   --->   "%select_ln69_1 = select i1 %and_ln69_1, i32 %max_val_1, i32 %max_val_load" [../ip/ip6/pooling.cpp:69]   --->   Operation 127 'select' 'select_ln69_1' <Predicate = (and_ln64)> <Delay = 0.70> <CoreInst = "Sel">   --->   Core 73 'Sel' <Latency = 0> <II = 1> <Delay = 0.70> <FuncUnit> <Opcode : 'select'> <InPorts = 3> <OutPorts = 1>
ST_16 : Operation 128 [1/1] (1.29ns)   --->   "%store_ln69 = store i32 %select_ln69, i32 %empty" [../ip/ip6/pooling.cpp:69]   --->   Operation 128 'store' 'store_ln69' <Predicate = (and_ln64)> <Delay = 1.29>
ST_16 : Operation 129 [1/1] (1.29ns)   --->   "%store_ln69 = store i32 %select_ln69_1, i32 %max_val" [../ip/ip6/pooling.cpp:69]   --->   Operation 129 'store' 'store_ln69' <Predicate = (and_ln64)> <Delay = 1.29>
ST_16 : Operation 130 [1/1] (0.00ns)   --->   "%br_ln69 = br void %for.inc" [../ip/ip6/pooling.cpp:69]   --->   Operation 130 'br' 'br_ln69' <Predicate = (and_ln64)> <Delay = 0.00>


============================================================
+ Verbose Summary: Timing violations
============================================================
Target clock period: 10ns, clock uncertainty: 2.7ns.

 <State 1>: 6.64ns
The critical path consists of the following:
	'alloca' operation ('kh') [14]  (0 ns)
	'load' operation ('kh', ../ip/ip6/pooling.cpp:57) on local variable 'kh' [41]  (0 ns)
	'add' operation ('add_ln57', ../ip/ip6/pooling.cpp:57) [58]  (1.31 ns)
	'add' operation ('h_in_1_mid1') [60]  (1.72 ns)
	'icmp' operation ('notrhs6_mid1') [67]  (2.01 ns)
	'select' operation ('select_ln1027_7') [68]  (0 ns)
	'and' operation ('and_ln64_1', ../ip/ip6/pooling.cpp:64) [76]  (0.813 ns)
	'and' operation ('and_ln64', ../ip/ip6/pooling.cpp:64) [77]  (0.8 ns)

 <State 2>: 1.82ns
The critical path consists of the following:
	'mul' operation of DSP[63] ('mul_ln1027') [63]  (1.82 ns)

 <State 3>: 1.82ns
The critical path consists of the following:
	'mul' operation of DSP[63] ('mul_ln1027') [63]  (1.82 ns)

 <State 4>: 1.9ns
The critical path consists of the following:
	'mul' operation of DSP[63] ('mul_ln1027') [63]  (0 ns)
	'add' operation ('add_ln1494') [82]  (1.9 ns)

 <State 5>: 7.05ns
The critical path consists of the following:
	'mul' operation ('mul_ln66', ../ip/ip6/pooling.cpp:66) [83]  (7.05 ns)

 <State 6>: 4.59ns
The critical path consists of the following:
	'add' operation ('in_offset', ../ip/ip6/pooling.cpp:66) [84]  (1.9 ns)
	'add' operation ('add_ln69', ../ip/ip6/pooling.cpp:69) [87]  (2.69 ns)

 <State 7>: 7.3ns
The critical path consists of the following:
	bus request operation ('gmem0_load_1_req', ../ip/ip6/pooling.cpp:69) on port 'gmem0' (../ip/ip6/pooling.cpp:69) [91]  (7.3 ns)

 <State 8>: 7.3ns
The critical path consists of the following:
	bus request operation ('gmem0_load_1_req', ../ip/ip6/pooling.cpp:69) on port 'gmem0' (../ip/ip6/pooling.cpp:69) [91]  (7.3 ns)

 <State 9>: 7.3ns
The critical path consists of the following:
	bus request operation ('gmem0_load_1_req', ../ip/ip6/pooling.cpp:69) on port 'gmem0' (../ip/ip6/pooling.cpp:69) [91]  (7.3 ns)

 <State 10>: 7.3ns
The critical path consists of the following:
	bus request operation ('gmem0_load_1_req', ../ip/ip6/pooling.cpp:69) on port 'gmem0' (../ip/ip6/pooling.cpp:69) [91]  (7.3 ns)

 <State 11>: 7.3ns
The critical path consists of the following:
	bus request operation ('gmem0_load_1_req', ../ip/ip6/pooling.cpp:69) on port 'gmem0' (../ip/ip6/pooling.cpp:69) [91]  (7.3 ns)

 <State 12>: 7.3ns
The critical path consists of the following:
	bus request operation ('gmem0_load_1_req', ../ip/ip6/pooling.cpp:69) on port 'gmem0' (../ip/ip6/pooling.cpp:69) [91]  (7.3 ns)

 <State 13>: 7.3ns
The critical path consists of the following:
	bus request operation ('gmem0_load_1_req', ../ip/ip6/pooling.cpp:69) on port 'gmem0' (../ip/ip6/pooling.cpp:69) [91]  (7.3 ns)

 <State 14>: 7.3ns
The critical path consists of the following:
	bus read operation ('gmem0_addr_read', ../ip/ip6/pooling.cpp:69) on port 'gmem0' (../ip/ip6/pooling.cpp:69) [92]  (7.3 ns)

 <State 15>: 4.2ns
The critical path consists of the following:
	'load' operation ('max_val_load', ../ip/ip6/pooling.cpp:69) on local variable 'max_val' [80]  (0 ns)
	'fcmp' operation ('tmp_2', ../ip/ip6/pooling.cpp:69) [105]  (4.2 ns)

 <State 16>: 7ns
The critical path consists of the following:
	'fcmp' operation ('tmp_2', ../ip/ip6/pooling.cpp:69) [105]  (4.2 ns)
	'and' operation ('and_ln69', ../ip/ip6/pooling.cpp:69) [106]  (0 ns)
	'and' operation ('and_ln69_1', ../ip/ip6/pooling.cpp:69) [107]  (0.8 ns)
	'select' operation ('select_ln69', ../ip/ip6/pooling.cpp:69) [108]  (0.705 ns)
	'store' operation ('store_ln69', ../ip/ip6/pooling.cpp:69) of variable 'select_ln69', ../ip/ip6/pooling.cpp:69 on local variable 'empty' [110]  (1.3 ns)


============================================================
+ Verbose Summary: Binding
============================================================
N/A
* FSMD analyzer results:
  - Output states:
 - Input state : 
  - Chain level:
	State 1
	State 2
	State 3
	State 4
	State 5
	State 6
	State 7
	State 8
	State 9
	State 10
	State 11
	State 12
	State 13
	State 14
	State 15
	State 16


============================================================
+ Verbose Summary: Datapath Resource usage 
============================================================
N/A
