

================================================================
== Vitis HLS Report for 'pooling'
================================================================
* Date:           Tue Nov  4 14:31:21 2025

* Version:        2022.2 (Build 3670227 on Oct 13 2022)
* Project:        ip8
* Solution:       solution1 (Vivado IP Flow Target)
* Product family: zynq
* Target device:  xc7z020-clg400-2


================================================================
== Performance Estimates
================================================================
+ Timing: 
    * Summary: 
    +--------+----------+----------+------------+
    |  Clock |  Target  | Estimated| Uncertainty|
    +--------+----------+----------+------------+
    |ap_clk  |  10.00 ns|  7.300 ns|     2.70 ns|
    +--------+----------+----------+------------+

+ Latency: 
    * Summary: 
    +---------+---------+----------+----------+-----+-----+---------+
    |  Latency (cycles) |  Latency (absolute) |  Interval | Pipeline|
    |   min   |   max   |    min   |    max   | min | max |   Type  |
    +---------+---------+----------+----------+-----+-----+---------+
    |        ?|        ?|         ?|         ?|    ?|    ?|       no|
    +---------+---------+----------+----------+-----+-----+---------+

    + Detail: 
        * Instance: 
        +-------------------------------------------------------------+--------------------------------------------------+---------+---------+-----------+----------+-----+-------+---------+
        |                                                             |                                                  |  Latency (cycles) |  Latency (absolute)  |   Interval  | Pipeline|
        |                           Instance                          |                      Module                      |   min   |   max   |    min    |    max   | min |  max  |   Type  |
        +-------------------------------------------------------------+--------------------------------------------------+---------+---------+-----------+----------+-----+-------+---------+
        |grp_pooling_Pipeline_VITIS_LOOP_57_4_VITIS_LOOP_58_5_fu_257  |pooling_Pipeline_VITIS_LOOP_57_4_VITIS_LOOP_58_5  |        2|    65041|  20.000 ns|  0.650 ms|    2|  65041|       no|
        |grp_pooling_Pipeline_VITIS_LOOP_85_6_VITIS_LOOP_86_7_fu_274  |pooling_Pipeline_VITIS_LOOP_85_6_VITIS_LOOP_86_7  |        ?|        ?|          ?|         ?|    ?|      ?|       no|
        +-------------------------------------------------------------+--------------------------------------------------+---------+---------+-----------+----------+-----+-------+---------+

        * Loop: 
        +---------------------------------------------------+---------+---------+----------+-----------+-----------+----------------+----------+
        |                                                   |  Latency (cycles) | Iteration|  Initiation Interval  |      Trip      |          |
        |                     Loop Name                     |   min   |   max   |  Latency |  achieved |   target  |      Count     | Pipelined|
        +---------------------------------------------------+---------+---------+----------+-----------+-----------+----------------+----------+
        |- VITIS_LOOP_48_1_VITIS_LOOP_50_2_VITIS_LOOP_51_3  |        ?|        ?|         ?|          -|          -|  0 ~ 4261413375|        no|
        +---------------------------------------------------+---------+---------+----------+-----------+-----------+----------------+----------+



================================================================
== Utilization Estimates
================================================================
* Summary: 
+-----------------+---------+-----+--------+-------+-----+
|       Name      | BRAM_18K| DSP |   FF   |  LUT  | URAM|
+-----------------+---------+-----+--------+-------+-----+
|DSP              |        -|    6|       -|      -|    -|
|Expression       |        -|    -|       0|    649|    -|
|FIFO             |        -|    -|       -|      -|    -|
|Instance         |        0|   12|    2863|   3716|    -|
|Memory           |        -|    -|       -|      -|    -|
|Multiplexer      |        -|    -|       -|    528|    -|
|Register         |        -|    -|    1032|      -|    -|
+-----------------+---------+-----+--------+-------+-----+
|Total            |        0|   18|    3895|   4893|    0|
+-----------------+---------+-----+--------+-------+-----+
|Available        |      280|  220|  106400|  53200|    0|
+-----------------+---------+-----+--------+-------+-----+
|Utilization (%)  |        0|    8|       3|      9|    0|
+-----------------+---------+-----+--------+-------+-----+

+ Detail: 
    * Instance: 
    +-------------------------------------------------------------+--------------------------------------------------+---------+----+-----+------+-----+
    |                           Instance                          |                      Module                      | BRAM_18K| DSP|  FF |  LUT | URAM|
    +-------------------------------------------------------------+--------------------------------------------------+---------+----+-----+------+-----+
    |control_s_axi_U                                              |control_s_axi                                     |        0|   0|  291|   442|    0|
    |fdiv_32ns_32ns_32_12_no_dsp_1_U36                            |fdiv_32ns_32ns_32_12_no_dsp_1                     |        0|   0|    0|     0|    0|
    |gmem0_m_axi_U                                                |gmem0_m_axi                                       |        0|   0|  710|  1276|    0|
    |mul_16ns_32ns_48_1_1_U41                                     |mul_16ns_32ns_48_1_1                              |        0|   2|    0|    21|    0|
    |mul_32s_16ns_32_1_1_U42                                      |mul_32s_16ns_32_1_1                               |        0|   2|    0|    21|    0|
    |mul_8ns_8ns_16_1_1_U40                                       |mul_8ns_8ns_16_1_1                                |        0|   0|    0|    41|    0|
    |grp_pooling_Pipeline_VITIS_LOOP_57_4_VITIS_LOOP_58_5_fu_257  |pooling_Pipeline_VITIS_LOOP_57_4_VITIS_LOOP_58_5  |        0|   3|  669|   654|    0|
    |grp_pooling_Pipeline_VITIS_LOOP_85_6_VITIS_LOOP_86_7_fu_274  |pooling_Pipeline_VITIS_LOOP_85_6_VITIS_LOOP_86_7  |        0|   5|  741|   987|    0|
    |sdiv_18ns_9ns_16_22_seq_1_U38                                |sdiv_18ns_9ns_16_22_seq_1                         |        0|   0|  226|   137|    0|
    |sdiv_18ns_9ns_16_22_seq_1_U39                                |sdiv_18ns_9ns_16_22_seq_1                         |        0|   0|  226|   137|    0|
    |sitofp_32ns_32_5_no_dsp_1_U37                                |sitofp_32ns_32_5_no_dsp_1                         |        0|   0|    0|     0|    0|
    +-------------------------------------------------------------+--------------------------------------------------+---------+----+-----+------+-----+
    |Total                                                        |                                                  |        0|  12| 2863|  3716|    0|
    +-------------------------------------------------------------+--------------------------------------------------+---------+----+-----+------+-----+

    * DSP: 
    +-------------------------------------+---------------------------------+--------------+
    |               Instance              |              Module             |  Expression  |
    +-------------------------------------+---------------------------------+--------------+
    |mac_mul_sub_16ns_8ns_8ns_25_4_1_U48  |mac_mul_sub_16ns_8ns_8ns_25_4_1  |  i0 * i1 - i2|
    |mul_mul_16ns_16ns_32_4_1_U43         |mul_mul_16ns_16ns_32_4_1         |       i0 * i1|
    |mul_mul_16ns_16ns_32_4_1_U44         |mul_mul_16ns_16ns_32_4_1         |       i0 * i1|
    |mul_mul_16ns_16ns_32_4_1_U46         |mul_mul_16ns_16ns_32_4_1         |       i0 * i1|
    |mul_mul_16ns_8ns_24_4_1_U45          |mul_mul_16ns_8ns_24_4_1          |       i0 * i1|
    |mul_mul_16ns_8ns_24_4_1_U47          |mul_mul_16ns_8ns_24_4_1          |       i0 * i1|
    +-------------------------------------+---------------------------------+--------------+

    * Memory: 
    N/A

    * FIFO: 
    N/A

    * Expression: 
    +---------------------------+----------+----+---+----+------------+------------+
    |       Variable Name       | Operation| DSP| FF| LUT| Bitwidth P0| Bitwidth P1|
    +---------------------------+----------+----+---+----+------------+------------+
    |H_out_V_fu_403_p2          |         +|   0|  0|  16|          16|           1|
    |W_out_V_fu_413_p2          |         +|   0|  0|  16|          16|           1|
    |add_ln1027_1_fu_668_p2     |         +|   0|  0|  32|          32|           1|
    |add_ln1027_fu_481_p2       |         +|   0|  0|  48|          48|           1|
    |add_ln106_fu_631_p2        |         +|   0|  0|  64|          64|          64|
    |add_ln1494_fu_585_p2       |         +|   0|  0|  32|          32|          32|
    |add_ln1496_1_fu_352_p2     |         +|   0|  0|  17|          17|          17|
    |add_ln1496_fu_318_p2       |         +|   0|  0|  17|          17|          17|
    |add_ln48_fu_594_p2         |         +|   0|  0|  16|          16|           1|
    |h_out_3_fu_513_p2          |         +|   0|  0|  16|          16|           1|
    |out_offset_fu_614_p2       |         +|   0|  0|  32|          32|          32|
    |w_out_fu_663_p2            |         +|   0|  0|  16|          16|           1|
    |grp_fu_342_p0              |         -|   0|  0|  18|          18|          18|
    |grp_fu_368_p0              |         -|   0|  0|  18|          18|          18|
    |sub_ln1027_fu_577_p2       |         -|   0|  0|  25|          25|          25|
    |icmp_ln1027_3_fu_476_p2    |      icmp|   0|  0|  17|          48|          48|
    |icmp_ln1027_4_fu_490_p2    |      icmp|   0|  0|  12|          32|          32|
    |icmp_ln1027_5_fu_495_p2    |      icmp|   0|  0|   7|          16|          16|
    |icmp_ln1027_fu_457_p2      |      icmp|   0|  0|   7|          16|           1|
    |icmp_ln104_fu_710_p2       |      icmp|   0|  0|  12|          32|           1|
    |or_ln1027_fu_534_p2        |        or|   0|  0|   1|           1|           1|
    |select_ln1027_1_fu_561_p3  |    select|   0|  0|  32|           1|          32|
    |select_ln1027_2_fu_567_p3  |    select|   0|  0|  24|           1|          24|
    |select_ln1027_3_fu_527_p3  |    select|   0|  0|  16|           1|          16|
    |select_ln1027_9_fu_674_p3  |    select|   0|  0|  32|           1|           1|
    |select_ln1027_fu_538_p3    |    select|   0|  0|  16|           1|           1|
    |select_ln1633_1_fu_600_p3  |    select|   0|  0|  16|           1|          16|
    |select_ln1633_2_fu_549_p3  |    select|   0|  0|  32|           1|           1|
    |select_ln1633_3_fu_555_p3  |    select|   0|  0|  24|           1|           1|
    |select_ln1633_4_fu_500_p3  |    select|   0|  0|   2|           1|           1|
    |select_ln1633_fu_507_p3    |    select|   0|  0|  16|           1|           1|
    +---------------------------+----------+----+---+----+------------+------------+
    |Total                      |          |   0|  0| 649|         538|         423|
    +---------------------------+----------+----+---+----+------------+------------+

    * Multiplexer: 
    +----------------------------------+-----+-----------+-----+-----------+
    |               Name               | LUT | Input Size| Bits| Total Bits|
    +----------------------------------+-----+-----------+-----+-----------+
    |ap_NS_fsm                         |  377|         80|    1|         80|
    |ap_phi_mux_avg_val_phi_fu_240_p4  |    9|          2|   32|         64|
    |avg_val_reg_236                   |    9|          2|   32|         64|
    |c_fu_146                          |    9|          2|   16|         32|
    |gmem0_ARADDR                      |   13|          3|   64|        192|
    |gmem0_ARLEN                       |   13|          3|   32|         96|
    |gmem0_ARVALID                     |   13|          3|    1|          3|
    |gmem0_RREADY                      |   13|          3|    1|          3|
    |gmem0_blk_n_AW                    |    9|          2|    1|          2|
    |gmem0_blk_n_B                     |    9|          2|    1|          2|
    |gmem0_blk_n_W                     |    9|          2|    1|          2|
    |h_out_fu_138                      |    9|          2|   16|         32|
    |indvar_flatten21_fu_142           |    9|          2|   32|         64|
    |indvar_flatten45_fu_150           |    9|          2|   48|         96|
    |storemerge_reg_247                |    9|          2|   32|         64|
    |w_out_1_fu_134                    |    9|          2|   16|         32|
    +----------------------------------+-----+-----------+-----+-----------+
    |Total                             |  528|        114|  326|        828|
    +----------------------------------+-----+-----------+-----+-----------+

    * Register: 
    +--------------------------------------------------------------------------+----+----+-----+-----------+
    |                                   Name                                   | FF | LUT| Bits| Const Bits|
    +--------------------------------------------------------------------------+----+----+-----+-----------+
    |C_in_read_reg_831                                                         |  16|   0|   16|          0|
    |H_in_read_reg_825                                                         |  16|   0|   16|          0|
    |W_in_read_reg_817                                                         |  16|   0|   16|          0|
    |W_out_V_reg_873                                                           |  16|   0|   16|          0|
    |add_ln1027_reg_957                                                        |  48|   0|   48|          0|
    |add_ln1494_reg_1015                                                       |  32|   0|   32|          0|
    |ap_CS_fsm                                                                 |  79|   0|   79|          0|
    |avg_val_reg_236                                                           |  32|   0|   32|          0|
    |c_fu_146                                                                  |  16|   0|   16|          0|
    |conv1_reg_1063                                                            |  32|   0|   32|          0|
    |conv_i_i707_reg_879                                                       |  16|   0|   32|         16|
    |conv_i_i721_reg_897                                                       |  16|   0|   32|         16|
    |div_reg_1068                                                              |  32|   0|   32|          0|
    |empty_reg_949                                                             |  24|   0|   24|          0|
    |feature_in_read_reg_790                                                   |  64|   0|   64|          0|
    |feature_out_read_reg_785                                                  |  64|   0|   64|          0|
    |gmem0_addr_reg_1039                                                       |  64|   0|   64|          0|
    |grp_pooling_Pipeline_VITIS_LOOP_57_4_VITIS_LOOP_58_5_fu_257_ap_start_reg  |   1|   0|    1|          0|
    |grp_pooling_Pipeline_VITIS_LOOP_85_6_VITIS_LOOP_86_7_fu_274_ap_start_reg  |   1|   0|    1|          0|
    |h_out_fu_138                                                              |  16|   0|   16|          0|
    |icmp_ln1027_4_reg_965                                                     |   1|   0|    1|          0|
    |icmp_ln1027_reg_926                                                       |   1|   0|    1|          0|
    |icmp_ln104_reg_1059                                                       |   1|   0|    1|          0|
    |indvar_flatten21_fu_142                                                   |  32|   0|   32|          0|
    |indvar_flatten45_fu_150                                                   |  48|   0|   48|          0|
    |kernel_size_read_reg_810                                                  |   8|   0|    8|          0|
    |mul_ln105_reg_1028                                                        |  32|   0|   32|          0|
    |mul_ln1494_reg_944                                                        |  32|   0|   32|          0|
    |mul_ln15_1_reg_891                                                        |  32|   0|   32|          0|
    |mul_ln15_2_reg_921                                                        |  48|   0|   48|          0|
    |mul_ln15_reg_915                                                          |  16|   0|   16|          0|
    |padding_read_reg_800                                                      |   8|   0|    8|          0|
    |pool_type_read_reg_796                                                    |   1|   0|    1|          0|
    |select_ln1027_3_reg_993                                                   |  16|   0|   16|          0|
    |select_ln1027_reg_998                                                     |  16|   0|   16|          0|
    |select_ln1633_1_reg_1020                                                  |  16|   0|   16|          0|
    |select_ln1633_4_reg_975                                                   |   1|   0|    1|          0|
    |storemerge_reg_247                                                        |  32|   0|   32|          0|
    |stride_cast2_reg_902                                                      |   8|   0|   24|         16|
    |stride_read_reg_805                                                       |   8|   0|    8|          0|
    |sub_ln1027_reg_1009                                                       |  25|   0|   25|          0|
    |sub_ln1496_reg_1033                                                       |  25|   0|   25|          0|
    |w_out_1_fu_134                                                            |  16|   0|   16|          0|
    |zext_ln48_reg_909                                                         |   8|   0|   25|         17|
    +--------------------------------------------------------------------------+----+----+-----+-----------+
    |Total                                                                     |1032|   0| 1097|         65|
    +--------------------------------------------------------------------------+----+----+-----+-----------+



================================================================
== Interface
================================================================
* Summary: 
+-----------------------+-----+-----+------------+--------------+--------------+
|       RTL Ports       | Dir | Bits|  Protocol  | Source Object|    C Type    |
+-----------------------+-----+-----+------------+--------------+--------------+
|s_axi_control_AWVALID  |   in|    1|       s_axi|       control|        scalar|
|s_axi_control_AWREADY  |  out|    1|       s_axi|       control|        scalar|
|s_axi_control_AWADDR   |   in|    7|       s_axi|       control|        scalar|
|s_axi_control_WVALID   |   in|    1|       s_axi|       control|        scalar|
|s_axi_control_WREADY   |  out|    1|       s_axi|       control|        scalar|
|s_axi_control_WDATA    |   in|   32|       s_axi|       control|        scalar|
|s_axi_control_WSTRB    |   in|    4|       s_axi|       control|        scalar|
|s_axi_control_ARVALID  |   in|    1|       s_axi|       control|        scalar|
|s_axi_control_ARREADY  |  out|    1|       s_axi|       control|        scalar|
|s_axi_control_ARADDR   |   in|    7|       s_axi|       control|        scalar|
|s_axi_control_RVALID   |  out|    1|       s_axi|       control|        scalar|
|s_axi_control_RREADY   |   in|    1|       s_axi|       control|        scalar|
|s_axi_control_RDATA    |  out|   32|       s_axi|       control|        scalar|
|s_axi_control_RRESP    |  out|    2|       s_axi|       control|        scalar|
|s_axi_control_BVALID   |  out|    1|       s_axi|       control|        scalar|
|s_axi_control_BREADY   |   in|    1|       s_axi|       control|        scalar|
|s_axi_control_BRESP    |  out|    2|       s_axi|       control|        scalar|
|ap_clk                 |   in|    1|  ap_ctrl_hs|       pooling|  return value|
|ap_rst_n               |   in|    1|  ap_ctrl_hs|       pooling|  return value|
|interrupt              |  out|    1|  ap_ctrl_hs|       pooling|  return value|
|m_axi_gmem0_AWVALID    |  out|    1|       m_axi|         gmem0|       pointer|
|m_axi_gmem0_AWREADY    |   in|    1|       m_axi|         gmem0|       pointer|
|m_axi_gmem0_AWADDR     |  out|   64|       m_axi|         gmem0|       pointer|
|m_axi_gmem0_AWID       |  out|    1|       m_axi|         gmem0|       pointer|
|m_axi_gmem0_AWLEN      |  out|    8|       m_axi|         gmem0|       pointer|
|m_axi_gmem0_AWSIZE     |  out|    3|       m_axi|         gmem0|       pointer|
|m_axi_gmem0_AWBURST    |  out|    2|       m_axi|         gmem0|       pointer|
|m_axi_gmem0_AWLOCK     |  out|    2|       m_axi|         gmem0|       pointer|
|m_axi_gmem0_AWCACHE    |  out|    4|       m_axi|         gmem0|       pointer|
|m_axi_gmem0_AWPROT     |  out|    3|       m_axi|         gmem0|       pointer|
|m_axi_gmem0_AWQOS      |  out|    4|       m_axi|         gmem0|       pointer|
|m_axi_gmem0_AWREGION   |  out|    4|       m_axi|         gmem0|       pointer|
|m_axi_gmem0_AWUSER     |  out|    1|       m_axi|         gmem0|       pointer|
|m_axi_gmem0_WVALID     |  out|    1|       m_axi|         gmem0|       pointer|
|m_axi_gmem0_WREADY     |   in|    1|       m_axi|         gmem0|       pointer|
|m_axi_gmem0_WDATA      |  out|   32|       m_axi|         gmem0|       pointer|
|m_axi_gmem0_WSTRB      |  out|    4|       m_axi|         gmem0|       pointer|
|m_axi_gmem0_WLAST      |  out|    1|       m_axi|         gmem0|       pointer|
|m_axi_gmem0_WID        |  out|    1|       m_axi|         gmem0|       pointer|
|m_axi_gmem0_WUSER      |  out|    1|       m_axi|         gmem0|       pointer|
|m_axi_gmem0_ARVALID    |  out|    1|       m_axi|         gmem0|       pointer|
|m_axi_gmem0_ARREADY    |   in|    1|       m_axi|         gmem0|       pointer|
|m_axi_gmem0_ARADDR     |  out|   64|       m_axi|         gmem0|       pointer|
|m_axi_gmem0_ARID       |  out|    1|       m_axi|         gmem0|       pointer|
|m_axi_gmem0_ARLEN      |  out|    8|       m_axi|         gmem0|       pointer|
|m_axi_gmem0_ARSIZE     |  out|    3|       m_axi|         gmem0|       pointer|
|m_axi_gmem0_ARBURST    |  out|    2|       m_axi|         gmem0|       pointer|
|m_axi_gmem0_ARLOCK     |  out|    2|       m_axi|         gmem0|       pointer|
|m_axi_gmem0_ARCACHE    |  out|    4|       m_axi|         gmem0|       pointer|
|m_axi_gmem0_ARPROT     |  out|    3|       m_axi|         gmem0|       pointer|
|m_axi_gmem0_ARQOS      |  out|    4|       m_axi|         gmem0|       pointer|
|m_axi_gmem0_ARREGION   |  out|    4|       m_axi|         gmem0|       pointer|
|m_axi_gmem0_ARUSER     |  out|    1|       m_axi|         gmem0|       pointer|
|m_axi_gmem0_RVALID     |   in|    1|       m_axi|         gmem0|       pointer|
|m_axi_gmem0_RREADY     |  out|    1|       m_axi|         gmem0|       pointer|
|m_axi_gmem0_RDATA      |   in|   32|       m_axi|         gmem0|       pointer|
|m_axi_gmem0_RLAST      |   in|    1|       m_axi|         gmem0|       pointer|
|m_axi_gmem0_RID        |   in|    1|       m_axi|         gmem0|       pointer|
|m_axi_gmem0_RUSER      |   in|    1|       m_axi|         gmem0|       pointer|
|m_axi_gmem0_RRESP      |   in|    2|       m_axi|         gmem0|       pointer|
|m_axi_gmem0_BVALID     |   in|    1|       m_axi|         gmem0|       pointer|
|m_axi_gmem0_BREADY     |  out|    1|       m_axi|         gmem0|       pointer|
|m_axi_gmem0_BRESP      |   in|    2|       m_axi|         gmem0|       pointer|
|m_axi_gmem0_BID        |   in|    1|       m_axi|         gmem0|       pointer|
|m_axi_gmem0_BUSER      |   in|    1|       m_axi|         gmem0|       pointer|
+-----------------------+-----+-----+------------+--------------+--------------+

