C:\Users\11400\Desktop\shuffletest\HLS\ip5\solution1\.autopilot\db\channel_shuffle.pp.0.cpp:1324:7: warning: Added loop label VITIS_LOOP_1211_1:   [xilinx-label-all-loops]
      for (i = 0; i < __N - 1; ++i) {
      ^~~
      VITIS_LOOP_1211_1: 
C:\Users\11400\Desktop\shuffletest\HLS\ip5\solution1\.autopilot\db\channel_shuffle.pp.0.cpp:1324:7: note: FIX-IT applied suggested code changes
C:\Users\11400\Desktop\shuffletest\HLS\ip5\solution1\.autopilot\db\channel_shuffle.pp.0.cpp:2298:5: warning: Added loop label VITIS_LOOP_676_1:   [xilinx-label-all-loops]
    for (unsigned i = low; i != high; ++i) {
    ^~~
    VITIS_LOOP_676_1: 
C:\Users\11400\Desktop\shuffletest\HLS\ip5\solution1\.autopilot\db\channel_shuffle.pp.0.cpp:2298:5: note: FIX-IT applied suggested code changes
C:\Users\11400\Desktop\shuffletest\HLS\ip5\solution1\.autopilot\db\channel_shuffle.pp.0.cpp:2312:5: warning: Added loop label VITIS_LOOP_690_1:   [xilinx-label-all-loops]
    for (unsigned i = low; i != high; ++i) {
    ^~~
    VITIS_LOOP_690_1: 
C:\Users\11400\Desktop\shuffletest\HLS\ip5\solution1\.autopilot\db\channel_shuffle.pp.0.cpp:2312:5: note: FIX-IT applied suggested code changes
C:\Users\11400\Desktop\shuffletest\HLS\ip5\solution1\.autopilot\db\channel_shuffle.pp.0.cpp:2326:5: warning: Added loop label VITIS_LOOP_704_1:   [xilinx-label-all-loops]
    for (unsigned i = low; i != high; ++i) {
    ^~~
    VITIS_LOOP_704_1: 
C:\Users\11400\Desktop\shuffletest\HLS\ip5\solution1\.autopilot\db\channel_shuffle.pp.0.cpp:2326:5: note: FIX-IT applied suggested code changes
C:\Users\11400\Desktop\shuffletest\HLS\ip5\solution1\.autopilot\db\channel_shuffle.pp.0.cpp:3937:7: warning: Added loop label VITIS_LOOP_1245_1:   [xilinx-label-all-loops]
      for (i = 0; i < __N - 1; ++i) {
      ^~~
      VITIS_LOOP_1245_1: 
C:\Users\11400\Desktop\shuffletest\HLS\ip5\solution1\.autopilot\db\channel_shuffle.pp.0.cpp:3937:7: note: FIX-IT applied suggested code changes
C:\Users\11400\Desktop\shuffletest\HLS\ip5\solution1\.autopilot\db\channel_shuffle.pp.0.cpp:5755:9: warning: Added loop label VITIS_LOOP_32_1:   [xilinx-label-all-loops]
        for (ap_uint<32> i = 0; i < c_in * h_w * h_w; i++) {
        ^~~
        VITIS_LOOP_32_1: 
C:\Users\11400\Desktop\shuffletest\HLS\ip5\solution1\.autopilot\db\channel_shuffle.pp.0.cpp:5755:9: note: FIX-IT applied suggested code changes
C:\Users\11400\Desktop\shuffletest\HLS\ip5\solution1\.autopilot\db\channel_shuffle.pp.0.cpp:5766:5: warning: Added loop label VITIS_LOOP_43_2:   [xilinx-label-all-loops]
    for (ap_uint<16> h_block = 0; h_block < h_w; h_block += 8) {
    ^~~
    VITIS_LOOP_43_2: 
C:\Users\11400\Desktop\shuffletest\HLS\ip5\solution1\.autopilot\db\channel_shuffle.pp.0.cpp:5766:5: note: FIX-IT applied suggested code changes
C:\Users\11400\Desktop\shuffletest\HLS\ip5\solution1\.autopilot\db\channel_shuffle.pp.0.cpp:5767:9: warning: Added loop label VITIS_LOOP_44_3:   [xilinx-label-all-loops]
        for (ap_uint<16> w_block = 0; w_block < h_w; w_block += 8) {
        ^~~
        VITIS_LOOP_44_3: 
C:\Users\11400\Desktop\shuffletest\HLS\ip5\solution1\.autopilot\db\channel_shuffle.pp.0.cpp:5767:9: note: FIX-IT applied suggested code changes
C:\Users\11400\Desktop\shuffletest\HLS\ip5\solution1\.autopilot\db\channel_shuffle.pp.0.cpp:5768:13: warning: Added loop label VITIS_LOOP_45_4:   [xilinx-label-all-loops]
            for (ap_uint<16> h = h_block; h < h_block + 8 && h < h_w; h++) {
            ^~~
            VITIS_LOOP_45_4: 
C:\Users\11400\Desktop\shuffletest\HLS\ip5\solution1\.autopilot\db\channel_shuffle.pp.0.cpp:5768:13: note: FIX-IT applied suggested code changes
C:\Users\11400\Desktop\shuffletest\HLS\ip5\solution1\.autopilot\db\channel_shuffle.pp.0.cpp:5769:17: warning: Added loop label VITIS_LOOP_46_5:   [xilinx-label-all-loops]
                for (ap_uint<16> w = w_block; w < w_block + 8 && w < h_w; w++) {
                ^~~
                VITIS_LOOP_46_5: 
C:\Users\11400\Desktop\shuffletest\HLS\ip5\solution1\.autopilot\db\channel_shuffle.pp.0.cpp:5769:17: note: FIX-IT applied suggested code changes
C:\Users\11400\Desktop\shuffletest\HLS\ip5\solution1\.autopilot\db\channel_shuffle.pp.0.cpp:5771:2: warning: Added loop label VITIS_LOOP_48_6:   [xilinx-label-all-loops]
 for (ap_uint<8> g = 0; g < groups; g++) {
 ^~~
 VITIS_LOOP_48_6: 
C:\Users\11400\Desktop\shuffletest\HLS\ip5\solution1\.autopilot\db\channel_shuffle.pp.0.cpp:5771:2: note: FIX-IT applied suggested code changes
C:\Users\11400\Desktop\shuffletest\HLS\ip5\solution1\.autopilot\db\channel_shuffle.pp.0.cpp:5773:2: warning: Added loop label VITIS_LOOP_50_7:   [xilinx-label-all-loops]
 for (ap_uint<16> c = 0; c < group_ch; c++) {
 ^~~
 VITIS_LOOP_50_7: 
C:\Users\11400\Desktop\shuffletest\HLS\ip5\solution1\.autopilot\db\channel_shuffle.pp.0.cpp:5773:2: note: FIX-IT applied suggested code changes
