

================================================================
== Vitis HLS Report for 'channel_shuffle_Pipeline_VITIS_LOOP_32_1'
================================================================
* Date:           Tue Nov  4 20:31:53 2025

* Version:        2022.2 (Build 3670227 on Oct 13 2022)
* Project:        ip5
* Solution:       solution1 (Vivado IP Flow Target)
* Product family: zynq
* Target device:  xc7z020-clg400-2


================================================================
== Performance Estimates
================================================================
+ Timing: 
    * Summary: 
    +--------+----------+----------+------------+
    |  Clock |  Target  | Estimated| Uncertainty|
    +--------+----------+----------+------------+
    |ap_clk  |  10.00 ns|  7.300 ns|     2.70 ns|
    +--------+----------+----------+------------+

+ Latency: 
    * Summary: 
    +---------+---------+----------+----------+-----+-----+---------+
    |  Latency (cycles) |  Latency (absolute) |  Interval | Pipeline|
    |   min   |   max   |    min   |    max   | min | max |   Type  |
    +---------+---------+----------+----------+-----+-----+---------+
    |        ?|        ?|         ?|         ?|    ?|    ?|       no|
    +---------+---------+----------+----------+-----+-----+---------+

    + Detail: 
        * Instance: 
        N/A

        * Loop: 
        +-------------------+---------+---------+----------+-----------+-----------+------+----------+
        |                   |  Latency (cycles) | Iteration|  Initiation Interval  | Trip |          |
        |     Loop Name     |   min   |   max   |  Latency |  achieved |   target  | Count| Pipelined|
        +-------------------+---------+---------+----------+-----------+-----------+------+----------+
        |- VITIS_LOOP_32_1  |        ?|        ?|         3|          1|          1|     ?|       yes|
        +-------------------+---------+---------+----------+-----------+-----------+------+----------+

============================================================
+ Verbose Summary: Synthesis Manager
============================================================
InlineROM: 1
ExposeGlobal: 0
============================================================
+ Verbose Summary: CDFG Model
============================================================
IsTopModel: 0
ResetActiveHigh: 1
IsCombinational: 0
IsDatapathOnly: 0
HasWiredReturn: 1
HasMFsm: 2
HasVarLatency: 1
IsPipeline: 0
IsRtlPipelined: 0
IsInstanceOverlapped: 0
IsDontTouch: 0
HasImplIP: 0
IsGatedGlobalClock: 0

+ Individual pipeline summary: 
  * Pipeline-0: initiation interval (II) = 1, depth = 4


============================================================
+ Verbose Summary: Schedule
============================================================
* Number of FSM states : 4
* Pipeline : 1
  Pipeline-0 : II = 1, D = 4, States = { 1 2 3 4 }
* Dataflow Pipeline: 0

* FSM state transitions: 
1 --> 2 
2 --> 3 
3 --> 4 
4 --> 

* FSM state operations: 

State 1 <SV = 0> <Delay = 1.29>
ST_1 : Operation 6 [1/1] (0.00ns)   --->   "%i_V = alloca i32 1"   --->   Operation 6 'alloca' 'i_V' <Predicate = true> <Delay = 0.00>
ST_1 : Operation 7 [1/1] (0.00ns)   --->   "%mul_i467_read = read i48 @_ssdm_op_Read.ap_auto.i48, i48 %mul_i467"   --->   Operation 7 'read' 'mul_i467_read' <Predicate = true> <Delay = 0.00>
ST_1 : Operation 8 [1/1] (0.00ns)   --->   "%sext_ln32_read = read i62 @_ssdm_op_Read.ap_auto.i62, i62 %sext_ln32"   --->   Operation 8 'read' 'sext_ln32_read' <Predicate = true> <Delay = 0.00>
ST_1 : Operation 9 [1/1] (0.00ns)   --->   "%sext_ln32_1_read = read i62 @_ssdm_op_Read.ap_auto.i62, i62 %sext_ln32_1"   --->   Operation 9 'read' 'sext_ln32_1_read' <Predicate = true> <Delay = 0.00>
ST_1 : Operation 10 [1/1] (0.00ns)   --->   "%sext_ln32_cast = sext i62 %sext_ln32_read"   --->   Operation 10 'sext' 'sext_ln32_cast' <Predicate = true> <Delay = 0.00>
ST_1 : Operation 11 [1/1] (0.00ns)   --->   "%sext_ln32_1_cast = sext i62 %sext_ln32_1_read"   --->   Operation 11 'sext' 'sext_ln32_1_cast' <Predicate = true> <Delay = 0.00>
ST_1 : Operation 12 [1/1] (0.00ns)   --->   "%specinterface_ln0 = specinterface void @_ssdm_op_SpecInterface, i32 %gmem_out, void @empty, i32 0, i32 0, void @empty_0, i32 0, i32 65536, void @empty_3, void @empty_2, void @empty_0, i32 16, i32 16, i32 16, i32 16, void @empty_0, void @empty_0, i32 4294967295, i32 0"   --->   Operation 12 'specinterface' 'specinterface_ln0' <Predicate = true> <Delay = 0.00>
ST_1 : Operation 13 [1/1] (0.00ns)   --->   "%specinterface_ln0 = specinterface void @_ssdm_op_SpecInterface, i32 %gmem_in, void @empty, i32 0, i32 0, void @empty_0, i32 0, i32 65536, void @empty_1, void @empty_2, void @empty_0, i32 16, i32 16, i32 16, i32 16, void @empty_0, void @empty_0, i32 4294967295, i32 0"   --->   Operation 13 'specinterface' 'specinterface_ln0' <Predicate = true> <Delay = 0.00>
ST_1 : Operation 14 [1/1] (1.29ns)   --->   "%store_ln0 = store i48 0, i48 %i_V"   --->   Operation 14 'store' 'store_ln0' <Predicate = true> <Delay = 1.29>
ST_1 : Operation 15 [1/1] (0.00ns)   --->   "%br_ln0 = br void %for.inc"   --->   Operation 15 'br' 'br_ln0' <Predicate = true> <Delay = 0.00>

State 2 <SV = 1> <Delay = 3.59>
ST_2 : Operation 16 [1/1] (0.00ns)   --->   "%i_V_load = load i48 %i_V"   --->   Operation 16 'load' 'i_V_load' <Predicate = true> <Delay = 0.00>
ST_2 : Operation 17 [1/1] (2.12ns)   --->   "%icmp_ln32 = icmp_eq  i48 %i_V_load, i48 %mul_i467_read" [../ip/ip6/channel_shuffle.cpp:32]   --->   Operation 17 'icmp' 'icmp_ln32' <Predicate = true> <Delay = 2.12> <CoreInst = "Cmp">   --->   Core 9 'Cmp' <Latency = 0> <II = 1> <Delay = 2.12> <FuncUnit> <Opcode : 'icmp'> <InPorts = 2> <OutPorts = 1>
ST_2 : Operation 18 [1/1] (2.29ns)   --->   "%i_V_1 = add i48 %i_V_load, i48 1"   --->   Operation 18 'add' 'i_V_1' <Predicate = true> <Delay = 2.29> <CoreInst = "Adder">   --->   Core 1 'Adder' <Latency = 0> <II = 1> <Delay = 2.29> <FuncUnit> <Opcode : 'add' 'sub'> <InPorts = 2> <OutPorts = 1>
ST_2 : Operation 19 [1/1] (0.00ns)   --->   "%br_ln32 = br i1 %icmp_ln32, void %for.inc.split, void %for.end.loopexit.exitStub" [../ip/ip6/channel_shuffle.cpp:32]   --->   Operation 19 'br' 'br_ln32' <Predicate = true> <Delay = 0.00>
ST_2 : Operation 20 [1/1] (1.29ns)   --->   "%store_ln32 = store i48 %i_V_1, i48 %i_V" [../ip/ip6/channel_shuffle.cpp:32]   --->   Operation 20 'store' 'store_ln32' <Predicate = (!icmp_ln32)> <Delay = 1.29>

State 3 <SV = 2> <Delay = 7.30>
ST_3 : Operation 21 [1/1] (0.00ns)   --->   "%specbitsmap_ln0 = specbitsmap void @_ssdm_op_SpecBitsMap, i32 %gmem_out"   --->   Operation 21 'specbitsmap' 'specbitsmap_ln0' <Predicate = true> <Delay = 0.00>
ST_3 : Operation 22 [1/1] (0.00ns)   --->   "%specbitsmap_ln0 = specbitsmap void @_ssdm_op_SpecBitsMap, i32 %gmem_in"   --->   Operation 22 'specbitsmap' 'specbitsmap_ln0' <Predicate = true> <Delay = 0.00>
ST_3 : Operation 23 [1/1] (0.00ns)   --->   "%gmem_out_addr = getelementptr i32 %gmem_out, i64 %sext_ln32_1_cast" [../ip/ip6/channel_shuffle.cpp:32]   --->   Operation 23 'getelementptr' 'gmem_out_addr' <Predicate = true> <Delay = 0.00>
ST_3 : Operation 24 [1/1] (0.00ns)   --->   "%gmem_in_addr = getelementptr i32 %gmem_in, i64 %sext_ln32_cast" [../ip/ip6/channel_shuffle.cpp:32]   --->   Operation 24 'getelementptr' 'gmem_in_addr' <Predicate = true> <Delay = 0.00>
ST_3 : Operation 25 [1/1] (0.00ns)   --->   "%specpipeline_ln0 = specpipeline void @_ssdm_op_SpecPipeline, i32 4294967295, i32 0, i32 1, i32 0, void @p_str"   --->   Operation 25 'specpipeline' 'specpipeline_ln0' <Predicate = true> <Delay = 0.00>
ST_3 : Operation 26 [1/1] (7.30ns)   --->   "%gmem_in_addr_read = read i32 @_ssdm_op_Read.m_axi.p1i32, i32 %gmem_in_addr" [../ip/ip6/channel_shuffle.cpp:33]   --->   Operation 26 'read' 'gmem_in_addr_read' <Predicate = (!icmp_ln32)> <Delay = 7.30> <CoreInst = "m_axi">   --->   Core 113 'm_axi' <Latency = 0> <II = 1> <Delay = 1.00> <Adapter> <Opcode : 'read' 'write' 'readreq' 'writereq' 'writeresp'>
ST_3 : Operation 30 [1/1] (0.00ns)   --->   "%ret_ln0 = ret"   --->   Operation 30 'ret' 'ret_ln0' <Predicate = (icmp_ln32)> <Delay = 0.00>

State 4 <SV = 3> <Delay = 7.30>
ST_4 : Operation 27 [1/1] (0.00ns)   --->   "%specloopname_ln32 = specloopname void @_ssdm_op_SpecLoopName, void @empty_14" [../ip/ip6/channel_shuffle.cpp:32]   --->   Operation 27 'specloopname' 'specloopname_ln32' <Predicate = true> <Delay = 0.00>
ST_4 : Operation 28 [1/1] (7.30ns)   --->   "%write_ln33 = write void @_ssdm_op_Write.m_axi.p1i32, i32 %gmem_out_addr, i32 %gmem_in_addr_read, i4 15" [../ip/ip6/channel_shuffle.cpp:33]   --->   Operation 28 'write' 'write_ln33' <Predicate = true> <Delay = 7.30> <CoreInst = "m_axi">   --->   Core 113 'm_axi' <Latency = 0> <II = 1> <Delay = 1.00> <Adapter> <Opcode : 'read' 'write' 'readreq' 'writereq' 'writeresp'>
ST_4 : Operation 29 [1/1] (0.00ns)   --->   "%br_ln32 = br void %for.inc" [../ip/ip6/channel_shuffle.cpp:32]   --->   Operation 29 'br' 'br_ln32' <Predicate = true> <Delay = 0.00>


============================================================
+ Verbose Summary: Binding
============================================================
STG Binding: 
---------------- STG Properties BEGIN ----------------
- Is combinational: 0
- Is one-state seq: 0
- Is datapath-only: 0
- Is pipelined: 0
- Is top level: 0
Port [ Return ] is wired: 1; IO mode=ap_ctrl_hs:ce=0
Port [ gmem_out]:  wired=1; compound=1; hidden=0; nouse=0; global=0; static=0; extern=0; dir=1; type=4; pingpong=0; private_global=0; IO mode=m_axi:ce=0
Port [ gmem_in]:  wired=1; compound=1; hidden=0; nouse=0; global=0; static=0; extern=0; dir=0; type=4; pingpong=0; private_global=0; IO mode=m_axi:ce=0
Port [ sext_ln32_1]:  wired=1; compound=0; hidden=0; nouse=0; global=0; static=0; extern=0; dir=0; type=0; pingpong=0; private_global=0; IO mode=ap_none:ce=0
Port [ sext_ln32]:  wired=1; compound=0; hidden=0; nouse=0; global=0; static=0; extern=0; dir=0; type=0; pingpong=0; private_global=0; IO mode=ap_none:ce=0
Port [ mul_i467]:  wired=1; compound=0; hidden=0; nouse=0; global=0; static=0; extern=0; dir=0; type=0; pingpong=0; private_global=0; IO mode=ap_none:ce=0
---------------- STG Properties END ------------------

---------------- Datapath Model BEGIN ----------------

<LifeTime>
<method=bitvector/>
i_V               (alloca       ) [ 01100]
mul_i467_read     (read         ) [ 01100]
sext_ln32_read    (read         ) [ 00000]
sext_ln32_1_read  (read         ) [ 00000]
sext_ln32_cast    (sext         ) [ 01110]
sext_ln32_1_cast  (sext         ) [ 01110]
specinterface_ln0 (specinterface) [ 00000]
specinterface_ln0 (specinterface) [ 00000]
store_ln0         (store        ) [ 00000]
br_ln0            (br           ) [ 00000]
i_V_load          (load         ) [ 00000]
icmp_ln32         (icmp         ) [ 01110]
i_V_1             (add          ) [ 00000]
br_ln32           (br           ) [ 00000]
store_ln32        (store        ) [ 00000]
specbitsmap_ln0   (specbitsmap  ) [ 00000]
specbitsmap_ln0   (specbitsmap  ) [ 00000]
gmem_out_addr     (getelementptr) [ 01001]
gmem_in_addr      (getelementptr) [ 00000]
specpipeline_ln0  (specpipeline ) [ 00000]
gmem_in_addr_read (read         ) [ 01001]
specloopname_ln32 (specloopname ) [ 00000]
write_ln33        (write        ) [ 00000]
br_ln32           (br           ) [ 00000]
ret_ln0           (ret          ) [ 00000]
</LifeTime>

<model>

<comp_list>
<comp id="0" class="1000" name="gmem_out">
<pin_list>
<pin id="1" dir="1" index="0" bw="1" slack="0"/>
</pin_list>
<bind>
<StgValue><ssdm name="gmem_out"/></StgValue>
</bind>
</comp>

<comp id="2" class="1000" name="gmem_in">
<pin_list>
<pin id="3" dir="1" index="0" bw="1" slack="0"/>
</pin_list>
<bind>
<StgValue><ssdm name="gmem_in"/></StgValue>
</bind>
</comp>

<comp id="4" class="1000" name="sext_ln32_1">
<pin_list>
<pin id="5" dir="1" index="0" bw="1" slack="0"/>
</pin_list>
<bind>
<StgValue><ssdm name="sext_ln32_1"/></StgValue>
</bind>
</comp>

<comp id="6" class="1000" name="sext_ln32">
<pin_list>
<pin id="7" dir="1" index="0" bw="1" slack="0"/>
</pin_list>
<bind>
<StgValue><ssdm name="sext_ln32"/></StgValue>
</bind>
</comp>

<comp id="8" class="1000" name="mul_i467">
<pin_list>
<pin id="9" dir="1" index="0" bw="1" slack="0"/>
</pin_list>
<bind>
<StgValue><ssdm name="mul_i467"/></StgValue>
</bind>
</comp>

<comp id="10" class="1001" name="const_10">
<pin_list>
<pin id="11" dir="1" index="0" bw="1" slack="0"/>
</pin_list>
<bind>
<StgValue><ssdm name=""/></StgValue>
</bind>
</comp>

<comp id="12" class="1001" name="const_12">
<pin_list>
<pin id="13" dir="1" index="0" bw="1" slack="0"/>
</pin_list>
<bind>
<StgValue><ssdm name="_ssdm_op_Read.ap_auto.i48"/></StgValue>
</bind>
</comp>

<comp id="14" class="1001" name="const_14">
<pin_list>
<pin id="15" dir="1" index="0" bw="1" slack="0"/>
</pin_list>
<bind>
<StgValue><ssdm name="_ssdm_op_Read.ap_auto.i62"/></StgValue>
</bind>
</comp>

<comp id="16" class="1001" name="const_16">
<pin_list>
<pin id="17" dir="1" index="0" bw="1" slack="2147483647"/>
</pin_list>
<bind>
<StgValue><ssdm name="_ssdm_op_SpecInterface"/></StgValue>
</bind>
</comp>

<comp id="18" class="1001" name="const_18">
<pin_list>
<pin id="19" dir="1" index="0" bw="1" slack="2147483647"/>
</pin_list>
<bind>
<StgValue><ssdm name="empty"/></StgValue>
</bind>
</comp>

<comp id="20" class="1001" name="const_20">
<pin_list>
<pin id="21" dir="1" index="0" bw="1" slack="2147483647"/>
</pin_list>
<bind>
<StgValue><ssdm name=""/></StgValue>
</bind>
</comp>

<comp id="22" class="1001" name="const_22">
<pin_list>
<pin id="23" dir="1" index="0" bw="1" slack="2147483647"/>
</pin_list>
<bind>
<StgValue><ssdm name="empty_0"/></StgValue>
</bind>
</comp>

<comp id="24" class="1001" name="const_24">
<pin_list>
<pin id="25" dir="1" index="0" bw="1" slack="2147483647"/>
</pin_list>
<bind>
<StgValue><ssdm name=""/></StgValue>
</bind>
</comp>

<comp id="26" class="1001" name="const_26">
<pin_list>
<pin id="27" dir="1" index="0" bw="1" slack="2147483647"/>
</pin_list>
<bind>
<StgValue><ssdm name="empty_3"/></StgValue>
</bind>
</comp>

<comp id="28" class="1001" name="const_28">
<pin_list>
<pin id="29" dir="1" index="0" bw="1" slack="2147483647"/>
</pin_list>
<bind>
<StgValue><ssdm name="empty_2"/></StgValue>
</bind>
</comp>

<comp id="30" class="1001" name="const_30">
<pin_list>
<pin id="31" dir="1" index="0" bw="1" slack="2147483647"/>
</pin_list>
<bind>
<StgValue><ssdm name=""/></StgValue>
</bind>
</comp>

<comp id="32" class="1001" name="const_32">
<pin_list>
<pin id="33" dir="1" index="0" bw="1" slack="2147483647"/>
</pin_list>
<bind>
<StgValue><ssdm name=""/></StgValue>
</bind>
</comp>

<comp id="34" class="1001" name="const_34">
<pin_list>
<pin id="35" dir="1" index="0" bw="1" slack="2147483647"/>
</pin_list>
<bind>
<StgValue><ssdm name="empty_1"/></StgValue>
</bind>
</comp>

<comp id="36" class="1001" name="const_36">
<pin_list>
<pin id="37" dir="1" index="0" bw="1" slack="0"/>
</pin_list>
<bind>
<StgValue><ssdm name=""/></StgValue>
</bind>
</comp>

<comp id="38" class="1001" name="const_38">
<pin_list>
<pin id="39" dir="1" index="0" bw="1" slack="0"/>
</pin_list>
<bind>
<StgValue><ssdm name=""/></StgValue>
</bind>
</comp>

<comp id="40" class="1001" name="const_40">
<pin_list>
<pin id="41" dir="1" index="0" bw="1" slack="2147483647"/>
</pin_list>
<bind>
<StgValue><ssdm name="_ssdm_op_SpecBitsMap"/></StgValue>
</bind>
</comp>

<comp id="42" class="1001" name="const_42">
<pin_list>
<pin id="43" dir="1" index="0" bw="1" slack="2147483647"/>
</pin_list>
<bind>
<StgValue><ssdm name="_ssdm_op_SpecPipeline"/></StgValue>
</bind>
</comp>

<comp id="44" class="1001" name="const_44">
<pin_list>
<pin id="45" dir="1" index="0" bw="1" slack="2147483647"/>
</pin_list>
<bind>
<StgValue><ssdm name="p_str"/></StgValue>
</bind>
</comp>

<comp id="46" class="1001" name="const_46">
<pin_list>
<pin id="47" dir="1" index="0" bw="1" slack="0"/>
</pin_list>
<bind>
<StgValue><ssdm name="_ssdm_op_Read.m_axi.p1i32"/></StgValue>
</bind>
</comp>

<comp id="48" class="1001" name="const_48">
<pin_list>
<pin id="49" dir="1" index="0" bw="1" slack="2147483647"/>
</pin_list>
<bind>
<StgValue><ssdm name="_ssdm_op_SpecLoopName"/></StgValue>
</bind>
</comp>

<comp id="50" class="1001" name="const_50">
<pin_list>
<pin id="51" dir="1" index="0" bw="1" slack="2147483647"/>
</pin_list>
<bind>
<StgValue><ssdm name="empty_14"/></StgValue>
</bind>
</comp>

<comp id="52" class="1001" name="const_52">
<pin_list>
<pin id="53" dir="1" index="0" bw="1" slack="0"/>
</pin_list>
<bind>
<StgValue><ssdm name="_ssdm_op_Write.m_axi.p1i32"/></StgValue>
</bind>
</comp>

<comp id="54" class="1001" name="const_54">
<pin_list>
<pin id="55" dir="1" index="0" bw="1" slack="0"/>
</pin_list>
<bind>
<StgValue><ssdm name=""/></StgValue>
</bind>
</comp>

<comp id="56" class="1004" name="i_V_fu_56">
<pin_list>
<pin id="57" dir="0" index="0" bw="1" slack="0"/>
<pin id="58" dir="1" index="1" bw="48" slack="0"/>
</pin_list>
<bind>
<opcode="alloca(26) " fcode="alloca"/>
<opset="i_V/1 "/>
</bind>
</comp>

<comp id="60" class="1004" name="mul_i467_read_read_fu_60">
<pin_list>
<pin id="61" dir="0" index="0" bw="48" slack="0"/>
<pin id="62" dir="0" index="1" bw="48" slack="0"/>
<pin id="63" dir="1" index="2" bw="48" slack="1"/>
</pin_list>
<bind>
<opcode="read(1150) " fcode="read"/>
<opset="mul_i467_read/1 "/>
</bind>
</comp>

<comp id="66" class="1004" name="sext_ln32_read_read_fu_66">
<pin_list>
<pin id="67" dir="0" index="0" bw="62" slack="0"/>
<pin id="68" dir="0" index="1" bw="62" slack="0"/>
<pin id="69" dir="1" index="2" bw="62" slack="0"/>
</pin_list>
<bind>
<opcode="read(1150) " fcode="read"/>
<opset="sext_ln32_read/1 "/>
</bind>
</comp>

<comp id="72" class="1004" name="sext_ln32_1_read_read_fu_72">
<pin_list>
<pin id="73" dir="0" index="0" bw="62" slack="0"/>
<pin id="74" dir="0" index="1" bw="62" slack="0"/>
<pin id="75" dir="1" index="2" bw="62" slack="0"/>
</pin_list>
<bind>
<opcode="read(1150) " fcode="read"/>
<opset="sext_ln32_1_read/1 "/>
</bind>
</comp>

<comp id="78" class="1004" name="gmem_in_addr_read_read_fu_78">
<pin_list>
<pin id="79" dir="0" index="0" bw="32" slack="0"/>
<pin id="80" dir="0" index="1" bw="32" slack="0"/>
<pin id="81" dir="1" index="2" bw="32" slack="1"/>
</pin_list>
<bind>
<opcode="read(1150) " fcode="read"/>
<opset="gmem_in_addr_read/3 "/>
</bind>
</comp>

<comp id="83" class="1004" name="write_ln33_write_fu_83">
<pin_list>
<pin id="84" dir="0" index="0" bw="0" slack="0"/>
<pin id="85" dir="0" index="1" bw="32" slack="1"/>
<pin id="86" dir="0" index="2" bw="32" slack="1"/>
<pin id="87" dir="0" index="3" bw="1" slack="0"/>
<pin id="88" dir="1" index="4" bw="0" slack="2147483647"/>
</pin_list>
<bind>
<opcode="write(1151) " fcode="write"/>
<opset="write_ln33/4 "/>
</bind>
</comp>

<comp id="91" class="1004" name="sext_ln32_cast_fu_91">
<pin_list>
<pin id="92" dir="0" index="0" bw="62" slack="0"/>
<pin id="93" dir="1" index="1" bw="64" slack="2"/>
</pin_list>
<bind>
<opcode="sext(35) " fcode="sext"/>
<opset="sext_ln32_cast/1 "/>
</bind>
</comp>

<comp id="95" class="1004" name="sext_ln32_1_cast_fu_95">
<pin_list>
<pin id="96" dir="0" index="0" bw="62" slack="0"/>
<pin id="97" dir="1" index="1" bw="64" slack="2"/>
</pin_list>
<bind>
<opcode="sext(35) " fcode="sext"/>
<opset="sext_ln32_1_cast/1 "/>
</bind>
</comp>

<comp id="99" class="1004" name="store_ln0_store_fu_99">
<pin_list>
<pin id="100" dir="0" index="0" bw="1" slack="0"/>
<pin id="101" dir="0" index="1" bw="48" slack="0"/>
<pin id="102" dir="1" index="2" bw="0" slack="2147483647"/>
</pin_list>
<bind>
<opcode="store(28) " fcode="store"/>
<opset="store_ln0/1 "/>
</bind>
</comp>

<comp id="104" class="1004" name="i_V_load_load_fu_104">
<pin_list>
<pin id="105" dir="0" index="0" bw="48" slack="1"/>
<pin id="106" dir="1" index="1" bw="48" slack="0"/>
</pin_list>
<bind>
<opcode="load(27) " fcode="load"/>
<opset="i_V_load/2 "/>
</bind>
</comp>

<comp id="107" class="1004" name="icmp_ln32_fu_107">
<pin_list>
<pin id="108" dir="0" index="0" bw="48" slack="0"/>
<pin id="109" dir="0" index="1" bw="48" slack="1"/>
<pin id="110" dir="1" index="2" bw="1" slack="1"/>
</pin_list>
<bind>
<opcode="icmp(45) " fcode="icmp"/>
<opset="icmp_ln32/2 "/>
</bind>
</comp>

<comp id="112" class="1004" name="i_V_1_fu_112">
<pin_list>
<pin id="113" dir="0" index="0" bw="48" slack="0"/>
<pin id="114" dir="0" index="1" bw="1" slack="0"/>
<pin id="115" dir="1" index="2" bw="48" slack="0"/>
</pin_list>
<bind>
<opcode="add(8) " fcode="add"/>
<opset="i_V_1/2 "/>
</bind>
</comp>

<comp id="118" class="1004" name="store_ln32_store_fu_118">
<pin_list>
<pin id="119" dir="0" index="0" bw="48" slack="0"/>
<pin id="120" dir="0" index="1" bw="48" slack="1"/>
<pin id="121" dir="1" index="2" bw="0" slack="2147483647"/>
</pin_list>
<bind>
<opcode="store(28) " fcode="store"/>
<opset="store_ln32/2 "/>
</bind>
</comp>

<comp id="123" class="1004" name="gmem_out_addr_fu_123">
<pin_list>
<pin id="124" dir="0" index="0" bw="32" slack="0"/>
<pin id="125" dir="0" index="1" bw="62" slack="2"/>
<pin id="126" dir="1" index="2" bw="32" slack="1"/>
</pin_list>
<bind>
<opcode="getelementptr(29) " fcode="getelementptr"/>
<opset="gmem_out_addr/3 "/>
</bind>
</comp>

<comp id="128" class="1004" name="gmem_in_addr_fu_128">
<pin_list>
<pin id="129" dir="0" index="0" bw="32" slack="0"/>
<pin id="130" dir="0" index="1" bw="62" slack="2"/>
<pin id="131" dir="1" index="2" bw="32" slack="0"/>
</pin_list>
<bind>
<opcode="getelementptr(29) " fcode="getelementptr"/>
<opset="gmem_in_addr/3 "/>
</bind>
</comp>

<comp id="134" class="1005" name="i_V_reg_134">
<pin_list>
<pin id="135" dir="0" index="0" bw="48" slack="0"/>
<pin id="136" dir="1" index="1" bw="48" slack="0"/>
</pin_list>
<bind>
<opset="i_V "/>
</bind>
</comp>

<comp id="141" class="1005" name="mul_i467_read_reg_141">
<pin_list>
<pin id="142" dir="0" index="0" bw="48" slack="1"/>
<pin id="143" dir="1" index="1" bw="48" slack="1"/>
</pin_list>
<bind>
<opset="mul_i467_read "/>
</bind>
</comp>

<comp id="146" class="1005" name="sext_ln32_cast_reg_146">
<pin_list>
<pin id="147" dir="0" index="0" bw="64" slack="2"/>
<pin id="148" dir="1" index="1" bw="64" slack="2"/>
</pin_list>
<bind>
<opset="sext_ln32_cast "/>
</bind>
</comp>

<comp id="151" class="1005" name="sext_ln32_1_cast_reg_151">
<pin_list>
<pin id="152" dir="0" index="0" bw="64" slack="2"/>
<pin id="153" dir="1" index="1" bw="64" slack="2"/>
</pin_list>
<bind>
<opset="sext_ln32_1_cast "/>
</bind>
</comp>

<comp id="156" class="1005" name="icmp_ln32_reg_156">
<pin_list>
<pin id="157" dir="0" index="0" bw="1" slack="1"/>
<pin id="158" dir="1" index="1" bw="1" slack="2147483647"/>
</pin_list>
<bind>
<opset="icmp_ln32 "/>
</bind>
</comp>

<comp id="160" class="1005" name="gmem_out_addr_reg_160">
<pin_list>
<pin id="161" dir="0" index="0" bw="32" slack="1"/>
<pin id="162" dir="1" index="1" bw="32" slack="1"/>
</pin_list>
<bind>
<opset="gmem_out_addr "/>
</bind>
</comp>

<comp id="165" class="1005" name="gmem_in_addr_read_reg_165">
<pin_list>
<pin id="166" dir="0" index="0" bw="32" slack="1"/>
<pin id="167" dir="1" index="1" bw="32" slack="1"/>
</pin_list>
<bind>
<opset="gmem_in_addr_read "/>
</bind>
</comp>

</comp_list>

<net_list>
<net id="59"><net_src comp="10" pin="0"/><net_sink comp="56" pin=0"/></net>

<net id="64"><net_src comp="12" pin="0"/><net_sink comp="60" pin=0"/></net>

<net id="65"><net_src comp="8" pin="0"/><net_sink comp="60" pin=1"/></net>

<net id="70"><net_src comp="14" pin="0"/><net_sink comp="66" pin=0"/></net>

<net id="71"><net_src comp="6" pin="0"/><net_sink comp="66" pin=1"/></net>

<net id="76"><net_src comp="14" pin="0"/><net_sink comp="72" pin=0"/></net>

<net id="77"><net_src comp="4" pin="0"/><net_sink comp="72" pin=1"/></net>

<net id="82"><net_src comp="46" pin="0"/><net_sink comp="78" pin=0"/></net>

<net id="89"><net_src comp="52" pin="0"/><net_sink comp="83" pin=0"/></net>

<net id="90"><net_src comp="54" pin="0"/><net_sink comp="83" pin=3"/></net>

<net id="94"><net_src comp="66" pin="2"/><net_sink comp="91" pin=0"/></net>

<net id="98"><net_src comp="72" pin="2"/><net_sink comp="95" pin=0"/></net>

<net id="103"><net_src comp="36" pin="0"/><net_sink comp="99" pin=0"/></net>

<net id="111"><net_src comp="104" pin="1"/><net_sink comp="107" pin=0"/></net>

<net id="116"><net_src comp="104" pin="1"/><net_sink comp="112" pin=0"/></net>

<net id="117"><net_src comp="38" pin="0"/><net_sink comp="112" pin=1"/></net>

<net id="122"><net_src comp="112" pin="2"/><net_sink comp="118" pin=0"/></net>

<net id="127"><net_src comp="0" pin="0"/><net_sink comp="123" pin=0"/></net>

<net id="132"><net_src comp="2" pin="0"/><net_sink comp="128" pin=0"/></net>

<net id="133"><net_src comp="128" pin="2"/><net_sink comp="78" pin=1"/></net>

<net id="137"><net_src comp="56" pin="1"/><net_sink comp="134" pin=0"/></net>

<net id="138"><net_src comp="134" pin="1"/><net_sink comp="99" pin=1"/></net>

<net id="139"><net_src comp="134" pin="1"/><net_sink comp="104" pin=0"/></net>

<net id="140"><net_src comp="134" pin="1"/><net_sink comp="118" pin=1"/></net>

<net id="144"><net_src comp="60" pin="2"/><net_sink comp="141" pin=0"/></net>

<net id="145"><net_src comp="141" pin="1"/><net_sink comp="107" pin=1"/></net>

<net id="149"><net_src comp="91" pin="1"/><net_sink comp="146" pin=0"/></net>

<net id="150"><net_src comp="146" pin="1"/><net_sink comp="128" pin=1"/></net>

<net id="154"><net_src comp="95" pin="1"/><net_sink comp="151" pin=0"/></net>

<net id="155"><net_src comp="151" pin="1"/><net_sink comp="123" pin=1"/></net>

<net id="159"><net_src comp="107" pin="2"/><net_sink comp="156" pin=0"/></net>

<net id="163"><net_src comp="123" pin="2"/><net_sink comp="160" pin=0"/></net>

<net id="164"><net_src comp="160" pin="1"/><net_sink comp="83" pin=1"/></net>

<net id="168"><net_src comp="78" pin="2"/><net_sink comp="165" pin=0"/></net>

<net id="169"><net_src comp="165" pin="1"/><net_sink comp="83" pin=2"/></net>

</net_list>

</model> 
---------------- Datapath Model END ------------------

* FSMD analyzer results:
  - Output states:
	Port: gmem_out | {4 }
 - Input state : 
	Port: channel_shuffle_Pipeline_VITIS_LOOP_32_1 : gmem_in | {3 }
	Port: channel_shuffle_Pipeline_VITIS_LOOP_32_1 : sext_ln32_1 | {1 }
	Port: channel_shuffle_Pipeline_VITIS_LOOP_32_1 : sext_ln32 | {1 }
	Port: channel_shuffle_Pipeline_VITIS_LOOP_32_1 : mul_i467 | {1 }
  - Chain level:
	State 1
		store_ln0 : 1
	State 2
		icmp_ln32 : 1
		i_V_1 : 1
		br_ln32 : 2
		store_ln32 : 2
	State 3
		gmem_in_addr_read : 1
	State 4


============================================================
+ Verbose Summary: Datapath Resource usage 
============================================================

* Functional unit list:
|----------|------------------------------|---------|---------|
| Operation|        Functional Unit       |    FF   |   LUT   |
|----------|------------------------------|---------|---------|
|    add   |         i_V_1_fu_112         |    0    |    48   |
|----------|------------------------------|---------|---------|
|   icmp   |       icmp_ln32_fu_107       |    0    |    17   |
|----------|------------------------------|---------|---------|
|          |   mul_i467_read_read_fu_60   |    0    |    0    |
|   read   |   sext_ln32_read_read_fu_66  |    0    |    0    |
|          |  sext_ln32_1_read_read_fu_72 |    0    |    0    |
|          | gmem_in_addr_read_read_fu_78 |    0    |    0    |
|----------|------------------------------|---------|---------|
|   write  |    write_ln33_write_fu_83    |    0    |    0    |
|----------|------------------------------|---------|---------|
|   sext   |     sext_ln32_cast_fu_91     |    0    |    0    |
|          |    sext_ln32_1_cast_fu_95    |    0    |    0    |
|----------|------------------------------|---------|---------|
|   Total  |                              |    0    |    65   |
|----------|------------------------------|---------|---------|

Memories:
N/A

* Register list:
+-------------------------+--------+
|                         |   FF   |
+-------------------------+--------+
|gmem_in_addr_read_reg_165|   32   |
|  gmem_out_addr_reg_160  |   32   |
|       i_V_reg_134       |   48   |
|    icmp_ln32_reg_156    |    1   |
|  mul_i467_read_reg_141  |   48   |
| sext_ln32_1_cast_reg_151|   64   |
|  sext_ln32_cast_reg_146 |   64   |
+-------------------------+--------+
|          Total          |   289  |
+-------------------------+--------+

* Multiplexer (MUX) list: 
|--------|------|------|------|--------|
|  Comp  |  Pin | Size |  BW  | S x BW |
|--------|------|------|------|--------|
|  Total |      |      |      |    0   |
|--------|------|------|------|--------|



* Summary:
+-----------+--------+--------+
|           |   FF   |   LUT  |
+-----------+--------+--------+
|  Function |    0   |   65   |
|   Memory  |    -   |    -   |
|Multiplexer|    -   |    -   |
|  Register |   289  |    -   |
+-----------+--------+--------+
|   Total   |   289  |   65   |
+-----------+--------+--------+
