

================================================================
== Vitis HLS Report for 'shufflenet_block_Pipeline_VITIS_LOOP_299_15'
================================================================
* Date:           Thu Oct 30 14:51:52 2025

* Version:        2022.2 (Build 3670227 on Oct 13 2022)
* Project:        ip2
* Solution:       solution1 (Vivado IP Flow Target)
* Product family: zynq
* Target device:  xc7z020-clg400-2


================================================================
== Performance Estimates
================================================================
+ Timing: 
    * Summary: 
    +--------+----------+----------+------------+
    |  Clock |  Target  | Estimated| Uncertainty|
    +--------+----------+----------+------------+
    |ap_clk  |  10.00 ns|  7.300 ns|     2.70 ns|
    +--------+----------+----------+------------+

+ Latency: 
    * Summary: 
    +---------+---------+----------+----------+-----+-----+---------+
    |  Latency (cycles) |  Latency (absolute) |  Interval | Pipeline|
    |   min   |   max   |    min   |    max   | min | max |   Type  |
    +---------+---------+----------+----------+-----+-----+---------+
    |        ?|        ?|         ?|         ?|    ?|    ?|       no|
    +---------+---------+----------+----------+-----+-----+---------+

    + Detail: 
        * Instance: 
        N/A

        * Loop: 
        +---------------------------------------------------------+---------+---------+----------+-----------+-----------+------+----------+
        |                                                         |  Latency (cycles) | Iteration|  Initiation Interval  | Trip |          |
        |                        Loop Name                        |   min   |   max   |  Latency |  achieved |   target  | Count| Pipelined|
        +---------------------------------------------------------+---------+---------+----------+-----------+-----------+------+----------+
        |- VITIS_LOOP_297_13_VITIS_LOOP_298_14_VITIS_LOOP_299_15  |        ?|        ?|        10|          1|          1|     ?|       yes|
        +---------------------------------------------------------+---------+---------+----------+-----------+-----------+------+----------+

============================================================
+ Verbose Summary: Synthesis Manager
============================================================
InlineROM: 1
ExposeGlobal: 0
============================================================
+ Verbose Summary: CDFG Model
============================================================
IsTopModel: 0
ResetActiveHigh: 1
IsCombinational: 0
IsDatapathOnly: 0
HasWiredReturn: 1
HasMFsm: 2
HasVarLatency: 1
IsPipeline: 0
IsRtlPipelined: 0
IsInstanceOverlapped: 0
IsDontTouch: 0
HasImplIP: 0
IsGatedGlobalClock: 0

+ Individual pipeline summary: 
  * Pipeline-0: initiation interval (II) = 1, depth = 11


============================================================
+ Verbose Summary: Schedule
============================================================
* Number of FSM states : 11
* Pipeline : 1
  Pipeline-0 : II = 1, D = 11, States = { 1 2 3 4 5 6 7 8 9 10 11 }
* Dataflow Pipeline: 0

* FSM state transitions: 
1 --> 2 
2 --> 3 
3 --> 4 
4 --> 5 
5 --> 6 
6 --> 7 
7 --> 8 
8 --> 9 
9 --> 10 
10 --> 11 
11 --> 

* FSM state operations: 

State 1 <SV = 0> <Delay = 1.29>
ST_1 : Operation 13 [1/1] (0.00ns)   --->   "%w_V = alloca i32 1"   --->   Operation 13 'alloca' 'w_V' <Predicate = true> <Delay = 0.00>
ST_1 : Operation 14 [1/1] (0.00ns)   --->   "%indvar186 = alloca i32 1"   --->   Operation 14 'alloca' 'indvar186' <Predicate = true> <Delay = 0.00>
ST_1 : Operation 15 [1/1] (0.00ns)   --->   "%indvar_flatten65 = alloca i32 1"   --->   Operation 15 'alloca' 'indvar_flatten65' <Predicate = true> <Delay = 0.00>
ST_1 : Operation 16 [1/1] (0.00ns)   --->   "%c_V = alloca i32 1"   --->   Operation 16 'alloca' 'c_V' <Predicate = true> <Delay = 0.00>
ST_1 : Operation 17 [1/1] (0.00ns)   --->   "%indvar_flatten85 = alloca i32 1"   --->   Operation 17 'alloca' 'indvar_flatten85' <Predicate = true> <Delay = 0.00>
ST_1 : Operation 18 [1/1] (0.00ns)   --->   "%specinterface_ln0 = specinterface void @_ssdm_op_SpecInterface, i8 %gmem_out, void @empty_46, i32 0, i32 0, void @empty_47, i32 0, i32 1073741824, void @empty, void @empty_50, void @empty_47, i32 16, i32 16, i32 16, i32 16, void @empty_47, void @empty_47, i32 4294967295, i32 0"   --->   Operation 18 'specinterface' 'specinterface_ln0' <Predicate = true> <Delay = 0.00>
ST_1 : Operation 19 [1/1] (0.00ns)   --->   "%icmp_ln298_read = read i1 @_ssdm_op_Read.ap_auto.i1, i1 %icmp_ln298"   --->   Operation 19 'read' 'icmp_ln298_read' <Predicate = true> <Delay = 0.00>
ST_1 : Operation 20 [1/1] (0.00ns)   --->   "%out_r_read = read i64 @_ssdm_op_Read.ap_auto.i64, i64 %out_r"   --->   Operation 20 'read' 'out_r_read' <Predicate = true> <Delay = 0.00>
ST_1 : Operation 21 [1/1] (0.00ns)   --->   "%ret_V_9_read = read i32 @_ssdm_op_Read.ap_auto.i32, i32 %ret_V_9"   --->   Operation 21 'read' 'ret_V_9_read' <Predicate = true> <Delay = 0.00>
ST_1 : Operation 22 [1/1] (0.00ns)   --->   "%tmp = read i32 @_ssdm_op_Read.ap_auto.i32, i32 %empty"   --->   Operation 22 'read' 'tmp' <Predicate = true> <Delay = 0.00>
ST_1 : Operation 23 [1/1] (0.00ns)   --->   "%h_w_read = read i16 @_ssdm_op_Read.ap_auto.i16, i16 %h_w"   --->   Operation 23 'read' 'h_w_read' <Predicate = true> <Delay = 0.00>
ST_1 : Operation 24 [1/1] (0.00ns)   --->   "%bound73_read = read i47 @_ssdm_op_Read.ap_auto.i47, i47 %bound73"   --->   Operation 24 'read' 'bound73_read' <Predicate = true> <Delay = 0.00>
ST_1 : Operation 25 [1/1] (1.29ns)   --->   "%store_ln0 = store i47 0, i47 %indvar_flatten85"   --->   Operation 25 'store' 'store_ln0' <Predicate = true> <Delay = 1.29>
ST_1 : Operation 26 [1/1] (1.29ns)   --->   "%store_ln0 = store i15 0, i15 %c_V"   --->   Operation 26 'store' 'store_ln0' <Predicate = true> <Delay = 1.29>
ST_1 : Operation 27 [1/1] (1.29ns)   --->   "%store_ln0 = store i32 0, i32 %indvar_flatten65"   --->   Operation 27 'store' 'store_ln0' <Predicate = true> <Delay = 1.29>
ST_1 : Operation 28 [1/1] (1.29ns)   --->   "%store_ln0 = store i16 0, i16 %indvar186"   --->   Operation 28 'store' 'store_ln0' <Predicate = true> <Delay = 1.29>
ST_1 : Operation 29 [1/1] (1.29ns)   --->   "%store_ln0 = store i16 0, i16 %w_V"   --->   Operation 29 'store' 'store_ln0' <Predicate = true> <Delay = 1.29>
ST_1 : Operation 30 [1/1] (1.29ns)   --->   "%br_ln0 = br void %for.inc381"   --->   Operation 30 'br' 'br_ln0' <Predicate = true> <Delay = 1.29>

State 2 <SV = 1> <Delay = 5.89>
ST_2 : Operation 31 [1/1] (0.00ns)   --->   "%first_iter_0 = phi i1 1, void %newFuncRoot, i1 %and_ln298, void %new.latch.for.inc381.split" [../../ip/ip2/channel_shuffle.cpp:298]   --->   Operation 31 'phi' 'first_iter_0' <Predicate = true> <Delay = 0.00>
ST_2 : Operation 32 [1/1] (0.00ns)   --->   "%first_iter_028 = phi i1 1, void %newFuncRoot, i1 0, void %new.latch.for.inc381.split"   --->   Operation 32 'phi' 'first_iter_028' <Predicate = true> <Delay = 0.00>
ST_2 : Operation 33 [1/1] (0.00ns)   --->   "%w_V_1 = load i16 %w_V"   --->   Operation 33 'load' 'w_V_1' <Predicate = true> <Delay = 0.00>
ST_2 : Operation 34 [1/1] (0.00ns)   --->   "%indvar_flatten65_load = load i32 %indvar_flatten65" [../../ip/ip2/channel_shuffle.cpp:298]   --->   Operation 34 'load' 'indvar_flatten65_load' <Predicate = true> <Delay = 0.00>
ST_2 : Operation 35 [1/1] (0.00ns)   --->   "%indvar_flatten85_load = load i47 %indvar_flatten85"   --->   Operation 35 'load' 'indvar_flatten85_load' <Predicate = true> <Delay = 0.00>
ST_2 : Operation 36 [1/1] (0.00ns)   --->   "%specbitsmap_ln0 = specbitsmap void @_ssdm_op_SpecBitsMap, i8 %gmem_out"   --->   Operation 36 'specbitsmap' 'specbitsmap_ln0' <Predicate = true> <Delay = 0.00>
ST_2 : Operation 37 [1/1] (2.12ns)   --->   "%icmp_ln1027 = icmp_eq  i47 %indvar_flatten85_load, i47 %bound73_read"   --->   Operation 37 'icmp' 'icmp_ln1027' <Predicate = true> <Delay = 2.12> <CoreInst = "Cmp">   --->   Core 9 'Cmp' <Latency = 0> <II = 1> <Delay = 2.12> <FuncUnit> <Opcode : 'icmp'> <InPorts = 2> <OutPorts = 1>
ST_2 : Operation 38 [1/1] (2.27ns)   --->   "%add_ln1027 = add i47 %indvar_flatten85_load, i47 1"   --->   Operation 38 'add' 'add_ln1027' <Predicate = true> <Delay = 2.27> <CoreInst = "Adder">   --->   Core 1 'Adder' <Latency = 0> <II = 1> <Delay = 2.27> <FuncUnit> <Opcode : 'add' 'sub'> <InPorts = 2> <OutPorts = 1>
ST_2 : Operation 39 [1/1] (0.00ns)   --->   "%br_ln1027 = br i1 %icmp_ln1027, void %for.inc387.loopexit, void %VITIS_LOOP_309_16.loopexit.exitStub"   --->   Operation 39 'br' 'br_ln1027' <Predicate = true> <Delay = 0.00>
ST_2 : Operation 40 [1/1] (0.00ns)   --->   "%c_V_load = load i15 %c_V"   --->   Operation 40 'load' 'c_V_load' <Predicate = (!icmp_ln1027)> <Delay = 0.00>
ST_2 : Operation 41 [1/1] (1.96ns)   --->   "%icmp_ln298_1 = icmp_eq  i32 %indvar_flatten65_load, i32 %ret_V_9_read" [../../ip/ip2/channel_shuffle.cpp:298]   --->   Operation 41 'icmp' 'icmp_ln298_1' <Predicate = (!icmp_ln1027)> <Delay = 1.96> <CoreInst = "Cmp">   --->   Core 9 'Cmp' <Latency = 0> <II = 1> <Delay = 1.96> <FuncUnit> <Opcode : 'icmp'> <InPorts = 2> <OutPorts = 1>
ST_2 : Operation 42 [1/1] (0.00ns) (grouped into LUT with out node and_ln298)   --->   "%or_ln297 = or i1 %icmp_ln298_1, i1 %first_iter_0" [../../ip/ip2/channel_shuffle.cpp:297]   --->   Operation 42 'or' 'or_ln297' <Predicate = (!icmp_ln1027)> <Delay = 0.00> <CoreInst = "LogicGate">   --->   Core 74 'LogicGate' <Latency = 0> <II = 1> <Delay = 0.80> <FuncUnit> <Opcode : 'and' 'or' 'xor'> <InPorts = 2> <OutPorts = 1>
ST_2 : Operation 43 [1/1] (1.53ns)   --->   "%add_ln840 = add i15 %c_V_load, i15 1"   --->   Operation 43 'add' 'add_ln840' <Predicate = (!icmp_ln1027)> <Delay = 1.53> <CoreInst = "Adder">   --->   Core 1 'Adder' <Latency = 0> <II = 1> <Delay = 1.53> <FuncUnit> <Opcode : 'add' 'sub'> <InPorts = 2> <OutPorts = 1>
ST_2 : Operation 44 [1/1] (0.60ns)   --->   "%select_ln297_1 = select i1 %icmp_ln298_1, i15 %add_ln840, i15 %c_V_load" [../../ip/ip2/channel_shuffle.cpp:297]   --->   Operation 44 'select' 'select_ln297_1' <Predicate = (!icmp_ln1027)> <Delay = 0.60> <CoreInst = "Sel">   --->   Core 73 'Sel' <Latency = 0> <II = 1> <Delay = 0.60> <FuncUnit> <Opcode : 'select'> <InPorts = 3> <OutPorts = 1>
ST_2 : Operation 45 [1/1] (2.13ns)   --->   "%icmp_ln1027_1 = icmp_eq  i16 %w_V_1, i16 %h_w_read"   --->   Operation 45 'icmp' 'icmp_ln1027_1' <Predicate = (!icmp_ln1027)> <Delay = 2.13> <CoreInst = "Cmp">   --->   Core 9 'Cmp' <Latency = 0> <II = 1> <Delay = 2.13> <FuncUnit> <Opcode : 'icmp'> <InPorts = 2> <OutPorts = 1>
ST_2 : Operation 46 [1/1] (0.81ns)   --->   "%select_ln297_2 = select i1 %icmp_ln298_1, i1 %icmp_ln298_read, i1 %icmp_ln1027_1" [../../ip/ip2/channel_shuffle.cpp:297]   --->   Operation 46 'select' 'select_ln297_2' <Predicate = (!icmp_ln1027)> <Delay = 0.81> <CoreInst = "Sel">   --->   Core 73 'Sel' <Latency = 0> <II = 1> <Delay = 0.81> <FuncUnit> <Opcode : 'select'> <InPorts = 3> <OutPorts = 1>
ST_2 : Operation 47 [1/1] (0.00ns) (grouped into LUT with out node or_ln1027)   --->   "%or_ln297_1 = or i1 %icmp_ln298_1, i1 %first_iter_028" [../../ip/ip2/channel_shuffle.cpp:297]   --->   Operation 47 'or' 'or_ln297_1' <Predicate = (!icmp_ln1027)> <Delay = 0.00> <CoreInst = "LogicGate">   --->   Core 74 'LogicGate' <Latency = 0> <II = 1> <Delay = 0.80> <FuncUnit> <Opcode : 'and' 'or' 'xor'> <InPorts = 2> <OutPorts = 1>
ST_2 : Operation 48 [1/1] (0.80ns) (out node of the LUT)   --->   "%or_ln1027 = or i1 %or_ln297_1, i1 %select_ln297_2"   --->   Operation 48 'or' 'or_ln1027' <Predicate = (!icmp_ln1027)> <Delay = 0.80> <CoreInst = "LogicGate">   --->   Core 74 'LogicGate' <Latency = 0> <II = 1> <Delay = 0.80> <FuncUnit> <Opcode : 'and' 'or' 'xor'> <InPorts = 2> <OutPorts = 1>
ST_2 : Operation 49 [1/1] (0.00ns) (grouped into LUT with out node and_ln298)   --->   "%xor_ln298 = xor i1 %select_ln297_2, i1 1" [../../ip/ip2/channel_shuffle.cpp:298]   --->   Operation 49 'xor' 'xor_ln298' <Predicate = (!icmp_ln1027)> <Delay = 0.00> <CoreInst = "LogicGate">   --->   Core 74 'LogicGate' <Latency = 0> <II = 1> <Delay = 0.80> <FuncUnit> <Opcode : 'and' 'or' 'xor'> <InPorts = 2> <OutPorts = 1>
ST_2 : Operation 50 [1/1] (0.80ns) (out node of the LUT)   --->   "%and_ln298 = and i1 %or_ln297, i1 %xor_ln298" [../../ip/ip2/channel_shuffle.cpp:298]   --->   Operation 50 'and' 'and_ln298' <Predicate = (!icmp_ln1027)> <Delay = 0.80> <CoreInst = "LogicGate">   --->   Core 74 'LogicGate' <Latency = 0> <II = 1> <Delay = 0.80> <FuncUnit> <Opcode : 'and' 'or' 'xor'> <InPorts = 2> <OutPorts = 1>
ST_2 : Operation 51 [1/1] (0.00ns)   --->   "%br_ln299 = br i1 %or_ln1027, void %for.inc381.split, void %new.body.VITIS_LOOP_299_15" [../../ip/ip2/channel_shuffle.cpp:299]   --->   Operation 51 'br' 'br_ln299' <Predicate = (!icmp_ln1027)> <Delay = 0.00>
ST_2 : Operation 52 [1/1] (0.00ns)   --->   "%br_ln298 = br i1 %and_ln298, void %for.first.iter.for.inc381, void %for.first.iter.VITIS_LOOP_299_15" [../../ip/ip2/channel_shuffle.cpp:298]   --->   Operation 52 'br' 'br_ln298' <Predicate = (!icmp_ln1027 & or_ln1027)> <Delay = 0.00>
ST_2 : Operation 53 [1/1] (0.00ns)   --->   "%br_ln299 = br void %for.inc381.split" [../../ip/ip2/channel_shuffle.cpp:299]   --->   Operation 53 'br' 'br_ln299' <Predicate = (!icmp_ln1027 & or_ln1027)> <Delay = 0.00>
ST_2 : Operation 54 [1/1] (1.54ns)   --->   "%add_ln840_1 = add i16 %w_V_1, i16 1"   --->   Operation 54 'add' 'add_ln840_1' <Predicate = (!icmp_ln1027)> <Delay = 1.54> <CoreInst = "Adder">   --->   Core 1 'Adder' <Latency = 0> <II = 1> <Delay = 1.54> <FuncUnit> <Opcode : 'add' 'sub'> <InPorts = 2> <OutPorts = 1>
ST_2 : Operation 55 [1/1] (0.00ns) (grouped into LUT with out node w_V_2)   --->   "%or_ln840 = or i1 %select_ln297_2, i1 %icmp_ln298_1"   --->   Operation 55 'or' 'or_ln840' <Predicate = (!icmp_ln1027)> <Delay = 0.00> <CoreInst = "LogicGate">   --->   Core 74 'LogicGate' <Latency = 0> <II = 1> <Delay = 0.80> <FuncUnit> <Opcode : 'and' 'or' 'xor'> <InPorts = 2> <OutPorts = 1>
ST_2 : Operation 56 [1/1] (0.80ns) (out node of the LUT)   --->   "%w_V_2 = select i1 %or_ln840, i16 1, i16 %add_ln840_1"   --->   Operation 56 'select' 'w_V_2' <Predicate = (!icmp_ln1027)> <Delay = 0.80> <CoreInst = "Sel">   --->   Core 73 'Sel' <Latency = 0> <II = 1> <Delay = 0.62> <FuncUnit> <Opcode : 'select'> <InPorts = 3> <OutPorts = 1>
ST_2 : Operation 57 [1/1] (2.13ns)   --->   "%icmp_ln1027_2 = icmp_eq  i16 %w_V_2, i16 %h_w_read"   --->   Operation 57 'icmp' 'icmp_ln1027_2' <Predicate = (!icmp_ln1027)> <Delay = 2.13> <CoreInst = "Cmp">   --->   Core 9 'Cmp' <Latency = 0> <II = 1> <Delay = 2.13> <FuncUnit> <Opcode : 'icmp'> <InPorts = 2> <OutPorts = 1>
ST_2 : Operation 58 [1/1] (0.00ns)   --->   "%br_ln299 = br i1 %icmp_ln1027_2, void %new.latch.for.inc381.split, void %last.iter.for.inc381.split" [../../ip/ip2/channel_shuffle.cpp:299]   --->   Operation 58 'br' 'br_ln299' <Predicate = (!icmp_ln1027)> <Delay = 0.00>
ST_2 : Operation 59 [1/1] (0.00ns)   --->   "%br_ln299 = br void %new.latch.for.inc381.split" [../../ip/ip2/channel_shuffle.cpp:299]   --->   Operation 59 'br' 'br_ln299' <Predicate = (!icmp_ln1027 & icmp_ln1027_2)> <Delay = 0.00>
ST_2 : Operation 60 [1/1] (1.89ns)   --->   "%add_ln298_2 = add i32 %indvar_flatten65_load, i32 1" [../../ip/ip2/channel_shuffle.cpp:298]   --->   Operation 60 'add' 'add_ln298_2' <Predicate = (!icmp_ln1027)> <Delay = 1.89> <CoreInst = "Adder">   --->   Core 1 'Adder' <Latency = 0> <II = 1> <Delay = 1.89> <FuncUnit> <Opcode : 'add' 'sub'> <InPorts = 2> <OutPorts = 1>
ST_2 : Operation 61 [1/1] (0.70ns)   --->   "%select_ln298_1 = select i1 %icmp_ln298_1, i32 1, i32 %add_ln298_2" [../../ip/ip2/channel_shuffle.cpp:298]   --->   Operation 61 'select' 'select_ln298_1' <Predicate = (!icmp_ln1027)> <Delay = 0.70> <CoreInst = "Sel">   --->   Core 73 'Sel' <Latency = 0> <II = 1> <Delay = 0.70> <FuncUnit> <Opcode : 'select'> <InPorts = 3> <OutPorts = 1>
ST_2 : Operation 62 [1/1] (1.29ns)   --->   "%store_ln299 = store i47 %add_ln1027, i47 %indvar_flatten85" [../../ip/ip2/channel_shuffle.cpp:299]   --->   Operation 62 'store' 'store_ln299' <Predicate = (!icmp_ln1027)> <Delay = 1.29>
ST_2 : Operation 63 [1/1] (1.29ns)   --->   "%store_ln299 = store i15 %select_ln297_1, i15 %c_V" [../../ip/ip2/channel_shuffle.cpp:299]   --->   Operation 63 'store' 'store_ln299' <Predicate = (!icmp_ln1027)> <Delay = 1.29>
ST_2 : Operation 64 [1/1] (1.29ns)   --->   "%store_ln299 = store i32 %select_ln298_1, i32 %indvar_flatten65" [../../ip/ip2/channel_shuffle.cpp:299]   --->   Operation 64 'store' 'store_ln299' <Predicate = (!icmp_ln1027)> <Delay = 1.29>
ST_2 : Operation 65 [1/1] (1.29ns)   --->   "%store_ln299 = store i16 %w_V_2, i16 %w_V" [../../ip/ip2/channel_shuffle.cpp:299]   --->   Operation 65 'store' 'store_ln299' <Predicate = (!icmp_ln1027)> <Delay = 1.29>
ST_2 : Operation 66 [1/1] (0.00ns)   --->   "%br_ln299 = br void %for.inc381" [../../ip/ip2/channel_shuffle.cpp:299]   --->   Operation 66 'br' 'br_ln299' <Predicate = (!icmp_ln1027)> <Delay = 0.00>

State 3 <SV = 2> <Delay = 7.05>
ST_3 : Operation 67 [1/1] (0.00ns)   --->   "%indvar186_load = load i16 %indvar186" [../../ip/ip2/channel_shuffle.cpp:297]   --->   Operation 67 'load' 'indvar186_load' <Predicate = (!icmp_ln1027 & !icmp_ln298_1)> <Delay = 0.00>
ST_3 : Operation 68 [1/1] (0.62ns)   --->   "%select_ln297 = select i1 %icmp_ln298_1, i16 0, i16 %indvar186_load" [../../ip/ip2/channel_shuffle.cpp:297]   --->   Operation 68 'select' 'select_ln297' <Predicate = (!icmp_ln1027)> <Delay = 0.62> <CoreInst = "Sel">   --->   Core 73 'Sel' <Latency = 0> <II = 1> <Delay = 0.62> <FuncUnit> <Opcode : 'select'> <InPorts = 3> <OutPorts = 1>
ST_3 : Operation 69 [1/1] (0.00ns)   --->   "%zext_ln297 = zext i15 %select_ln297_1" [../../ip/ip2/channel_shuffle.cpp:297]   --->   Operation 69 'zext' 'zext_ln297' <Predicate = (!icmp_ln1027)> <Delay = 0.00>
ST_3 : Operation 70 [1/1] (7.05ns)   --->   "%mul_ln297 = mul i32 %zext_ln297, i32 %ret_V_9_read" [../../ip/ip2/channel_shuffle.cpp:297]   --->   Operation 70 'mul' 'mul_ln297' <Predicate = (!icmp_ln1027)> <Delay = 7.05> <CoreInst = "Multiplier">   --->   Core 3 'Multiplier' <Latency = 0> <II = 1> <Delay = 7.05> <FuncUnit> <Opcode : 'mul'> <InPorts = 2> <OutPorts = 1>
ST_3 : Operation 71 [1/1] (1.54ns)   --->   "%add_ln298 = add i16 %select_ln297, i16 1" [../../ip/ip2/channel_shuffle.cpp:298]   --->   Operation 71 'add' 'add_ln298' <Predicate = (!icmp_ln1027 & select_ln297_2)> <Delay = 1.54> <CoreInst = "Adder">   --->   Core 1 'Adder' <Latency = 0> <II = 1> <Delay = 1.54> <FuncUnit> <Opcode : 'add' 'sub'> <InPorts = 2> <OutPorts = 1>
ST_3 : Operation 72 [1/1] (0.62ns)   --->   "%select_ln298 = select i1 %select_ln297_2, i16 %add_ln298, i16 %select_ln297" [../../ip/ip2/channel_shuffle.cpp:298]   --->   Operation 72 'select' 'select_ln298' <Predicate = (!icmp_ln1027)> <Delay = 0.62> <CoreInst = "Sel">   --->   Core 73 'Sel' <Latency = 0> <II = 1> <Delay = 0.62> <FuncUnit> <Opcode : 'select'> <InPorts = 3> <OutPorts = 1>
ST_3 : Operation 73 [1/1] (1.54ns)   --->   "%add_ln298_1 = add i16 %select_ln298, i16 1" [../../ip/ip2/channel_shuffle.cpp:298]   --->   Operation 73 'add' 'add_ln298_1' <Predicate = (icmp_ln1027_2)> <Delay = 1.54> <CoreInst = "Adder">   --->   Core 1 'Adder' <Latency = 0> <II = 1> <Delay = 1.54> <FuncUnit> <Opcode : 'add' 'sub'> <InPorts = 2> <OutPorts = 1>
ST_3 : Operation 74 [1/1] (2.13ns)   --->   "%icmp_ln298_2 = icmp_eq  i16 %add_ln298_1, i16 %h_w_read" [../../ip/ip2/channel_shuffle.cpp:298]   --->   Operation 74 'icmp' 'icmp_ln298_2' <Predicate = (icmp_ln1027_2)> <Delay = 2.13> <CoreInst = "Cmp">   --->   Core 9 'Cmp' <Latency = 0> <II = 1> <Delay = 2.13> <FuncUnit> <Opcode : 'icmp'> <InPorts = 2> <OutPorts = 1>
ST_3 : Operation 75 [1/1] (0.00ns)   --->   "%br_ln299 = br i1 %icmp_ln298_2, void %new.latch.for.inc384, void %last.iter.for.inc384" [../../ip/ip2/channel_shuffle.cpp:299]   --->   Operation 75 'br' 'br_ln299' <Predicate = (icmp_ln1027_2)> <Delay = 0.00>
ST_3 : Operation 76 [1/1] (1.29ns)   --->   "%store_ln299 = store i16 %select_ln298, i16 %indvar186" [../../ip/ip2/channel_shuffle.cpp:299]   --->   Operation 76 'store' 'store_ln299' <Predicate = (!icmp_ln1027)> <Delay = 1.29>

State 4 <SV = 3> <Delay = 2.69>
ST_4 : Operation 77 [1/1] (0.00ns)   --->   "%specloopname_ln0 = specloopname void @_ssdm_op_SpecLoopName, void @VITIS_LOOP_297_13_VITIS_LOOP_298_14_VITIS_LOOP_299_15_str"   --->   Operation 77 'specloopname' 'specloopname_ln0' <Predicate = (!icmp_ln1027)> <Delay = 0.00>
ST_4 : Operation 78 [1/1] (0.00ns)   --->   "%zext_ln297_1 = zext i32 %mul_ln297" [../../ip/ip2/channel_shuffle.cpp:297]   --->   Operation 78 'zext' 'zext_ln297_1' <Predicate = (!icmp_ln1027)> <Delay = 0.00>
ST_4 : Operation 79 [1/1] (2.69ns)   --->   "%add_ln297 = add i64 %zext_ln297_1, i64 %out_r_read" [../../ip/ip2/channel_shuffle.cpp:297]   --->   Operation 79 'add' 'add_ln297' <Predicate = (!icmp_ln1027)> <Delay = 2.69> <CoreInst = "Adder">   --->   Core 1 'Adder' <Latency = 0> <II = 1> <Delay = 2.69> <FuncUnit> <Opcode : 'add' 'sub'> <InPorts = 2> <OutPorts = 1>
ST_4 : Operation 80 [1/1] (0.00ns)   --->   "%specloopname_ln0 = specloopname void @_ssdm_op_SpecLoopName, void @VITIS_LOOP_298_14_VITIS_LOOP_299_15_str"   --->   Operation 80 'specloopname' 'specloopname_ln0' <Predicate = (!icmp_ln1027)> <Delay = 0.00>
ST_4 : Operation 81 [1/1] (0.00ns)   --->   "%gmem_out_addr = getelementptr i8 %gmem_out, i64 %add_ln297" [../../ip/ip2/channel_shuffle.cpp:298]   --->   Operation 81 'getelementptr' 'gmem_out_addr' <Predicate = (or_ln1027 & and_ln298)> <Delay = 0.00>
ST_4 : Operation 82 [1/1] (0.00ns)   --->   "%gmem_out_addr_1 = getelementptr i8 %gmem_out, i64 %add_ln297" [../../ip/ip2/channel_shuffle.cpp:298]   --->   Operation 82 'getelementptr' 'gmem_out_addr_1' <Predicate = true> <Delay = 0.00>

State 5 <SV = 4> <Delay = 7.30>
ST_5 : Operation 83 [1/1] (7.30ns)   --->   "%empty_73 = writereq i1 @_ssdm_op_WriteReq.m_axi.p1i8, i8 %gmem_out_addr, i32 %tmp" [../../ip/ip2/channel_shuffle.cpp:298]   --->   Operation 83 'writereq' 'empty_73' <Predicate = (or_ln1027 & and_ln298)> <Delay = 7.30> <CoreInst = "m_axi">   --->   Core 113 'm_axi' <Latency = 0> <II = 1> <Delay = 1.00> <Adapter> <Opcode : 'read' 'write' 'readreq' 'writereq' 'writeresp'>
ST_5 : Operation 84 [1/1] (0.00ns)   --->   "%br_ln298 = br void %for.first.iter.for.inc381" [../../ip/ip2/channel_shuffle.cpp:298]   --->   Operation 84 'br' 'br_ln298' <Predicate = (or_ln1027 & and_ln298)> <Delay = 0.00>

State 6 <SV = 5> <Delay = 7.30>
ST_6 : Operation 85 [1/1] (0.00ns)   --->   "%specpipeline_ln300 = specpipeline void @_ssdm_op_SpecPipeline, i32 1, i32 0, i32 0, i32 0, void @empty_47" [../../ip/ip2/channel_shuffle.cpp:300]   --->   Operation 85 'specpipeline' 'specpipeline_ln300' <Predicate = true> <Delay = 0.00>
ST_6 : Operation 86 [1/1] (0.00ns)   --->   "%specloopname_ln299 = specloopname void @_ssdm_op_SpecLoopName, void @empty_40" [../../ip/ip2/channel_shuffle.cpp:299]   --->   Operation 86 'specloopname' 'specloopname_ln299' <Predicate = true> <Delay = 0.00>
ST_6 : Operation 87 [1/1] (7.30ns)   --->   "%write_ln302 = write void @_ssdm_op_Write.m_axi.p1i8, i8 %gmem_out_addr_1, i8 0, i1 1" [../../ip/ip2/channel_shuffle.cpp:302]   --->   Operation 87 'write' 'write_ln302' <Predicate = true> <Delay = 7.30> <CoreInst = "m_axi">   --->   Core 113 'm_axi' <Latency = 0> <II = 1> <Delay = 1.00> <Adapter> <Opcode : 'read' 'write' 'readreq' 'writereq' 'writeresp'>

State 7 <SV = 6> <Delay = 7.30>
ST_7 : Operation 88 [5/5] (7.30ns)   --->   "%empty_72 = writeresp i1 @_ssdm_op_WriteResp.m_axi.p1i8, i8 %gmem_out_addr_1"   --->   Operation 88 'writeresp' 'empty_72' <Predicate = (icmp_ln1027_2 & icmp_ln298_2)> <Delay = 7.30> <CoreInst = "m_axi">   --->   Core 113 'm_axi' <Latency = 0> <II = 1> <Delay = 1.00> <Adapter> <Opcode : 'read' 'write' 'readreq' 'writereq' 'writeresp'>

State 8 <SV = 7> <Delay = 7.30>
ST_8 : Operation 89 [4/5] (7.30ns)   --->   "%empty_72 = writeresp i1 @_ssdm_op_WriteResp.m_axi.p1i8, i8 %gmem_out_addr_1"   --->   Operation 89 'writeresp' 'empty_72' <Predicate = (icmp_ln1027_2 & icmp_ln298_2)> <Delay = 7.30> <CoreInst = "m_axi">   --->   Core 113 'm_axi' <Latency = 0> <II = 1> <Delay = 1.00> <Adapter> <Opcode : 'read' 'write' 'readreq' 'writereq' 'writeresp'>

State 9 <SV = 8> <Delay = 7.30>
ST_9 : Operation 90 [3/5] (7.30ns)   --->   "%empty_72 = writeresp i1 @_ssdm_op_WriteResp.m_axi.p1i8, i8 %gmem_out_addr_1"   --->   Operation 90 'writeresp' 'empty_72' <Predicate = (icmp_ln1027_2 & icmp_ln298_2)> <Delay = 7.30> <CoreInst = "m_axi">   --->   Core 113 'm_axi' <Latency = 0> <II = 1> <Delay = 1.00> <Adapter> <Opcode : 'read' 'write' 'readreq' 'writereq' 'writeresp'>

State 10 <SV = 9> <Delay = 7.30>
ST_10 : Operation 91 [2/5] (7.30ns)   --->   "%empty_72 = writeresp i1 @_ssdm_op_WriteResp.m_axi.p1i8, i8 %gmem_out_addr_1"   --->   Operation 91 'writeresp' 'empty_72' <Predicate = (icmp_ln1027_2 & icmp_ln298_2)> <Delay = 7.30> <CoreInst = "m_axi">   --->   Core 113 'm_axi' <Latency = 0> <II = 1> <Delay = 1.00> <Adapter> <Opcode : 'read' 'write' 'readreq' 'writereq' 'writeresp'>
ST_10 : Operation 94 [1/1] (0.00ns)   --->   "%ret_ln0 = ret"   --->   Operation 94 'ret' 'ret_ln0' <Predicate = (icmp_ln1027)> <Delay = 0.00>

State 11 <SV = 10> <Delay = 7.30>
ST_11 : Operation 92 [1/5] (7.30ns)   --->   "%empty_72 = writeresp i1 @_ssdm_op_WriteResp.m_axi.p1i8, i8 %gmem_out_addr_1"   --->   Operation 92 'writeresp' 'empty_72' <Predicate = (icmp_ln1027_2 & icmp_ln298_2)> <Delay = 7.30> <CoreInst = "m_axi">   --->   Core 113 'm_axi' <Latency = 0> <II = 1> <Delay = 1.00> <Adapter> <Opcode : 'read' 'write' 'readreq' 'writereq' 'writeresp'>
ST_11 : Operation 93 [1/1] (0.00ns)   --->   "%br_ln299 = br void %new.latch.for.inc384" [../../ip/ip2/channel_shuffle.cpp:299]   --->   Operation 93 'br' 'br_ln299' <Predicate = (icmp_ln1027_2 & icmp_ln298_2)> <Delay = 0.00>


============================================================
+ Verbose Summary: Timing violations
============================================================
Target clock period: 10ns, clock uncertainty: 2.7ns.

 <State 1>: 1.3ns
The critical path consists of the following:
	'alloca' operation ('indvar_flatten85') [12]  (0 ns)
	'store' operation ('store_ln0') of constant 0 on local variable 'indvar_flatten85' [20]  (1.3 ns)

 <State 2>: 5.89ns
The critical path consists of the following:
	'load' operation ('w.V') on local variable 'w.V' [29]  (0 ns)
	'icmp' operation ('icmp_ln1027_1') [49]  (2.14 ns)
	'select' operation ('select_ln297_2', ../../ip/ip2/channel_shuffle.cpp:297) [50]  (0.813 ns)
	'or' operation ('or_ln840') [73]  (0 ns)
	'select' operation ('w.V') [74]  (0.8 ns)
	'icmp' operation ('icmp_ln1027_2') [75]  (2.14 ns)

 <State 3>: 7.05ns
The critical path consists of the following:
	'mul' operation ('mul_ln297', ../../ip/ip2/channel_shuffle.cpp:297) [46]  (7.05 ns)

 <State 4>: 2.69ns
The critical path consists of the following:
	'add' operation ('add_ln297', ../../ip/ip2/channel_shuffle.cpp:297) [48]  (2.69 ns)
	'getelementptr' operation ('gmem_out_addr', ../../ip/ip2/channel_shuffle.cpp:298) [62]  (0 ns)

 <State 5>: 7.3ns
The critical path consists of the following:
	bus request operation ('empty_73', ../../ip/ip2/channel_shuffle.cpp:298) on port 'gmem_out' (../../ip/ip2/channel_shuffle.cpp:298) [63]  (7.3 ns)

 <State 6>: 7.3ns
The critical path consists of the following:
	bus write operation ('write_ln302', ../../ip/ip2/channel_shuffle.cpp:302) on port 'gmem_out' (../../ip/ip2/channel_shuffle.cpp:302) [71]  (7.3 ns)

 <State 7>: 7.3ns
The critical path consists of the following:
	bus response operation ('empty_72') on port 'gmem_out' [82]  (7.3 ns)

 <State 8>: 7.3ns
The critical path consists of the following:
	bus response operation ('empty_72') on port 'gmem_out' [82]  (7.3 ns)

 <State 9>: 7.3ns
The critical path consists of the following:
	bus response operation ('empty_72') on port 'gmem_out' [82]  (7.3 ns)

 <State 10>: 7.3ns
The critical path consists of the following:
	bus response operation ('empty_72') on port 'gmem_out' [82]  (7.3 ns)

 <State 11>: 7.3ns
The critical path consists of the following:
	bus response operation ('empty_72') on port 'gmem_out' [82]  (7.3 ns)


============================================================
+ Verbose Summary: Binding
============================================================
N/A
* FSMD analyzer results:
  - Output states:
 - Input state : 
  - Chain level:
	State 1
	State 2
	State 3
	State 4
	State 5
	State 6
	State 7
	State 8
	State 9
	State 10
	State 11


============================================================
+ Verbose Summary: Datapath Resource usage 
============================================================
N/A
