

================================================================
== Vitis HLS Report for 'shufflenet_block_Pipeline_VITIS_LOOP_299_15'
================================================================
* Date:           Thu Oct 30 14:51:52 2025

* Version:        2022.2 (Build 3670227 on Oct 13 2022)
* Project:        ip2
* Solution:       solution1 (Vivado IP Flow Target)
* Product family: zynq
* Target device:  xc7z020-clg400-2


================================================================
== Performance Estimates
================================================================
+ Timing: 
    * Summary: 
    +--------+----------+----------+------------+
    |  Clock |  Target  | Estimated| Uncertainty|
    +--------+----------+----------+------------+
    |ap_clk  |  10.00 ns|  7.300 ns|     2.70 ns|
    +--------+----------+----------+------------+

+ Latency: 
    * Summary: 
    +---------+---------+----------+----------+-----+-----+---------+
    |  Latency (cycles) |  Latency (absolute) |  Interval | Pipeline|
    |   min   |   max   |    min   |    max   | min | max |   Type  |
    +---------+---------+----------+----------+-----+-----+---------+
    |        ?|        ?|         ?|         ?|    ?|    ?|       no|
    +---------+---------+----------+----------+-----+-----+---------+

    + Detail: 
        * Instance: 
        N/A

        * Loop: 
        +---------------------------------------------------------+---------+---------+----------+-----------+-----------+------+----------+
        |                                                         |  Latency (cycles) | Iteration|  Initiation Interval  | Trip |          |
        |                        Loop Name                        |   min   |   max   |  Latency |  achieved |   target  | Count| Pipelined|
        +---------------------------------------------------------+---------+---------+----------+-----------+-----------+------+----------+
        |- VITIS_LOOP_297_13_VITIS_LOOP_298_14_VITIS_LOOP_299_15  |        ?|        ?|        10|          1|          1|     ?|       yes|
        +---------------------------------------------------------+---------+---------+----------+-----------+-----------+------+----------+

============================================================
+ Verbose Summary: Synthesis Manager
============================================================
InlineROM: 1
ExposeGlobal: 0
============================================================
+ Verbose Summary: CDFG Model
============================================================
IsTopModel: 0
ResetActiveHigh: 1
IsCombinational: 0
IsDatapathOnly: 0
HasWiredReturn: 1
HasMFsm: 2
HasVarLatency: 1
IsPipeline: 0
IsRtlPipelined: 0
IsInstanceOverlapped: 0
IsDontTouch: 0
HasImplIP: 0
IsGatedGlobalClock: 0

+ Individual pipeline summary: 
  * Pipeline-0: initiation interval (II) = 1, depth = 11


============================================================
+ Verbose Summary: Schedule
============================================================
* Number of FSM states : 11
* Pipeline : 1
  Pipeline-0 : II = 1, D = 11, States = { 1 2 3 4 5 6 7 8 9 10 11 }
* Dataflow Pipeline: 0

* FSM state transitions: 
1 --> 2 
2 --> 3 
3 --> 4 
4 --> 5 
5 --> 6 
6 --> 7 
7 --> 8 
8 --> 9 
9 --> 10 
10 --> 11 
11 --> 

* FSM state operations: 

State 1 <SV = 0> <Delay = 1.29>
ST_1 : Operation 13 [1/1] (0.00ns)   --->   "%w_V = alloca i32 1"   --->   Operation 13 'alloca' 'w_V' <Predicate = true> <Delay = 0.00>
ST_1 : Operation 14 [1/1] (0.00ns)   --->   "%indvar186 = alloca i32 1"   --->   Operation 14 'alloca' 'indvar186' <Predicate = true> <Delay = 0.00>
ST_1 : Operation 15 [1/1] (0.00ns)   --->   "%indvar_flatten65 = alloca i32 1"   --->   Operation 15 'alloca' 'indvar_flatten65' <Predicate = true> <Delay = 0.00>
ST_1 : Operation 16 [1/1] (0.00ns)   --->   "%c_V = alloca i32 1"   --->   Operation 16 'alloca' 'c_V' <Predicate = true> <Delay = 0.00>
ST_1 : Operation 17 [1/1] (0.00ns)   --->   "%indvar_flatten85 = alloca i32 1"   --->   Operation 17 'alloca' 'indvar_flatten85' <Predicate = true> <Delay = 0.00>
ST_1 : Operation 18 [1/1] (0.00ns)   --->   "%specinterface_ln0 = specinterface void @_ssdm_op_SpecInterface, i8 %gmem_out, void @empty_46, i32 0, i32 0, void @empty_47, i32 0, i32 1073741824, void @empty, void @empty_50, void @empty_47, i32 16, i32 16, i32 16, i32 16, void @empty_47, void @empty_47, i32 4294967295, i32 0"   --->   Operation 18 'specinterface' 'specinterface_ln0' <Predicate = true> <Delay = 0.00>
ST_1 : Operation 19 [1/1] (0.00ns)   --->   "%icmp_ln298_read = read i1 @_ssdm_op_Read.ap_auto.i1, i1 %icmp_ln298"   --->   Operation 19 'read' 'icmp_ln298_read' <Predicate = true> <Delay = 0.00>
ST_1 : Operation 20 [1/1] (0.00ns)   --->   "%out_r_read = read i64 @_ssdm_op_Read.ap_auto.i64, i64 %out_r"   --->   Operation 20 'read' 'out_r_read' <Predicate = true> <Delay = 0.00>
ST_1 : Operation 21 [1/1] (0.00ns)   --->   "%ret_V_9_read = read i32 @_ssdm_op_Read.ap_auto.i32, i32 %ret_V_9"   --->   Operation 21 'read' 'ret_V_9_read' <Predicate = true> <Delay = 0.00>
ST_1 : Operation 22 [1/1] (0.00ns)   --->   "%tmp = read i32 @_ssdm_op_Read.ap_auto.i32, i32 %empty"   --->   Operation 22 'read' 'tmp' <Predicate = true> <Delay = 0.00>
ST_1 : Operation 23 [1/1] (0.00ns)   --->   "%h_w_read = read i16 @_ssdm_op_Read.ap_auto.i16, i16 %h_w"   --->   Operation 23 'read' 'h_w_read' <Predicate = true> <Delay = 0.00>
ST_1 : Operation 24 [1/1] (0.00ns)   --->   "%bound73_read = read i47 @_ssdm_op_Read.ap_auto.i47, i47 %bound73"   --->   Operation 24 'read' 'bound73_read' <Predicate = true> <Delay = 0.00>
ST_1 : Operation 25 [1/1] (1.29ns)   --->   "%store_ln0 = store i47 0, i47 %indvar_flatten85"   --->   Operation 25 'store' 'store_ln0' <Predicate = true> <Delay = 1.29>
ST_1 : Operation 26 [1/1] (1.29ns)   --->   "%store_ln0 = store i15 0, i15 %c_V"   --->   Operation 26 'store' 'store_ln0' <Predicate = true> <Delay = 1.29>
ST_1 : Operation 27 [1/1] (1.29ns)   --->   "%store_ln0 = store i32 0, i32 %indvar_flatten65"   --->   Operation 27 'store' 'store_ln0' <Predicate = true> <Delay = 1.29>
ST_1 : Operation 28 [1/1] (1.29ns)   --->   "%store_ln0 = store i16 0, i16 %indvar186"   --->   Operation 28 'store' 'store_ln0' <Predicate = true> <Delay = 1.29>
ST_1 : Operation 29 [1/1] (1.29ns)   --->   "%store_ln0 = store i16 0, i16 %w_V"   --->   Operation 29 'store' 'store_ln0' <Predicate = true> <Delay = 1.29>
ST_1 : Operation 30 [1/1] (1.29ns)   --->   "%br_ln0 = br void %for.inc381"   --->   Operation 30 'br' 'br_ln0' <Predicate = true> <Delay = 1.29>

State 2 <SV = 1> <Delay = 5.89>
ST_2 : Operation 31 [1/1] (0.00ns)   --->   "%first_iter_0 = phi i1 1, void %newFuncRoot, i1 %and_ln298, void %new.latch.for.inc381.split" [../../ip/ip2/channel_shuffle.cpp:298]   --->   Operation 31 'phi' 'first_iter_0' <Predicate = true> <Delay = 0.00>
ST_2 : Operation 32 [1/1] (0.00ns)   --->   "%first_iter_028 = phi i1 1, void %newFuncRoot, i1 0, void %new.latch.for.inc381.split"   --->   Operation 32 'phi' 'first_iter_028' <Predicate = true> <Delay = 0.00>
ST_2 : Operation 33 [1/1] (0.00ns)   --->   "%w_V_1 = load i16 %w_V"   --->   Operation 33 'load' 'w_V_1' <Predicate = true> <Delay = 0.00>
ST_2 : Operation 34 [1/1] (0.00ns)   --->   "%indvar_flatten65_load = load i32 %indvar_flatten65" [../../ip/ip2/channel_shuffle.cpp:298]   --->   Operation 34 'load' 'indvar_flatten65_load' <Predicate = true> <Delay = 0.00>
ST_2 : Operation 35 [1/1] (0.00ns)   --->   "%indvar_flatten85_load = load i47 %indvar_flatten85"   --->   Operation 35 'load' 'indvar_flatten85_load' <Predicate = true> <Delay = 0.00>
ST_2 : Operation 36 [1/1] (0.00ns)   --->   "%specbitsmap_ln0 = specbitsmap void @_ssdm_op_SpecBitsMap, i8 %gmem_out"   --->   Operation 36 'specbitsmap' 'specbitsmap_ln0' <Predicate = true> <Delay = 0.00>
ST_2 : Operation 37 [1/1] (2.12ns)   --->   "%icmp_ln1027 = icmp_eq  i47 %indvar_flatten85_load, i47 %bound73_read"   --->   Operation 37 'icmp' 'icmp_ln1027' <Predicate = true> <Delay = 2.12> <CoreInst = "Cmp">   --->   Core 9 'Cmp' <Latency = 0> <II = 1> <Delay = 2.12> <FuncUnit> <Opcode : 'icmp'> <InPorts = 2> <OutPorts = 1>
ST_2 : Operation 38 [1/1] (2.27ns)   --->   "%add_ln1027 = add i47 %indvar_flatten85_load, i47 1"   --->   Operation 38 'add' 'add_ln1027' <Predicate = true> <Delay = 2.27> <CoreInst = "Adder">   --->   Core 1 'Adder' <Latency = 0> <II = 1> <Delay = 2.27> <FuncUnit> <Opcode : 'add' 'sub'> <InPorts = 2> <OutPorts = 1>
ST_2 : Operation 39 [1/1] (0.00ns)   --->   "%br_ln1027 = br i1 %icmp_ln1027, void %for.inc387.loopexit, void %VITIS_LOOP_309_16.loopexit.exitStub"   --->   Operation 39 'br' 'br_ln1027' <Predicate = true> <Delay = 0.00>
ST_2 : Operation 40 [1/1] (0.00ns)   --->   "%c_V_load = load i15 %c_V"   --->   Operation 40 'load' 'c_V_load' <Predicate = (!icmp_ln1027)> <Delay = 0.00>
ST_2 : Operation 41 [1/1] (1.96ns)   --->   "%icmp_ln298_1 = icmp_eq  i32 %indvar_flatten65_load, i32 %ret_V_9_read" [../../ip/ip2/channel_shuffle.cpp:298]   --->   Operation 41 'icmp' 'icmp_ln298_1' <Predicate = (!icmp_ln1027)> <Delay = 1.96> <CoreInst = "Cmp">   --->   Core 9 'Cmp' <Latency = 0> <II = 1> <Delay = 1.96> <FuncUnit> <Opcode : 'icmp'> <InPorts = 2> <OutPorts = 1>
ST_2 : Operation 42 [1/1] (0.00ns) (grouped into LUT with out node and_ln298)   --->   "%or_ln297 = or i1 %icmp_ln298_1, i1 %first_iter_0" [../../ip/ip2/channel_shuffle.cpp:297]   --->   Operation 42 'or' 'or_ln297' <Predicate = (!icmp_ln1027)> <Delay = 0.00> <CoreInst = "LogicGate">   --->   Core 74 'LogicGate' <Latency = 0> <II = 1> <Delay = 0.80> <FuncUnit> <Opcode : 'and' 'or' 'xor'> <InPorts = 2> <OutPorts = 1>
ST_2 : Operation 43 [1/1] (1.53ns)   --->   "%add_ln840 = add i15 %c_V_load, i15 1"   --->   Operation 43 'add' 'add_ln840' <Predicate = (!icmp_ln1027)> <Delay = 1.53> <CoreInst = "Adder">   --->   Core 1 'Adder' <Latency = 0> <II = 1> <Delay = 1.53> <FuncUnit> <Opcode : 'add' 'sub'> <InPorts = 2> <OutPorts = 1>
ST_2 : Operation 44 [1/1] (0.60ns)   --->   "%select_ln297_1 = select i1 %icmp_ln298_1, i15 %add_ln840, i15 %c_V_load" [../../ip/ip2/channel_shuffle.cpp:297]   --->   Operation 44 'select' 'select_ln297_1' <Predicate = (!icmp_ln1027)> <Delay = 0.60> <CoreInst = "Sel">   --->   Core 73 'Sel' <Latency = 0> <II = 1> <Delay = 0.60> <FuncUnit> <Opcode : 'select'> <InPorts = 3> <OutPorts = 1>
ST_2 : Operation 45 [1/1] (2.13ns)   --->   "%icmp_ln1027_1 = icmp_eq  i16 %w_V_1, i16 %h_w_read"   --->   Operation 45 'icmp' 'icmp_ln1027_1' <Predicate = (!icmp_ln1027)> <Delay = 2.13> <CoreInst = "Cmp">   --->   Core 9 'Cmp' <Latency = 0> <II = 1> <Delay = 2.13> <FuncUnit> <Opcode : 'icmp'> <InPorts = 2> <OutPorts = 1>
ST_2 : Operation 46 [1/1] (0.81ns)   --->   "%select_ln297_2 = select i1 %icmp_ln298_1, i1 %icmp_ln298_read, i1 %icmp_ln1027_1" [../../ip/ip2/channel_shuffle.cpp:297]   --->   Operation 46 'select' 'select_ln297_2' <Predicate = (!icmp_ln1027)> <Delay = 0.81> <CoreInst = "Sel">   --->   Core 73 'Sel' <Latency = 0> <II = 1> <Delay = 0.81> <FuncUnit> <Opcode : 'select'> <InPorts = 3> <OutPorts = 1>
ST_2 : Operation 47 [1/1] (0.00ns) (grouped into LUT with out node or_ln1027)   --->   "%or_ln297_1 = or i1 %icmp_ln298_1, i1 %first_iter_028" [../../ip/ip2/channel_shuffle.cpp:297]   --->   Operation 47 'or' 'or_ln297_1' <Predicate = (!icmp_ln1027)> <Delay = 0.00> <CoreInst = "LogicGate">   --->   Core 74 'LogicGate' <Latency = 0> <II = 1> <Delay = 0.80> <FuncUnit> <Opcode : 'and' 'or' 'xor'> <InPorts = 2> <OutPorts = 1>
ST_2 : Operation 48 [1/1] (0.80ns) (out node of the LUT)   --->   "%or_ln1027 = or i1 %or_ln297_1, i1 %select_ln297_2"   --->   Operation 48 'or' 'or_ln1027' <Predicate = (!icmp_ln1027)> <Delay = 0.80> <CoreInst = "LogicGate">   --->   Core 74 'LogicGate' <Latency = 0> <II = 1> <Delay = 0.80> <FuncUnit> <Opcode : 'and' 'or' 'xor'> <InPorts = 2> <OutPorts = 1>
ST_2 : Operation 49 [1/1] (0.00ns) (grouped into LUT with out node and_ln298)   --->   "%xor_ln298 = xor i1 %select_ln297_2, i1 1" [../../ip/ip2/channel_shuffle.cpp:298]   --->   Operation 49 'xor' 'xor_ln298' <Predicate = (!icmp_ln1027)> <Delay = 0.00> <CoreInst = "LogicGate">   --->   Core 74 'LogicGate' <Latency = 0> <II = 1> <Delay = 0.80> <FuncUnit> <Opcode : 'and' 'or' 'xor'> <InPorts = 2> <OutPorts = 1>
ST_2 : Operation 50 [1/1] (0.80ns) (out node of the LUT)   --->   "%and_ln298 = and i1 %or_ln297, i1 %xor_ln298" [../../ip/ip2/channel_shuffle.cpp:298]   --->   Operation 50 'and' 'and_ln298' <Predicate = (!icmp_ln1027)> <Delay = 0.80> <CoreInst = "LogicGate">   --->   Core 74 'LogicGate' <Latency = 0> <II = 1> <Delay = 0.80> <FuncUnit> <Opcode : 'and' 'or' 'xor'> <InPorts = 2> <OutPorts = 1>
ST_2 : Operation 51 [1/1] (0.00ns)   --->   "%br_ln299 = br i1 %or_ln1027, void %for.inc381.split, void %new.body.VITIS_LOOP_299_15" [../../ip/ip2/channel_shuffle.cpp:299]   --->   Operation 51 'br' 'br_ln299' <Predicate = (!icmp_ln1027)> <Delay = 0.00>
ST_2 : Operation 52 [1/1] (0.00ns)   --->   "%br_ln298 = br i1 %and_ln298, void %for.first.iter.for.inc381, void %for.first.iter.VITIS_LOOP_299_15" [../../ip/ip2/channel_shuffle.cpp:298]   --->   Operation 52 'br' 'br_ln298' <Predicate = (!icmp_ln1027 & or_ln1027)> <Delay = 0.00>
ST_2 : Operation 53 [1/1] (0.00ns)   --->   "%br_ln299 = br void %for.inc381.split" [../../ip/ip2/channel_shuffle.cpp:299]   --->   Operation 53 'br' 'br_ln299' <Predicate = (!icmp_ln1027 & or_ln1027)> <Delay = 0.00>
ST_2 : Operation 54 [1/1] (1.54ns)   --->   "%add_ln840_1 = add i16 %w_V_1, i16 1"   --->   Operation 54 'add' 'add_ln840_1' <Predicate = (!icmp_ln1027)> <Delay = 1.54> <CoreInst = "Adder">   --->   Core 1 'Adder' <Latency = 0> <II = 1> <Delay = 1.54> <FuncUnit> <Opcode : 'add' 'sub'> <InPorts = 2> <OutPorts = 1>
ST_2 : Operation 55 [1/1] (0.00ns) (grouped into LUT with out node w_V_2)   --->   "%or_ln840 = or i1 %select_ln297_2, i1 %icmp_ln298_1"   --->   Operation 55 'or' 'or_ln840' <Predicate = (!icmp_ln1027)> <Delay = 0.00> <CoreInst = "LogicGate">   --->   Core 74 'LogicGate' <Latency = 0> <II = 1> <Delay = 0.80> <FuncUnit> <Opcode : 'and' 'or' 'xor'> <InPorts = 2> <OutPorts = 1>
ST_2 : Operation 56 [1/1] (0.80ns) (out node of the LUT)   --->   "%w_V_2 = select i1 %or_ln840, i16 1, i16 %add_ln840_1"   --->   Operation 56 'select' 'w_V_2' <Predicate = (!icmp_ln1027)> <Delay = 0.80> <CoreInst = "Sel">   --->   Core 73 'Sel' <Latency = 0> <II = 1> <Delay = 0.62> <FuncUnit> <Opcode : 'select'> <InPorts = 3> <OutPorts = 1>
ST_2 : Operation 57 [1/1] (2.13ns)   --->   "%icmp_ln1027_2 = icmp_eq  i16 %w_V_2, i16 %h_w_read"   --->   Operation 57 'icmp' 'icmp_ln1027_2' <Predicate = (!icmp_ln1027)> <Delay = 2.13> <CoreInst = "Cmp">   --->   Core 9 'Cmp' <Latency = 0> <II = 1> <Delay = 2.13> <FuncUnit> <Opcode : 'icmp'> <InPorts = 2> <OutPorts = 1>
ST_2 : Operation 58 [1/1] (0.00ns)   --->   "%br_ln299 = br i1 %icmp_ln1027_2, void %new.latch.for.inc381.split, void %last.iter.for.inc381.split" [../../ip/ip2/channel_shuffle.cpp:299]   --->   Operation 58 'br' 'br_ln299' <Predicate = (!icmp_ln1027)> <Delay = 0.00>
ST_2 : Operation 59 [1/1] (0.00ns)   --->   "%br_ln299 = br void %new.latch.for.inc381.split" [../../ip/ip2/channel_shuffle.cpp:299]   --->   Operation 59 'br' 'br_ln299' <Predicate = (!icmp_ln1027 & icmp_ln1027_2)> <Delay = 0.00>
ST_2 : Operation 60 [1/1] (1.89ns)   --->   "%add_ln298_2 = add i32 %indvar_flatten65_load, i32 1" [../../ip/ip2/channel_shuffle.cpp:298]   --->   Operation 60 'add' 'add_ln298_2' <Predicate = (!icmp_ln1027)> <Delay = 1.89> <CoreInst = "Adder">   --->   Core 1 'Adder' <Latency = 0> <II = 1> <Delay = 1.89> <FuncUnit> <Opcode : 'add' 'sub'> <InPorts = 2> <OutPorts = 1>
ST_2 : Operation 61 [1/1] (0.70ns)   --->   "%select_ln298_1 = select i1 %icmp_ln298_1, i32 1, i32 %add_ln298_2" [../../ip/ip2/channel_shuffle.cpp:298]   --->   Operation 61 'select' 'select_ln298_1' <Predicate = (!icmp_ln1027)> <Delay = 0.70> <CoreInst = "Sel">   --->   Core 73 'Sel' <Latency = 0> <II = 1> <Delay = 0.70> <FuncUnit> <Opcode : 'select'> <InPorts = 3> <OutPorts = 1>
ST_2 : Operation 62 [1/1] (1.29ns)   --->   "%store_ln299 = store i47 %add_ln1027, i47 %indvar_flatten85" [../../ip/ip2/channel_shuffle.cpp:299]   --->   Operation 62 'store' 'store_ln299' <Predicate = (!icmp_ln1027)> <Delay = 1.29>
ST_2 : Operation 63 [1/1] (1.29ns)   --->   "%store_ln299 = store i15 %select_ln297_1, i15 %c_V" [../../ip/ip2/channel_shuffle.cpp:299]   --->   Operation 63 'store' 'store_ln299' <Predicate = (!icmp_ln1027)> <Delay = 1.29>
ST_2 : Operation 64 [1/1] (1.29ns)   --->   "%store_ln299 = store i32 %select_ln298_1, i32 %indvar_flatten65" [../../ip/ip2/channel_shuffle.cpp:299]   --->   Operation 64 'store' 'store_ln299' <Predicate = (!icmp_ln1027)> <Delay = 1.29>
ST_2 : Operation 65 [1/1] (1.29ns)   --->   "%store_ln299 = store i16 %w_V_2, i16 %w_V" [../../ip/ip2/channel_shuffle.cpp:299]   --->   Operation 65 'store' 'store_ln299' <Predicate = (!icmp_ln1027)> <Delay = 1.29>
ST_2 : Operation 66 [1/1] (0.00ns)   --->   "%br_ln299 = br void %for.inc381" [../../ip/ip2/channel_shuffle.cpp:299]   --->   Operation 66 'br' 'br_ln299' <Predicate = (!icmp_ln1027)> <Delay = 0.00>

State 3 <SV = 2> <Delay = 7.05>
ST_3 : Operation 67 [1/1] (0.00ns)   --->   "%indvar186_load = load i16 %indvar186" [../../ip/ip2/channel_shuffle.cpp:297]   --->   Operation 67 'load' 'indvar186_load' <Predicate = (!icmp_ln1027 & !icmp_ln298_1)> <Delay = 0.00>
ST_3 : Operation 68 [1/1] (0.62ns)   --->   "%select_ln297 = select i1 %icmp_ln298_1, i16 0, i16 %indvar186_load" [../../ip/ip2/channel_shuffle.cpp:297]   --->   Operation 68 'select' 'select_ln297' <Predicate = (!icmp_ln1027)> <Delay = 0.62> <CoreInst = "Sel">   --->   Core 73 'Sel' <Latency = 0> <II = 1> <Delay = 0.62> <FuncUnit> <Opcode : 'select'> <InPorts = 3> <OutPorts = 1>
ST_3 : Operation 69 [1/1] (0.00ns)   --->   "%zext_ln297 = zext i15 %select_ln297_1" [../../ip/ip2/channel_shuffle.cpp:297]   --->   Operation 69 'zext' 'zext_ln297' <Predicate = (!icmp_ln1027)> <Delay = 0.00>
ST_3 : Operation 70 [1/1] (7.05ns)   --->   "%mul_ln297 = mul i32 %zext_ln297, i32 %ret_V_9_read" [../../ip/ip2/channel_shuffle.cpp:297]   --->   Operation 70 'mul' 'mul_ln297' <Predicate = (!icmp_ln1027)> <Delay = 7.05> <CoreInst = "Multiplier">   --->   Core 3 'Multiplier' <Latency = 0> <II = 1> <Delay = 7.05> <FuncUnit> <Opcode : 'mul'> <InPorts = 2> <OutPorts = 1>
ST_3 : Operation 71 [1/1] (1.54ns)   --->   "%add_ln298 = add i16 %select_ln297, i16 1" [../../ip/ip2/channel_shuffle.cpp:298]   --->   Operation 71 'add' 'add_ln298' <Predicate = (!icmp_ln1027 & select_ln297_2)> <Delay = 1.54> <CoreInst = "Adder">   --->   Core 1 'Adder' <Latency = 0> <II = 1> <Delay = 1.54> <FuncUnit> <Opcode : 'add' 'sub'> <InPorts = 2> <OutPorts = 1>
ST_3 : Operation 72 [1/1] (0.62ns)   --->   "%select_ln298 = select i1 %select_ln297_2, i16 %add_ln298, i16 %select_ln297" [../../ip/ip2/channel_shuffle.cpp:298]   --->   Operation 72 'select' 'select_ln298' <Predicate = (!icmp_ln1027)> <Delay = 0.62> <CoreInst = "Sel">   --->   Core 73 'Sel' <Latency = 0> <II = 1> <Delay = 0.62> <FuncUnit> <Opcode : 'select'> <InPorts = 3> <OutPorts = 1>
ST_3 : Operation 73 [1/1] (1.54ns)   --->   "%add_ln298_1 = add i16 %select_ln298, i16 1" [../../ip/ip2/channel_shuffle.cpp:298]   --->   Operation 73 'add' 'add_ln298_1' <Predicate = (icmp_ln1027_2)> <Delay = 1.54> <CoreInst = "Adder">   --->   Core 1 'Adder' <Latency = 0> <II = 1> <Delay = 1.54> <FuncUnit> <Opcode : 'add' 'sub'> <InPorts = 2> <OutPorts = 1>
ST_3 : Operation 74 [1/1] (2.13ns)   --->   "%icmp_ln298_2 = icmp_eq  i16 %add_ln298_1, i16 %h_w_read" [../../ip/ip2/channel_shuffle.cpp:298]   --->   Operation 74 'icmp' 'icmp_ln298_2' <Predicate = (icmp_ln1027_2)> <Delay = 2.13> <CoreInst = "Cmp">   --->   Core 9 'Cmp' <Latency = 0> <II = 1> <Delay = 2.13> <FuncUnit> <Opcode : 'icmp'> <InPorts = 2> <OutPorts = 1>
ST_3 : Operation 75 [1/1] (0.00ns)   --->   "%br_ln299 = br i1 %icmp_ln298_2, void %new.latch.for.inc384, void %last.iter.for.inc384" [../../ip/ip2/channel_shuffle.cpp:299]   --->   Operation 75 'br' 'br_ln299' <Predicate = (icmp_ln1027_2)> <Delay = 0.00>
ST_3 : Operation 76 [1/1] (1.29ns)   --->   "%store_ln299 = store i16 %select_ln298, i16 %indvar186" [../../ip/ip2/channel_shuffle.cpp:299]   --->   Operation 76 'store' 'store_ln299' <Predicate = (!icmp_ln1027)> <Delay = 1.29>

State 4 <SV = 3> <Delay = 2.69>
ST_4 : Operation 77 [1/1] (0.00ns)   --->   "%specloopname_ln0 = specloopname void @_ssdm_op_SpecLoopName, void @VITIS_LOOP_297_13_VITIS_LOOP_298_14_VITIS_LOOP_299_15_str"   --->   Operation 77 'specloopname' 'specloopname_ln0' <Predicate = (!icmp_ln1027)> <Delay = 0.00>
ST_4 : Operation 78 [1/1] (0.00ns)   --->   "%zext_ln297_1 = zext i32 %mul_ln297" [../../ip/ip2/channel_shuffle.cpp:297]   --->   Operation 78 'zext' 'zext_ln297_1' <Predicate = (!icmp_ln1027)> <Delay = 0.00>
ST_4 : Operation 79 [1/1] (2.69ns)   --->   "%add_ln297 = add i64 %zext_ln297_1, i64 %out_r_read" [../../ip/ip2/channel_shuffle.cpp:297]   --->   Operation 79 'add' 'add_ln297' <Predicate = (!icmp_ln1027)> <Delay = 2.69> <CoreInst = "Adder">   --->   Core 1 'Adder' <Latency = 0> <II = 1> <Delay = 2.69> <FuncUnit> <Opcode : 'add' 'sub'> <InPorts = 2> <OutPorts = 1>
ST_4 : Operation 80 [1/1] (0.00ns)   --->   "%specloopname_ln0 = specloopname void @_ssdm_op_SpecLoopName, void @VITIS_LOOP_298_14_VITIS_LOOP_299_15_str"   --->   Operation 80 'specloopname' 'specloopname_ln0' <Predicate = (!icmp_ln1027)> <Delay = 0.00>
ST_4 : Operation 81 [1/1] (0.00ns)   --->   "%gmem_out_addr = getelementptr i8 %gmem_out, i64 %add_ln297" [../../ip/ip2/channel_shuffle.cpp:298]   --->   Operation 81 'getelementptr' 'gmem_out_addr' <Predicate = (or_ln1027 & and_ln298)> <Delay = 0.00>
ST_4 : Operation 82 [1/1] (0.00ns)   --->   "%gmem_out_addr_1 = getelementptr i8 %gmem_out, i64 %add_ln297" [../../ip/ip2/channel_shuffle.cpp:298]   --->   Operation 82 'getelementptr' 'gmem_out_addr_1' <Predicate = true> <Delay = 0.00>

State 5 <SV = 4> <Delay = 7.30>
ST_5 : Operation 83 [1/1] (7.30ns)   --->   "%empty_73 = writereq i1 @_ssdm_op_WriteReq.m_axi.p1i8, i8 %gmem_out_addr, i32 %tmp" [../../ip/ip2/channel_shuffle.cpp:298]   --->   Operation 83 'writereq' 'empty_73' <Predicate = (or_ln1027 & and_ln298)> <Delay = 7.30> <CoreInst = "m_axi">   --->   Core 113 'm_axi' <Latency = 0> <II = 1> <Delay = 1.00> <Adapter> <Opcode : 'read' 'write' 'readreq' 'writereq' 'writeresp'>
ST_5 : Operation 84 [1/1] (0.00ns)   --->   "%br_ln298 = br void %for.first.iter.for.inc381" [../../ip/ip2/channel_shuffle.cpp:298]   --->   Operation 84 'br' 'br_ln298' <Predicate = (or_ln1027 & and_ln298)> <Delay = 0.00>

State 6 <SV = 5> <Delay = 7.30>
ST_6 : Operation 85 [1/1] (0.00ns)   --->   "%specpipeline_ln300 = specpipeline void @_ssdm_op_SpecPipeline, i32 1, i32 0, i32 0, i32 0, void @empty_47" [../../ip/ip2/channel_shuffle.cpp:300]   --->   Operation 85 'specpipeline' 'specpipeline_ln300' <Predicate = true> <Delay = 0.00>
ST_6 : Operation 86 [1/1] (0.00ns)   --->   "%specloopname_ln299 = specloopname void @_ssdm_op_SpecLoopName, void @empty_40" [../../ip/ip2/channel_shuffle.cpp:299]   --->   Operation 86 'specloopname' 'specloopname_ln299' <Predicate = true> <Delay = 0.00>
ST_6 : Operation 87 [1/1] (7.30ns)   --->   "%write_ln302 = write void @_ssdm_op_Write.m_axi.p1i8, i8 %gmem_out_addr_1, i8 0, i1 1" [../../ip/ip2/channel_shuffle.cpp:302]   --->   Operation 87 'write' 'write_ln302' <Predicate = true> <Delay = 7.30> <CoreInst = "m_axi">   --->   Core 113 'm_axi' <Latency = 0> <II = 1> <Delay = 1.00> <Adapter> <Opcode : 'read' 'write' 'readreq' 'writereq' 'writeresp'>

State 7 <SV = 6> <Delay = 7.30>
ST_7 : Operation 88 [5/5] (7.30ns)   --->   "%empty_72 = writeresp i1 @_ssdm_op_WriteResp.m_axi.p1i8, i8 %gmem_out_addr_1"   --->   Operation 88 'writeresp' 'empty_72' <Predicate = (icmp_ln1027_2 & icmp_ln298_2)> <Delay = 7.30> <CoreInst = "m_axi">   --->   Core 113 'm_axi' <Latency = 0> <II = 1> <Delay = 1.00> <Adapter> <Opcode : 'read' 'write' 'readreq' 'writereq' 'writeresp'>

State 8 <SV = 7> <Delay = 7.30>
ST_8 : Operation 89 [4/5] (7.30ns)   --->   "%empty_72 = writeresp i1 @_ssdm_op_WriteResp.m_axi.p1i8, i8 %gmem_out_addr_1"   --->   Operation 89 'writeresp' 'empty_72' <Predicate = (icmp_ln1027_2 & icmp_ln298_2)> <Delay = 7.30> <CoreInst = "m_axi">   --->   Core 113 'm_axi' <Latency = 0> <II = 1> <Delay = 1.00> <Adapter> <Opcode : 'read' 'write' 'readreq' 'writereq' 'writeresp'>

State 9 <SV = 8> <Delay = 7.30>
ST_9 : Operation 90 [3/5] (7.30ns)   --->   "%empty_72 = writeresp i1 @_ssdm_op_WriteResp.m_axi.p1i8, i8 %gmem_out_addr_1"   --->   Operation 90 'writeresp' 'empty_72' <Predicate = (icmp_ln1027_2 & icmp_ln298_2)> <Delay = 7.30> <CoreInst = "m_axi">   --->   Core 113 'm_axi' <Latency = 0> <II = 1> <Delay = 1.00> <Adapter> <Opcode : 'read' 'write' 'readreq' 'writereq' 'writeresp'>

State 10 <SV = 9> <Delay = 7.30>
ST_10 : Operation 91 [2/5] (7.30ns)   --->   "%empty_72 = writeresp i1 @_ssdm_op_WriteResp.m_axi.p1i8, i8 %gmem_out_addr_1"   --->   Operation 91 'writeresp' 'empty_72' <Predicate = (icmp_ln1027_2 & icmp_ln298_2)> <Delay = 7.30> <CoreInst = "m_axi">   --->   Core 113 'm_axi' <Latency = 0> <II = 1> <Delay = 1.00> <Adapter> <Opcode : 'read' 'write' 'readreq' 'writereq' 'writeresp'>
ST_10 : Operation 94 [1/1] (0.00ns)   --->   "%ret_ln0 = ret"   --->   Operation 94 'ret' 'ret_ln0' <Predicate = (icmp_ln1027)> <Delay = 0.00>

State 11 <SV = 10> <Delay = 7.30>
ST_11 : Operation 92 [1/5] (7.30ns)   --->   "%empty_72 = writeresp i1 @_ssdm_op_WriteResp.m_axi.p1i8, i8 %gmem_out_addr_1"   --->   Operation 92 'writeresp' 'empty_72' <Predicate = (icmp_ln1027_2 & icmp_ln298_2)> <Delay = 7.30> <CoreInst = "m_axi">   --->   Core 113 'm_axi' <Latency = 0> <II = 1> <Delay = 1.00> <Adapter> <Opcode : 'read' 'write' 'readreq' 'writereq' 'writeresp'>
ST_11 : Operation 93 [1/1] (0.00ns)   --->   "%br_ln299 = br void %new.latch.for.inc384" [../../ip/ip2/channel_shuffle.cpp:299]   --->   Operation 93 'br' 'br_ln299' <Predicate = (icmp_ln1027_2 & icmp_ln298_2)> <Delay = 0.00>


============================================================
+ Verbose Summary: Binding
============================================================
STG Binding: 
---------------- STG Properties BEGIN ----------------
- Is combinational: 0
- Is one-state seq: 0
- Is datapath-only: 0
- Is pipelined: 0
- Is top level: 0
Port [ Return ] is wired: 1; IO mode=ap_ctrl_hs:ce=0
Port [ gmem_out]:  wired=1; compound=1; hidden=0; nouse=0; global=0; static=0; extern=0; dir=1; type=4; pingpong=0; private_global=0; IO mode=m_axi:ce=0
Port [ bound73]:  wired=1; compound=0; hidden=0; nouse=0; global=0; static=0; extern=0; dir=0; type=0; pingpong=0; private_global=0; IO mode=ap_none:ce=0
Port [ h_w]:  wired=1; compound=0; hidden=0; nouse=0; global=0; static=0; extern=0; dir=0; type=0; pingpong=0; private_global=0; IO mode=ap_none:ce=0
Port [ empty]:  wired=1; compound=0; hidden=0; nouse=0; global=0; static=0; extern=0; dir=0; type=0; pingpong=0; private_global=0; IO mode=ap_none:ce=0
Port [ ret_V_9]:  wired=1; compound=0; hidden=0; nouse=0; global=0; static=0; extern=0; dir=0; type=0; pingpong=0; private_global=0; IO mode=ap_none:ce=0
Port [ out_r]:  wired=1; compound=0; hidden=0; nouse=0; global=0; static=0; extern=0; dir=0; type=0; pingpong=0; private_global=0; IO mode=ap_none:ce=0
Port [ icmp_ln298]:  wired=1; compound=0; hidden=0; nouse=0; global=0; static=0; extern=0; dir=0; type=0; pingpong=0; private_global=0; IO mode=ap_none:ce=0
---------------- STG Properties END ------------------

---------------- Datapath Model BEGIN ----------------

<LifeTime>
<method=bitvector/>
w_V                   (alloca       ) [ 011000000000]
indvar186             (alloca       ) [ 011100000000]
indvar_flatten65      (alloca       ) [ 011000000000]
c_V                   (alloca       ) [ 011000000000]
indvar_flatten85      (alloca       ) [ 011000000000]
specinterface_ln0     (specinterface) [ 000000000000]
icmp_ln298_read       (read         ) [ 011000000000]
out_r_read            (read         ) [ 011110000000]
ret_V_9_read          (read         ) [ 011100000000]
tmp                   (read         ) [ 011111000000]
h_w_read              (read         ) [ 011100000000]
bound73_read          (read         ) [ 011000000000]
store_ln0             (store        ) [ 000000000000]
store_ln0             (store        ) [ 000000000000]
store_ln0             (store        ) [ 000000000000]
store_ln0             (store        ) [ 000000000000]
store_ln0             (store        ) [ 000000000000]
br_ln0                (br           ) [ 011000000000]
first_iter_0          (phi          ) [ 011000000000]
first_iter_028        (phi          ) [ 011000000000]
w_V_1                 (load         ) [ 000000000000]
indvar_flatten65_load (load         ) [ 000000000000]
indvar_flatten85_load (load         ) [ 000000000000]
specbitsmap_ln0       (specbitsmap  ) [ 000000000000]
icmp_ln1027           (icmp         ) [ 011111111111]
add_ln1027            (add          ) [ 000000000000]
br_ln1027             (br           ) [ 000000000000]
c_V_load              (load         ) [ 000000000000]
icmp_ln298_1          (icmp         ) [ 010100000000]
or_ln297              (or           ) [ 000000000000]
add_ln840             (add          ) [ 000000000000]
select_ln297_1        (select       ) [ 010100000000]
icmp_ln1027_1         (icmp         ) [ 000000000000]
select_ln297_2        (select       ) [ 010100000000]
or_ln297_1            (or           ) [ 000000000000]
or_ln1027             (or           ) [ 011111000000]
xor_ln298             (xor          ) [ 000000000000]
and_ln298             (and          ) [ 011111000000]
br_ln299              (br           ) [ 000000000000]
br_ln298              (br           ) [ 000000000000]
br_ln299              (br           ) [ 000000000000]
add_ln840_1           (add          ) [ 000000000000]
or_ln840              (or           ) [ 000000000000]
w_V_2                 (select       ) [ 000000000000]
icmp_ln1027_2         (icmp         ) [ 011111111111]
br_ln299              (br           ) [ 000000000000]
br_ln299              (br           ) [ 000000000000]
add_ln298_2           (add          ) [ 000000000000]
select_ln298_1        (select       ) [ 000000000000]
store_ln299           (store        ) [ 000000000000]
store_ln299           (store        ) [ 000000000000]
store_ln299           (store        ) [ 000000000000]
store_ln299           (store        ) [ 000000000000]
br_ln299              (br           ) [ 011000000000]
indvar186_load        (load         ) [ 000000000000]
select_ln297          (select       ) [ 000000000000]
zext_ln297            (zext         ) [ 000000000000]
mul_ln297             (mul          ) [ 010010000000]
add_ln298             (add          ) [ 000000000000]
select_ln298          (select       ) [ 000000000000]
add_ln298_1           (add          ) [ 000000000000]
icmp_ln298_2          (icmp         ) [ 010011111111]
br_ln299              (br           ) [ 000000000000]
store_ln299           (store        ) [ 000000000000]
specloopname_ln0      (specloopname ) [ 000000000000]
zext_ln297_1          (zext         ) [ 000000000000]
add_ln297             (add          ) [ 000000000000]
specloopname_ln0      (specloopname ) [ 000000000000]
gmem_out_addr         (getelementptr) [ 010001000000]
gmem_out_addr_1       (getelementptr) [ 010001111111]
empty_73              (writereq     ) [ 000000000000]
br_ln298              (br           ) [ 000000000000]
specpipeline_ln300    (specpipeline ) [ 000000000000]
specloopname_ln299    (specloopname ) [ 000000000000]
write_ln302           (write        ) [ 000000000000]
empty_72              (writeresp    ) [ 000000000000]
br_ln299              (br           ) [ 000000000000]
ret_ln0               (ret          ) [ 000000000000]
</LifeTime>

<model>

<comp_list>
<comp id="0" class="1000" name="gmem_out">
<pin_list>
<pin id="1" dir="1" index="0" bw="1" slack="0"/>
</pin_list>
<bind>
<StgValue><ssdm name="gmem_out"/></StgValue>
</bind>
</comp>

<comp id="2" class="1000" name="bound73">
<pin_list>
<pin id="3" dir="1" index="0" bw="1" slack="0"/>
</pin_list>
<bind>
<StgValue><ssdm name="bound73"/></StgValue>
</bind>
</comp>

<comp id="4" class="1000" name="h_w">
<pin_list>
<pin id="5" dir="1" index="0" bw="1" slack="0"/>
</pin_list>
<bind>
<StgValue><ssdm name="h_w"/></StgValue>
</bind>
</comp>

<comp id="6" class="1000" name="empty">
<pin_list>
<pin id="7" dir="1" index="0" bw="1" slack="0"/>
</pin_list>
<bind>
<StgValue><ssdm name="empty"/></StgValue>
</bind>
</comp>

<comp id="8" class="1000" name="ret_V_9">
<pin_list>
<pin id="9" dir="1" index="0" bw="1" slack="0"/>
</pin_list>
<bind>
<StgValue><ssdm name="ret_V_9"/></StgValue>
</bind>
</comp>

<comp id="10" class="1000" name="out_r">
<pin_list>
<pin id="11" dir="1" index="0" bw="1" slack="0"/>
</pin_list>
<bind>
<StgValue><ssdm name="out_r"/></StgValue>
</bind>
</comp>

<comp id="12" class="1000" name="icmp_ln298">
<pin_list>
<pin id="13" dir="1" index="0" bw="1" slack="0"/>
</pin_list>
<bind>
<StgValue><ssdm name="icmp_ln298"/></StgValue>
</bind>
</comp>

<comp id="14" class="1001" name="const_14">
<pin_list>
<pin id="15" dir="1" index="0" bw="1" slack="0"/>
</pin_list>
<bind>
<StgValue><ssdm name=""/></StgValue>
</bind>
</comp>

<comp id="16" class="1001" name="const_16">
<pin_list>
<pin id="17" dir="1" index="0" bw="1" slack="2147483647"/>
</pin_list>
<bind>
<StgValue><ssdm name="_ssdm_op_SpecInterface"/></StgValue>
</bind>
</comp>

<comp id="18" class="1001" name="const_18">
<pin_list>
<pin id="19" dir="1" index="0" bw="1" slack="2147483647"/>
</pin_list>
<bind>
<StgValue><ssdm name="empty_46"/></StgValue>
</bind>
</comp>

<comp id="20" class="1001" name="const_20">
<pin_list>
<pin id="21" dir="1" index="0" bw="1" slack="0"/>
</pin_list>
<bind>
<StgValue><ssdm name=""/></StgValue>
</bind>
</comp>

<comp id="22" class="1001" name="const_22">
<pin_list>
<pin id="23" dir="1" index="0" bw="1" slack="2147483647"/>
</pin_list>
<bind>
<StgValue><ssdm name="empty_47"/></StgValue>
</bind>
</comp>

<comp id="24" class="1001" name="const_24">
<pin_list>
<pin id="25" dir="1" index="0" bw="1" slack="2147483647"/>
</pin_list>
<bind>
<StgValue><ssdm name=""/></StgValue>
</bind>
</comp>

<comp id="26" class="1001" name="const_26">
<pin_list>
<pin id="27" dir="1" index="0" bw="1" slack="2147483647"/>
</pin_list>
<bind>
<StgValue><ssdm name="empty"/></StgValue>
</bind>
</comp>

<comp id="28" class="1001" name="const_28">
<pin_list>
<pin id="29" dir="1" index="0" bw="1" slack="2147483647"/>
</pin_list>
<bind>
<StgValue><ssdm name="empty_50"/></StgValue>
</bind>
</comp>

<comp id="30" class="1001" name="const_30">
<pin_list>
<pin id="31" dir="1" index="0" bw="1" slack="2147483647"/>
</pin_list>
<bind>
<StgValue><ssdm name=""/></StgValue>
</bind>
</comp>

<comp id="32" class="1001" name="const_32">
<pin_list>
<pin id="33" dir="1" index="0" bw="1" slack="2147483647"/>
</pin_list>
<bind>
<StgValue><ssdm name=""/></StgValue>
</bind>
</comp>

<comp id="34" class="1001" name="const_34">
<pin_list>
<pin id="35" dir="1" index="0" bw="1" slack="0"/>
</pin_list>
<bind>
<StgValue><ssdm name="_ssdm_op_Read.ap_auto.i1"/></StgValue>
</bind>
</comp>

<comp id="36" class="1001" name="const_36">
<pin_list>
<pin id="37" dir="1" index="0" bw="1" slack="0"/>
</pin_list>
<bind>
<StgValue><ssdm name="_ssdm_op_Read.ap_auto.i64"/></StgValue>
</bind>
</comp>

<comp id="38" class="1001" name="const_38">
<pin_list>
<pin id="39" dir="1" index="0" bw="1" slack="0"/>
</pin_list>
<bind>
<StgValue><ssdm name="_ssdm_op_Read.ap_auto.i32"/></StgValue>
</bind>
</comp>

<comp id="40" class="1001" name="const_40">
<pin_list>
<pin id="41" dir="1" index="0" bw="1" slack="0"/>
</pin_list>
<bind>
<StgValue><ssdm name="_ssdm_op_Read.ap_auto.i16"/></StgValue>
</bind>
</comp>

<comp id="42" class="1001" name="const_42">
<pin_list>
<pin id="43" dir="1" index="0" bw="1" slack="0"/>
</pin_list>
<bind>
<StgValue><ssdm name="_ssdm_op_Read.ap_auto.i47"/></StgValue>
</bind>
</comp>

<comp id="44" class="1001" name="const_44">
<pin_list>
<pin id="45" dir="1" index="0" bw="1" slack="0"/>
</pin_list>
<bind>
<StgValue><ssdm name=""/></StgValue>
</bind>
</comp>

<comp id="46" class="1001" name="const_46">
<pin_list>
<pin id="47" dir="1" index="0" bw="1" slack="0"/>
</pin_list>
<bind>
<StgValue><ssdm name=""/></StgValue>
</bind>
</comp>

<comp id="48" class="1001" name="const_48">
<pin_list>
<pin id="49" dir="1" index="0" bw="1" slack="0"/>
</pin_list>
<bind>
<StgValue><ssdm name=""/></StgValue>
</bind>
</comp>

<comp id="50" class="1001" name="const_50">
<pin_list>
<pin id="51" dir="1" index="0" bw="1" slack="0"/>
</pin_list>
<bind>
<StgValue><ssdm name=""/></StgValue>
</bind>
</comp>

<comp id="52" class="1001" name="const_52">
<pin_list>
<pin id="53" dir="1" index="0" bw="1" slack="0"/>
</pin_list>
<bind>
<StgValue><ssdm name=""/></StgValue>
</bind>
</comp>

<comp id="54" class="1001" name="const_54">
<pin_list>
<pin id="55" dir="1" index="0" bw="1" slack="2147483647"/>
</pin_list>
<bind>
<StgValue><ssdm name="_ssdm_op_SpecBitsMap"/></StgValue>
</bind>
</comp>

<comp id="56" class="1001" name="const_56">
<pin_list>
<pin id="57" dir="1" index="0" bw="1" slack="0"/>
</pin_list>
<bind>
<StgValue><ssdm name=""/></StgValue>
</bind>
</comp>

<comp id="58" class="1001" name="const_58">
<pin_list>
<pin id="59" dir="1" index="0" bw="1" slack="0"/>
</pin_list>
<bind>
<StgValue><ssdm name=""/></StgValue>
</bind>
</comp>

<comp id="60" class="1001" name="const_60">
<pin_list>
<pin id="61" dir="1" index="0" bw="1" slack="0"/>
</pin_list>
<bind>
<StgValue><ssdm name=""/></StgValue>
</bind>
</comp>

<comp id="62" class="1001" name="const_62">
<pin_list>
<pin id="63" dir="1" index="0" bw="1" slack="2147483647"/>
</pin_list>
<bind>
<StgValue><ssdm name="_ssdm_op_SpecLoopName"/></StgValue>
</bind>
</comp>

<comp id="64" class="1001" name="const_64">
<pin_list>
<pin id="65" dir="1" index="0" bw="1" slack="2147483647"/>
</pin_list>
<bind>
<StgValue><ssdm name="VITIS_LOOP_297_13_VITIS_LOOP_298_14_VITIS_LOOP_299_15_str"/></StgValue>
</bind>
</comp>

<comp id="66" class="1001" name="const_66">
<pin_list>
<pin id="67" dir="1" index="0" bw="1" slack="2147483647"/>
</pin_list>
<bind>
<StgValue><ssdm name="VITIS_LOOP_298_14_VITIS_LOOP_299_15_str"/></StgValue>
</bind>
</comp>

<comp id="68" class="1001" name="const_68">
<pin_list>
<pin id="69" dir="1" index="0" bw="1" slack="0"/>
</pin_list>
<bind>
<StgValue><ssdm name="_ssdm_op_WriteReq.m_axi.p1i8"/></StgValue>
</bind>
</comp>

<comp id="70" class="1001" name="const_70">
<pin_list>
<pin id="71" dir="1" index="0" bw="1" slack="2147483647"/>
</pin_list>
<bind>
<StgValue><ssdm name="_ssdm_op_SpecPipeline"/></StgValue>
</bind>
</comp>

<comp id="72" class="1001" name="const_72">
<pin_list>
<pin id="73" dir="1" index="0" bw="1" slack="2147483647"/>
</pin_list>
<bind>
<StgValue><ssdm name="empty_40"/></StgValue>
</bind>
</comp>

<comp id="74" class="1001" name="const_74">
<pin_list>
<pin id="75" dir="1" index="0" bw="1" slack="0"/>
</pin_list>
<bind>
<StgValue><ssdm name="_ssdm_op_Write.m_axi.p1i8"/></StgValue>
</bind>
</comp>

<comp id="76" class="1001" name="const_76">
<pin_list>
<pin id="77" dir="1" index="0" bw="1" slack="0"/>
</pin_list>
<bind>
<StgValue><ssdm name=""/></StgValue>
</bind>
</comp>

<comp id="78" class="1001" name="const_78">
<pin_list>
<pin id="79" dir="1" index="0" bw="1" slack="0"/>
</pin_list>
<bind>
<StgValue><ssdm name="_ssdm_op_WriteResp.m_axi.p1i8"/></StgValue>
</bind>
</comp>

<comp id="80" class="1004" name="w_V_fu_80">
<pin_list>
<pin id="81" dir="0" index="0" bw="1" slack="0"/>
<pin id="82" dir="1" index="1" bw="16" slack="0"/>
</pin_list>
<bind>
<opcode="alloca(26) " fcode="alloca"/>
<opset="w_V/1 "/>
</bind>
</comp>

<comp id="84" class="1004" name="indvar186_fu_84">
<pin_list>
<pin id="85" dir="0" index="0" bw="1" slack="0"/>
<pin id="86" dir="1" index="1" bw="16" slack="0"/>
</pin_list>
<bind>
<opcode="alloca(26) " fcode="alloca"/>
<opset="indvar186/1 "/>
</bind>
</comp>

<comp id="88" class="1004" name="indvar_flatten65_fu_88">
<pin_list>
<pin id="89" dir="0" index="0" bw="1" slack="0"/>
<pin id="90" dir="1" index="1" bw="32" slack="0"/>
</pin_list>
<bind>
<opcode="alloca(26) " fcode="alloca"/>
<opset="indvar_flatten65/1 "/>
</bind>
</comp>

<comp id="92" class="1004" name="c_V_fu_92">
<pin_list>
<pin id="93" dir="0" index="0" bw="1" slack="0"/>
<pin id="94" dir="1" index="1" bw="15" slack="0"/>
</pin_list>
<bind>
<opcode="alloca(26) " fcode="alloca"/>
<opset="c_V/1 "/>
</bind>
</comp>

<comp id="96" class="1004" name="indvar_flatten85_fu_96">
<pin_list>
<pin id="97" dir="0" index="0" bw="1" slack="0"/>
<pin id="98" dir="1" index="1" bw="47" slack="0"/>
</pin_list>
<bind>
<opcode="alloca(26) " fcode="alloca"/>
<opset="indvar_flatten85/1 "/>
</bind>
</comp>

<comp id="100" class="1004" name="icmp_ln298_read_read_fu_100">
<pin_list>
<pin id="101" dir="0" index="0" bw="1" slack="0"/>
<pin id="102" dir="0" index="1" bw="1" slack="0"/>
<pin id="103" dir="1" index="2" bw="1" slack="1"/>
</pin_list>
<bind>
<opcode="read(1150) " fcode="read"/>
<opset="icmp_ln298_read/1 "/>
</bind>
</comp>

<comp id="106" class="1004" name="out_r_read_read_fu_106">
<pin_list>
<pin id="107" dir="0" index="0" bw="64" slack="0"/>
<pin id="108" dir="0" index="1" bw="64" slack="0"/>
<pin id="109" dir="1" index="2" bw="64" slack="3"/>
</pin_list>
<bind>
<opcode="read(1150) " fcode="read"/>
<opset="out_r_read/1 "/>
</bind>
</comp>

<comp id="112" class="1004" name="ret_V_9_read_read_fu_112">
<pin_list>
<pin id="113" dir="0" index="0" bw="32" slack="0"/>
<pin id="114" dir="0" index="1" bw="32" slack="0"/>
<pin id="115" dir="1" index="2" bw="32" slack="1"/>
</pin_list>
<bind>
<opcode="read(1150) " fcode="read"/>
<opset="ret_V_9_read/1 "/>
</bind>
</comp>

<comp id="118" class="1004" name="tmp_read_fu_118">
<pin_list>
<pin id="119" dir="0" index="0" bw="32" slack="0"/>
<pin id="120" dir="0" index="1" bw="32" slack="0"/>
<pin id="121" dir="1" index="2" bw="32" slack="4"/>
</pin_list>
<bind>
<opcode="read(1150) " fcode="read"/>
<opset="tmp/1 "/>
</bind>
</comp>

<comp id="124" class="1004" name="h_w_read_read_fu_124">
<pin_list>
<pin id="125" dir="0" index="0" bw="16" slack="0"/>
<pin id="126" dir="0" index="1" bw="16" slack="0"/>
<pin id="127" dir="1" index="2" bw="16" slack="1"/>
</pin_list>
<bind>
<opcode="read(1150) " fcode="read"/>
<opset="h_w_read/1 "/>
</bind>
</comp>

<comp id="130" class="1004" name="bound73_read_read_fu_130">
<pin_list>
<pin id="131" dir="0" index="0" bw="47" slack="0"/>
<pin id="132" dir="0" index="1" bw="47" slack="0"/>
<pin id="133" dir="1" index="2" bw="47" slack="1"/>
</pin_list>
<bind>
<opcode="read(1150) " fcode="read"/>
<opset="bound73_read/1 "/>
</bind>
</comp>

<comp id="136" class="1004" name="empty_73_writereq_fu_136">
<pin_list>
<pin id="137" dir="0" index="0" bw="1" slack="0"/>
<pin id="138" dir="0" index="1" bw="8" slack="1"/>
<pin id="139" dir="0" index="2" bw="32" slack="4"/>
<pin id="140" dir="1" index="3" bw="1" slack="2147483647"/>
</pin_list>
<bind>
<opcode="writereq(1155) " fcode="writereq"/>
<opset="empty_73/5 "/>
</bind>
</comp>

<comp id="142" class="1004" name="write_ln302_write_fu_142">
<pin_list>
<pin id="143" dir="0" index="0" bw="0" slack="0"/>
<pin id="144" dir="0" index="1" bw="8" slack="2"/>
<pin id="145" dir="0" index="2" bw="1" slack="0"/>
<pin id="146" dir="0" index="3" bw="1" slack="0"/>
<pin id="147" dir="1" index="4" bw="0" slack="2147483647"/>
</pin_list>
<bind>
<opcode="write(1151) " fcode="write"/>
<opset="write_ln302/6 "/>
</bind>
</comp>

<comp id="151" class="1004" name="grp_writeresp_fu_151">
<pin_list>
<pin id="152" dir="0" index="0" bw="1" slack="0"/>
<pin id="153" dir="0" index="1" bw="8" slack="3"/>
<pin id="154" dir="1" index="2" bw="1" slack="2147483647"/>
</pin_list>
<bind>
<opcode="writeresp(1158) " fcode="writeresp"/>
<opset="empty_72/7 "/>
</bind>
</comp>

<comp id="156" class="1005" name="first_iter_0_reg_156">
<pin_list>
<pin id="157" dir="0" index="0" bw="1" slack="1"/>
<pin id="158" dir="1" index="1" bw="1" slack="1"/>
</pin_list>
<bind>
<opset="first_iter_0 (phireg) "/>
</bind>
</comp>

<comp id="160" class="1004" name="first_iter_0_phi_fu_160">
<pin_list>
<pin id="161" dir="0" index="0" bw="1" slack="1"/>
<pin id="162" dir="0" index="1" bw="0" slack="2147483647"/>
<pin id="163" dir="0" index="2" bw="1" slack="0"/>
<pin id="164" dir="0" index="3" bw="0" slack="2147483647"/>
<pin id="165" dir="1" index="4" bw="1" slack="0"/>
</pin_list>
<bind>
<opcode="phi(47) " fcode="phi"/>
<opset="first_iter_0/2 "/>
</bind>
</comp>

<comp id="167" class="1005" name="first_iter_028_reg_167">
<pin_list>
<pin id="168" dir="0" index="0" bw="1" slack="1"/>
<pin id="169" dir="1" index="1" bw="1" slack="1"/>
</pin_list>
<bind>
<opset="first_iter_028 (phireg) "/>
</bind>
</comp>

<comp id="171" class="1004" name="first_iter_028_phi_fu_171">
<pin_list>
<pin id="172" dir="0" index="0" bw="1" slack="1"/>
<pin id="173" dir="0" index="1" bw="0" slack="2147483647"/>
<pin id="174" dir="0" index="2" bw="1" slack="0"/>
<pin id="175" dir="0" index="3" bw="0" slack="2147483647"/>
<pin id="176" dir="1" index="4" bw="1" slack="0"/>
</pin_list>
<bind>
<opcode="phi(47) " fcode="phi"/>
<opset="first_iter_028/2 "/>
</bind>
</comp>

<comp id="179" class="1004" name="store_ln0_store_fu_179">
<pin_list>
<pin id="180" dir="0" index="0" bw="1" slack="0"/>
<pin id="181" dir="0" index="1" bw="47" slack="0"/>
<pin id="182" dir="1" index="2" bw="0" slack="2147483647"/>
</pin_list>
<bind>
<opcode="store(28) " fcode="store"/>
<opset="store_ln0/1 "/>
</bind>
</comp>

<comp id="184" class="1004" name="store_ln0_store_fu_184">
<pin_list>
<pin id="185" dir="0" index="0" bw="1" slack="0"/>
<pin id="186" dir="0" index="1" bw="15" slack="0"/>
<pin id="187" dir="1" index="2" bw="0" slack="2147483647"/>
</pin_list>
<bind>
<opcode="store(28) " fcode="store"/>
<opset="store_ln0/1 "/>
</bind>
</comp>

<comp id="189" class="1004" name="store_ln0_store_fu_189">
<pin_list>
<pin id="190" dir="0" index="0" bw="1" slack="0"/>
<pin id="191" dir="0" index="1" bw="32" slack="0"/>
<pin id="192" dir="1" index="2" bw="0" slack="2147483647"/>
</pin_list>
<bind>
<opcode="store(28) " fcode="store"/>
<opset="store_ln0/1 "/>
</bind>
</comp>

<comp id="194" class="1004" name="store_ln0_store_fu_194">
<pin_list>
<pin id="195" dir="0" index="0" bw="1" slack="0"/>
<pin id="196" dir="0" index="1" bw="16" slack="0"/>
<pin id="197" dir="1" index="2" bw="0" slack="2147483647"/>
</pin_list>
<bind>
<opcode="store(28) " fcode="store"/>
<opset="store_ln0/1 "/>
</bind>
</comp>

<comp id="199" class="1004" name="store_ln0_store_fu_199">
<pin_list>
<pin id="200" dir="0" index="0" bw="1" slack="0"/>
<pin id="201" dir="0" index="1" bw="16" slack="0"/>
<pin id="202" dir="1" index="2" bw="0" slack="2147483647"/>
</pin_list>
<bind>
<opcode="store(28) " fcode="store"/>
<opset="store_ln0/1 "/>
</bind>
</comp>

<comp id="204" class="1004" name="w_V_1_load_fu_204">
<pin_list>
<pin id="205" dir="0" index="0" bw="16" slack="1"/>
<pin id="206" dir="1" index="1" bw="16" slack="0"/>
</pin_list>
<bind>
<opcode="load(27) " fcode="load"/>
<opset="w_V_1/2 "/>
</bind>
</comp>

<comp id="207" class="1004" name="indvar_flatten65_load_load_fu_207">
<pin_list>
<pin id="208" dir="0" index="0" bw="32" slack="1"/>
<pin id="209" dir="1" index="1" bw="32" slack="0"/>
</pin_list>
<bind>
<opcode="load(27) " fcode="load"/>
<opset="indvar_flatten65_load/2 "/>
</bind>
</comp>

<comp id="210" class="1004" name="indvar_flatten85_load_load_fu_210">
<pin_list>
<pin id="211" dir="0" index="0" bw="47" slack="1"/>
<pin id="212" dir="1" index="1" bw="47" slack="0"/>
</pin_list>
<bind>
<opcode="load(27) " fcode="load"/>
<opset="indvar_flatten85_load/2 "/>
</bind>
</comp>

<comp id="213" class="1004" name="icmp_ln1027_fu_213">
<pin_list>
<pin id="214" dir="0" index="0" bw="47" slack="0"/>
<pin id="215" dir="0" index="1" bw="47" slack="1"/>
<pin id="216" dir="1" index="2" bw="1" slack="1"/>
</pin_list>
<bind>
<opcode="icmp(45) " fcode="icmp"/>
<opset="icmp_ln1027/2 "/>
</bind>
</comp>

<comp id="218" class="1004" name="add_ln1027_fu_218">
<pin_list>
<pin id="219" dir="0" index="0" bw="47" slack="0"/>
<pin id="220" dir="0" index="1" bw="1" slack="0"/>
<pin id="221" dir="1" index="2" bw="47" slack="0"/>
</pin_list>
<bind>
<opcode="add(8) " fcode="add"/>
<opset="add_ln1027/2 "/>
</bind>
</comp>

<comp id="224" class="1004" name="c_V_load_load_fu_224">
<pin_list>
<pin id="225" dir="0" index="0" bw="15" slack="1"/>
<pin id="226" dir="1" index="1" bw="15" slack="0"/>
</pin_list>
<bind>
<opcode="load(27) " fcode="load"/>
<opset="c_V_load/2 "/>
</bind>
</comp>

<comp id="227" class="1004" name="icmp_ln298_1_fu_227">
<pin_list>
<pin id="228" dir="0" index="0" bw="32" slack="0"/>
<pin id="229" dir="0" index="1" bw="32" slack="1"/>
<pin id="230" dir="1" index="2" bw="1" slack="0"/>
</pin_list>
<bind>
<opcode="icmp(45) " fcode="icmp"/>
<opset="icmp_ln298_1/2 "/>
</bind>
</comp>

<comp id="232" class="1004" name="or_ln297_fu_232">
<pin_list>
<pin id="233" dir="0" index="0" bw="1" slack="0"/>
<pin id="234" dir="0" index="1" bw="1" slack="0"/>
<pin id="235" dir="1" index="2" bw="1" slack="0"/>
</pin_list>
<bind>
<opcode="or(24) " fcode="or"/>
<opset="or_ln297/2 "/>
</bind>
</comp>

<comp id="238" class="1004" name="add_ln840_fu_238">
<pin_list>
<pin id="239" dir="0" index="0" bw="15" slack="0"/>
<pin id="240" dir="0" index="1" bw="1" slack="0"/>
<pin id="241" dir="1" index="2" bw="15" slack="0"/>
</pin_list>
<bind>
<opcode="add(8) " fcode="add"/>
<opset="add_ln840/2 "/>
</bind>
</comp>

<comp id="244" class="1004" name="select_ln297_1_fu_244">
<pin_list>
<pin id="245" dir="0" index="0" bw="1" slack="0"/>
<pin id="246" dir="0" index="1" bw="15" slack="0"/>
<pin id="247" dir="0" index="2" bw="15" slack="0"/>
<pin id="248" dir="1" index="3" bw="15" slack="0"/>
</pin_list>
<bind>
<opcode="select(49) " fcode="select"/>
<opset="select_ln297_1/2 "/>
</bind>
</comp>

<comp id="252" class="1004" name="icmp_ln1027_1_fu_252">
<pin_list>
<pin id="253" dir="0" index="0" bw="16" slack="0"/>
<pin id="254" dir="0" index="1" bw="16" slack="1"/>
<pin id="255" dir="1" index="2" bw="1" slack="0"/>
</pin_list>
<bind>
<opcode="icmp(45) " fcode="icmp"/>
<opset="icmp_ln1027_1/2 "/>
</bind>
</comp>

<comp id="257" class="1004" name="select_ln297_2_fu_257">
<pin_list>
<pin id="258" dir="0" index="0" bw="1" slack="0"/>
<pin id="259" dir="0" index="1" bw="1" slack="1"/>
<pin id="260" dir="0" index="2" bw="1" slack="0"/>
<pin id="261" dir="1" index="3" bw="1" slack="0"/>
</pin_list>
<bind>
<opcode="select(49) " fcode="select"/>
<opset="select_ln297_2/2 "/>
</bind>
</comp>

<comp id="264" class="1004" name="or_ln297_1_fu_264">
<pin_list>
<pin id="265" dir="0" index="0" bw="1" slack="0"/>
<pin id="266" dir="0" index="1" bw="1" slack="0"/>
<pin id="267" dir="1" index="2" bw="1" slack="0"/>
</pin_list>
<bind>
<opcode="or(24) " fcode="or"/>
<opset="or_ln297_1/2 "/>
</bind>
</comp>

<comp id="270" class="1004" name="or_ln1027_fu_270">
<pin_list>
<pin id="271" dir="0" index="0" bw="1" slack="0"/>
<pin id="272" dir="0" index="1" bw="1" slack="0"/>
<pin id="273" dir="1" index="2" bw="1" slack="2"/>
</pin_list>
<bind>
<opcode="or(24) " fcode="or"/>
<opset="or_ln1027/2 "/>
</bind>
</comp>

<comp id="276" class="1004" name="xor_ln298_fu_276">
<pin_list>
<pin id="277" dir="0" index="0" bw="1" slack="0"/>
<pin id="278" dir="0" index="1" bw="1" slack="0"/>
<pin id="279" dir="1" index="2" bw="1" slack="0"/>
</pin_list>
<bind>
<opcode="xor(25) " fcode="xor"/>
<opset="xor_ln298/2 "/>
</bind>
</comp>

<comp id="282" class="1004" name="and_ln298_fu_282">
<pin_list>
<pin id="283" dir="0" index="0" bw="1" slack="0"/>
<pin id="284" dir="0" index="1" bw="1" slack="0"/>
<pin id="285" dir="1" index="2" bw="1" slack="0"/>
</pin_list>
<bind>
<opcode="and(23) " fcode="and"/>
<opset="and_ln298/2 "/>
</bind>
</comp>

<comp id="288" class="1004" name="add_ln840_1_fu_288">
<pin_list>
<pin id="289" dir="0" index="0" bw="16" slack="0"/>
<pin id="290" dir="0" index="1" bw="1" slack="0"/>
<pin id="291" dir="1" index="2" bw="16" slack="0"/>
</pin_list>
<bind>
<opcode="add(8) " fcode="add"/>
<opset="add_ln840_1/2 "/>
</bind>
</comp>

<comp id="294" class="1004" name="or_ln840_fu_294">
<pin_list>
<pin id="295" dir="0" index="0" bw="1" slack="0"/>
<pin id="296" dir="0" index="1" bw="1" slack="0"/>
<pin id="297" dir="1" index="2" bw="1" slack="0"/>
</pin_list>
<bind>
<opcode="or(24) " fcode="or"/>
<opset="or_ln840/2 "/>
</bind>
</comp>

<comp id="300" class="1004" name="w_V_2_fu_300">
<pin_list>
<pin id="301" dir="0" index="0" bw="1" slack="0"/>
<pin id="302" dir="0" index="1" bw="1" slack="0"/>
<pin id="303" dir="0" index="2" bw="16" slack="0"/>
<pin id="304" dir="1" index="3" bw="16" slack="0"/>
</pin_list>
<bind>
<opcode="select(49) " fcode="select"/>
<opset="w_V_2/2 "/>
</bind>
</comp>

<comp id="308" class="1004" name="icmp_ln1027_2_fu_308">
<pin_list>
<pin id="309" dir="0" index="0" bw="16" slack="0"/>
<pin id="310" dir="0" index="1" bw="16" slack="1"/>
<pin id="311" dir="1" index="2" bw="1" slack="1"/>
</pin_list>
<bind>
<opcode="icmp(45) " fcode="icmp"/>
<opset="icmp_ln1027_2/2 "/>
</bind>
</comp>

<comp id="313" class="1004" name="add_ln298_2_fu_313">
<pin_list>
<pin id="314" dir="0" index="0" bw="32" slack="0"/>
<pin id="315" dir="0" index="1" bw="1" slack="0"/>
<pin id="316" dir="1" index="2" bw="32" slack="0"/>
</pin_list>
<bind>
<opcode="add(8) " fcode="add"/>
<opset="add_ln298_2/2 "/>
</bind>
</comp>

<comp id="319" class="1004" name="select_ln298_1_fu_319">
<pin_list>
<pin id="320" dir="0" index="0" bw="1" slack="0"/>
<pin id="321" dir="0" index="1" bw="1" slack="0"/>
<pin id="322" dir="0" index="2" bw="32" slack="0"/>
<pin id="323" dir="1" index="3" bw="32" slack="0"/>
</pin_list>
<bind>
<opcode="select(49) " fcode="select"/>
<opset="select_ln298_1/2 "/>
</bind>
</comp>

<comp id="327" class="1004" name="store_ln299_store_fu_327">
<pin_list>
<pin id="328" dir="0" index="0" bw="47" slack="0"/>
<pin id="329" dir="0" index="1" bw="47" slack="1"/>
<pin id="330" dir="1" index="2" bw="0" slack="2147483647"/>
</pin_list>
<bind>
<opcode="store(28) " fcode="store"/>
<opset="store_ln299/2 "/>
</bind>
</comp>

<comp id="332" class="1004" name="store_ln299_store_fu_332">
<pin_list>
<pin id="333" dir="0" index="0" bw="15" slack="0"/>
<pin id="334" dir="0" index="1" bw="15" slack="1"/>
<pin id="335" dir="1" index="2" bw="0" slack="2147483647"/>
</pin_list>
<bind>
<opcode="store(28) " fcode="store"/>
<opset="store_ln299/2 "/>
</bind>
</comp>

<comp id="337" class="1004" name="store_ln299_store_fu_337">
<pin_list>
<pin id="338" dir="0" index="0" bw="32" slack="0"/>
<pin id="339" dir="0" index="1" bw="32" slack="1"/>
<pin id="340" dir="1" index="2" bw="0" slack="2147483647"/>
</pin_list>
<bind>
<opcode="store(28) " fcode="store"/>
<opset="store_ln299/2 "/>
</bind>
</comp>

<comp id="342" class="1004" name="store_ln299_store_fu_342">
<pin_list>
<pin id="343" dir="0" index="0" bw="16" slack="0"/>
<pin id="344" dir="0" index="1" bw="16" slack="1"/>
<pin id="345" dir="1" index="2" bw="0" slack="2147483647"/>
</pin_list>
<bind>
<opcode="store(28) " fcode="store"/>
<opset="store_ln299/2 "/>
</bind>
</comp>

<comp id="347" class="1004" name="indvar186_load_load_fu_347">
<pin_list>
<pin id="348" dir="0" index="0" bw="16" slack="2"/>
<pin id="349" dir="1" index="1" bw="16" slack="0"/>
</pin_list>
<bind>
<opcode="load(27) " fcode="load"/>
<opset="indvar186_load/3 "/>
</bind>
</comp>

<comp id="350" class="1004" name="select_ln297_fu_350">
<pin_list>
<pin id="351" dir="0" index="0" bw="1" slack="1"/>
<pin id="352" dir="0" index="1" bw="1" slack="0"/>
<pin id="353" dir="0" index="2" bw="16" slack="0"/>
<pin id="354" dir="1" index="3" bw="16" slack="0"/>
</pin_list>
<bind>
<opcode="select(49) " fcode="select"/>
<opset="select_ln297/3 "/>
</bind>
</comp>

<comp id="357" class="1004" name="zext_ln297_fu_357">
<pin_list>
<pin id="358" dir="0" index="0" bw="15" slack="1"/>
<pin id="359" dir="1" index="1" bw="32" slack="0"/>
</pin_list>
<bind>
<opcode="zext(34) " fcode="zext"/>
<opset="zext_ln297/3 "/>
</bind>
</comp>

<comp id="360" class="1004" name="mul_ln297_fu_360">
<pin_list>
<pin id="361" dir="0" index="0" bw="15" slack="0"/>
<pin id="362" dir="0" index="1" bw="32" slack="2"/>
<pin id="363" dir="1" index="2" bw="32" slack="1"/>
</pin_list>
<bind>
<opcode="mul(12) " fcode="mul"/>
<opset="mul_ln297/3 "/>
</bind>
</comp>

<comp id="365" class="1004" name="add_ln298_fu_365">
<pin_list>
<pin id="366" dir="0" index="0" bw="16" slack="0"/>
<pin id="367" dir="0" index="1" bw="1" slack="0"/>
<pin id="368" dir="1" index="2" bw="16" slack="0"/>
</pin_list>
<bind>
<opcode="add(8) " fcode="add"/>
<opset="add_ln298/3 "/>
</bind>
</comp>

<comp id="371" class="1004" name="select_ln298_fu_371">
<pin_list>
<pin id="372" dir="0" index="0" bw="1" slack="1"/>
<pin id="373" dir="0" index="1" bw="16" slack="0"/>
<pin id="374" dir="0" index="2" bw="16" slack="0"/>
<pin id="375" dir="1" index="3" bw="16" slack="0"/>
</pin_list>
<bind>
<opcode="select(49) " fcode="select"/>
<opset="select_ln298/3 "/>
</bind>
</comp>

<comp id="378" class="1004" name="add_ln298_1_fu_378">
<pin_list>
<pin id="379" dir="0" index="0" bw="16" slack="0"/>
<pin id="380" dir="0" index="1" bw="1" slack="0"/>
<pin id="381" dir="1" index="2" bw="16" slack="0"/>
</pin_list>
<bind>
<opcode="add(8) " fcode="add"/>
<opset="add_ln298_1/3 "/>
</bind>
</comp>

<comp id="384" class="1004" name="icmp_ln298_2_fu_384">
<pin_list>
<pin id="385" dir="0" index="0" bw="16" slack="0"/>
<pin id="386" dir="0" index="1" bw="16" slack="2"/>
<pin id="387" dir="1" index="2" bw="1" slack="4"/>
</pin_list>
<bind>
<opcode="icmp(45) " fcode="icmp"/>
<opset="icmp_ln298_2/3 "/>
</bind>
</comp>

<comp id="389" class="1004" name="store_ln299_store_fu_389">
<pin_list>
<pin id="390" dir="0" index="0" bw="16" slack="0"/>
<pin id="391" dir="0" index="1" bw="16" slack="2"/>
<pin id="392" dir="1" index="2" bw="0" slack="2147483647"/>
</pin_list>
<bind>
<opcode="store(28) " fcode="store"/>
<opset="store_ln299/3 "/>
</bind>
</comp>

<comp id="394" class="1004" name="zext_ln297_1_fu_394">
<pin_list>
<pin id="395" dir="0" index="0" bw="32" slack="1"/>
<pin id="396" dir="1" index="1" bw="64" slack="0"/>
</pin_list>
<bind>
<opcode="zext(34) " fcode="zext"/>
<opset="zext_ln297_1/4 "/>
</bind>
</comp>

<comp id="397" class="1004" name="add_ln297_fu_397">
<pin_list>
<pin id="398" dir="0" index="0" bw="32" slack="0"/>
<pin id="399" dir="0" index="1" bw="64" slack="3"/>
<pin id="400" dir="1" index="2" bw="64" slack="0"/>
</pin_list>
<bind>
<opcode="add(8) " fcode="add"/>
<opset="add_ln297/4 "/>
</bind>
</comp>

<comp id="402" class="1004" name="gmem_out_addr_fu_402">
<pin_list>
<pin id="403" dir="0" index="0" bw="8" slack="0"/>
<pin id="404" dir="0" index="1" bw="64" slack="0"/>
<pin id="405" dir="1" index="2" bw="8" slack="1"/>
</pin_list>
<bind>
<opcode="getelementptr(29) " fcode="getelementptr"/>
<opset="gmem_out_addr/4 "/>
</bind>
</comp>

<comp id="408" class="1004" name="gmem_out_addr_1_fu_408">
<pin_list>
<pin id="409" dir="0" index="0" bw="8" slack="0"/>
<pin id="410" dir="0" index="1" bw="64" slack="0"/>
<pin id="411" dir="1" index="2" bw="8" slack="2"/>
</pin_list>
<bind>
<opcode="getelementptr(29) " fcode="getelementptr"/>
<opset="gmem_out_addr_1/4 "/>
</bind>
</comp>

<comp id="414" class="1005" name="w_V_reg_414">
<pin_list>
<pin id="415" dir="0" index="0" bw="16" slack="0"/>
<pin id="416" dir="1" index="1" bw="16" slack="0"/>
</pin_list>
<bind>
<opset="w_V "/>
</bind>
</comp>

<comp id="421" class="1005" name="indvar186_reg_421">
<pin_list>
<pin id="422" dir="0" index="0" bw="16" slack="0"/>
<pin id="423" dir="1" index="1" bw="16" slack="0"/>
</pin_list>
<bind>
<opset="indvar186 "/>
</bind>
</comp>

<comp id="428" class="1005" name="indvar_flatten65_reg_428">
<pin_list>
<pin id="429" dir="0" index="0" bw="32" slack="0"/>
<pin id="430" dir="1" index="1" bw="32" slack="0"/>
</pin_list>
<bind>
<opset="indvar_flatten65 "/>
</bind>
</comp>

<comp id="435" class="1005" name="c_V_reg_435">
<pin_list>
<pin id="436" dir="0" index="0" bw="15" slack="0"/>
<pin id="437" dir="1" index="1" bw="15" slack="0"/>
</pin_list>
<bind>
<opset="c_V "/>
</bind>
</comp>

<comp id="442" class="1005" name="indvar_flatten85_reg_442">
<pin_list>
<pin id="443" dir="0" index="0" bw="47" slack="0"/>
<pin id="444" dir="1" index="1" bw="47" slack="0"/>
</pin_list>
<bind>
<opset="indvar_flatten85 "/>
</bind>
</comp>

<comp id="449" class="1005" name="icmp_ln298_read_reg_449">
<pin_list>
<pin id="450" dir="0" index="0" bw="1" slack="1"/>
<pin id="451" dir="1" index="1" bw="1" slack="1"/>
</pin_list>
<bind>
<opset="icmp_ln298_read "/>
</bind>
</comp>

<comp id="454" class="1005" name="out_r_read_reg_454">
<pin_list>
<pin id="455" dir="0" index="0" bw="64" slack="3"/>
<pin id="456" dir="1" index="1" bw="64" slack="3"/>
</pin_list>
<bind>
<opset="out_r_read "/>
</bind>
</comp>

<comp id="459" class="1005" name="ret_V_9_read_reg_459">
<pin_list>
<pin id="460" dir="0" index="0" bw="32" slack="1"/>
<pin id="461" dir="1" index="1" bw="32" slack="1"/>
</pin_list>
<bind>
<opset="ret_V_9_read "/>
</bind>
</comp>

<comp id="465" class="1005" name="tmp_reg_465">
<pin_list>
<pin id="466" dir="0" index="0" bw="32" slack="4"/>
<pin id="467" dir="1" index="1" bw="32" slack="4"/>
</pin_list>
<bind>
<opset="tmp "/>
</bind>
</comp>

<comp id="470" class="1005" name="h_w_read_reg_470">
<pin_list>
<pin id="471" dir="0" index="0" bw="16" slack="1"/>
<pin id="472" dir="1" index="1" bw="16" slack="1"/>
</pin_list>
<bind>
<opset="h_w_read "/>
</bind>
</comp>

<comp id="477" class="1005" name="bound73_read_reg_477">
<pin_list>
<pin id="478" dir="0" index="0" bw="47" slack="1"/>
<pin id="479" dir="1" index="1" bw="47" slack="1"/>
</pin_list>
<bind>
<opset="bound73_read "/>
</bind>
</comp>

<comp id="482" class="1005" name="icmp_ln1027_reg_482">
<pin_list>
<pin id="483" dir="0" index="0" bw="1" slack="1"/>
<pin id="484" dir="1" index="1" bw="1" slack="2147483647"/>
</pin_list>
<bind>
<opset="icmp_ln1027 "/>
</bind>
</comp>

<comp id="486" class="1005" name="icmp_ln298_1_reg_486">
<pin_list>
<pin id="487" dir="0" index="0" bw="1" slack="1"/>
<pin id="488" dir="1" index="1" bw="1" slack="1"/>
</pin_list>
<bind>
<opset="icmp_ln298_1 "/>
</bind>
</comp>

<comp id="491" class="1005" name="select_ln297_1_reg_491">
<pin_list>
<pin id="492" dir="0" index="0" bw="15" slack="1"/>
<pin id="493" dir="1" index="1" bw="15" slack="1"/>
</pin_list>
<bind>
<opset="select_ln297_1 "/>
</bind>
</comp>

<comp id="496" class="1005" name="select_ln297_2_reg_496">
<pin_list>
<pin id="497" dir="0" index="0" bw="1" slack="1"/>
<pin id="498" dir="1" index="1" bw="1" slack="1"/>
</pin_list>
<bind>
<opset="select_ln297_2 "/>
</bind>
</comp>

<comp id="501" class="1005" name="or_ln1027_reg_501">
<pin_list>
<pin id="502" dir="0" index="0" bw="1" slack="2"/>
<pin id="503" dir="1" index="1" bw="1" slack="2147483647"/>
</pin_list>
<bind>
<opset="or_ln1027 "/>
</bind>
</comp>

<comp id="505" class="1005" name="and_ln298_reg_505">
<pin_list>
<pin id="506" dir="0" index="0" bw="1" slack="0"/>
<pin id="507" dir="1" index="1" bw="1" slack="0"/>
</pin_list>
<bind>
<opset="and_ln298 "/>
</bind>
</comp>

<comp id="510" class="1005" name="icmp_ln1027_2_reg_510">
<pin_list>
<pin id="511" dir="0" index="0" bw="1" slack="1"/>
<pin id="512" dir="1" index="1" bw="1" slack="2147483647"/>
</pin_list>
<bind>
<opset="icmp_ln1027_2 "/>
</bind>
</comp>

<comp id="514" class="1005" name="mul_ln297_reg_514">
<pin_list>
<pin id="515" dir="0" index="0" bw="32" slack="1"/>
<pin id="516" dir="1" index="1" bw="32" slack="1"/>
</pin_list>
<bind>
<opset="mul_ln297 "/>
</bind>
</comp>

<comp id="519" class="1005" name="icmp_ln298_2_reg_519">
<pin_list>
<pin id="520" dir="0" index="0" bw="1" slack="4"/>
<pin id="521" dir="1" index="1" bw="1" slack="2147483647"/>
</pin_list>
<bind>
<opset="icmp_ln298_2 "/>
</bind>
</comp>

<comp id="523" class="1005" name="gmem_out_addr_reg_523">
<pin_list>
<pin id="524" dir="0" index="0" bw="8" slack="1"/>
<pin id="525" dir="1" index="1" bw="8" slack="1"/>
</pin_list>
<bind>
<opset="gmem_out_addr "/>
</bind>
</comp>

<comp id="528" class="1005" name="gmem_out_addr_1_reg_528">
<pin_list>
<pin id="529" dir="0" index="0" bw="8" slack="2"/>
<pin id="530" dir="1" index="1" bw="8" slack="2"/>
</pin_list>
<bind>
<opset="gmem_out_addr_1 "/>
</bind>
</comp>

</comp_list>

<net_list>
<net id="83"><net_src comp="14" pin="0"/><net_sink comp="80" pin=0"/></net>

<net id="87"><net_src comp="14" pin="0"/><net_sink comp="84" pin=0"/></net>

<net id="91"><net_src comp="14" pin="0"/><net_sink comp="88" pin=0"/></net>

<net id="95"><net_src comp="14" pin="0"/><net_sink comp="92" pin=0"/></net>

<net id="99"><net_src comp="14" pin="0"/><net_sink comp="96" pin=0"/></net>

<net id="104"><net_src comp="34" pin="0"/><net_sink comp="100" pin=0"/></net>

<net id="105"><net_src comp="12" pin="0"/><net_sink comp="100" pin=1"/></net>

<net id="110"><net_src comp="36" pin="0"/><net_sink comp="106" pin=0"/></net>

<net id="111"><net_src comp="10" pin="0"/><net_sink comp="106" pin=1"/></net>

<net id="116"><net_src comp="38" pin="0"/><net_sink comp="112" pin=0"/></net>

<net id="117"><net_src comp="8" pin="0"/><net_sink comp="112" pin=1"/></net>

<net id="122"><net_src comp="38" pin="0"/><net_sink comp="118" pin=0"/></net>

<net id="123"><net_src comp="6" pin="0"/><net_sink comp="118" pin=1"/></net>

<net id="128"><net_src comp="40" pin="0"/><net_sink comp="124" pin=0"/></net>

<net id="129"><net_src comp="4" pin="0"/><net_sink comp="124" pin=1"/></net>

<net id="134"><net_src comp="42" pin="0"/><net_sink comp="130" pin=0"/></net>

<net id="135"><net_src comp="2" pin="0"/><net_sink comp="130" pin=1"/></net>

<net id="141"><net_src comp="68" pin="0"/><net_sink comp="136" pin=0"/></net>

<net id="148"><net_src comp="74" pin="0"/><net_sink comp="142" pin=0"/></net>

<net id="149"><net_src comp="76" pin="0"/><net_sink comp="142" pin=2"/></net>

<net id="150"><net_src comp="50" pin="0"/><net_sink comp="142" pin=3"/></net>

<net id="155"><net_src comp="78" pin="0"/><net_sink comp="151" pin=0"/></net>

<net id="159"><net_src comp="50" pin="0"/><net_sink comp="156" pin=0"/></net>

<net id="166"><net_src comp="156" pin="1"/><net_sink comp="160" pin=0"/></net>

<net id="170"><net_src comp="50" pin="0"/><net_sink comp="167" pin=0"/></net>

<net id="177"><net_src comp="167" pin="1"/><net_sink comp="171" pin=0"/></net>

<net id="178"><net_src comp="52" pin="0"/><net_sink comp="171" pin=2"/></net>

<net id="183"><net_src comp="44" pin="0"/><net_sink comp="179" pin=0"/></net>

<net id="188"><net_src comp="46" pin="0"/><net_sink comp="184" pin=0"/></net>

<net id="193"><net_src comp="20" pin="0"/><net_sink comp="189" pin=0"/></net>

<net id="198"><net_src comp="48" pin="0"/><net_sink comp="194" pin=0"/></net>

<net id="203"><net_src comp="48" pin="0"/><net_sink comp="199" pin=0"/></net>

<net id="217"><net_src comp="210" pin="1"/><net_sink comp="213" pin=0"/></net>

<net id="222"><net_src comp="210" pin="1"/><net_sink comp="218" pin=0"/></net>

<net id="223"><net_src comp="56" pin="0"/><net_sink comp="218" pin=1"/></net>

<net id="231"><net_src comp="207" pin="1"/><net_sink comp="227" pin=0"/></net>

<net id="236"><net_src comp="227" pin="2"/><net_sink comp="232" pin=0"/></net>

<net id="237"><net_src comp="160" pin="4"/><net_sink comp="232" pin=1"/></net>

<net id="242"><net_src comp="224" pin="1"/><net_sink comp="238" pin=0"/></net>

<net id="243"><net_src comp="58" pin="0"/><net_sink comp="238" pin=1"/></net>

<net id="249"><net_src comp="227" pin="2"/><net_sink comp="244" pin=0"/></net>

<net id="250"><net_src comp="238" pin="2"/><net_sink comp="244" pin=1"/></net>

<net id="251"><net_src comp="224" pin="1"/><net_sink comp="244" pin=2"/></net>

<net id="256"><net_src comp="204" pin="1"/><net_sink comp="252" pin=0"/></net>

<net id="262"><net_src comp="227" pin="2"/><net_sink comp="257" pin=0"/></net>

<net id="263"><net_src comp="252" pin="2"/><net_sink comp="257" pin=2"/></net>

<net id="268"><net_src comp="227" pin="2"/><net_sink comp="264" pin=0"/></net>

<net id="269"><net_src comp="171" pin="4"/><net_sink comp="264" pin=1"/></net>

<net id="274"><net_src comp="264" pin="2"/><net_sink comp="270" pin=0"/></net>

<net id="275"><net_src comp="257" pin="3"/><net_sink comp="270" pin=1"/></net>

<net id="280"><net_src comp="257" pin="3"/><net_sink comp="276" pin=0"/></net>

<net id="281"><net_src comp="50" pin="0"/><net_sink comp="276" pin=1"/></net>

<net id="286"><net_src comp="232" pin="2"/><net_sink comp="282" pin=0"/></net>

<net id="287"><net_src comp="276" pin="2"/><net_sink comp="282" pin=1"/></net>

<net id="292"><net_src comp="204" pin="1"/><net_sink comp="288" pin=0"/></net>

<net id="293"><net_src comp="60" pin="0"/><net_sink comp="288" pin=1"/></net>

<net id="298"><net_src comp="257" pin="3"/><net_sink comp="294" pin=0"/></net>

<net id="299"><net_src comp="227" pin="2"/><net_sink comp="294" pin=1"/></net>

<net id="305"><net_src comp="294" pin="2"/><net_sink comp="300" pin=0"/></net>

<net id="306"><net_src comp="60" pin="0"/><net_sink comp="300" pin=1"/></net>

<net id="307"><net_src comp="288" pin="2"/><net_sink comp="300" pin=2"/></net>

<net id="312"><net_src comp="300" pin="3"/><net_sink comp="308" pin=0"/></net>

<net id="317"><net_src comp="207" pin="1"/><net_sink comp="313" pin=0"/></net>

<net id="318"><net_src comp="14" pin="0"/><net_sink comp="313" pin=1"/></net>

<net id="324"><net_src comp="227" pin="2"/><net_sink comp="319" pin=0"/></net>

<net id="325"><net_src comp="14" pin="0"/><net_sink comp="319" pin=1"/></net>

<net id="326"><net_src comp="313" pin="2"/><net_sink comp="319" pin=2"/></net>

<net id="331"><net_src comp="218" pin="2"/><net_sink comp="327" pin=0"/></net>

<net id="336"><net_src comp="244" pin="3"/><net_sink comp="332" pin=0"/></net>

<net id="341"><net_src comp="319" pin="3"/><net_sink comp="337" pin=0"/></net>

<net id="346"><net_src comp="300" pin="3"/><net_sink comp="342" pin=0"/></net>

<net id="355"><net_src comp="48" pin="0"/><net_sink comp="350" pin=1"/></net>

<net id="356"><net_src comp="347" pin="1"/><net_sink comp="350" pin=2"/></net>

<net id="364"><net_src comp="357" pin="1"/><net_sink comp="360" pin=0"/></net>

<net id="369"><net_src comp="350" pin="3"/><net_sink comp="365" pin=0"/></net>

<net id="370"><net_src comp="60" pin="0"/><net_sink comp="365" pin=1"/></net>

<net id="376"><net_src comp="365" pin="2"/><net_sink comp="371" pin=1"/></net>

<net id="377"><net_src comp="350" pin="3"/><net_sink comp="371" pin=2"/></net>

<net id="382"><net_src comp="371" pin="3"/><net_sink comp="378" pin=0"/></net>

<net id="383"><net_src comp="60" pin="0"/><net_sink comp="378" pin=1"/></net>

<net id="388"><net_src comp="378" pin="2"/><net_sink comp="384" pin=0"/></net>

<net id="393"><net_src comp="371" pin="3"/><net_sink comp="389" pin=0"/></net>

<net id="401"><net_src comp="394" pin="1"/><net_sink comp="397" pin=0"/></net>

<net id="406"><net_src comp="0" pin="0"/><net_sink comp="402" pin=0"/></net>

<net id="407"><net_src comp="397" pin="2"/><net_sink comp="402" pin=1"/></net>

<net id="412"><net_src comp="0" pin="0"/><net_sink comp="408" pin=0"/></net>

<net id="413"><net_src comp="397" pin="2"/><net_sink comp="408" pin=1"/></net>

<net id="417"><net_src comp="80" pin="1"/><net_sink comp="414" pin=0"/></net>

<net id="418"><net_src comp="414" pin="1"/><net_sink comp="199" pin=1"/></net>

<net id="419"><net_src comp="414" pin="1"/><net_sink comp="204" pin=0"/></net>

<net id="420"><net_src comp="414" pin="1"/><net_sink comp="342" pin=1"/></net>

<net id="424"><net_src comp="84" pin="1"/><net_sink comp="421" pin=0"/></net>

<net id="425"><net_src comp="421" pin="1"/><net_sink comp="194" pin=1"/></net>

<net id="426"><net_src comp="421" pin="1"/><net_sink comp="347" pin=0"/></net>

<net id="427"><net_src comp="421" pin="1"/><net_sink comp="389" pin=1"/></net>

<net id="431"><net_src comp="88" pin="1"/><net_sink comp="428" pin=0"/></net>

<net id="432"><net_src comp="428" pin="1"/><net_sink comp="189" pin=1"/></net>

<net id="433"><net_src comp="428" pin="1"/><net_sink comp="207" pin=0"/></net>

<net id="434"><net_src comp="428" pin="1"/><net_sink comp="337" pin=1"/></net>

<net id="438"><net_src comp="92" pin="1"/><net_sink comp="435" pin=0"/></net>

<net id="439"><net_src comp="435" pin="1"/><net_sink comp="184" pin=1"/></net>

<net id="440"><net_src comp="435" pin="1"/><net_sink comp="224" pin=0"/></net>

<net id="441"><net_src comp="435" pin="1"/><net_sink comp="332" pin=1"/></net>

<net id="445"><net_src comp="96" pin="1"/><net_sink comp="442" pin=0"/></net>

<net id="446"><net_src comp="442" pin="1"/><net_sink comp="179" pin=1"/></net>

<net id="447"><net_src comp="442" pin="1"/><net_sink comp="210" pin=0"/></net>

<net id="448"><net_src comp="442" pin="1"/><net_sink comp="327" pin=1"/></net>

<net id="452"><net_src comp="100" pin="2"/><net_sink comp="449" pin=0"/></net>

<net id="453"><net_src comp="449" pin="1"/><net_sink comp="257" pin=1"/></net>

<net id="457"><net_src comp="106" pin="2"/><net_sink comp="454" pin=0"/></net>

<net id="458"><net_src comp="454" pin="1"/><net_sink comp="397" pin=1"/></net>

<net id="462"><net_src comp="112" pin="2"/><net_sink comp="459" pin=0"/></net>

<net id="463"><net_src comp="459" pin="1"/><net_sink comp="227" pin=1"/></net>

<net id="464"><net_src comp="459" pin="1"/><net_sink comp="360" pin=1"/></net>

<net id="468"><net_src comp="118" pin="2"/><net_sink comp="465" pin=0"/></net>

<net id="469"><net_src comp="465" pin="1"/><net_sink comp="136" pin=2"/></net>

<net id="473"><net_src comp="124" pin="2"/><net_sink comp="470" pin=0"/></net>

<net id="474"><net_src comp="470" pin="1"/><net_sink comp="252" pin=1"/></net>

<net id="475"><net_src comp="470" pin="1"/><net_sink comp="308" pin=1"/></net>

<net id="476"><net_src comp="470" pin="1"/><net_sink comp="384" pin=1"/></net>

<net id="480"><net_src comp="130" pin="2"/><net_sink comp="477" pin=0"/></net>

<net id="481"><net_src comp="477" pin="1"/><net_sink comp="213" pin=1"/></net>

<net id="485"><net_src comp="213" pin="2"/><net_sink comp="482" pin=0"/></net>

<net id="489"><net_src comp="227" pin="2"/><net_sink comp="486" pin=0"/></net>

<net id="490"><net_src comp="486" pin="1"/><net_sink comp="350" pin=0"/></net>

<net id="494"><net_src comp="244" pin="3"/><net_sink comp="491" pin=0"/></net>

<net id="495"><net_src comp="491" pin="1"/><net_sink comp="357" pin=0"/></net>

<net id="499"><net_src comp="257" pin="3"/><net_sink comp="496" pin=0"/></net>

<net id="500"><net_src comp="496" pin="1"/><net_sink comp="371" pin=0"/></net>

<net id="504"><net_src comp="270" pin="2"/><net_sink comp="501" pin=0"/></net>

<net id="508"><net_src comp="282" pin="2"/><net_sink comp="505" pin=0"/></net>

<net id="509"><net_src comp="505" pin="1"/><net_sink comp="160" pin=2"/></net>

<net id="513"><net_src comp="308" pin="2"/><net_sink comp="510" pin=0"/></net>

<net id="517"><net_src comp="360" pin="2"/><net_sink comp="514" pin=0"/></net>

<net id="518"><net_src comp="514" pin="1"/><net_sink comp="394" pin=0"/></net>

<net id="522"><net_src comp="384" pin="2"/><net_sink comp="519" pin=0"/></net>

<net id="526"><net_src comp="402" pin="2"/><net_sink comp="523" pin=0"/></net>

<net id="527"><net_src comp="523" pin="1"/><net_sink comp="136" pin=1"/></net>

<net id="531"><net_src comp="408" pin="2"/><net_sink comp="528" pin=0"/></net>

<net id="532"><net_src comp="528" pin="1"/><net_sink comp="142" pin=1"/></net>

<net id="533"><net_src comp="528" pin="1"/><net_sink comp="151" pin=1"/></net>

</net_list>

</model> 
---------------- Datapath Model END ------------------

* FSMD analyzer results:
  - Output states:
	Port: gmem_out | {5 6 7 8 9 10 11 }
 - Input state : 
	Port: shufflenet_block_Pipeline_VITIS_LOOP_299_15 : bound73 | {1 }
	Port: shufflenet_block_Pipeline_VITIS_LOOP_299_15 : h_w | {1 }
	Port: shufflenet_block_Pipeline_VITIS_LOOP_299_15 : empty | {1 }
	Port: shufflenet_block_Pipeline_VITIS_LOOP_299_15 : ret_V_9 | {1 }
	Port: shufflenet_block_Pipeline_VITIS_LOOP_299_15 : out_r | {1 }
	Port: shufflenet_block_Pipeline_VITIS_LOOP_299_15 : icmp_ln298 | {1 }
  - Chain level:
	State 1
		store_ln0 : 1
		store_ln0 : 1
		store_ln0 : 1
		store_ln0 : 1
		store_ln0 : 1
	State 2
		icmp_ln1027 : 1
		add_ln1027 : 1
		br_ln1027 : 2
		icmp_ln298_1 : 1
		or_ln297 : 2
		add_ln840 : 1
		select_ln297_1 : 2
		icmp_ln1027_1 : 1
		select_ln297_2 : 2
		or_ln297_1 : 2
		or_ln1027 : 2
		xor_ln298 : 3
		and_ln298 : 3
		br_ln299 : 2
		br_ln298 : 3
		add_ln840_1 : 1
		or_ln840 : 3
		w_V_2 : 3
		icmp_ln1027_2 : 4
		br_ln299 : 5
		add_ln298_2 : 1
		select_ln298_1 : 2
		store_ln299 : 2
		store_ln299 : 3
		store_ln299 : 3
		store_ln299 : 4
	State 3
		select_ln297 : 1
		mul_ln297 : 1
		add_ln298 : 2
		select_ln298 : 3
		add_ln298_1 : 4
		icmp_ln298_2 : 5
		br_ln299 : 6
		store_ln299 : 4
	State 4
		add_ln297 : 1
		gmem_out_addr : 2
		gmem_out_addr_1 : 2
	State 5
	State 6
	State 7
	State 8
	State 9
	State 10
	State 11


============================================================
+ Verbose Summary: Datapath Resource usage 
============================================================

* Functional unit list:
|----------|-----------------------------|---------|---------|---------|
| Operation|       Functional Unit       |   DSP   |    FF   |   LUT   |
|----------|-----------------------------|---------|---------|---------|
|          |      add_ln1027_fu_218      |    0    |    0    |    47   |
|          |       add_ln840_fu_238      |    0    |    0    |    15   |
|          |      add_ln840_1_fu_288     |    0    |    0    |    16   |
|    add   |      add_ln298_2_fu_313     |    0    |    0    |    32   |
|          |       add_ln298_fu_365      |    0    |    0    |    16   |
|          |      add_ln298_1_fu_378     |    0    |    0    |    16   |
|          |       add_ln297_fu_397      |    0    |    0    |    64   |
|----------|-----------------------------|---------|---------|---------|
|          |    select_ln297_1_fu_244    |    0    |    0    |    15   |
|          |    select_ln297_2_fu_257    |    0    |    0    |    2    |
|  select  |         w_V_2_fu_300        |    0    |    0    |    16   |
|          |    select_ln298_1_fu_319    |    0    |    0    |    32   |
|          |     select_ln297_fu_350     |    0    |    0    |    16   |
|          |     select_ln298_fu_371     |    0    |    0    |    16   |
|----------|-----------------------------|---------|---------|---------|
|          |      icmp_ln1027_fu_213     |    0    |    0    |    16   |
|          |     icmp_ln298_1_fu_227     |    0    |    0    |    12   |
|   icmp   |     icmp_ln1027_1_fu_252    |    0    |    0    |    7    |
|          |     icmp_ln1027_2_fu_308    |    0    |    0    |    7    |
|          |     icmp_ln298_2_fu_384     |    0    |    0    |    7    |
|----------|-----------------------------|---------|---------|---------|
|    mul   |       mul_ln297_fu_360      |    2    |    0    |    21   |
|----------|-----------------------------|---------|---------|---------|
|          |       or_ln297_fu_232       |    0    |    0    |    1    |
|    or    |      or_ln297_1_fu_264      |    0    |    0    |    1    |
|          |       or_ln1027_fu_270      |    0    |    0    |    1    |
|          |       or_ln840_fu_294       |    0    |    0    |    1    |
|----------|-----------------------------|---------|---------|---------|
|    xor   |       xor_ln298_fu_276      |    0    |    0    |    1    |
|----------|-----------------------------|---------|---------|---------|
|    and   |       and_ln298_fu_282      |    0    |    0    |    1    |
|----------|-----------------------------|---------|---------|---------|
|          | icmp_ln298_read_read_fu_100 |    0    |    0    |    0    |
|          |    out_r_read_read_fu_106   |    0    |    0    |    0    |
|   read   |   ret_V_9_read_read_fu_112  |    0    |    0    |    0    |
|          |       tmp_read_fu_118       |    0    |    0    |    0    |
|          |     h_w_read_read_fu_124    |    0    |    0    |    0    |
|          |   bound73_read_read_fu_130  |    0    |    0    |    0    |
|----------|-----------------------------|---------|---------|---------|
| writereq |   empty_73_writereq_fu_136  |    0    |    0    |    0    |
|----------|-----------------------------|---------|---------|---------|
|   write  |   write_ln302_write_fu_142  |    0    |    0    |    0    |
|----------|-----------------------------|---------|---------|---------|
| writeresp|     grp_writeresp_fu_151    |    0    |    0    |    0    |
|----------|-----------------------------|---------|---------|---------|
|   zext   |      zext_ln297_fu_357      |    0    |    0    |    0    |
|          |     zext_ln297_1_fu_394     |    0    |    0    |    0    |
|----------|-----------------------------|---------|---------|---------|
|   Total  |                             |    2    |    0    |   379   |
|----------|-----------------------------|---------|---------|---------|

Memories:
N/A

* Register list:
+------------------------+--------+
|                        |   FF   |
+------------------------+--------+
|    and_ln298_reg_505   |    1   |
|  bound73_read_reg_477  |   47   |
|       c_V_reg_435      |   15   |
| first_iter_028_reg_167 |    1   |
|  first_iter_0_reg_156  |    1   |
| gmem_out_addr_1_reg_528|    8   |
|  gmem_out_addr_reg_523 |    8   |
|    h_w_read_reg_470    |   16   |
|  icmp_ln1027_2_reg_510 |    1   |
|   icmp_ln1027_reg_482  |    1   |
|  icmp_ln298_1_reg_486  |    1   |
|  icmp_ln298_2_reg_519  |    1   |
| icmp_ln298_read_reg_449|    1   |
|    indvar186_reg_421   |   16   |
|indvar_flatten65_reg_428|   32   |
|indvar_flatten85_reg_442|   47   |
|    mul_ln297_reg_514   |   32   |
|    or_ln1027_reg_501   |    1   |
|   out_r_read_reg_454   |   64   |
|  ret_V_9_read_reg_459  |   32   |
| select_ln297_1_reg_491 |   15   |
| select_ln297_2_reg_496 |    1   |
|       tmp_reg_465      |   32   |
|       w_V_reg_414      |   16   |
+------------------------+--------+
|          Total         |   390  |
+------------------------+--------+

* Multiplexer (MUX) list: 
|--------|------|------|------|--------|
|  Comp  |  Pin | Size |  BW  | S x BW |
|--------|------|------|------|--------|
|  Total |      |      |      |    0   |
|--------|------|------|------|--------|



* Summary:
+-----------+--------+--------+--------+
|           |   DSP  |   FF   |   LUT  |
+-----------+--------+--------+--------+
|  Function |    2   |    0   |   379  |
|   Memory  |    -   |    -   |    -   |
|Multiplexer|    -   |    -   |    -   |
|  Register |    -   |   390  |    -   |
+-----------+--------+--------+--------+
|   Total   |    2   |   390  |   379  |
+-----------+--------+--------+--------+
