

================================================================
== Vitis HLS Report for 'Block_entry352_proc1_Pipeline_VITIS_LOOP_117_7'
================================================================
* Date:           Thu Nov  6 12:00:38 2025

* Version:        2022.2 (Build 3670227 on Oct 13 2022)
* Project:        ip9
* Solution:       solution1 (Vivado IP Flow Target)
* Product family: zynq
* Target device:  xc7z020-clg400-2


================================================================
== Performance Estimates
================================================================
+ Timing: 
    * Summary: 
    +--------+----------+----------+------------+
    |  Clock |  Target  | Estimated| Uncertainty|
    +--------+----------+----------+------------+
    |ap_clk  |  10.00 ns|  7.300 ns|     2.70 ns|
    +--------+----------+----------+------------+

+ Latency: 
    * Summary: 
    +---------+---------+----------+----------+-----+-----+---------+
    |  Latency (cycles) |  Latency (absolute) |  Interval | Pipeline|
    |   min   |   max   |    min   |    max   | min | max |   Type  |
    +---------+---------+----------+----------+-----+-----+---------+
    |        ?|        ?|         ?|         ?|    ?|    ?|       no|
    +---------+---------+----------+----------+-----+-----+---------+

    + Detail: 
        * Instance: 
        N/A

        * Loop: 
        +-------------------------------------+---------+---------+----------+-----------+-----------+------+----------+
        |                                     |  Latency (cycles) | Iteration|  Initiation Interval  | Trip |          |
        |              Loop Name              |   min   |   max   |  Latency |  achieved |   target  | Count| Pipelined|
        +-------------------------------------+---------+---------+----------+-----------+-----------+------+----------+
        |- VITIS_LOOP_116_6_VITIS_LOOP_117_7  |        ?|        ?|        13|          1|          1|     ?|       yes|
        +-------------------------------------+---------+---------+----------+-----------+-----------+------+----------+



================================================================
== Utilization Estimates
================================================================
* Summary: 
+-----------------+---------+-----+--------+-------+-----+
|       Name      | BRAM_18K| DSP |   FF   |  LUT  | URAM|
+-----------------+---------+-----+--------+-------+-----+
|DSP              |        -|    -|       -|      -|    -|
|Expression       |        -|    -|       0|    584|    -|
|FIFO             |        -|    -|       -|      -|    -|
|Instance         |        -|    2|       0|     21|    -|
|Memory           |        -|    -|       -|      -|    -|
|Multiplexer      |        -|    -|       -|     81|    -|
|Register         |        -|    -|     792|    160|    -|
+-----------------+---------+-----+--------+-------+-----+
|Total            |        0|    2|     792|    846|    0|
+-----------------+---------+-----+--------+-------+-----+
|Available        |      280|  220|  106400|  53200|    0|
+-----------------+---------+-----+--------+-------+-----+
|Utilization (%)  |        0|   ~0|      ~0|      1|    0|
+-----------------+---------+-----+--------+-------+-----+

+ Detail: 
    * Instance: 
    +-------------------------+---------------------+---------+----+---+----+-----+
    |         Instance        |        Module       | BRAM_18K| DSP| FF| LUT| URAM|
    +-------------------------+---------------------+---------+----+---+----+-----+
    |mul_32s_16ns_32_1_1_U47  |mul_32s_16ns_32_1_1  |        0|   2|  0|  21|    0|
    +-------------------------+---------------------+---------+----+---+----+-----+
    |Total                    |                     |        0|   2|  0|  21|    0|
    +-------------------------+---------------------+---------+----+---+----+-----+

    * DSP: 
    N/A

    * Memory: 
    N/A

    * FIFO: 
    N/A

    * Expression: 
    +------------------------------------+----------+----+---+----+------------+------------+
    |            Variable Name           | Operation| DSP| FF| LUT| Bitwidth P0| Bitwidth P1|
    +------------------------------------+----------+----+---+----+------------+------------+
    |add_ln1027_3_fu_480_p2              |         +|   0|  0|  32|          32|          32|
    |add_ln1027_4_fu_484_p2              |         +|   0|  0|  32|          32|          32|
    |add_ln1027_5_fu_489_p2              |         +|   0|  0|  32|          32|          32|
    |add_ln1027_6_fu_505_p2              |         +|   0|  0|  64|          64|          64|
    |add_ln1027_fu_316_p2                |         +|   0|  0|  80|          80|           1|
    |add_ln116_1_fu_325_p2               |         +|   0|  0|  64|          64|           1|
    |add_ln117_fu_421_p2                 |         +|   0|  0|  16|          16|           1|
    |add_ln131_1_fu_411_p2               |         +|   0|  0|   8|           8|           8|
    |add_ln131_fu_387_p2                 |         +|   0|  0|   6|           6|           6|
    |w_in_1_mid1_fu_354_p2               |         +|   0|  0|  32|          32|          32|
    |w_in_fu_281_p2                      |         +|   0|  0|  32|          32|          32|
    |and_ln1027_fu_466_p2                |       and|   0|  0|   1|           1|           1|
    |ap_block_state13_pp0_stage0_iter12  |       and|   0|  0|   1|           1|           1|
    |ap_block_state6_io                  |       and|   0|  0|   1|           1|           1|
    |tmp23_fu_305_p2                     |       and|   0|  0|   1|           1|           1|
    |tmp23_mid1_fu_455_p2                |       and|   0|  0|   1|           1|           1|
    |cmp_i_i962_fu_300_p2                |      icmp|   0|  0|  12|          32|          32|
    |cmp_i_i962_mid1_fu_359_p2           |      icmp|   0|  0|  12|          32|          32|
    |icmp_ln1027_3_fu_331_p2             |      icmp|   0|  0|   7|          16|          16|
    |icmp_ln1027_fu_311_p2               |      icmp|   0|  0|  28|          80|          80|
    |ap_block_pp0_stage0_11001           |        or|   0|  0|   1|           1|           1|
    |or_ln1027_fu_336_p2                 |        or|   0|  0|   1|           1|           1|
    |select_ln1027_10_fu_342_p3          |    select|   0|  0|  16|           1|           1|
    |select_ln1027_11_fu_364_p3          |    select|   0|  0|  32|           1|          32|
    |select_ln1027_12_fu_372_p3          |    select|   0|  0|  64|           1|          64|
    |select_ln1027_fu_460_p3             |    select|   0|  0|   2|           1|           1|
    |ap_enable_pp0                       |       xor|   0|  0|   2|           1|           2|
    |rev21_fu_449_p2                     |       xor|   0|  0|   2|           1|           2|
    |rev_fu_294_p2                       |       xor|   0|  0|   2|           1|           2|
    +------------------------------------+----------+----+---+----+------------+------------+
    |Total                               |          |   0|  0| 584|         572|         512|
    +------------------------------------+----------+----+---+----+------------+------------+

    * Multiplexer: 
    +---------------------------------------+----+-----------+-----+-----------+
    |                  Name                 | LUT| Input Size| Bits| Total Bits|
    +---------------------------------------+----+-----------+-----+-----------+
    |ap_done_int                            |   9|          2|    1|          2|
    |ap_enable_reg_pp0_iter1                |   9|          2|    1|          2|
    |ap_enable_reg_pp0_iter2                |   9|          2|    1|          2|
    |ap_phi_mux_first_iter_0_phi_fu_240_p4  |   9|          2|    1|          2|
    |c_in_3_fu_110                          |   9|          2|   16|         32|
    |gmem1_blk_n_AR                         |   9|          2|    1|          2|
    |gmem1_blk_n_R                          |   9|          2|    1|          2|
    |indvar_flatten_fu_118                  |   9|          2|   80|        160|
    |w_in_blk_fu_114                        |   9|          2|   64|        128|
    +---------------------------------------+----+-----------+-----+-----------+
    |Total                                  |  81|         18|  166|        332|
    +---------------------------------------+----+-----------+-----+-----------+

    * Register: 
    +-------------------------------------+----+----+-----+-----------+
    |                 Name                | FF | LUT| Bits| Const Bits|
    +-------------------------------------+----+----+-----+-----------+
    |add_ln1027_5_reg_679                 |  32|   0|   32|          0|
    |add_ln131_1_reg_651                  |   8|   0|    8|          0|
    |and_ln1027_reg_660                   |   1|   0|    1|          0|
    |ap_CS_fsm                            |   1|   0|    1|          0|
    |ap_done_reg                          |   1|   0|    1|          0|
    |ap_enable_reg_pp0_iter1              |   1|   0|    1|          0|
    |ap_enable_reg_pp0_iter10             |   1|   0|    1|          0|
    |ap_enable_reg_pp0_iter11             |   1|   0|    1|          0|
    |ap_enable_reg_pp0_iter12             |   1|   0|    1|          0|
    |ap_enable_reg_pp0_iter13             |   1|   0|    1|          0|
    |ap_enable_reg_pp0_iter2              |   1|   0|    1|          0|
    |ap_enable_reg_pp0_iter3              |   1|   0|    1|          0|
    |ap_enable_reg_pp0_iter4              |   1|   0|    1|          0|
    |ap_enable_reg_pp0_iter5              |   1|   0|    1|          0|
    |ap_enable_reg_pp0_iter6              |   1|   0|    1|          0|
    |ap_enable_reg_pp0_iter7              |   1|   0|    1|          0|
    |ap_enable_reg_pp0_iter8              |   1|   0|    1|          0|
    |ap_enable_reg_pp0_iter9              |   1|   0|    1|          0|
    |ap_loop_exit_ready_pp0_iter10_reg    |   1|   0|    1|          0|
    |ap_loop_exit_ready_pp0_iter11_reg    |   1|   0|    1|          0|
    |ap_loop_exit_ready_pp0_iter12_reg    |   1|   0|    1|          0|
    |ap_loop_exit_ready_pp0_iter2_reg     |   1|   0|    1|          0|
    |ap_loop_exit_ready_pp0_iter3_reg     |   1|   0|    1|          0|
    |ap_loop_exit_ready_pp0_iter4_reg     |   1|   0|    1|          0|
    |ap_loop_exit_ready_pp0_iter5_reg     |   1|   0|    1|          0|
    |ap_loop_exit_ready_pp0_iter6_reg     |   1|   0|    1|          0|
    |ap_loop_exit_ready_pp0_iter7_reg     |   1|   0|    1|          0|
    |ap_loop_exit_ready_pp0_iter8_reg     |   1|   0|    1|          0|
    |ap_loop_exit_ready_pp0_iter9_reg     |   1|   0|    1|          0|
    |bitcast_ln128_reg_699                |  32|   0|   32|          0|
    |c_in_3_fu_110                        |  16|   0|   16|          0|
    |cmp_i_i962_mid1_reg_641              |   1|   0|    1|          0|
    |conv_i_i961_cast_reg_612             |  16|   0|   32|         16|
    |first_iter_0_reg_236                 |   1|   0|    1|          0|
    |icmp_ln1027_3_reg_627                |   1|   0|    1|          0|
    |icmp_ln1027_reg_623                  |   1|   0|    1|          0|
    |indvar_flatten_fu_118                |  80|   0|   80|          0|
    |local_feature_in_blk_1_addr_reg_674  |   8|   0|    8|          0|
    |local_feature_in_blk_addr_reg_669    |   8|   0|    8|          0|
    |mul_ln1027_reg_664                   |  32|   0|   32|          0|
    |or_ln1027_reg_632                    |   1|   0|    1|          0|
    |select_ln1027_11_reg_646             |  32|   0|   32|          0|
    |sext_ln117_mid2_v_reg_684            |  62|   0|   62|          0|
    |tmp23_reg_618                        |   1|   0|    1|          0|
    |trunc_ln131_2_reg_656                |   1|   0|    1|          0|
    |w_in_1_mid1_reg_636                  |  32|   0|   32|          0|
    |w_in_blk_fu_114                      |  64|   0|   64|          0|
    |zext_ln87_2_cast_reg_607             |  16|   0|   32|         16|
    |and_ln1027_reg_660                   |  64|  32|    1|          0|
    |local_feature_in_blk_1_addr_reg_674  |  64|  32|    8|          0|
    |local_feature_in_blk_addr_reg_669    |  64|  32|    8|          0|
    |or_ln1027_reg_632                    |  64|  32|    1|          0|
    |trunc_ln131_2_reg_656                |  64|  32|    1|          0|
    +-------------------------------------+----+----+-----+-----------+
    |Total                                | 792| 160|  523|         32|
    +-------------------------------------+----+----+-----+-----------+



================================================================
== Interface
================================================================
* Summary: 
+---------------------------------+-----+-----+------------+------------------------------------------------+--------------+
|            RTL Ports            | Dir | Bits|  Protocol  |                  Source Object                 |    C Type    |
+---------------------------------+-----+-----+------------+------------------------------------------------+--------------+
|ap_clk                           |   in|    1|  ap_ctrl_hs|  Block_entry352_proc1_Pipeline_VITIS_LOOP_117_7|  return value|
|ap_rst                           |   in|    1|  ap_ctrl_hs|  Block_entry352_proc1_Pipeline_VITIS_LOOP_117_7|  return value|
|ap_start                         |   in|    1|  ap_ctrl_hs|  Block_entry352_proc1_Pipeline_VITIS_LOOP_117_7|  return value|
|ap_done                          |  out|    1|  ap_ctrl_hs|  Block_entry352_proc1_Pipeline_VITIS_LOOP_117_7|  return value|
|ap_idle                          |  out|    1|  ap_ctrl_hs|  Block_entry352_proc1_Pipeline_VITIS_LOOP_117_7|  return value|
|ap_ready                         |  out|    1|  ap_ctrl_hs|  Block_entry352_proc1_Pipeline_VITIS_LOOP_117_7|  return value|
|m_axi_gmem1_AWVALID              |  out|    1|       m_axi|                                           gmem1|       pointer|
|m_axi_gmem1_AWREADY              |   in|    1|       m_axi|                                           gmem1|       pointer|
|m_axi_gmem1_AWADDR               |  out|   64|       m_axi|                                           gmem1|       pointer|
|m_axi_gmem1_AWID                 |  out|    1|       m_axi|                                           gmem1|       pointer|
|m_axi_gmem1_AWLEN                |  out|   32|       m_axi|                                           gmem1|       pointer|
|m_axi_gmem1_AWSIZE               |  out|    3|       m_axi|                                           gmem1|       pointer|
|m_axi_gmem1_AWBURST              |  out|    2|       m_axi|                                           gmem1|       pointer|
|m_axi_gmem1_AWLOCK               |  out|    2|       m_axi|                                           gmem1|       pointer|
|m_axi_gmem1_AWCACHE              |  out|    4|       m_axi|                                           gmem1|       pointer|
|m_axi_gmem1_AWPROT               |  out|    3|       m_axi|                                           gmem1|       pointer|
|m_axi_gmem1_AWQOS                |  out|    4|       m_axi|                                           gmem1|       pointer|
|m_axi_gmem1_AWREGION             |  out|    4|       m_axi|                                           gmem1|       pointer|
|m_axi_gmem1_AWUSER               |  out|    1|       m_axi|                                           gmem1|       pointer|
|m_axi_gmem1_WVALID               |  out|    1|       m_axi|                                           gmem1|       pointer|
|m_axi_gmem1_WREADY               |   in|    1|       m_axi|                                           gmem1|       pointer|
|m_axi_gmem1_WDATA                |  out|   32|       m_axi|                                           gmem1|       pointer|
|m_axi_gmem1_WSTRB                |  out|    4|       m_axi|                                           gmem1|       pointer|
|m_axi_gmem1_WLAST                |  out|    1|       m_axi|                                           gmem1|       pointer|
|m_axi_gmem1_WID                  |  out|    1|       m_axi|                                           gmem1|       pointer|
|m_axi_gmem1_WUSER                |  out|    1|       m_axi|                                           gmem1|       pointer|
|m_axi_gmem1_ARVALID              |  out|    1|       m_axi|                                           gmem1|       pointer|
|m_axi_gmem1_ARREADY              |   in|    1|       m_axi|                                           gmem1|       pointer|
|m_axi_gmem1_ARADDR               |  out|   64|       m_axi|                                           gmem1|       pointer|
|m_axi_gmem1_ARID                 |  out|    1|       m_axi|                                           gmem1|       pointer|
|m_axi_gmem1_ARLEN                |  out|   32|       m_axi|                                           gmem1|       pointer|
|m_axi_gmem1_ARSIZE               |  out|    3|       m_axi|                                           gmem1|       pointer|
|m_axi_gmem1_ARBURST              |  out|    2|       m_axi|                                           gmem1|       pointer|
|m_axi_gmem1_ARLOCK               |  out|    2|       m_axi|                                           gmem1|       pointer|
|m_axi_gmem1_ARCACHE              |  out|    4|       m_axi|                                           gmem1|       pointer|
|m_axi_gmem1_ARPROT               |  out|    3|       m_axi|                                           gmem1|       pointer|
|m_axi_gmem1_ARQOS                |  out|    4|       m_axi|                                           gmem1|       pointer|
|m_axi_gmem1_ARREGION             |  out|    4|       m_axi|                                           gmem1|       pointer|
|m_axi_gmem1_ARUSER               |  out|    1|       m_axi|                                           gmem1|       pointer|
|m_axi_gmem1_RVALID               |   in|    1|       m_axi|                                           gmem1|       pointer|
|m_axi_gmem1_RREADY               |  out|    1|       m_axi|                                           gmem1|       pointer|
|m_axi_gmem1_RDATA                |   in|   32|       m_axi|                                           gmem1|       pointer|
|m_axi_gmem1_RLAST                |   in|    1|       m_axi|                                           gmem1|       pointer|
|m_axi_gmem1_RID                  |   in|    1|       m_axi|                                           gmem1|       pointer|
|m_axi_gmem1_RFIFONUM             |   in|    9|       m_axi|                                           gmem1|       pointer|
|m_axi_gmem1_RUSER                |   in|    1|       m_axi|                                           gmem1|       pointer|
|m_axi_gmem1_RRESP                |   in|    2|       m_axi|                                           gmem1|       pointer|
|m_axi_gmem1_BVALID               |   in|    1|       m_axi|                                           gmem1|       pointer|
|m_axi_gmem1_BREADY               |  out|    1|       m_axi|                                           gmem1|       pointer|
|m_axi_gmem1_BRESP                |   in|    2|       m_axi|                                           gmem1|       pointer|
|m_axi_gmem1_BID                  |   in|    1|       m_axi|                                           gmem1|       pointer|
|m_axi_gmem1_BUSER                |   in|    1|       m_axi|                                           gmem1|       pointer|
|add_i_i1015                      |   in|   32|     ap_none|                                     add_i_i1015|        scalar|
|conv_i_i961                      |   in|   16|     ap_none|                                     conv_i_i961|        scalar|
|bound                            |   in|   80|     ap_none|                                           bound|        scalar|
|local_feature_in_blk_1_address0  |  out|    8|   ap_memory|                          local_feature_in_blk_1|         array|
|local_feature_in_blk_1_ce0       |  out|    1|   ap_memory|                          local_feature_in_blk_1|         array|
|local_feature_in_blk_1_we0       |  out|    1|   ap_memory|                          local_feature_in_blk_1|         array|
|local_feature_in_blk_1_d0        |  out|   32|   ap_memory|                          local_feature_in_blk_1|         array|
|local_feature_in_blk_1_address1  |  out|    8|   ap_memory|                          local_feature_in_blk_1|         array|
|local_feature_in_blk_1_ce1       |  out|    1|   ap_memory|                          local_feature_in_blk_1|         array|
|local_feature_in_blk_1_we1       |  out|    1|   ap_memory|                          local_feature_in_blk_1|         array|
|local_feature_in_blk_1_d1        |  out|   32|   ap_memory|                          local_feature_in_blk_1|         array|
|local_feature_in_blk_address0    |  out|    8|   ap_memory|                            local_feature_in_blk|         array|
|local_feature_in_blk_ce0         |  out|    1|   ap_memory|                            local_feature_in_blk|         array|
|local_feature_in_blk_we0         |  out|    1|   ap_memory|                            local_feature_in_blk|         array|
|local_feature_in_blk_d0          |  out|   32|   ap_memory|                            local_feature_in_blk|         array|
|local_feature_in_blk_address1    |  out|    8|   ap_memory|                            local_feature_in_blk|         array|
|local_feature_in_blk_ce1         |  out|    1|   ap_memory|                            local_feature_in_blk|         array|
|local_feature_in_blk_we1         |  out|    1|   ap_memory|                            local_feature_in_blk|         array|
|local_feature_in_blk_d1          |  out|   32|   ap_memory|                            local_feature_in_blk|         array|
|C_in                             |   in|   16|     ap_none|                                            C_in|        scalar|
|tmp22                            |   in|    1|     ap_none|                                           tmp22|        scalar|
|zext_ln87_2                      |   in|   16|     ap_none|                                     zext_ln87_2|        scalar|
|phi_mul594                       |   in|   32|     ap_none|                                      phi_mul594|        scalar|
|mul_ln105_1                      |   in|   32|     ap_none|                                     mul_ln105_1|        scalar|
|add_ln116                        |   in|   32|     ap_none|                                       add_ln116|        scalar|
|feature_in                       |   in|   64|     ap_none|                                      feature_in|        scalar|
|sub_ln131                        |   in|   62|     ap_none|                                       sub_ln131|        scalar|
+---------------------------------+-----+-----+------------+------------------------------------------------+--------------+

