

================================================================
== Vitis HLS Report for 'Block_entry352_proc1_Pipeline_VITIS_LOOP_141_11'
================================================================
* Date:           Thu Nov  6 12:00:39 2025

* Version:        2022.2 (Build 3670227 on Oct 13 2022)
* Project:        ip9
* Solution:       solution1 (Vivado IP Flow Target)
* Product family: zynq
* Target device:  xc7z020-clg400-2


================================================================
== Performance Estimates
================================================================
+ Timing: 
    * Summary: 
    +--------+----------+----------+------------+
    |  Clock |  Target  | Estimated| Uncertainty|
    +--------+----------+----------+------------+
    |ap_clk  |  10.00 ns|  7.300 ns|     2.70 ns|
    +--------+----------+----------+------------+

+ Latency: 
    * Summary: 
    +---------+---------+----------+----------+-----+-----+---------+
    |  Latency (cycles) |  Latency (absolute) |  Interval | Pipeline|
    |   min   |   max   |    min   |    max   | min | max |   Type  |
    +---------+---------+----------+----------+-----+-----+---------+
    |        ?|        ?|         ?|         ?|    ?|    ?|       no|
    +---------+---------+----------+----------+-----+-----+---------+

    + Detail: 
        * Instance: 
        N/A

        * Loop: 
        +--------------------------------------------------------+---------+---------+----------+-----------+-----------+------+----------+
        |                                                        |  Latency (cycles) | Iteration|  Initiation Interval  | Trip |          |
        |                        Loop Name                       |   min   |   max   |  Latency |  achieved |   target  | Count| Pipelined|
        +--------------------------------------------------------+---------+---------+----------+-----------+-----------+------+----------+
        |- VITIS_LOOP_138_8_VITIS_LOOP_140_10_VITIS_LOOP_141_11  |        ?|        ?|        13|          1|          1|     ?|       yes|
        +--------------------------------------------------------+---------+---------+----------+-----------+-----------+------+----------+



================================================================
== Utilization Estimates
================================================================
* Summary: 
+-----------------+---------+-----+--------+-------+-----+
|       Name      | BRAM_18K| DSP |   FF   |  LUT  | URAM|
+-----------------+---------+-----+--------+-------+-----+
|DSP              |        -|    2|       -|      -|    -|
|Expression       |        -|    -|       0|    903|    -|
|FIFO             |        -|    -|       -|      -|    -|
|Instance         |        -|    6|       0|     42|    -|
|Memory           |        -|    -|       -|      -|    -|
|Multiplexer      |        -|    -|       -|    144|    -|
|Register         |        -|    -|    1177|    288|    -|
+-----------------+---------+-----+--------+-------+-----+
|Total            |        0|    8|    1177|   1377|    0|
+-----------------+---------+-----+--------+-------+-----+
|Available        |      280|  220|  106400|  53200|    0|
+-----------------+---------+-----+--------+-------+-----+
|Utilization (%)  |        0|    3|       1|      2|    0|
+-----------------+---------+-----+--------+-------+-----+

+ Detail: 
    * Instance: 
    +------------------------+--------------------+---------+----+---+----+-----+
    |        Instance        |       Module       | BRAM_18K| DSP| FF| LUT| URAM|
    +------------------------+--------------------+---------+----+---+----+-----+
    |mul_32s_32s_32_1_1_U63  |mul_32s_32s_32_1_1  |        0|   3|  0|  21|    0|
    |mul_32s_32s_32_1_1_U64  |mul_32s_32s_32_1_1  |        0|   3|  0|  21|    0|
    +------------------------+--------------------+---------+----+---+----+-----+
    |Total                   |                    |        0|   6|  0|  42|    0|
    +------------------------+--------------------+---------+----+---+----+-----+

    * DSP: 
    +--------------------------------------+----------------------------------+--------------+
    |               Instance               |              Module              |  Expression  |
    +--------------------------------------+----------------------------------+--------------+
    |mac_muladd_16ns_16ns_32ns_32_4_1_U65  |mac_muladd_16ns_16ns_32ns_32_4_1  |  i0 + i1 * i2|
    |mac_muladd_16ns_16ns_32ns_32_4_1_U66  |mac_muladd_16ns_16ns_32ns_32_4_1  |  i0 + i1 * i2|
    +--------------------------------------+----------------------------------+--------------+

    * Memory: 
    N/A

    * FIFO: 
    N/A

    * Expression: 
    +-----------------------------------+----------+----+---+----+------------+------------+
    |           Variable Name           | Operation| DSP| FF| LUT| Bitwidth P0| Bitwidth P1|
    +-----------------------------------+----------+----+---+----+------------+------------+
    |add_ln1027_1_fu_818_p2             |         +|   0|  0|  16|          16|           1|
    |add_ln1027_2_fu_832_p2             |         +|   0|  0|  32|          32|           1|
    |add_ln1027_fu_962_p2               |         +|   0|  0|  64|          64|          64|
    |add_ln138_1_fu_888_p2              |         +|   0|  0|  64|          64|           1|
    |add_ln138_2_fu_522_p2              |         +|   0|  0|  96|          96|           1|
    |add_ln138_fu_534_p2                |         +|   0|  0|  64|          64|           1|
    |add_ln139_2_fu_631_p2              |         +|   0|  0|  16|          16|           1|
    |add_ln139_3_fu_927_p2              |         +|   0|  0|  32|          32|          32|
    |add_ln139_5_fu_931_p2              |         +|   0|  0|  32|          32|          32|
    |add_ln139_fu_918_p2                |         +|   0|  0|  32|          32|          32|
    |add_ln140_fu_720_p2                |         +|   0|  0|   8|           8|           1|
    |add_ln141_fu_812_p2                |         +|   0|  0|   8|           8|           1|
    |empty_148_fu_679_p2                |         +|   0|  0|   7|           5|           5|
    |empty_149_fu_770_p2                |         +|   0|  0|   6|           6|           6|
    |and_ln1027_1_fu_794_p2             |       and|   0|  0|   1|           1|           1|
    |and_ln1027_fu_707_p2               |       and|   0|  0|   1|           1|           1|
    |and_ln138_fu_601_p2                |       and|   0|  0|   1|           1|           1|
    |ap_block_state6_io                 |       and|   0|  0|   1|           1|           1|
    |ap_predicate_op165_readreq_state6  |       and|   0|  0|   1|           1|           1|
    |icmp_ln1027_1_fu_607_p2            |      icmp|   0|  0|   4|           8|           8|
    |icmp_ln1027_2_fu_619_p2            |      icmp|   0|  0|   7|          16|          16|
    |icmp_ln1027_fu_540_p2              |      icmp|   0|  0|  12|          32|          32|
    |icmp_ln138_fu_517_p2               |      icmp|   0|  0|  33|          96|          96|
    |ap_block_pp0_stage0_11001          |        or|   0|  0|   1|           1|           1|
    |or_ln1027_1_fu_643_p2              |        or|   0|  0|   1|           1|           1|
    |or_ln1027_2_fu_657_p2              |        or|   0|  0|   1|           1|           1|
    |or_ln1027_3_fu_726_p2              |        or|   0|  0|   1|           1|           1|
    |or_ln1027_4_fu_732_p2              |        or|   0|  0|   1|           1|           1|
    |or_ln1027_5_fu_738_p2              |        or|   0|  0|   1|           1|           1|
    |or_ln1027_fu_637_p2                |        or|   0|  0|   1|           1|           1|
    |or_ln138_1_fu_559_p2               |        or|   0|  0|   1|           1|           1|
    |or_ln138_fu_553_p2                 |        or|   0|  0|   1|           1|           1|
    |select_ln1027_10_fu_838_p3         |    select|   0|  0|  32|           1|           1|
    |select_ln1027_1_fu_667_p3          |    select|   0|  0|  16|           1|          16|
    |select_ln1027_2_fu_943_p3          |    select|   0|  0|  32|           1|          32|
    |select_ln1027_3_fu_693_p3          |    select|   0|  0|   6|           1|           1|
    |select_ln1027_4_fu_713_p3          |    select|   0|  0|   2|           1|           1|
    |select_ln1027_5_fu_744_p3          |    select|   0|  0|   8|           1|           1|
    |select_ln1027_6_fu_762_p3          |    select|   0|  0|   6|           1|           6|
    |select_ln1027_7_fu_780_p3          |    select|   0|  0|   2|           1|           1|
    |select_ln1027_8_fu_800_p3          |    select|   0|  0|   8|           1|           8|
    |select_ln1027_9_fu_824_p3          |    select|   0|  0|  16|           1|           1|
    |select_ln1027_fu_649_p3            |    select|   0|  0|   8|           1|           1|
    |select_ln138_1_fu_922_p3           |    select|   0|  0|  32|           1|          32|
    |select_ln138_2_fu_565_p3           |    select|   0|  0|  64|           1|          64|
    |select_ln138_3_fu_612_p3           |    select|   0|  0|   2|           1|           1|
    |select_ln138_4_fu_624_p3           |    select|   0|  0|   2|           1|           1|
    |select_ln138_5_fu_898_p3           |    select|   0|  0|  64|           1|          64|
    |select_ln138_6_fu_936_p3           |    select|   0|  0|  32|           1|          32|
    |select_ln138_fu_545_p3             |    select|   0|  0|  16|           1|           1|
    |ap_enable_pp0                      |       xor|   0|  0|   2|           1|           2|
    |xor_ln1027_1_fu_788_p2             |       xor|   0|  0|   2|           1|           2|
    |xor_ln1027_fu_701_p2               |       xor|   0|  0|   2|           1|           2|
    |xor_ln138_fu_595_p2                |       xor|   0|  0|   2|           1|           2|
    +-----------------------------------+----------+----+---+----+------------+------------+
    |Total                              |          |   0|  0| 903|         663|         617|
    +-----------------------------------+----------+----+---+----+------------+------------+

    * Multiplexer: 
    +----------------------------------------+----+-----------+-----+-----------+
    |                  Name                  | LUT| Input Size| Bits| Total Bits|
    +----------------------------------------+----+-----------+-----+-----------+
    |ap_done_int                             |   9|          2|    1|          2|
    |ap_enable_reg_pp0_iter1                 |   9|          2|    1|          2|
    |ap_enable_reg_pp0_iter5                 |   9|          2|    1|          2|
    |ap_phi_mux_first_iter_11_phi_fu_424_p4  |   9|          2|    1|          2|
    |ap_phi_mux_first_iter_1_phi_fu_413_p4   |   9|          2|    1|          2|
    |c_in_fu_156                             |   9|          2|   16|         32|
    |c_out_fu_164                            |   9|          2|   64|        128|
    |first_iter_1_reg_409                    |   9|          2|    1|          2|
    |gmem2_blk_n_AR                          |   9|          2|    1|          2|
    |gmem2_blk_n_R                           |   9|          2|    1|          2|
    |indvar3863_fu_168                       |   9|          2|   64|        128|
    |indvar_flatten109_fu_172                |   9|          2|   96|        192|
    |indvar_flatten21_fu_152                 |   9|          2|   16|         32|
    |indvar_flatten45_fu_160                 |   9|          2|   32|         64|
    |kh_fu_148                               |   9|          2|    8|         16|
    |kw_fu_144                               |   9|          2|    8|         16|
    +----------------------------------------+----+-----------+-----+-----------+
    |Total                                   | 144|         32|  312|        624|
    +----------------------------------------+----+-----------+-----+-----------+

    * Register: 
    +-----------------------------------+----+----+-----+-----------+
    |                Name               | FF | LUT| Bits| Const Bits|
    +-----------------------------------+----+----+-----+-----------+
    |and_ln1027_1_reg_1181              |   1|   0|    1|          0|
    |ap_CS_fsm                          |   1|   0|    1|          0|
    |ap_done_reg                        |   1|   0|    1|          0|
    |ap_enable_reg_pp0_iter1            |   1|   0|    1|          0|
    |ap_enable_reg_pp0_iter10           |   1|   0|    1|          0|
    |ap_enable_reg_pp0_iter11           |   1|   0|    1|          0|
    |ap_enable_reg_pp0_iter12           |   1|   0|    1|          0|
    |ap_enable_reg_pp0_iter13           |   1|   0|    1|          0|
    |ap_enable_reg_pp0_iter2            |   1|   0|    1|          0|
    |ap_enable_reg_pp0_iter3            |   1|   0|    1|          0|
    |ap_enable_reg_pp0_iter4            |   1|   0|    1|          0|
    |ap_enable_reg_pp0_iter5            |   1|   0|    1|          0|
    |ap_enable_reg_pp0_iter6            |   1|   0|    1|          0|
    |ap_enable_reg_pp0_iter7            |   1|   0|    1|          0|
    |ap_enable_reg_pp0_iter8            |   1|   0|    1|          0|
    |ap_enable_reg_pp0_iter9            |   1|   0|    1|          0|
    |ap_loop_exit_ready_pp0_iter10_reg  |   1|   0|    1|          0|
    |ap_loop_exit_ready_pp0_iter11_reg  |   1|   0|    1|          0|
    |ap_loop_exit_ready_pp0_iter12_reg  |   1|   0|    1|          0|
    |ap_loop_exit_ready_pp0_iter2_reg   |   1|   0|    1|          0|
    |ap_loop_exit_ready_pp0_iter3_reg   |   1|   0|    1|          0|
    |ap_loop_exit_ready_pp0_iter4_reg   |   1|   0|    1|          0|
    |ap_loop_exit_ready_pp0_iter5_reg   |   1|   0|    1|          0|
    |ap_loop_exit_ready_pp0_iter6_reg   |   1|   0|    1|          0|
    |ap_loop_exit_ready_pp0_iter7_reg   |   1|   0|    1|          0|
    |ap_loop_exit_ready_pp0_iter8_reg   |   1|   0|    1|          0|
    |ap_loop_exit_ready_pp0_iter9_reg   |   1|   0|    1|          0|
    |bitcast_ln146_reg_1227             |  32|   0|   32|          0|
    |c_in_fu_156                        |  16|   0|   16|          0|
    |c_out_fu_164                       |  64|   0|   64|          0|
    |empty_149_reg_1172                 |   6|   0|    6|          0|
    |first_iter_11_reg_420              |   1|   0|    1|          0|
    |first_iter_1_reg_409               |   1|   0|    1|          0|
    |icmp_ln1027_reg_1147               |   1|   0|    1|          0|
    |icmp_ln138_reg_1143                |   1|   0|    1|          0|
    |indvar3863_fu_168                  |  64|   0|   64|          0|
    |indvar_flatten109_fu_172           |  96|   0|   96|          0|
    |indvar_flatten21_fu_152            |  16|   0|   16|          0|
    |indvar_flatten45_fu_160            |  32|   0|   32|          0|
    |kh_fu_148                          |   8|   0|    8|          0|
    |kw_fu_144                          |   8|   0|    8|          0|
    |mul_ln138_1_reg_1206               |  32|   0|   32|          0|
    |mul_ln138_reg_1200                 |  32|   0|   32|          0|
    |or_ln1027_3_reg_1168               |   1|   0|    1|          0|
    |select_ln1027_7_reg_1177           |   1|   0|    1|          0|
    |select_ln138_4_reg_1158            |   1|   0|    1|          0|
    |sext_ln140_mid2_v_reg_1212         |  62|   0|   62|          0|
    |trunc_ln138_1_reg_1195             |  32|   0|   32|          0|
    |trunc_ln138_2_reg_1154             |   1|   0|    1|          0|
    |trunc_ln138_reg_1190               |  32|   0|   32|          0|
    |trunc_ln146_reg_1186               |   2|   0|    2|          0|
    |zext_ln87_13_cast_reg_1132         |  16|   0|   32|         16|
    |zext_ln87_19_cast_reg_1127         |  16|   0|   32|         16|
    |and_ln1027_1_reg_1181              |  64|  32|    1|          0|
    |empty_149_reg_1172                 |  64|  32|    6|          0|
    |icmp_ln1027_reg_1147               |  64|  32|    1|          0|
    |icmp_ln138_reg_1143                |  64|  32|    1|          0|
    |or_ln1027_3_reg_1168               |  64|  32|    1|          0|
    |select_ln1027_7_reg_1177           |  64|  32|    1|          0|
    |select_ln138_4_reg_1158            |  64|  32|    1|          0|
    |trunc_ln138_2_reg_1154             |  64|  32|    1|          0|
    |trunc_ln146_reg_1186               |  64|  32|    2|          0|
    +-----------------------------------+----+----+-----+-----------+
    |Total                              |1177| 288|  648|         32|
    +-----------------------------------+----+----+-----+-----------+



================================================================
== Interface
================================================================
* Summary: 
+-----------------------------------+-----+-----+------------+-------------------------------------------------+--------------+
|             RTL Ports             | Dir | Bits|  Protocol  |                  Source Object                  |    C Type    |
+-----------------------------------+-----+-----+------------+-------------------------------------------------+--------------+
|ap_clk                             |   in|    1|  ap_ctrl_hs|  Block_entry352_proc1_Pipeline_VITIS_LOOP_141_11|  return value|
|ap_rst                             |   in|    1|  ap_ctrl_hs|  Block_entry352_proc1_Pipeline_VITIS_LOOP_141_11|  return value|
|ap_start                           |   in|    1|  ap_ctrl_hs|  Block_entry352_proc1_Pipeline_VITIS_LOOP_141_11|  return value|
|ap_done                            |  out|    1|  ap_ctrl_hs|  Block_entry352_proc1_Pipeline_VITIS_LOOP_141_11|  return value|
|ap_idle                            |  out|    1|  ap_ctrl_hs|  Block_entry352_proc1_Pipeline_VITIS_LOOP_141_11|  return value|
|ap_ready                           |  out|    1|  ap_ctrl_hs|  Block_entry352_proc1_Pipeline_VITIS_LOOP_141_11|  return value|
|m_axi_gmem2_AWVALID                |  out|    1|       m_axi|                                            gmem2|       pointer|
|m_axi_gmem2_AWREADY                |   in|    1|       m_axi|                                            gmem2|       pointer|
|m_axi_gmem2_AWADDR                 |  out|   64|       m_axi|                                            gmem2|       pointer|
|m_axi_gmem2_AWID                   |  out|    1|       m_axi|                                            gmem2|       pointer|
|m_axi_gmem2_AWLEN                  |  out|   32|       m_axi|                                            gmem2|       pointer|
|m_axi_gmem2_AWSIZE                 |  out|    3|       m_axi|                                            gmem2|       pointer|
|m_axi_gmem2_AWBURST                |  out|    2|       m_axi|                                            gmem2|       pointer|
|m_axi_gmem2_AWLOCK                 |  out|    2|       m_axi|                                            gmem2|       pointer|
|m_axi_gmem2_AWCACHE                |  out|    4|       m_axi|                                            gmem2|       pointer|
|m_axi_gmem2_AWPROT                 |  out|    3|       m_axi|                                            gmem2|       pointer|
|m_axi_gmem2_AWQOS                  |  out|    4|       m_axi|                                            gmem2|       pointer|
|m_axi_gmem2_AWREGION               |  out|    4|       m_axi|                                            gmem2|       pointer|
|m_axi_gmem2_AWUSER                 |  out|    1|       m_axi|                                            gmem2|       pointer|
|m_axi_gmem2_WVALID                 |  out|    1|       m_axi|                                            gmem2|       pointer|
|m_axi_gmem2_WREADY                 |   in|    1|       m_axi|                                            gmem2|       pointer|
|m_axi_gmem2_WDATA                  |  out|   32|       m_axi|                                            gmem2|       pointer|
|m_axi_gmem2_WSTRB                  |  out|    4|       m_axi|                                            gmem2|       pointer|
|m_axi_gmem2_WLAST                  |  out|    1|       m_axi|                                            gmem2|       pointer|
|m_axi_gmem2_WID                    |  out|    1|       m_axi|                                            gmem2|       pointer|
|m_axi_gmem2_WUSER                  |  out|    1|       m_axi|                                            gmem2|       pointer|
|m_axi_gmem2_ARVALID                |  out|    1|       m_axi|                                            gmem2|       pointer|
|m_axi_gmem2_ARREADY                |   in|    1|       m_axi|                                            gmem2|       pointer|
|m_axi_gmem2_ARADDR                 |  out|   64|       m_axi|                                            gmem2|       pointer|
|m_axi_gmem2_ARID                   |  out|    1|       m_axi|                                            gmem2|       pointer|
|m_axi_gmem2_ARLEN                  |  out|   32|       m_axi|                                            gmem2|       pointer|
|m_axi_gmem2_ARSIZE                 |  out|    3|       m_axi|                                            gmem2|       pointer|
|m_axi_gmem2_ARBURST                |  out|    2|       m_axi|                                            gmem2|       pointer|
|m_axi_gmem2_ARLOCK                 |  out|    2|       m_axi|                                            gmem2|       pointer|
|m_axi_gmem2_ARCACHE                |  out|    4|       m_axi|                                            gmem2|       pointer|
|m_axi_gmem2_ARPROT                 |  out|    3|       m_axi|                                            gmem2|       pointer|
|m_axi_gmem2_ARQOS                  |  out|    4|       m_axi|                                            gmem2|       pointer|
|m_axi_gmem2_ARREGION               |  out|    4|       m_axi|                                            gmem2|       pointer|
|m_axi_gmem2_ARUSER                 |  out|    1|       m_axi|                                            gmem2|       pointer|
|m_axi_gmem2_RVALID                 |   in|    1|       m_axi|                                            gmem2|       pointer|
|m_axi_gmem2_RREADY                 |  out|    1|       m_axi|                                            gmem2|       pointer|
|m_axi_gmem2_RDATA                  |   in|   32|       m_axi|                                            gmem2|       pointer|
|m_axi_gmem2_RLAST                  |   in|    1|       m_axi|                                            gmem2|       pointer|
|m_axi_gmem2_RID                    |   in|    1|       m_axi|                                            gmem2|       pointer|
|m_axi_gmem2_RFIFONUM               |   in|    9|       m_axi|                                            gmem2|       pointer|
|m_axi_gmem2_RUSER                  |   in|    1|       m_axi|                                            gmem2|       pointer|
|m_axi_gmem2_RRESP                  |   in|    2|       m_axi|                                            gmem2|       pointer|
|m_axi_gmem2_BVALID                 |   in|    1|       m_axi|                                            gmem2|       pointer|
|m_axi_gmem2_BREADY                 |  out|    1|       m_axi|                                            gmem2|       pointer|
|m_axi_gmem2_BRESP                  |   in|    2|       m_axi|                                            gmem2|       pointer|
|m_axi_gmem2_BID                    |   in|    1|       m_axi|                                            gmem2|       pointer|
|m_axi_gmem2_BUSER                  |   in|    1|       m_axi|                                            gmem2|       pointer|
|zext_ln87_21                       |   in|   17|     ap_none|                                     zext_ln87_21|        scalar|
|mul_ln87_5                         |   in|   32|     ap_none|                                       mul_ln87_5|        scalar|
|zext_ln87_13                       |   in|   16|     ap_none|                                     zext_ln87_13|        scalar|
|shl_ln1027_1                       |   in|   32|     ap_none|                                     shl_ln1027_1|        scalar|
|bound57                            |   in|   96|     ap_none|                                          bound57|        scalar|
|local_conv_kernel_blk_11_address0  |  out|    6|   ap_memory|                         local_conv_kernel_blk_11|         array|
|local_conv_kernel_blk_11_ce0       |  out|    1|   ap_memory|                         local_conv_kernel_blk_11|         array|
|local_conv_kernel_blk_11_we0       |  out|    1|   ap_memory|                         local_conv_kernel_blk_11|         array|
|local_conv_kernel_blk_11_d0        |  out|   32|   ap_memory|                         local_conv_kernel_blk_11|         array|
|local_conv_kernel_blk_10_address0  |  out|    6|   ap_memory|                         local_conv_kernel_blk_10|         array|
|local_conv_kernel_blk_10_ce0       |  out|    1|   ap_memory|                         local_conv_kernel_blk_10|         array|
|local_conv_kernel_blk_10_we0       |  out|    1|   ap_memory|                         local_conv_kernel_blk_10|         array|
|local_conv_kernel_blk_10_d0        |  out|   32|   ap_memory|                         local_conv_kernel_blk_10|         array|
|local_conv_kernel_blk_9_address0   |  out|    6|   ap_memory|                          local_conv_kernel_blk_9|         array|
|local_conv_kernel_blk_9_ce0        |  out|    1|   ap_memory|                          local_conv_kernel_blk_9|         array|
|local_conv_kernel_blk_9_we0        |  out|    1|   ap_memory|                          local_conv_kernel_blk_9|         array|
|local_conv_kernel_blk_9_d0         |  out|   32|   ap_memory|                          local_conv_kernel_blk_9|         array|
|local_conv_kernel_blk_8_address0   |  out|    6|   ap_memory|                          local_conv_kernel_blk_8|         array|
|local_conv_kernel_blk_8_ce0        |  out|    1|   ap_memory|                          local_conv_kernel_blk_8|         array|
|local_conv_kernel_blk_8_we0        |  out|    1|   ap_memory|                          local_conv_kernel_blk_8|         array|
|local_conv_kernel_blk_8_d0         |  out|   32|   ap_memory|                          local_conv_kernel_blk_8|         array|
|local_conv_kernel_blk_7_address0   |  out|    6|   ap_memory|                          local_conv_kernel_blk_7|         array|
|local_conv_kernel_blk_7_ce0        |  out|    1|   ap_memory|                          local_conv_kernel_blk_7|         array|
|local_conv_kernel_blk_7_we0        |  out|    1|   ap_memory|                          local_conv_kernel_blk_7|         array|
|local_conv_kernel_blk_7_d0         |  out|   32|   ap_memory|                          local_conv_kernel_blk_7|         array|
|local_conv_kernel_blk_6_address0   |  out|    6|   ap_memory|                          local_conv_kernel_blk_6|         array|
|local_conv_kernel_blk_6_ce0        |  out|    1|   ap_memory|                          local_conv_kernel_blk_6|         array|
|local_conv_kernel_blk_6_we0        |  out|    1|   ap_memory|                          local_conv_kernel_blk_6|         array|
|local_conv_kernel_blk_6_d0         |  out|   32|   ap_memory|                          local_conv_kernel_blk_6|         array|
|local_conv_kernel_blk_5_address0   |  out|    6|   ap_memory|                          local_conv_kernel_blk_5|         array|
|local_conv_kernel_blk_5_ce0        |  out|    1|   ap_memory|                          local_conv_kernel_blk_5|         array|
|local_conv_kernel_blk_5_we0        |  out|    1|   ap_memory|                          local_conv_kernel_blk_5|         array|
|local_conv_kernel_blk_5_d0         |  out|   32|   ap_memory|                          local_conv_kernel_blk_5|         array|
|local_conv_kernel_blk_4_address0   |  out|    6|   ap_memory|                          local_conv_kernel_blk_4|         array|
|local_conv_kernel_blk_4_ce0        |  out|    1|   ap_memory|                          local_conv_kernel_blk_4|         array|
|local_conv_kernel_blk_4_we0        |  out|    1|   ap_memory|                          local_conv_kernel_blk_4|         array|
|local_conv_kernel_blk_4_d0         |  out|   32|   ap_memory|                          local_conv_kernel_blk_4|         array|
|local_conv_kernel_blk_3_address0   |  out|    6|   ap_memory|                          local_conv_kernel_blk_3|         array|
|local_conv_kernel_blk_3_ce0        |  out|    1|   ap_memory|                          local_conv_kernel_blk_3|         array|
|local_conv_kernel_blk_3_we0        |  out|    1|   ap_memory|                          local_conv_kernel_blk_3|         array|
|local_conv_kernel_blk_3_d0         |  out|   32|   ap_memory|                          local_conv_kernel_blk_3|         array|
|local_conv_kernel_blk_2_address0   |  out|    6|   ap_memory|                          local_conv_kernel_blk_2|         array|
|local_conv_kernel_blk_2_ce0        |  out|    1|   ap_memory|                          local_conv_kernel_blk_2|         array|
|local_conv_kernel_blk_2_we0        |  out|    1|   ap_memory|                          local_conv_kernel_blk_2|         array|
|local_conv_kernel_blk_2_d0         |  out|   32|   ap_memory|                          local_conv_kernel_blk_2|         array|
|local_conv_kernel_blk_1_address0   |  out|    6|   ap_memory|                          local_conv_kernel_blk_1|         array|
|local_conv_kernel_blk_1_ce0        |  out|    1|   ap_memory|                          local_conv_kernel_blk_1|         array|
|local_conv_kernel_blk_1_we0        |  out|    1|   ap_memory|                          local_conv_kernel_blk_1|         array|
|local_conv_kernel_blk_1_d0         |  out|   32|   ap_memory|                          local_conv_kernel_blk_1|         array|
|local_conv_kernel_blk_address0     |  out|    6|   ap_memory|                            local_conv_kernel_blk|         array|
|local_conv_kernel_blk_ce0          |  out|    1|   ap_memory|                            local_conv_kernel_blk|         array|
|local_conv_kernel_blk_we0          |  out|    1|   ap_memory|                            local_conv_kernel_blk|         array|
|local_conv_kernel_blk_d0           |  out|   32|   ap_memory|                            local_conv_kernel_blk|         array|
|zext_ln87_19                       |   in|   16|     ap_none|                                     zext_ln87_19|        scalar|
|kernel_size                        |   in|    8|     ap_none|                                      kernel_size|        scalar|
|icmp_ln1027_16                     |   in|    1|     ap_none|                                   icmp_ln1027_16|        scalar|
|mul_ln87_4                         |   in|   16|     ap_none|                                       mul_ln87_4|        scalar|
|icmp_ln1027_17                     |   in|    1|     ap_none|                                   icmp_ln1027_17|        scalar|
|conv_kernel                        |   in|   64|     ap_none|                                      conv_kernel|        scalar|
+-----------------------------------+-----+-----+------------+-------------------------------------------------+--------------+

