

================================================================
== Vitis HLS Report for 'Block_entry352_proc1_Pipeline_3'
================================================================
* Date:           Thu Nov  6 12:00:37 2025

* Version:        2022.2 (Build 3670227 on Oct 13 2022)
* Project:        ip9
* Solution:       solution1 (Vivado IP Flow Target)
* Product family: zynq
* Target device:  xc7z020-clg400-2


================================================================
== Performance Estimates
================================================================
+ Timing: 
    * Summary: 
    +--------+----------+----------+------------+
    |  Clock |  Target  | Estimated| Uncertainty|
    +--------+----------+----------+------------+
    |ap_clk  |  10.00 ns|  5.620 ns|     2.70 ns|
    +--------+----------+----------+------------+

+ Latency: 
    * Summary: 
    +---------+---------+----------+----------+-----+-----+---------+
    |  Latency (cycles) |  Latency (absolute) |  Interval | Pipeline|
    |   min   |   max   |    min   |    max   | min | max |   Type  |
    +---------+---------+----------+----------+-----+-----+---------+
    |      290|      290|  2.900 us|  2.900 us|  290|  290|       no|
    +---------+---------+----------+----------+-----+-----+---------+

    + Detail: 
        * Instance: 
        N/A

        * Loop: 
        +----------+---------+---------+----------+-----------+-----------+------+----------+
        |          |  Latency (cycles) | Iteration|  Initiation Interval  | Trip |          |
        | Loop Name|   min   |   max   |  Latency |  achieved |   target  | Count| Pipelined|
        +----------+---------+---------+----------+-----------+-----------+------+----------+
        |- Loop 1  |      288|      288|         1|          1|          1|   288|       yes|
        +----------+---------+---------+----------+-----------+-----------+------+----------+



================================================================
== Utilization Estimates
================================================================
* Summary: 
+-----------------+---------+-----+--------+-------+-----+
|       Name      | BRAM_18K| DSP |   FF   |  LUT  | URAM|
+-----------------+---------+-----+--------+-------+-----+
|DSP              |        -|    -|       -|      -|    -|
|Expression       |        -|    -|       0|     69|    -|
|FIFO             |        -|    -|       -|      -|    -|
|Instance         |        -|    -|       -|      -|    -|
|Memory           |        -|    -|       -|      -|    -|
|Multiplexer      |        -|    -|       -|     45|    -|
|Register         |        -|    -|      39|      -|    -|
+-----------------+---------+-----+--------+-------+-----+
|Total            |        0|    0|      39|    114|    0|
+-----------------+---------+-----+--------+-------+-----+
|Available        |      280|  220|  106400|  53200|    0|
+-----------------+---------+-----+--------+-------+-----+
|Utilization (%)  |        0|    0|      ~0|     ~0|    0|
+-----------------+---------+-----+--------+-------+-----+

+ Detail: 
    * Instance: 
    N/A

    * DSP: 
    N/A

    * Memory: 
    N/A

    * FIFO: 
    N/A

    * Expression: 
    +-----------------------+----------+----+---+----+------------+------------+
    |     Variable Name     | Operation| DSP| FF| LUT| Bitwidth P0| Bitwidth P1|
    +-----------------------+----------+----+---+----+------------+------------+
    |empty_162_fu_124_p2    |         +|   0|  0|   9|           9|           1|
    |empty_165_fu_192_p2    |         +|   0|  0|   7|           6|           6|
    |next_mul575_fu_136_p2  |         +|   0|  0|  18|          18|          10|
    |next_urem_fu_229_p2    |         +|   0|  0|   9|           9|           1|
    |empty_164_fu_172_p2    |         -|   0|  0|   7|           6|           6|
    |empty_163_fu_235_p2    |      icmp|   0|  0|   4|           9|           6|
    |exitcond13_fu_118_p2   |      icmp|   0|  0|   4|           9|           9|
    |idx_urem_fu_241_p3     |    select|   0|  0|   9|           1|           9|
    |ap_enable_pp0          |       xor|   0|  0|   2|           1|           2|
    +-----------------------+----------+----+---+----+------------+------------+
    |Total                  |          |   0|  0|  69|          68|          50|
    +-----------------------+----------+----+---+----+------------+------------+

    * Multiplexer: 
    +-------------------------+----+-----------+-----+-----------+
    |           Name          | LUT| Input Size| Bits| Total Bits|
    +-------------------------+----+-----------+-----+-----------+
    |ap_done_int              |   9|          2|    1|          2|
    |ap_enable_reg_pp0_iter1  |   9|          2|    1|          2|
    |empty_fu_68              |   9|          2|    9|         18|
    |phi_mul574_fu_64         |   9|          2|   18|         36|
    |phi_urem_fu_60           |   9|          2|    9|         18|
    +-------------------------+----+-----------+-----+-----------+
    |Total                    |  45|         10|   38|         76|
    +-------------------------+----+-----------+-----+-----------+

    * Register: 
    +-------------------------+----+----+-----+-----------+
    |           Name          | FF | LUT| Bits| Const Bits|
    +-------------------------+----+----+-----+-----------+
    |ap_CS_fsm                |   1|   0|    1|          0|
    |ap_done_reg              |   1|   0|    1|          0|
    |ap_enable_reg_pp0_iter1  |   1|   0|    1|          0|
    |empty_fu_68              |   9|   0|    9|          0|
    |phi_mul574_fu_64         |  18|   0|   18|          0|
    |phi_urem_fu_60           |   9|   0|    9|          0|
    +-------------------------+----+----+-----+-----------+
    |Total                    |  39|   0|   39|          0|
    +-------------------------+----+----+-----+-----------+



================================================================
== Interface
================================================================
* Summary: 
+---------------------------------+-----+-----+------------+---------------------------------+--------------+
|            RTL Ports            | Dir | Bits|  Protocol  |          Source Object          |    C Type    |
+---------------------------------+-----+-----+------------+---------------------------------+--------------+
|ap_clk                           |   in|    1|  ap_ctrl_hs|  Block_entry352_proc1_Pipeline_3|  return value|
|ap_rst                           |   in|    1|  ap_ctrl_hs|  Block_entry352_proc1_Pipeline_3|  return value|
|ap_start                         |   in|    1|  ap_ctrl_hs|  Block_entry352_proc1_Pipeline_3|  return value|
|ap_done                          |  out|    1|  ap_ctrl_hs|  Block_entry352_proc1_Pipeline_3|  return value|
|ap_idle                          |  out|    1|  ap_ctrl_hs|  Block_entry352_proc1_Pipeline_3|  return value|
|ap_ready                         |  out|    1|  ap_ctrl_hs|  Block_entry352_proc1_Pipeline_3|  return value|
|local_feature_in_blk_address0    |  out|    8|   ap_memory|             local_feature_in_blk|         array|
|local_feature_in_blk_ce0         |  out|    1|   ap_memory|             local_feature_in_blk|         array|
|local_feature_in_blk_we0         |  out|    1|   ap_memory|             local_feature_in_blk|         array|
|local_feature_in_blk_d0          |  out|   32|   ap_memory|             local_feature_in_blk|         array|
|local_feature_in_blk_1_address0  |  out|    8|   ap_memory|           local_feature_in_blk_1|         array|
|local_feature_in_blk_1_ce0       |  out|    1|   ap_memory|           local_feature_in_blk_1|         array|
|local_feature_in_blk_1_we0       |  out|    1|   ap_memory|           local_feature_in_blk_1|         array|
|local_feature_in_blk_1_d0        |  out|   32|   ap_memory|           local_feature_in_blk_1|         array|
+---------------------------------+-----+-----+------------+---------------------------------+--------------+

