

================================================================
== Vitis HLS Report for 'Block_entry352_proc1_Pipeline_VITIS_LOOP_79_1'
================================================================
* Date:           Thu Nov  6 12:00:37 2025

* Version:        2022.2 (Build 3670227 on Oct 13 2022)
* Project:        ip9
* Solution:       solution1 (Vivado IP Flow Target)
* Product family: zynq
* Target device:  xc7z020-clg400-2


================================================================
== Performance Estimates
================================================================
+ Timing: 
    * Summary: 
    +--------+----------+----------+------------+
    |  Clock |  Target  | Estimated| Uncertainty|
    +--------+----------+----------+------------+
    |ap_clk  |  10.00 ns|  7.300 ns|     2.70 ns|
    +--------+----------+----------+------------+

+ Latency: 
    * Summary: 
    +---------+---------+-----------+----------+-----+--------+---------+
    |  Latency (cycles) |  Latency (absolute)  |   Interval   | Pipeline|
    |   min   |   max   |    min    |    max   | min |   max  |   Type  |
    +---------+---------+-----------+----------+-----+--------+---------+
    |        2|   131153|  20.000 ns|  1.312 ms|    2|  131153|       no|
    +---------+---------+-----------+----------+-----+--------+---------+

    + Detail: 
        * Instance: 
        N/A

        * Loop: 
        +-------------------+---------+---------+----------+-----------+-----------+-----------+----------+
        |                   |  Latency (cycles) | Iteration|  Initiation Interval  |    Trip   |          |
        |     Loop Name     |   min   |   max   |  Latency |  achieved |   target  |   Count   | Pipelined|
        +-------------------+---------+---------+----------+-----------+-----------+-----------+----------+
        |- VITIS_LOOP_79_1  |        0|   131151|        84|          2|          1|  0 ~ 65535|       yes|
        +-------------------+---------+---------+----------+-----------+-----------+-----------+----------+



================================================================
== Utilization Estimates
================================================================
* Summary: 
+-----------------+---------+-----+--------+-------+-----+
|       Name      | BRAM_18K| DSP |   FF   |  LUT  | URAM|
+-----------------+---------+-----+--------+-------+-----+
|DSP              |        -|    -|       -|      -|    -|
|Expression       |        -|    -|       0|    155|    -|
|FIFO             |        -|    -|       -|      -|    -|
|Instance         |        -|    -|       -|      -|    -|
|Memory           |        -|    -|       -|      -|    -|
|Multiplexer      |        -|    -|       -|    102|    -|
|Register         |        -|    -|     847|     96|    -|
+-----------------+---------+-----+--------+-------+-----+
|Total            |        0|    0|     847|    353|    0|
+-----------------+---------+-----+--------+-------+-----+
|Available        |      280|  220|  106400|  53200|    0|
+-----------------+---------+-----+--------+-------+-----+
|Utilization (%)  |        0|    0|      ~0|     ~0|    0|
+-----------------+---------+-----+--------+-------+-----+

+ Detail: 
    * Instance: 
    N/A

    * DSP: 
    N/A

    * Memory: 
    N/A

    * FIFO: 
    N/A

    * Expression: 
    +---------------------------+----------+----+---+----+------------+------------+
    |       Variable Name       | Operation| DSP| FF| LUT| Bitwidth P0| Bitwidth P1|
    +---------------------------+----------+----+---+----+------------+------------+
    |add_ln79_fu_220_p2         |         +|   0|  0|  16|          16|           1|
    |add_ln81_fu_230_p2         |         +|   0|  0|  63|          63|          63|
    |add_ln83_fu_246_p2         |         +|   0|  0|  63|          63|          63|
    |ap_block_pp0_stage1_00001  |       and|   0|  0|   1|           1|           1|
    |ap_block_state2_io         |       and|   0|  0|   1|           1|           1|
    |icmp_ln1027_fu_214_p2      |      icmp|   0|  0|   7|          16|          16|
    |ap_block_pp0_stage0_11001  |        or|   0|  0|   1|           1|           1|
    |ap_block_pp0_stage1_11001  |        or|   0|  0|   1|           1|           1|
    |ap_enable_pp0              |       xor|   0|  0|   2|           1|           2|
    +---------------------------+----------+----+---+----+------------+------------+
    |Total                      |          |   0|  0| 155|         163|         149|
    +---------------------------+----------+----+---+----+------------+------------+

    * Multiplexer: 
    +--------------------------------+----+-----------+-----+-----------+
    |              Name              | LUT| Input Size| Bits| Total Bits|
    +--------------------------------+----+-----------+-----+-----------+
    |ap_NS_fsm                       |  13|          3|    1|          3|
    |ap_done_int                     |   9|          2|    1|          2|
    |ap_enable_reg_pp0_iter0         |   9|          2|    1|          2|
    |ap_enable_reg_pp0_iter1         |   9|          2|    1|          2|
    |ap_sig_allocacmp_c_out_param_1  |   9|          2|   16|         32|
    |c_out_param_fu_78               |   9|          2|   16|         32|
    |gmem3_blk_n_AR                  |   9|          2|    1|          2|
    |gmem3_blk_n_R                   |   9|          2|    1|          2|
    |grp_fu_181_p0                   |  13|          3|   32|         96|
    |m_axi_gmem3_ARADDR              |  13|          3|   64|        192|
    +--------------------------------+----+-----------+-----+-----------+
    |Total                           | 102|         23|  134|        365|
    +--------------------------------+----+-----------+-----+-----------+

    * Register: 
    +-----------------------------------+----+----+-----+-----------+
    |                Name               | FF | LUT| Bits| Const Bits|
    +-----------------------------------+----+----+-----+-----------+
    |ap_CS_fsm                          |   2|   0|    2|          0|
    |ap_done_reg                        |   1|   0|    1|          0|
    |ap_enable_reg_pp0_iter0_reg        |   1|   0|    1|          0|
    |ap_enable_reg_pp0_iter1            |   1|   0|    1|          0|
    |ap_enable_reg_pp0_iter10           |   1|   0|    1|          0|
    |ap_enable_reg_pp0_iter11           |   1|   0|    1|          0|
    |ap_enable_reg_pp0_iter12           |   1|   0|    1|          0|
    |ap_enable_reg_pp0_iter13           |   1|   0|    1|          0|
    |ap_enable_reg_pp0_iter14           |   1|   0|    1|          0|
    |ap_enable_reg_pp0_iter15           |   1|   0|    1|          0|
    |ap_enable_reg_pp0_iter16           |   1|   0|    1|          0|
    |ap_enable_reg_pp0_iter17           |   1|   0|    1|          0|
    |ap_enable_reg_pp0_iter18           |   1|   0|    1|          0|
    |ap_enable_reg_pp0_iter19           |   1|   0|    1|          0|
    |ap_enable_reg_pp0_iter2            |   1|   0|    1|          0|
    |ap_enable_reg_pp0_iter20           |   1|   0|    1|          0|
    |ap_enable_reg_pp0_iter21           |   1|   0|    1|          0|
    |ap_enable_reg_pp0_iter22           |   1|   0|    1|          0|
    |ap_enable_reg_pp0_iter23           |   1|   0|    1|          0|
    |ap_enable_reg_pp0_iter24           |   1|   0|    1|          0|
    |ap_enable_reg_pp0_iter25           |   1|   0|    1|          0|
    |ap_enable_reg_pp0_iter26           |   1|   0|    1|          0|
    |ap_enable_reg_pp0_iter27           |   1|   0|    1|          0|
    |ap_enable_reg_pp0_iter28           |   1|   0|    1|          0|
    |ap_enable_reg_pp0_iter29           |   1|   0|    1|          0|
    |ap_enable_reg_pp0_iter3            |   1|   0|    1|          0|
    |ap_enable_reg_pp0_iter30           |   1|   0|    1|          0|
    |ap_enable_reg_pp0_iter31           |   1|   0|    1|          0|
    |ap_enable_reg_pp0_iter32           |   1|   0|    1|          0|
    |ap_enable_reg_pp0_iter33           |   1|   0|    1|          0|
    |ap_enable_reg_pp0_iter34           |   1|   0|    1|          0|
    |ap_enable_reg_pp0_iter35           |   1|   0|    1|          0|
    |ap_enable_reg_pp0_iter36           |   1|   0|    1|          0|
    |ap_enable_reg_pp0_iter37           |   1|   0|    1|          0|
    |ap_enable_reg_pp0_iter38           |   1|   0|    1|          0|
    |ap_enable_reg_pp0_iter39           |   1|   0|    1|          0|
    |ap_enable_reg_pp0_iter4            |   1|   0|    1|          0|
    |ap_enable_reg_pp0_iter40           |   1|   0|    1|          0|
    |ap_enable_reg_pp0_iter41           |   1|   0|    1|          0|
    |ap_enable_reg_pp0_iter5            |   1|   0|    1|          0|
    |ap_enable_reg_pp0_iter6            |   1|   0|    1|          0|
    |ap_enable_reg_pp0_iter7            |   1|   0|    1|          0|
    |ap_enable_reg_pp0_iter8            |   1|   0|    1|          0|
    |ap_enable_reg_pp0_iter9            |   1|   0|    1|          0|
    |ap_loop_exit_ready_pp0_iter10_reg  |   1|   0|    1|          0|
    |ap_loop_exit_ready_pp0_iter11_reg  |   1|   0|    1|          0|
    |ap_loop_exit_ready_pp0_iter12_reg  |   1|   0|    1|          0|
    |ap_loop_exit_ready_pp0_iter13_reg  |   1|   0|    1|          0|
    |ap_loop_exit_ready_pp0_iter14_reg  |   1|   0|    1|          0|
    |ap_loop_exit_ready_pp0_iter15_reg  |   1|   0|    1|          0|
    |ap_loop_exit_ready_pp0_iter16_reg  |   1|   0|    1|          0|
    |ap_loop_exit_ready_pp0_iter17_reg  |   1|   0|    1|          0|
    |ap_loop_exit_ready_pp0_iter18_reg  |   1|   0|    1|          0|
    |ap_loop_exit_ready_pp0_iter19_reg  |   1|   0|    1|          0|
    |ap_loop_exit_ready_pp0_iter1_reg   |   1|   0|    1|          0|
    |ap_loop_exit_ready_pp0_iter20_reg  |   1|   0|    1|          0|
    |ap_loop_exit_ready_pp0_iter21_reg  |   1|   0|    1|          0|
    |ap_loop_exit_ready_pp0_iter22_reg  |   1|   0|    1|          0|
    |ap_loop_exit_ready_pp0_iter23_reg  |   1|   0|    1|          0|
    |ap_loop_exit_ready_pp0_iter24_reg  |   1|   0|    1|          0|
    |ap_loop_exit_ready_pp0_iter25_reg  |   1|   0|    1|          0|
    |ap_loop_exit_ready_pp0_iter26_reg  |   1|   0|    1|          0|
    |ap_loop_exit_ready_pp0_iter27_reg  |   1|   0|    1|          0|
    |ap_loop_exit_ready_pp0_iter28_reg  |   1|   0|    1|          0|
    |ap_loop_exit_ready_pp0_iter29_reg  |   1|   0|    1|          0|
    |ap_loop_exit_ready_pp0_iter2_reg   |   1|   0|    1|          0|
    |ap_loop_exit_ready_pp0_iter30_reg  |   1|   0|    1|          0|
    |ap_loop_exit_ready_pp0_iter31_reg  |   1|   0|    1|          0|
    |ap_loop_exit_ready_pp0_iter32_reg  |   1|   0|    1|          0|
    |ap_loop_exit_ready_pp0_iter33_reg  |   1|   0|    1|          0|
    |ap_loop_exit_ready_pp0_iter34_reg  |   1|   0|    1|          0|
    |ap_loop_exit_ready_pp0_iter35_reg  |   1|   0|    1|          0|
    |ap_loop_exit_ready_pp0_iter36_reg  |   1|   0|    1|          0|
    |ap_loop_exit_ready_pp0_iter37_reg  |   1|   0|    1|          0|
    |ap_loop_exit_ready_pp0_iter38_reg  |   1|   0|    1|          0|
    |ap_loop_exit_ready_pp0_iter39_reg  |   1|   0|    1|          0|
    |ap_loop_exit_ready_pp0_iter3_reg   |   1|   0|    1|          0|
    |ap_loop_exit_ready_pp0_iter40_reg  |   1|   0|    1|          0|
    |ap_loop_exit_ready_pp0_iter4_reg   |   1|   0|    1|          0|
    |ap_loop_exit_ready_pp0_iter5_reg   |   1|   0|    1|          0|
    |ap_loop_exit_ready_pp0_iter6_reg   |   1|   0|    1|          0|
    |ap_loop_exit_ready_pp0_iter7_reg   |   1|   0|    1|          0|
    |ap_loop_exit_ready_pp0_iter8_reg   |   1|   0|    1|          0|
    |ap_loop_exit_ready_pp0_iter9_reg   |   1|   0|    1|          0|
    |c_out_param_fu_78                  |  16|   0|   16|          0|
    |conv1_reg_358                      |  64|   0|   64|          0|
    |conv2_reg_348                      |  64|   0|   64|          0|
    |conv_reg_353                       |  32|   0|   32|          0|
    |gmem3_addr_1_read_reg_338          |  32|   0|   32|          0|
    |gmem3_addr_1_reg_313               |  64|   0|   64|          0|
    |gmem3_addr_read_reg_328            |  32|   0|   32|          0|
    |gmem3_addr_reg_307                 |  64|   0|   64|          0|
    |icmp_ln1027_reg_303                |   1|   0|    1|          0|
    |inv_std_reg_368                    |  64|   0|   64|          0|
    |lshr_ln_reg_319                    |   7|   0|    7|          0|
    |mul_reg_373                        |  64|   0|   64|          0|
    |tmp_reg_363                        |  64|   0|   64|          0|
    |trunc_ln83_reg_324                 |   2|   0|    2|          0|
    |conv2_reg_348                      |  64|  32|   64|          0|
    |lshr_ln_reg_319                    |  64|  32|    7|          0|
    |trunc_ln83_reg_324                 |  64|  32|    2|          0|
    +-----------------------------------+----+----+-----+-----------+
    |Total                              | 847|  96|  728|          0|
    +-----------------------------------+----+----+-----+-----------+



================================================================
== Interface
================================================================
* Summary: 
+----------------------+-----+-----+------------+-----------------------------------------------+--------------+
|       RTL Ports      | Dir | Bits|  Protocol  |                 Source Object                 |    C Type    |
+----------------------+-----+-----+------------+-----------------------------------------------+--------------+
|ap_clk                |   in|    1|  ap_ctrl_hs|  Block_entry352_proc1_Pipeline_VITIS_LOOP_79_1|  return value|
|ap_rst                |   in|    1|  ap_ctrl_hs|  Block_entry352_proc1_Pipeline_VITIS_LOOP_79_1|  return value|
|ap_start              |   in|    1|  ap_ctrl_hs|  Block_entry352_proc1_Pipeline_VITIS_LOOP_79_1|  return value|
|ap_done               |  out|    1|  ap_ctrl_hs|  Block_entry352_proc1_Pipeline_VITIS_LOOP_79_1|  return value|
|ap_idle               |  out|    1|  ap_ctrl_hs|  Block_entry352_proc1_Pipeline_VITIS_LOOP_79_1|  return value|
|ap_ready              |  out|    1|  ap_ctrl_hs|  Block_entry352_proc1_Pipeline_VITIS_LOOP_79_1|  return value|
|grp_fu_5141_p_din0    |  out|   32|  ap_ctrl_hs|  Block_entry352_proc1_Pipeline_VITIS_LOOP_79_1|  return value|
|grp_fu_5141_p_din1    |  out|   32|  ap_ctrl_hs|  Block_entry352_proc1_Pipeline_VITIS_LOOP_79_1|  return value|
|grp_fu_5141_p_opcode  |  out|    2|  ap_ctrl_hs|  Block_entry352_proc1_Pipeline_VITIS_LOOP_79_1|  return value|
|grp_fu_5141_p_dout0   |   in|   32|  ap_ctrl_hs|  Block_entry352_proc1_Pipeline_VITIS_LOOP_79_1|  return value|
|grp_fu_5141_p_ce      |  out|    1|  ap_ctrl_hs|  Block_entry352_proc1_Pipeline_VITIS_LOOP_79_1|  return value|
|grp_fu_1433_p_din0    |  out|   32|  ap_ctrl_hs|  Block_entry352_proc1_Pipeline_VITIS_LOOP_79_1|  return value|
|grp_fu_1433_p_dout0   |   in|   64|  ap_ctrl_hs|  Block_entry352_proc1_Pipeline_VITIS_LOOP_79_1|  return value|
|grp_fu_1433_p_ce      |  out|    1|  ap_ctrl_hs|  Block_entry352_proc1_Pipeline_VITIS_LOOP_79_1|  return value|
|grp_fu_1452_p_din0    |  out|   64|  ap_ctrl_hs|  Block_entry352_proc1_Pipeline_VITIS_LOOP_79_1|  return value|
|grp_fu_1452_p_din1    |  out|   64|  ap_ctrl_hs|  Block_entry352_proc1_Pipeline_VITIS_LOOP_79_1|  return value|
|grp_fu_1452_p_dout0   |   in|   64|  ap_ctrl_hs|  Block_entry352_proc1_Pipeline_VITIS_LOOP_79_1|  return value|
|grp_fu_1452_p_ce      |  out|    1|  ap_ctrl_hs|  Block_entry352_proc1_Pipeline_VITIS_LOOP_79_1|  return value|
|grp_fu_5145_p_din0    |  out|   64|  ap_ctrl_hs|  Block_entry352_proc1_Pipeline_VITIS_LOOP_79_1|  return value|
|grp_fu_5145_p_din1    |  out|   64|  ap_ctrl_hs|  Block_entry352_proc1_Pipeline_VITIS_LOOP_79_1|  return value|
|grp_fu_5145_p_dout0   |   in|   64|  ap_ctrl_hs|  Block_entry352_proc1_Pipeline_VITIS_LOOP_79_1|  return value|
|grp_fu_5145_p_ce      |  out|    1|  ap_ctrl_hs|  Block_entry352_proc1_Pipeline_VITIS_LOOP_79_1|  return value|
|grp_fu_5149_p_din0    |  out|   64|  ap_ctrl_hs|  Block_entry352_proc1_Pipeline_VITIS_LOOP_79_1|  return value|
|grp_fu_5149_p_din1    |  out|   64|  ap_ctrl_hs|  Block_entry352_proc1_Pipeline_VITIS_LOOP_79_1|  return value|
|grp_fu_5149_p_dout0   |   in|   64|  ap_ctrl_hs|  Block_entry352_proc1_Pipeline_VITIS_LOOP_79_1|  return value|
|grp_fu_5149_p_ce      |  out|    1|  ap_ctrl_hs|  Block_entry352_proc1_Pipeline_VITIS_LOOP_79_1|  return value|
|m_axi_gmem3_AWVALID   |  out|    1|       m_axi|                                          gmem3|       pointer|
|m_axi_gmem3_AWREADY   |   in|    1|       m_axi|                                          gmem3|       pointer|
|m_axi_gmem3_AWADDR    |  out|   64|       m_axi|                                          gmem3|       pointer|
|m_axi_gmem3_AWID      |  out|    1|       m_axi|                                          gmem3|       pointer|
|m_axi_gmem3_AWLEN     |  out|   32|       m_axi|                                          gmem3|       pointer|
|m_axi_gmem3_AWSIZE    |  out|    3|       m_axi|                                          gmem3|       pointer|
|m_axi_gmem3_AWBURST   |  out|    2|       m_axi|                                          gmem3|       pointer|
|m_axi_gmem3_AWLOCK    |  out|    2|       m_axi|                                          gmem3|       pointer|
|m_axi_gmem3_AWCACHE   |  out|    4|       m_axi|                                          gmem3|       pointer|
|m_axi_gmem3_AWPROT    |  out|    3|       m_axi|                                          gmem3|       pointer|
|m_axi_gmem3_AWQOS     |  out|    4|       m_axi|                                          gmem3|       pointer|
|m_axi_gmem3_AWREGION  |  out|    4|       m_axi|                                          gmem3|       pointer|
|m_axi_gmem3_AWUSER    |  out|    1|       m_axi|                                          gmem3|       pointer|
|m_axi_gmem3_WVALID    |  out|    1|       m_axi|                                          gmem3|       pointer|
|m_axi_gmem3_WREADY    |   in|    1|       m_axi|                                          gmem3|       pointer|
|m_axi_gmem3_WDATA     |  out|   32|       m_axi|                                          gmem3|       pointer|
|m_axi_gmem3_WSTRB     |  out|    4|       m_axi|                                          gmem3|       pointer|
|m_axi_gmem3_WLAST     |  out|    1|       m_axi|                                          gmem3|       pointer|
|m_axi_gmem3_WID       |  out|    1|       m_axi|                                          gmem3|       pointer|
|m_axi_gmem3_WUSER     |  out|    1|       m_axi|                                          gmem3|       pointer|
|m_axi_gmem3_ARVALID   |  out|    1|       m_axi|                                          gmem3|       pointer|
|m_axi_gmem3_ARREADY   |   in|    1|       m_axi|                                          gmem3|       pointer|
|m_axi_gmem3_ARADDR    |  out|   64|       m_axi|                                          gmem3|       pointer|
|m_axi_gmem3_ARID      |  out|    1|       m_axi|                                          gmem3|       pointer|
|m_axi_gmem3_ARLEN     |  out|   32|       m_axi|                                          gmem3|       pointer|
|m_axi_gmem3_ARSIZE    |  out|    3|       m_axi|                                          gmem3|       pointer|
|m_axi_gmem3_ARBURST   |  out|    2|       m_axi|                                          gmem3|       pointer|
|m_axi_gmem3_ARLOCK    |  out|    2|       m_axi|                                          gmem3|       pointer|
|m_axi_gmem3_ARCACHE   |  out|    4|       m_axi|                                          gmem3|       pointer|
|m_axi_gmem3_ARPROT    |  out|    3|       m_axi|                                          gmem3|       pointer|
|m_axi_gmem3_ARQOS     |  out|    4|       m_axi|                                          gmem3|       pointer|
|m_axi_gmem3_ARREGION  |  out|    4|       m_axi|                                          gmem3|       pointer|
|m_axi_gmem3_ARUSER    |  out|    1|       m_axi|                                          gmem3|       pointer|
|m_axi_gmem3_RVALID    |   in|    1|       m_axi|                                          gmem3|       pointer|
|m_axi_gmem3_RREADY    |  out|    1|       m_axi|                                          gmem3|       pointer|
|m_axi_gmem3_RDATA     |   in|   32|       m_axi|                                          gmem3|       pointer|
|m_axi_gmem3_RLAST     |   in|    1|       m_axi|                                          gmem3|       pointer|
|m_axi_gmem3_RID       |   in|    1|       m_axi|                                          gmem3|       pointer|
|m_axi_gmem3_RFIFONUM  |   in|    9|       m_axi|                                          gmem3|       pointer|
|m_axi_gmem3_RUSER     |   in|    1|       m_axi|                                          gmem3|       pointer|
|m_axi_gmem3_RRESP     |   in|    2|       m_axi|                                          gmem3|       pointer|
|m_axi_gmem3_BVALID    |   in|    1|       m_axi|                                          gmem3|       pointer|
|m_axi_gmem3_BREADY    |  out|    1|       m_axi|                                          gmem3|       pointer|
|m_axi_gmem3_BRESP     |   in|    2|       m_axi|                                          gmem3|       pointer|
|m_axi_gmem3_BID       |   in|    1|       m_axi|                                          gmem3|       pointer|
|m_axi_gmem3_BUSER     |   in|    1|       m_axi|                                          gmem3|       pointer|
|bn_params_address0    |  out|    7|   ap_memory|                                      bn_params|         array|
|bn_params_ce0         |  out|    1|   ap_memory|                                      bn_params|         array|
|bn_params_we0         |  out|    1|   ap_memory|                                      bn_params|         array|
|bn_params_d0          |  out|   64|   ap_memory|                                      bn_params|         array|
|bn_params_1_address0  |  out|    7|   ap_memory|                                    bn_params_1|         array|
|bn_params_1_ce0       |  out|    1|   ap_memory|                                    bn_params_1|         array|
|bn_params_1_we0       |  out|    1|   ap_memory|                                    bn_params_1|         array|
|bn_params_1_d0        |  out|   64|   ap_memory|                                    bn_params_1|         array|
|bn_params_2_address0  |  out|    7|   ap_memory|                                    bn_params_2|         array|
|bn_params_2_ce0       |  out|    1|   ap_memory|                                    bn_params_2|         array|
|bn_params_2_we0       |  out|    1|   ap_memory|                                    bn_params_2|         array|
|bn_params_2_d0        |  out|   64|   ap_memory|                                    bn_params_2|         array|
|bn_params_3_address0  |  out|    7|   ap_memory|                                    bn_params_3|         array|
|bn_params_3_ce0       |  out|    1|   ap_memory|                                    bn_params_3|         array|
|bn_params_3_we0       |  out|    1|   ap_memory|                                    bn_params_3|         array|
|bn_params_3_d0        |  out|   64|   ap_memory|                                    bn_params_3|         array|
|C_out                 |   in|   16|     ap_none|                                          C_out|        scalar|
|sext_ln79             |   in|   62|     ap_none|                                      sext_ln79|        scalar|
|sext_ln79_1           |   in|   62|     ap_none|                                    sext_ln79_1|        scalar|
+----------------------+-----+-----+------------+-----------------------------------------------+--------------+

