

================================================================
== Vitis HLS Report for 'pooling_Pipeline_VITIS_LOOP_57_4_VITIS_LOOP_58_5'
================================================================
* Date:           Tue Nov  4 14:31:19 2025

* Version:        2022.2 (Build 3670227 on Oct 13 2022)
* Project:        ip8
* Solution:       solution1 (Vivado IP Flow Target)
* Product family: zynq
* Target device:  xc7z020-clg400-2


================================================================
== Performance Estimates
================================================================
+ Timing: 
    * Summary: 
    +--------+----------+----------+------------+
    |  Clock |  Target  | Estimated| Uncertainty|
    +--------+----------+----------+------------+
    |ap_clk  |  10.00 ns|  7.300 ns|     2.70 ns|
    +--------+----------+----------+------------+

+ Latency: 
    * Summary: 
    +---------+---------+-----------+----------+-----+-------+---------+
    |  Latency (cycles) |  Latency (absolute)  |   Interval  | Pipeline|
    |   min   |   max   |    min    |    max   | min |  max  |   Type  |
    +---------+---------+-----------+----------+-----+-------+---------+
    |        2|    65041|  20.000 ns|  0.650 ms|    2|  65041|       no|
    +---------+---------+-----------+----------+-----+-------+---------+

    + Detail: 
        * Instance: 
        N/A

        * Loop: 
        +-----------------------------------+---------+---------+----------+-----------+-----------+-----------+----------+
        |                                   |  Latency (cycles) | Iteration|  Initiation Interval  |    Trip   |          |
        |             Loop Name             |   min   |   max   |  Latency |  achieved |   target  |   Count   | Pipelined|
        +-----------------------------------+---------+---------+----------+-----------+-----------+-----------+----------+
        |- VITIS_LOOP_57_4_VITIS_LOOP_58_5  |        0|    65039|        16|          1|          1|  0 ~ 65025|       yes|
        +-----------------------------------+---------+---------+----------+-----------+-----------+-----------+----------+



================================================================
== Utilization Estimates
================================================================
* Summary: 
+-----------------+---------+-----+--------+-------+-----+
|       Name      | BRAM_18K| DSP |   FF   |  LUT  | URAM|
+-----------------+---------+-----+--------+-------+-----+
|DSP              |        -|    1|       -|      -|    -|
|Expression       |        -|    -|       0|    420|    -|
|FIFO             |        -|    -|       -|      -|    -|
|Instance         |        -|    2|       0|     21|    -|
|Memory           |        -|    -|       -|      -|    -|
|Multiplexer      |        -|    -|       -|    117|    -|
|Register         |        -|    -|     669|     96|    -|
+-----------------+---------+-----+--------+-------+-----+
|Total            |        0|    3|     669|    654|    0|
+-----------------+---------+-----+--------+-------+-----+
|Available        |      280|  220|  106400|  53200|    0|
+-----------------+---------+-----+--------+-------+-----+
|Utilization (%)  |        0|    1|      ~0|      1|    0|
+-----------------+---------+-----+--------+-------+-----+

+ Detail: 
    * Instance: 
    +--------------------------------+-----------------------------+---------+----+---+----+-----+
    |            Instance            |            Module           | BRAM_18K| DSP| FF| LUT| URAM|
    +--------------------------------+-----------------------------+---------+----+---+----+-----+
    |fcmp_32ns_32ns_1_2_no_dsp_1_U1  |fcmp_32ns_32ns_1_2_no_dsp_1  |        0|   0|  0|   0|    0|
    |mul_32s_16ns_32_1_1_U2          |mul_32s_16ns_32_1_1          |        0|   2|  0|  21|    0|
    +--------------------------------+-----------------------------+---------+----+---+----+-----+
    |Total                           |                             |        0|   2|  0|  21|    0|
    +--------------------------------+-----------------------------+---------+----+---+----+-----+

    * DSP: 
    +----------------------------+-------------------------+-----------+
    |          Instance          |          Module         | Expression|
    +----------------------------+-------------------------+-----------+
    |mul_mul_25s_16ns_32_4_1_U3  |mul_mul_25s_16ns_32_4_1  |    i0 * i1|
    +----------------------------+-------------------------+-----------+

    * Memory: 
    N/A

    * FIFO: 
    N/A

    * Expression: 
    +------------------------------------+----------+----+---+----+------------+------------+
    |            Variable Name           | Operation| DSP| FF| LUT| Bitwidth P0| Bitwidth P1|
    +------------------------------------+----------+----+---+----+------------+------------+
    |add_ln1027_fu_298_p2                |         +|   0|  0|  16|          16|           1|
    |add_ln1494_fu_445_p2                |         +|   0|  0|  32|          32|          32|
    |add_ln57_fu_321_p2                  |         +|   0|  0|   8|           8|           1|
    |add_ln69_fu_470_p2                  |         +|   0|  0|  64|          64|          64|
    |h_in_1_mid1_fu_331_p2               |         +|   0|  0|  25|          25|          25|
    |h_in_fu_272_p2                      |         +|   0|  0|  25|          25|          25|
    |in_offset_fu_454_p2                 |         +|   0|  0|  32|          32|          32|
    |kw_1_fu_421_p2                      |         +|   0|  0|   8|           8|           1|
    |w_in_fu_397_p2                      |         +|   0|  0|  25|          25|          25|
    |and_ln64_1_fu_409_p2                |       and|   0|  0|   1|           1|           1|
    |and_ln64_fu_415_p2                  |       and|   0|  0|   1|           1|           1|
    |and_ln69_1_fu_574_p2                |       and|   0|  0|   1|           1|           1|
    |and_ln69_fu_568_p2                  |       and|   0|  0|   1|           1|           1|
    |ap_block_pp0_stage0_00001           |       and|   0|  0|   1|           1|           1|
    |ap_block_state14_pp0_stage0_iter13  |       and|   0|  0|   1|           1|           1|
    |ap_block_state7_io                  |       and|   0|  0|   1|           1|           1|
    |icmp_ln1027_2_fu_307_p2             |      icmp|   0|  0|   4|           8|           8|
    |icmp_ln1027_fu_292_p2               |      icmp|   0|  0|   7|          16|          16|
    |icmp_ln64_fu_403_p2                 |      icmp|   0|  0|   9|          25|          25|
    |icmp_ln69_1_fu_540_p2               |      icmp|   0|  0|   8|          23|           1|
    |icmp_ln69_2_fu_545_p2               |      icmp|   0|  0|   4|           8|           2|
    |icmp_ln69_3_fu_551_p2               |      icmp|   0|  0|   8|          23|           1|
    |icmp_ln69_fu_535_p2                 |      icmp|   0|  0|   4|           8|           2|
    |notrhs6_fu_286_p2                   |      icmp|   0|  0|   9|          25|          25|
    |notrhs6_mid1_fu_371_p2              |      icmp|   0|  0|   9|          25|          25|
    |ap_block_pp0_stage0_11001           |        or|   0|  0|   1|           1|           1|
    |or_ln69_1_fu_564_p2                 |        or|   0|  0|   1|           1|           1|
    |or_ln69_fu_560_p2                   |        or|   0|  0|   1|           1|           1|
    |select_ln1027_5_fu_337_p3           |    select|   0|  0|  25|           1|          25|
    |select_ln1027_6_fu_357_p3           |    select|   0|  0|   2|           1|           1|
    |select_ln1027_7_fu_377_p3           |    select|   0|  0|   2|           1|           1|
    |select_ln1027_8_fu_385_p3           |    select|   0|  0|   8|           1|           8|
    |select_ln1027_fu_313_p3             |    select|   0|  0|   8|           1|           1|
    |select_ln69_1_fu_587_p3             |    select|   0|  0|  32|           1|          32|
    |select_ln69_fu_580_p3               |    select|   0|  0|  32|           1|          32|
    |ap_enable_pp0                       |       xor|   0|  0|   2|           1|           2|
    |xor_ln1027_fu_365_p2                |       xor|   0|  0|   2|           1|           2|
    +------------------------------------+----------+----+---+----+------------+------------+
    |Total                               |          |   0|  0| 420|         415|         425|
    +------------------------------------+----------+----+---+----+------------+------------+

    * Multiplexer: 
    +--------------------------------------+----+-----------+-----+-----------+
    |                 Name                 | LUT| Input Size| Bits| Total Bits|
    +--------------------------------------+----+-----------+-----+-----------+
    |ap_done_int                           |   9|          2|    1|          2|
    |ap_enable_reg_pp0_iter1               |   9|          2|    1|          2|
    |ap_sig_allocacmp_indvar_flatten_load  |   9|          2|   16|         32|
    |ap_sig_allocacmp_kh_2                 |   9|          2|    8|         16|
    |ap_sig_allocacmp_kw_load              |   9|          2|    8|         16|
    |ap_sig_allocacmp_max_val_load         |   9|          2|   32|         64|
    |empty_fu_130                          |   9|          2|   32|         64|
    |gmem0_blk_n_AR                        |   9|          2|    1|          2|
    |gmem0_blk_n_R                         |   9|          2|    1|          2|
    |indvar_flatten_fu_122                 |   9|          2|   16|         32|
    |kh_fu_118                             |   9|          2|    8|         16|
    |kw_fu_114                             |   9|          2|    8|         16|
    |max_val_fu_126                        |   9|          2|   32|         64|
    +--------------------------------------+----+-----------+-----+-----------+
    |Total                                 | 117|         26|  164|        328|
    +--------------------------------------+----+-----------+-----+-----------+

    * Register: 
    +----------------------------------------+----+----+-----+-----------+
    |                  Name                  | FF | LUT| Bits| Const Bits|
    +----------------------------------------+----+----+-----+-----------+
    |add_ln1494_reg_688                      |  32|   0|   32|          0|
    |and_ln64_reg_684                        |   1|   0|    1|          0|
    |ap_CS_fsm                               |   1|   0|    1|          0|
    |ap_done_reg                             |   1|   0|    1|          0|
    |ap_enable_reg_pp0_iter1                 |   1|   0|    1|          0|
    |ap_enable_reg_pp0_iter10                |   1|   0|    1|          0|
    |ap_enable_reg_pp0_iter11                |   1|   0|    1|          0|
    |ap_enable_reg_pp0_iter12                |   1|   0|    1|          0|
    |ap_enable_reg_pp0_iter13                |   1|   0|    1|          0|
    |ap_enable_reg_pp0_iter14                |   1|   0|    1|          0|
    |ap_enable_reg_pp0_iter15                |   1|   0|    1|          0|
    |ap_enable_reg_pp0_iter2                 |   1|   0|    1|          0|
    |ap_enable_reg_pp0_iter3                 |   1|   0|    1|          0|
    |ap_enable_reg_pp0_iter4                 |   1|   0|    1|          0|
    |ap_enable_reg_pp0_iter5                 |   1|   0|    1|          0|
    |ap_enable_reg_pp0_iter6                 |   1|   0|    1|          0|
    |ap_enable_reg_pp0_iter7                 |   1|   0|    1|          0|
    |ap_enable_reg_pp0_iter8                 |   1|   0|    1|          0|
    |ap_enable_reg_pp0_iter9                 |   1|   0|    1|          0|
    |ap_loop_exit_ready_pp0_iter10_reg       |   1|   0|    1|          0|
    |ap_loop_exit_ready_pp0_iter11_reg       |   1|   0|    1|          0|
    |ap_loop_exit_ready_pp0_iter12_reg       |   1|   0|    1|          0|
    |ap_loop_exit_ready_pp0_iter13_reg       |   1|   0|    1|          0|
    |ap_loop_exit_ready_pp0_iter14_reg       |   1|   0|    1|          0|
    |ap_loop_exit_ready_pp0_iter1_reg        |   1|   0|    1|          0|
    |ap_loop_exit_ready_pp0_iter2_reg        |   1|   0|    1|          0|
    |ap_loop_exit_ready_pp0_iter3_reg        |   1|   0|    1|          0|
    |ap_loop_exit_ready_pp0_iter4_reg        |   1|   0|    1|          0|
    |ap_loop_exit_ready_pp0_iter5_reg        |   1|   0|    1|          0|
    |ap_loop_exit_ready_pp0_iter6_reg        |   1|   0|    1|          0|
    |ap_loop_exit_ready_pp0_iter7_reg        |   1|   0|    1|          0|
    |ap_loop_exit_ready_pp0_iter8_reg        |   1|   0|    1|          0|
    |ap_loop_exit_ready_pp0_iter9_reg        |   1|   0|    1|          0|
    |conv_i_i721_cast_reg_660                |  16|   0|   32|         16|
    |empty_fu_130                            |  32|   0|   32|          0|
    |gmem0_addr_read_reg_704                 |  32|   0|   32|          0|
    |gmem0_addr_read_reg_704_pp0_iter14_reg  |  32|   0|   32|          0|
    |gmem0_addr_reg_698                      |  64|   0|   64|          0|
    |icmp_ln1027_reg_670                     |   1|   0|    1|          0|
    |icmp_ln69_1_reg_737                     |   1|   0|    1|          0|
    |icmp_ln69_2_reg_742                     |   1|   0|    1|          0|
    |icmp_ln69_3_reg_747                     |   1|   0|    1|          0|
    |icmp_ln69_reg_732                       |   1|   0|    1|          0|
    |indvar_flatten_fu_122                   |  16|   0|   16|          0|
    |kh_fu_118                               |   8|   0|    8|          0|
    |kw_fu_114                               |   8|   0|    8|          0|
    |max_val_1_reg_726                       |  32|   0|   32|          0|
    |max_val_fu_126                          |  32|   0|   32|          0|
    |max_val_load_reg_720                    |  32|   0|   32|          0|
    |mul_ln66_reg_693                        |  32|   0|   32|          0|
    |tmp_reg_710                             |   8|   0|    8|          0|
    |trunc_ln69_reg_715                      |  23|   0|   23|          0|
    |w_in_reg_679                            |  25|   0|   25|          0|
    |zext_ln1633_cast_reg_655                |  16|   0|   32|         16|
    |and_ln64_reg_684                        |  64|  32|    1|          0|
    |icmp_ln1027_reg_670                     |  64|  32|    1|          0|
    |w_in_reg_679                            |  64|  32|   25|          0|
    +----------------------------------------+----+----+-----+-----------+
    |Total                                   | 669|  96|  536|         32|
    +----------------------------------------+----+----+-----+-----------+



================================================================
== Interface
================================================================
* Summary: 
+----------------------+-----+-----+------------+--------------------------------------------------+--------------+
|       RTL Ports      | Dir | Bits|  Protocol  |                   Source Object                  |    C Type    |
+----------------------+-----+-----+------------+--------------------------------------------------+--------------+
|ap_clk                |   in|    1|  ap_ctrl_hs|  pooling_Pipeline_VITIS_LOOP_57_4_VITIS_LOOP_58_5|  return value|
|ap_rst                |   in|    1|  ap_ctrl_hs|  pooling_Pipeline_VITIS_LOOP_57_4_VITIS_LOOP_58_5|  return value|
|ap_start              |   in|    1|  ap_ctrl_hs|  pooling_Pipeline_VITIS_LOOP_57_4_VITIS_LOOP_58_5|  return value|
|ap_done               |  out|    1|  ap_ctrl_hs|  pooling_Pipeline_VITIS_LOOP_57_4_VITIS_LOOP_58_5|  return value|
|ap_idle               |  out|    1|  ap_ctrl_hs|  pooling_Pipeline_VITIS_LOOP_57_4_VITIS_LOOP_58_5|  return value|
|ap_ready              |  out|    1|  ap_ctrl_hs|  pooling_Pipeline_VITIS_LOOP_57_4_VITIS_LOOP_58_5|  return value|
|m_axi_gmem0_AWVALID   |  out|    1|       m_axi|                                             gmem0|       pointer|
|m_axi_gmem0_AWREADY   |   in|    1|       m_axi|                                             gmem0|       pointer|
|m_axi_gmem0_AWADDR    |  out|   64|       m_axi|                                             gmem0|       pointer|
|m_axi_gmem0_AWID      |  out|    1|       m_axi|                                             gmem0|       pointer|
|m_axi_gmem0_AWLEN     |  out|   32|       m_axi|                                             gmem0|       pointer|
|m_axi_gmem0_AWSIZE    |  out|    3|       m_axi|                                             gmem0|       pointer|
|m_axi_gmem0_AWBURST   |  out|    2|       m_axi|                                             gmem0|       pointer|
|m_axi_gmem0_AWLOCK    |  out|    2|       m_axi|                                             gmem0|       pointer|
|m_axi_gmem0_AWCACHE   |  out|    4|       m_axi|                                             gmem0|       pointer|
|m_axi_gmem0_AWPROT    |  out|    3|       m_axi|                                             gmem0|       pointer|
|m_axi_gmem0_AWQOS     |  out|    4|       m_axi|                                             gmem0|       pointer|
|m_axi_gmem0_AWREGION  |  out|    4|       m_axi|                                             gmem0|       pointer|
|m_axi_gmem0_AWUSER    |  out|    1|       m_axi|                                             gmem0|       pointer|
|m_axi_gmem0_WVALID    |  out|    1|       m_axi|                                             gmem0|       pointer|
|m_axi_gmem0_WREADY    |   in|    1|       m_axi|                                             gmem0|       pointer|
|m_axi_gmem0_WDATA     |  out|   32|       m_axi|                                             gmem0|       pointer|
|m_axi_gmem0_WSTRB     |  out|    4|       m_axi|                                             gmem0|       pointer|
|m_axi_gmem0_WLAST     |  out|    1|       m_axi|                                             gmem0|       pointer|
|m_axi_gmem0_WID       |  out|    1|       m_axi|                                             gmem0|       pointer|
|m_axi_gmem0_WUSER     |  out|    1|       m_axi|                                             gmem0|       pointer|
|m_axi_gmem0_ARVALID   |  out|    1|       m_axi|                                             gmem0|       pointer|
|m_axi_gmem0_ARREADY   |   in|    1|       m_axi|                                             gmem0|       pointer|
|m_axi_gmem0_ARADDR    |  out|   64|       m_axi|                                             gmem0|       pointer|
|m_axi_gmem0_ARID      |  out|    1|       m_axi|                                             gmem0|       pointer|
|m_axi_gmem0_ARLEN     |  out|   32|       m_axi|                                             gmem0|       pointer|
|m_axi_gmem0_ARSIZE    |  out|    3|       m_axi|                                             gmem0|       pointer|
|m_axi_gmem0_ARBURST   |  out|    2|       m_axi|                                             gmem0|       pointer|
|m_axi_gmem0_ARLOCK    |  out|    2|       m_axi|                                             gmem0|       pointer|
|m_axi_gmem0_ARCACHE   |  out|    4|       m_axi|                                             gmem0|       pointer|
|m_axi_gmem0_ARPROT    |  out|    3|       m_axi|                                             gmem0|       pointer|
|m_axi_gmem0_ARQOS     |  out|    4|       m_axi|                                             gmem0|       pointer|
|m_axi_gmem0_ARREGION  |  out|    4|       m_axi|                                             gmem0|       pointer|
|m_axi_gmem0_ARUSER    |  out|    1|       m_axi|                                             gmem0|       pointer|
|m_axi_gmem0_RVALID    |   in|    1|       m_axi|                                             gmem0|       pointer|
|m_axi_gmem0_RREADY    |  out|    1|       m_axi|                                             gmem0|       pointer|
|m_axi_gmem0_RDATA     |   in|   32|       m_axi|                                             gmem0|       pointer|
|m_axi_gmem0_RLAST     |   in|    1|       m_axi|                                             gmem0|       pointer|
|m_axi_gmem0_RID       |   in|    1|       m_axi|                                             gmem0|       pointer|
|m_axi_gmem0_RFIFONUM  |   in|    9|       m_axi|                                             gmem0|       pointer|
|m_axi_gmem0_RUSER     |   in|    1|       m_axi|                                             gmem0|       pointer|
|m_axi_gmem0_RRESP     |   in|    2|       m_axi|                                             gmem0|       pointer|
|m_axi_gmem0_BVALID    |   in|    1|       m_axi|                                             gmem0|       pointer|
|m_axi_gmem0_BREADY    |  out|    1|       m_axi|                                             gmem0|       pointer|
|m_axi_gmem0_BRESP     |   in|    2|       m_axi|                                             gmem0|       pointer|
|m_axi_gmem0_BID       |   in|    1|       m_axi|                                             gmem0|       pointer|
|m_axi_gmem0_BUSER     |   in|    1|       m_axi|                                             gmem0|       pointer|
|sub_ln1027            |   in|   25|     ap_none|                                        sub_ln1027|        scalar|
|H_in_cast4            |   in|   16|     ap_none|                                        H_in_cast4|        scalar|
|mul_ln15              |   in|   16|     ap_none|                                          mul_ln15|        scalar|
|kernel_size           |   in|    8|     ap_none|                                       kernel_size|        scalar|
|conv_i_i530           |   in|   16|     ap_none|                                       conv_i_i530|        scalar|
|sub_ln1496            |   in|   25|     ap_none|                                        sub_ln1496|        scalar|
|W_in_cast5            |   in|   16|     ap_none|                                        W_in_cast5|        scalar|
|conv_i_i721           |   in|   16|     ap_none|                                       conv_i_i721|        scalar|
|zext_ln1633           |   in|   16|     ap_none|                                       zext_ln1633|        scalar|
|feature_in            |   in|   64|     ap_none|                                        feature_in|        scalar|
|p_out                 |  out|   32|      ap_vld|                                             p_out|       pointer|
|p_out_ap_vld          |  out|    1|      ap_vld|                                             p_out|       pointer|
+----------------------+-----+-----+------------+--------------------------------------------------+--------------+

