

================================================================
== Vitis HLS Report for 'pooling_Pipeline_VITIS_LOOP_85_6_VITIS_LOOP_86_7'
================================================================
* Date:           Tue Nov  4 14:31:20 2025

* Version:        2022.2 (Build 3670227 on Oct 13 2022)
* Project:        ip8
* Solution:       solution1 (Vivado IP Flow Target)
* Product family: zynq
* Target device:  xc7z020-clg400-2


================================================================
== Performance Estimates
================================================================
+ Timing: 
    * Summary: 
    +--------+----------+----------+------------+
    |  Clock |  Target  | Estimated| Uncertainty|
    +--------+----------+----------+------------+
    |ap_clk  |  10.00 ns|  7.300 ns|     2.70 ns|
    +--------+----------+----------+------------+

+ Latency: 
    * Summary: 
    +---------+---------+----------+----------+-----+-----+---------+
    |  Latency (cycles) |  Latency (absolute) |  Interval | Pipeline|
    |   min   |   max   |    min   |    max   | min | max |   Type  |
    +---------+---------+----------+----------+-----+-----+---------+
    |        ?|        ?|         ?|         ?|    ?|    ?|       no|
    +---------+---------+----------+----------+-----+-----+---------+

    + Detail: 
        * Instance: 
        N/A

        * Loop: 
        +-----------------------------------+---------+---------+----------+-----------+-----------+------+----------+
        |                                   |  Latency (cycles) | Iteration|  Initiation Interval  | Trip |          |
        |             Loop Name             |   min   |   max   |  Latency |  achieved |   target  | Count| Pipelined|
        +-----------------------------------+---------+---------+----------+-----------+-----------+------+----------+
        |- VITIS_LOOP_85_6_VITIS_LOOP_86_7  |        ?|        ?|        20|          5|          1|     ?|       yes|
        +-----------------------------------+---------+---------+----------+-----------+-----------+------+----------+



================================================================
== Utilization Estimates
================================================================
* Summary: 
+-----------------+---------+-----+--------+-------+-----+
|       Name      | BRAM_18K| DSP |   FF   |  LUT  | URAM|
+-----------------+---------+-----+--------+-------+-----+
|DSP              |        -|    1|       -|      -|    -|
|Expression       |        -|    -|       0|    360|    -|
|FIFO             |        -|    -|       -|      -|    -|
|Instance         |        -|    4|     205|    412|    -|
|Memory           |        -|    -|       -|      -|    -|
|Multiplexer      |        -|    -|       -|    151|    -|
|Register         |        -|    -|     536|     64|    -|
+-----------------+---------+-----+--------+-------+-----+
|Total            |        0|    5|     741|    987|    0|
+-----------------+---------+-----+--------+-------+-----+
|Available        |      280|  220|  106400|  53200|    0|
+-----------------+---------+-----+--------+-------+-----+
|Utilization (%)  |        0|    2|      ~0|      1|    0|
+-----------------+---------+-----+--------+-------+-----+

+ Detail: 
    * Instance: 
    +------------------------------------+--------------------------------+---------+----+-----+-----+-----+
    |              Instance              |             Module             | BRAM_18K| DSP|  FF | LUT | URAM|
    +------------------------------------+--------------------------------+---------+----+-----+-----+-----+
    |fadd_32ns_32ns_32_5_full_dsp_1_U19  |fadd_32ns_32ns_32_5_full_dsp_1  |        0|   2|  205|  391|    0|
    |mul_32s_16ns_32_1_1_U20             |mul_32s_16ns_32_1_1             |        0|   2|    0|   21|    0|
    +------------------------------------+--------------------------------+---------+----+-----+-----+-----+
    |Total                               |                                |        0|   4|  205|  412|    0|
    +------------------------------------+--------------------------------+---------+----+-----+-----+-----+

    * DSP: 
    +-----------------------------+-------------------------+-----------+
    |           Instance          |          Module         | Expression|
    +-----------------------------+-------------------------+-----------+
    |mul_mul_25s_16ns_32_4_1_U21  |mul_mul_25s_16ns_32_4_1  |    i0 * i1|
    +-----------------------------+-------------------------+-----------+

    * Memory: 
    N/A

    * FIFO: 
    N/A

    * Expression: 
    +-----------------------------------+----------+----+---+----+------------+------------+
    |           Variable Name           | Operation| DSP| FF| LUT| Bitwidth P0| Bitwidth P1|
    +-----------------------------------+----------+----+---+----+------------+------------+
    |add_ln1027_fu_291_p2               |         +|   0|  0|  16|          16|           1|
    |add_ln1494_fu_413_p2               |         +|   0|  0|  32|          32|          32|
    |add_ln85_fu_306_p2                 |         +|   0|  0|   8|           8|           1|
    |add_ln97_fu_467_p2                 |         +|   0|  0|  64|          64|          64|
    |count_1_fu_418_p2                  |         +|   0|  0|  32|          32|           1|
    |h_in_fu_265_p2                     |         +|   0|  0|  25|          25|          25|
    |h_in_mid1_fu_316_p2                |         +|   0|  0|  25|          25|          25|
    |in_offset_fu_451_p2                |         +|   0|  0|  32|          32|          32|
    |kw_fu_433_p2                       |         +|   0|  0|   8|           8|           1|
    |w_in_fu_391_p2                     |         +|   0|  0|  25|          25|          25|
    |and_ln92_1_fu_370_p2               |       and|   0|  0|   1|           1|           1|
    |and_ln92_fu_405_p2                 |       and|   0|  0|   1|           1|           1|
    |ap_block_pp0_stage1_11001          |       and|   0|  0|   1|           1|           1|
    |ap_block_pp0_stage3_11001          |       and|   0|  0|   1|           1|           1|
    |ap_block_state14_pp0_stage3_iter2  |       and|   0|  0|   1|           1|           1|
    |ap_block_state7_io                 |       and|   0|  0|   1|           1|           1|
    |icmp_ln1027_1_fu_300_p2            |      icmp|   0|  0|   4|           8|           8|
    |icmp_ln1027_fu_285_p2              |      icmp|   0|  0|   7|          16|          16|
    |icmp_ln92_fu_400_p2                |      icmp|   0|  0|   9|          25|          25|
    |notrhs_fu_279_p2                   |      icmp|   0|  0|   9|          25|          25|
    |notrhs_mid1_fu_356_p2              |      icmp|   0|  0|   9|          25|          25|
    |select_ln1027_1_fu_322_p3          |    select|   0|  0|  25|           1|          25|
    |select_ln1027_2_fu_342_p3          |    select|   0|  0|   2|           1|           1|
    |select_ln1027_3_fu_362_p3          |    select|   0|  0|   2|           1|           1|
    |select_ln1027_4_fu_382_p3          |    select|   0|  0|   8|           1|           8|
    |select_ln1027_fu_376_p3            |    select|   0|  0|   8|           1|           1|
    |ap_enable_pp0                      |       xor|   0|  0|   2|           1|           2|
    |xor_ln1027_fu_350_p2               |       xor|   0|  0|   2|           1|           2|
    +-----------------------------------+----------+----+---+----+------------+------------+
    |Total                              |          |   0|  0| 360|         379|         352|
    +-----------------------------------+----------+----+---+----+------------+------------+

    * Multiplexer: 
    +----------------------------------------+----+-----------+-----+-----------+
    |                  Name                  | LUT| Input Size| Bits| Total Bits|
    +----------------------------------------+----+-----------+-----+-----------+
    |ap_NS_fsm                               |  25|          6|    1|          6|
    |ap_done_int                             |   9|          2|    1|          2|
    |ap_enable_reg_pp0_iter0                 |   9|          2|    1|          2|
    |ap_enable_reg_pp0_iter1                 |   9|          2|    1|          2|
    |ap_sig_allocacmp_indvar_flatten10_load  |   9|          2|   16|         32|
    |ap_sig_allocacmp_kh_1                   |   9|          2|    8|         16|
    |ap_sig_allocacmp_kw_1_load              |   9|          2|    8|         16|
    |ap_sig_allocacmp_sum_load_1             |   9|          2|   32|         64|
    |count_fu_116                            |   9|          2|   32|         64|
    |gmem0_blk_n_AR                          |   9|          2|    1|          2|
    |gmem0_blk_n_R                           |   9|          2|    1|          2|
    |indvar_flatten10_fu_108                 |   9|          2|   16|         32|
    |kh_fu_104                               |   9|          2|    8|         16|
    |kw_1_fu_100                             |   9|          2|    8|         16|
    |sum_fu_112                              |   9|          2|   32|         64|
    +----------------------------------------+----+-----------+-----+-----------+
    |Total                                   | 151|         34|  166|        336|
    +----------------------------------------+----+-----------+-----+-----------+

    * Register: 
    +----------------------------------+----+----+-----+-----------+
    |               Name               | FF | LUT| Bits| Const Bits|
    +----------------------------------+----+----+-----+-----------+
    |W_in_cast5_cast_reg_576           |  16|   0|   25|          9|
    |add_ln1027_reg_595                |  16|   0|   16|          0|
    |add_ln1494_reg_640                |  32|   0|   32|          0|
    |add_ln85_reg_611                  |   8|   0|    8|          0|
    |and_ln92_1_reg_621                |   1|   0|    1|          0|
    |and_ln92_reg_636                  |   1|   0|    1|          0|
    |ap_CS_fsm                         |   5|   0|    5|          0|
    |ap_done_reg                       |   1|   0|    1|          0|
    |ap_enable_reg_pp0_iter0_reg       |   1|   0|    1|          0|
    |ap_enable_reg_pp0_iter1           |   1|   0|    1|          0|
    |ap_enable_reg_pp0_iter2           |   1|   0|    1|          0|
    |ap_enable_reg_pp0_iter3           |   1|   0|    1|          0|
    |ap_loop_exit_ready_pp0_iter1_reg  |   1|   0|    1|          0|
    |ap_loop_exit_ready_pp0_iter2_reg  |   1|   0|    1|          0|
    |conv_i_i721_cast_reg_571          |  16|   0|   32|         16|
    |count_fu_116                      |  32|   0|   32|          0|
    |gmem0_addr_read_reg_656           |  32|   0|   32|          0|
    |gmem0_addr_reg_650                |  64|   0|   64|          0|
    |icmp_ln1027_1_reg_605             |   1|   0|    1|          0|
    |icmp_ln1027_reg_591               |   1|   0|    1|          0|
    |indvar_flatten10_fu_108           |  16|   0|   16|          0|
    |kh_1_reg_586                      |   8|   0|    8|          0|
    |kh_fu_104                         |   8|   0|    8|          0|
    |kw_1_fu_100                       |   8|   0|    8|          0|
    |kw_1_load_reg_600                 |   8|   0|    8|          0|
    |mul_ln94_reg_645                  |  32|   0|   32|          0|
    |select_ln1027_4_reg_631           |   8|   0|    8|          0|
    |select_ln1027_reg_626             |   8|   0|    8|          0|
    |sum_1_reg_671                     |  32|   0|   32|          0|
    |sum_fu_112                        |  32|   0|   32|          0|
    |zext_ln1633_cast_reg_566          |  16|   0|   32|         16|
    |and_ln92_reg_636                  |  64|  32|    1|          0|
    |icmp_ln1027_reg_591               |  64|  32|    1|          0|
    +----------------------------------+----+----+-----+-----------+
    |Total                             | 536|  64|  451|         41|
    +----------------------------------+----+----+-----+-----------+



================================================================
== Interface
================================================================
* Summary: 
+----------------------+-----+-----+------------+--------------------------------------------------+--------------+
|       RTL Ports      | Dir | Bits|  Protocol  |                   Source Object                  |    C Type    |
+----------------------+-----+-----+------------+--------------------------------------------------+--------------+
|ap_clk                |   in|    1|  ap_ctrl_hs|  pooling_Pipeline_VITIS_LOOP_85_6_VITIS_LOOP_86_7|  return value|
|ap_rst                |   in|    1|  ap_ctrl_hs|  pooling_Pipeline_VITIS_LOOP_85_6_VITIS_LOOP_86_7|  return value|
|ap_start              |   in|    1|  ap_ctrl_hs|  pooling_Pipeline_VITIS_LOOP_85_6_VITIS_LOOP_86_7|  return value|
|ap_done               |  out|    1|  ap_ctrl_hs|  pooling_Pipeline_VITIS_LOOP_85_6_VITIS_LOOP_86_7|  return value|
|ap_idle               |  out|    1|  ap_ctrl_hs|  pooling_Pipeline_VITIS_LOOP_85_6_VITIS_LOOP_86_7|  return value|
|ap_ready              |  out|    1|  ap_ctrl_hs|  pooling_Pipeline_VITIS_LOOP_85_6_VITIS_LOOP_86_7|  return value|
|m_axi_gmem0_AWVALID   |  out|    1|       m_axi|                                             gmem0|       pointer|
|m_axi_gmem0_AWREADY   |   in|    1|       m_axi|                                             gmem0|       pointer|
|m_axi_gmem0_AWADDR    |  out|   64|       m_axi|                                             gmem0|       pointer|
|m_axi_gmem0_AWID      |  out|    1|       m_axi|                                             gmem0|       pointer|
|m_axi_gmem0_AWLEN     |  out|   32|       m_axi|                                             gmem0|       pointer|
|m_axi_gmem0_AWSIZE    |  out|    3|       m_axi|                                             gmem0|       pointer|
|m_axi_gmem0_AWBURST   |  out|    2|       m_axi|                                             gmem0|       pointer|
|m_axi_gmem0_AWLOCK    |  out|    2|       m_axi|                                             gmem0|       pointer|
|m_axi_gmem0_AWCACHE   |  out|    4|       m_axi|                                             gmem0|       pointer|
|m_axi_gmem0_AWPROT    |  out|    3|       m_axi|                                             gmem0|       pointer|
|m_axi_gmem0_AWQOS     |  out|    4|       m_axi|                                             gmem0|       pointer|
|m_axi_gmem0_AWREGION  |  out|    4|       m_axi|                                             gmem0|       pointer|
|m_axi_gmem0_AWUSER    |  out|    1|       m_axi|                                             gmem0|       pointer|
|m_axi_gmem0_WVALID    |  out|    1|       m_axi|                                             gmem0|       pointer|
|m_axi_gmem0_WREADY    |   in|    1|       m_axi|                                             gmem0|       pointer|
|m_axi_gmem0_WDATA     |  out|   32|       m_axi|                                             gmem0|       pointer|
|m_axi_gmem0_WSTRB     |  out|    4|       m_axi|                                             gmem0|       pointer|
|m_axi_gmem0_WLAST     |  out|    1|       m_axi|                                             gmem0|       pointer|
|m_axi_gmem0_WID       |  out|    1|       m_axi|                                             gmem0|       pointer|
|m_axi_gmem0_WUSER     |  out|    1|       m_axi|                                             gmem0|       pointer|
|m_axi_gmem0_ARVALID   |  out|    1|       m_axi|                                             gmem0|       pointer|
|m_axi_gmem0_ARREADY   |   in|    1|       m_axi|                                             gmem0|       pointer|
|m_axi_gmem0_ARADDR    |  out|   64|       m_axi|                                             gmem0|       pointer|
|m_axi_gmem0_ARID      |  out|    1|       m_axi|                                             gmem0|       pointer|
|m_axi_gmem0_ARLEN     |  out|   32|       m_axi|                                             gmem0|       pointer|
|m_axi_gmem0_ARSIZE    |  out|    3|       m_axi|                                             gmem0|       pointer|
|m_axi_gmem0_ARBURST   |  out|    2|       m_axi|                                             gmem0|       pointer|
|m_axi_gmem0_ARLOCK    |  out|    2|       m_axi|                                             gmem0|       pointer|
|m_axi_gmem0_ARCACHE   |  out|    4|       m_axi|                                             gmem0|       pointer|
|m_axi_gmem0_ARPROT    |  out|    3|       m_axi|                                             gmem0|       pointer|
|m_axi_gmem0_ARQOS     |  out|    4|       m_axi|                                             gmem0|       pointer|
|m_axi_gmem0_ARREGION  |  out|    4|       m_axi|                                             gmem0|       pointer|
|m_axi_gmem0_ARUSER    |  out|    1|       m_axi|                                             gmem0|       pointer|
|m_axi_gmem0_RVALID    |   in|    1|       m_axi|                                             gmem0|       pointer|
|m_axi_gmem0_RREADY    |  out|    1|       m_axi|                                             gmem0|       pointer|
|m_axi_gmem0_RDATA     |   in|   32|       m_axi|                                             gmem0|       pointer|
|m_axi_gmem0_RLAST     |   in|    1|       m_axi|                                             gmem0|       pointer|
|m_axi_gmem0_RID       |   in|    1|       m_axi|                                             gmem0|       pointer|
|m_axi_gmem0_RFIFONUM  |   in|    9|       m_axi|                                             gmem0|       pointer|
|m_axi_gmem0_RUSER     |   in|    1|       m_axi|                                             gmem0|       pointer|
|m_axi_gmem0_RRESP     |   in|    2|       m_axi|                                             gmem0|       pointer|
|m_axi_gmem0_BVALID    |   in|    1|       m_axi|                                             gmem0|       pointer|
|m_axi_gmem0_BREADY    |  out|    1|       m_axi|                                             gmem0|       pointer|
|m_axi_gmem0_BRESP     |   in|    2|       m_axi|                                             gmem0|       pointer|
|m_axi_gmem0_BID       |   in|    1|       m_axi|                                             gmem0|       pointer|
|m_axi_gmem0_BUSER     |   in|    1|       m_axi|                                             gmem0|       pointer|
|sub_ln1027            |   in|   25|     ap_none|                                        sub_ln1027|        scalar|
|H_in_cast4            |   in|   16|     ap_none|                                        H_in_cast4|        scalar|
|mul_ln15              |   in|   16|     ap_none|                                          mul_ln15|        scalar|
|kernel_size           |   in|    8|     ap_none|                                       kernel_size|        scalar|
|conv_i_i530           |   in|   16|     ap_none|                                       conv_i_i530|        scalar|
|sub_ln1496            |   in|   25|     ap_none|                                        sub_ln1496|        scalar|
|W_in_cast5            |   in|   16|     ap_none|                                        W_in_cast5|        scalar|
|conv_i_i721           |   in|   16|     ap_none|                                       conv_i_i721|        scalar|
|zext_ln1633           |   in|   16|     ap_none|                                       zext_ln1633|        scalar|
|feature_in            |   in|   64|     ap_none|                                        feature_in|        scalar|
|count_1_out           |  out|   32|      ap_vld|                                       count_1_out|       pointer|
|count_1_out_ap_vld    |  out|    1|      ap_vld|                                       count_1_out|       pointer|
|sum_1_out             |  out|   32|      ap_vld|                                         sum_1_out|       pointer|
|sum_1_out_ap_vld      |  out|    1|      ap_vld|                                         sum_1_out|       pointer|
+----------------------+-----+-----+------------+--------------------------------------------------+--------------+

