remark: D:/Xilinx/Vitis_HLS/2022.2/common/technology/autopilot\ap_int_base.h:214:67: Inlining function 'ssdm_int<32, true>::ssdm_int(int)' into 'ap_int_base<32, true>::ap_int_base(int)'
remark: D:/Xilinx/Vitis_HLS/2022.2/common/technology/autopilot\ap_int_base.h:185:106: Inlining function '_ZN8ssdm_intILi40ELb1EEC2EDq40_i' into 'ap_int_base<40, true>::ap_int_base<32, true>(ap_int_base<32, true> const&)'
remark: D:/Xilinx/Vitis_HLS/2022.2/common/technology/autopilot\ap_int_base.h:185:106: Inlining function '_ZN8ssdm_intILi40ELb1EEC2EDq40_i' into 'ap_int_base<40, true>::ap_int_base<8, false>(ap_int_base<8, false> const&)'
remark: D:/Xilinx/Vitis_HLS/2022.2/common/technology/autopilot\ap_int_base.h:214:67: Inlining function '_ZN8ssdm_intILi40ELb1EEC2EDq40_i' into 'ap_int_base<40, true>::ap_int_base(int)'
remark: D:/Xilinx/Vitis_HLS/2022.2/common/technology/autopilot\ap_int_base.h:1494:339: Inlining function 'ap_int_base<40, true>::ap_int_base<32, true>(ap_int_base<32, true> const&)' into 'ap_int_base<32, true>::RType<8, false>::mult operator*<32, true, 8, false>(ap_int_base<32, true> const&, ap_int_base<8, false> const&)'
remark: D:/Xilinx/Vitis_HLS/2022.2/common/technology/autopilot\ap_int_base.h:1494:516: Inlining function 'ap_int_base<40, true>::ap_int_base(int)' into 'ap_int_base<32, true>::RType<8, false>::mult operator*<32, true, 8, false>(ap_int_base<32, true> const&, ap_int_base<8, false> const&)'
remark: D:/Xilinx/Vitis_HLS/2022.2/common/technology/autopilot\ap_int_base.h:1494:427: Inlining function 'ap_int_base<40, true>::ap_int_base<8, false>(ap_int_base<8, false> const&)' into 'ap_int_base<32, true>::RType<8, false>::mult operator*<32, true, 8, false>(ap_int_base<32, true> const&, ap_int_base<8, false> const&)'
remark: D:/Xilinx/Vitis_HLS/2022.2/common/technology/autopilot\ap_int_base.h:1633:216: Inlining function 'ap_int_base<32, true>::ap_int_base(int)' into 'ap_int_base<8, false>::RType<($_0)32, true>::mult operator*<8, false>(int, ap_int_base<8, false> const&)'
remark: D:/Xilinx/Vitis_HLS/2022.2/common/technology/autopilot\ap_int_base.h:1633:254: Inlining function 'ap_int_base<32, true>::RType<8, false>::mult operator*<32, true, 8, false>(ap_int_base<32, true> const&, ap_int_base<8, false> const&)' into 'ap_int_base<8, false>::RType<($_0)32, true>::mult operator*<8, false>(int, ap_int_base<8, false> const&)'
remark: D:/Xilinx/Vitis_HLS/2022.2/common/technology/autopilot\ap_int_base.h:185:106: Inlining function '_ZN8ssdm_intILi41ELb1EEC2EDq41_i' into 'ap_int_base<41, true>::ap_int_base<16, false>(ap_int_base<16, false> const&)'
remark: D:/Xilinx/Vitis_HLS/2022.2/common/technology/autopilot\ap_int_base.h:185:106: Inlining function '_ZN8ssdm_intILi41ELb1EEC2EDq41_i' into 'ap_int_base<41, true>::ap_int_base<40, true>(ap_int_base<40, true> const&)'
remark: D:/Xilinx/Vitis_HLS/2022.2/common/technology/autopilot\ap_int_base.h:214:67: Inlining function '_ZN8ssdm_intILi41ELb1EEC2EDq41_i' into 'ap_int_base<41, true>::ap_int_base(int)'
remark: D:/Xilinx/Vitis_HLS/2022.2/common/technology/autopilot\ap_int_base.h:1495:339: Inlining function 'ap_int_base<41, true>::ap_int_base<16, false>(ap_int_base<16, false> const&)' into 'ap_int_base<16, false>::RType<40, true>::plus operator+<16, false, 40, true>(ap_int_base<16, false> const&, ap_int_base<40, true> const&)'
remark: D:/Xilinx/Vitis_HLS/2022.2/common/technology/autopilot\ap_int_base.h:1495:516: Inlining function 'ap_int_base<41, true>::ap_int_base(int)' into 'ap_int_base<16, false>::RType<40, true>::plus operator+<16, false, 40, true>(ap_int_base<16, false> const&, ap_int_base<40, true> const&)'
remark: D:/Xilinx/Vitis_HLS/2022.2/common/technology/autopilot\ap_int_base.h:1495:427: Inlining function 'ap_int_base<41, true>::ap_int_base<40, true>(ap_int_base<40, true> const&)' into 'ap_int_base<16, false>::RType<40, true>::plus operator+<16, false, 40, true>(ap_int_base<16, false> const&, ap_int_base<40, true> const&)'
remark: D:/Xilinx/Vitis_HLS/2022.2/common/technology/autopilot\ap_int_base.h:185:106: Inlining function '_ZN8ssdm_intILi42ELb1EEC2EDq42_i' into 'ap_int_base<42, true>::ap_int_base<41, true>(ap_int_base<41, true> const&)'
remark: D:/Xilinx/Vitis_HLS/2022.2/common/technology/autopilot\ap_int_base.h:185:106: Inlining function '_ZN8ssdm_intILi42ELb1EEC2EDq42_i' into 'ap_int_base<42, true>::ap_int_base<8, false>(ap_int_base<8, false> const&)'
remark: D:/Xilinx/Vitis_HLS/2022.2/common/technology/autopilot\ap_int_base.h:214:67: Inlining function '_ZN8ssdm_intILi42ELb1EEC2EDq42_i' into 'ap_int_base<42, true>::ap_int_base(int)'
remark: D:/Xilinx/Vitis_HLS/2022.2/common/technology/autopilot\ap_int_base.h:1496:341: Inlining function 'ap_int_base<42, true>::ap_int_base<41, true>(ap_int_base<41, true> const&)' into 'ap_int_base<41, true>::RType<8, false>::minus operator-<41, true, 8, false>(ap_int_base<41, true> const&, ap_int_base<8, false> const&)'
remark: D:/Xilinx/Vitis_HLS/2022.2/common/technology/autopilot\ap_int_base.h:1496:520: Inlining function 'ap_int_base<42, true>::ap_int_base(int)' into 'ap_int_base<41, true>::RType<8, false>::minus operator-<41, true, 8, false>(ap_int_base<41, true> const&, ap_int_base<8, false> const&)'
remark: D:/Xilinx/Vitis_HLS/2022.2/common/technology/autopilot\ap_int_base.h:1496:430: Inlining function 'ap_int_base<42, true>::ap_int_base<8, false>(ap_int_base<8, false> const&)' into 'ap_int_base<41, true>::RType<8, false>::minus operator-<41, true, 8, false>(ap_int_base<41, true> const&, ap_int_base<8, false> const&)'
remark: D:/Xilinx/Vitis_HLS/2022.2/common/technology/autopilot\ap_int_base.h:1513:337: Inlining function 'ap_int_base<42, true>::ap_int_base(int)' into 'ap_int_base<42, true>::RType<8, false>::div operator/<42, true, 8, false>(ap_int_base<42, true> const&, ap_int_base<8, false> const&)'
remark: D:/Xilinx/Vitis_HLS/2022.2/common/technology/autopilot\ap_int_base.h:185:106: Inlining function '_ZN8ssdm_intILi43ELb1EEC2EDq43_i' into 'ap_int_base<43, true>::ap_int_base<42, true>(ap_int_base<42, true> const&)'
remark: D:/Xilinx/Vitis_HLS/2022.2/common/technology/autopilot\ap_int_base.h:185:106: Inlining function '_ZN8ssdm_intILi43ELb1EEC2EDq43_i' into 'ap_int_base<43, true>::ap_int_base<32, true>(ap_int_base<32, true> const&)'
remark: D:/Xilinx/Vitis_HLS/2022.2/common/technology/autopilot\ap_int_base.h:214:67: Inlining function '_ZN8ssdm_intILi43ELb1EEC2EDq43_i' into 'ap_int_base<43, true>::ap_int_base(int)'
remark: D:/Xilinx/Vitis_HLS/2022.2/common/technology/autopilot\ap_int_base.h:1495:339: Inlining function 'ap_int_base<43, true>::ap_int_base<42, true>(ap_int_base<42, true> const&)' into 'ap_int_base<42, true>::RType<32, true>::plus operator+<42, true, 32, true>(ap_int_base<42, true> const&, ap_int_base<32, true> const&)'
remark: D:/Xilinx/Vitis_HLS/2022.2/common/technology/autopilot\ap_int_base.h:1495:516: Inlining function 'ap_int_base<43, true>::ap_int_base(int)' into 'ap_int_base<42, true>::RType<32, true>::plus operator+<42, true, 32, true>(ap_int_base<42, true> const&, ap_int_base<32, true> const&)'
remark: D:/Xilinx/Vitis_HLS/2022.2/common/technology/autopilot\ap_int_base.h:1495:427: Inlining function 'ap_int_base<43, true>::ap_int_base<32, true>(ap_int_base<32, true> const&)' into 'ap_int_base<42, true>::RType<32, true>::plus operator+<42, true, 32, true>(ap_int_base<42, true> const&, ap_int_base<32, true> const&)'
remark: D:/Xilinx/Vitis_HLS/2022.2/common/technology/autopilot\ap_int_base.h:1633:1006: Inlining function 'ap_int_base<32, true>::ap_int_base(int)' into 'ap_int_base<42, true>::RType<($_0)32, true>::plus operator+<42, true>(ap_int_base<42, true> const&, int)'
remark: D:/Xilinx/Vitis_HLS/2022.2/common/technology/autopilot\ap_int_base.h:1633:1004: Inlining function 'ap_int_base<42, true>::RType<32, true>::plus operator+<42, true, 32, true>(ap_int_base<42, true> const&, ap_int_base<32, true> const&)' into 'ap_int_base<42, true>::RType<($_0)32, true>::plus operator+<42, true>(ap_int_base<42, true> const&, int)'
remark: D:/Xilinx/Vitis_HLS/2022.2/common/technology/autopilot\ap_int_base.h:185:106: Inlining function '_ZN8ssdm_intILi44ELb1EEC2EDq44_i' into 'ap_int_base<44, true>::ap_int_base<43, true>(ap_int_base<43, true> const&)'
remark: D:/Xilinx/Vitis_HLS/2022.2/common/technology/autopilot\ap_int_base.h:185:106: Inlining function '_ZN8ssdm_intILi44ELb1EEC2EDq44_i' into 'ap_int_base<44, true>::ap_int_base<40, true>(ap_int_base<40, true> const&)'
remark: D:/Xilinx/Vitis_HLS/2022.2/common/technology/autopilot\ap_int_base.h:214:67: Inlining function '_ZN8ssdm_intILi44ELb1EEC2EDq44_i' into 'ap_int_base<44, true>::ap_int_base(int)'
remark: D:/Xilinx/Vitis_HLS/2022.2/common/technology/autopilot\ap_int_base.h:1495:339: Inlining function 'ap_int_base<44, true>::ap_int_base<43, true>(ap_int_base<43, true> const&)' into 'ap_int_base<43, true>::RType<40, true>::plus operator+<43, true, 40, true>(ap_int_base<43, true> const&, ap_int_base<40, true> const&)'
remark: D:/Xilinx/Vitis_HLS/2022.2/common/technology/autopilot\ap_int_base.h:1495:516: Inlining function 'ap_int_base<44, true>::ap_int_base(int)' into 'ap_int_base<43, true>::RType<40, true>::plus operator+<43, true, 40, true>(ap_int_base<43, true> const&, ap_int_base<40, true> const&)'
remark: D:/Xilinx/Vitis_HLS/2022.2/common/technology/autopilot\ap_int_base.h:1495:427: Inlining function 'ap_int_base<44, true>::ap_int_base<40, true>(ap_int_base<40, true> const&)' into 'ap_int_base<43, true>::RType<40, true>::plus operator+<43, true, 40, true>(ap_int_base<43, true> const&, ap_int_base<40, true> const&)'
remark: D:/Xilinx/Vitis_HLS/2022.2/common/technology/autopilot\ap_int_base.h:185:106: Inlining function '_ZN8ssdm_intILi45ELb1EEC2EDq45_i' into 'ap_int_base<45, true>::ap_int_base<44, true>(ap_int_base<44, true> const&)'
remark: D:/Xilinx/Vitis_HLS/2022.2/common/technology/autopilot\ap_int_base.h:185:106: Inlining function '_ZN8ssdm_intILi45ELb1EEC2EDq45_i' into 'ap_int_base<45, true>::ap_int_base<8, false>(ap_int_base<8, false> const&)'
remark: D:/Xilinx/Vitis_HLS/2022.2/common/technology/autopilot\ap_int_base.h:214:67: Inlining function '_ZN8ssdm_intILi45ELb1EEC2EDq45_i' into 'ap_int_base<45, true>::ap_int_base(int)'
remark: D:/Xilinx/Vitis_HLS/2022.2/common/technology/autopilot\ap_int_base.h:1496:341: Inlining function 'ap_int_base<45, true>::ap_int_base<44, true>(ap_int_base<44, true> const&)' into 'ap_int_base<44, true>::RType<8, false>::minus operator-<44, true, 8, false>(ap_int_base<44, true> const&, ap_int_base<8, false> const&)'
remark: D:/Xilinx/Vitis_HLS/2022.2/common/technology/autopilot\ap_int_base.h:1496:520: Inlining function 'ap_int_base<45, true>::ap_int_base(int)' into 'ap_int_base<44, true>::RType<8, false>::minus operator-<44, true, 8, false>(ap_int_base<44, true> const&, ap_int_base<8, false> const&)'
remark: D:/Xilinx/Vitis_HLS/2022.2/common/technology/autopilot\ap_int_base.h:1496:430: Inlining function 'ap_int_base<45, true>::ap_int_base<8, false>(ap_int_base<8, false> const&)' into 'ap_int_base<44, true>::RType<8, false>::minus operator-<44, true, 8, false>(ap_int_base<44, true> const&, ap_int_base<8, false> const&)'
remark: D:/Xilinx/Vitis_HLS/2022.2/common/technology/autopilot\ap_int_base.h:1513:337: Inlining function 'ap_int_base<45, true>::ap_int_base(int)' into 'ap_int_base<45, true>::RType<8, false>::div operator/<45, true, 8, false>(ap_int_base<45, true> const&, ap_int_base<8, false> const&)'
remark: D:/Xilinx/Vitis_HLS/2022.2/common/technology/autopilot\ap_int_base.h:185:106: Inlining function '_ZN8ssdm_intILi46ELb1EEC2EDq46_i' into 'ap_int_base<46, true>::ap_int_base<45, true>(ap_int_base<45, true> const&)'
remark: D:/Xilinx/Vitis_HLS/2022.2/common/technology/autopilot\ap_int_base.h:185:106: Inlining function '_ZN8ssdm_intILi46ELb1EEC2EDq46_i' into 'ap_int_base<46, true>::ap_int_base<32, true>(ap_int_base<32, true> const&)'
remark: D:/Xilinx/Vitis_HLS/2022.2/common/technology/autopilot\ap_int_base.h:214:67: Inlining function '_ZN8ssdm_intILi46ELb1EEC2EDq46_i' into 'ap_int_base<46, true>::ap_int_base(int)'
remark: D:/Xilinx/Vitis_HLS/2022.2/common/technology/autopilot\ap_int_base.h:1495:339: Inlining function 'ap_int_base<46, true>::ap_int_base<45, true>(ap_int_base<45, true> const&)' into 'ap_int_base<45, true>::RType<32, true>::plus operator+<45, true, 32, true>(ap_int_base<45, true> const&, ap_int_base<32, true> const&)'
remark: D:/Xilinx/Vitis_HLS/2022.2/common/technology/autopilot\ap_int_base.h:1495:516: Inlining function 'ap_int_base<46, true>::ap_int_base(int)' into 'ap_int_base<45, true>::RType<32, true>::plus operator+<45, true, 32, true>(ap_int_base<45, true> const&, ap_int_base<32, true> const&)'
remark: D:/Xilinx/Vitis_HLS/2022.2/common/technology/autopilot\ap_int_base.h:1495:427: Inlining function 'ap_int_base<46, true>::ap_int_base<32, true>(ap_int_base<32, true> const&)' into 'ap_int_base<45, true>::RType<32, true>::plus operator+<45, true, 32, true>(ap_int_base<45, true> const&, ap_int_base<32, true> const&)'
remark: D:/Xilinx/Vitis_HLS/2022.2/common/technology/autopilot\ap_int_base.h:1633:1006: Inlining function 'ap_int_base<32, true>::ap_int_base(int)' into 'ap_int_base<45, true>::RType<($_0)32, true>::plus operator+<45, true>(ap_int_base<45, true> const&, int)'
remark: D:/Xilinx/Vitis_HLS/2022.2/common/technology/autopilot\ap_int_base.h:1633:1004: Inlining function 'ap_int_base<45, true>::RType<32, true>::plus operator+<45, true, 32, true>(ap_int_base<45, true> const&, ap_int_base<32, true> const&)' into 'ap_int_base<45, true>::RType<($_0)32, true>::plus operator+<45, true>(ap_int_base<45, true> const&, int)'
remark: D:/Xilinx/Vitis_HLS/2022.2/common/technology/autopilot\ap_int_base.h:185:106: Inlining function 'ssdm_int<16, false>::ssdm_int(unsigned short)' into 'ap_int_base<16, false>::ap_int_base<46, true>(ap_int_base<46, true> const&)'
remark: <unknown>:0:0: Inlining function 'ap_int_base<16, false>::ap_int_base<46, true>(ap_int_base<46, true> const&)' into 'ap_uint<16>::ap_uint<46>(ap_int<46> const&)'
remark: D:/Xilinx/Vitis_HLS/2022.2/common/technology/autopilot\ap_int_base.h:1788:520: Inlining function 'ap_int_base<32, true>::ap_int_base(int)' into 'bool operator<<16, false>(int, ap_int_base<16, false> const&)'
remark: D:/Xilinx/Vitis_HLS/2022.2/common/technology/autopilot\ap_int_base.h:1788:558: Inlining function 'bool ap_int_base<32, true>::operator<<16, false>(ap_int_base<16, false> const&) const' into 'bool operator<<16, false>(int, ap_int_base<16, false> const&)'
remark: D:/Xilinx/Vitis_HLS/2022.2/common/technology/autopilot\ap_int_base.h:214:67: Inlining function 'ssdm_int<8, true>::ssdm_int(signed char)' into 'ap_int_base<8, true>::ap_int_base(int)'
remark: <unknown>:0:0: Inlining function 'ap_int_base<8, true>::ap_int_base(int)' into 'ap_int<8>::ap_int(int)'
remark: <unknown>:0:0: Inlining function 'ap_int_base<32, true>::ap_int_base(int)' into 'ap_int<32>::ap_int(int)'
remark: D:/Xilinx/Vitis_HLS/2022.2/common/technology/autopilot\ap_int_base.h:185:106: Inlining function '_ZN8ssdm_intILi24ELb0EEC2EDq24_j' into 'ap_int_base<24, false>::ap_int_base<16, false>(ap_int_base<16, false> const&)'
remark: D:/Xilinx/Vitis_HLS/2022.2/common/technology/autopilot\ap_int_base.h:185:106: Inlining function '_ZN8ssdm_intILi24ELb0EEC2EDq24_j' into 'ap_int_base<24, false>::ap_int_base<8, false>(ap_int_base<8, false> const&)'
remark: D:/Xilinx/Vitis_HLS/2022.2/common/technology/autopilot\ap_int_base.h:214:67: Inlining function '_ZN8ssdm_intILi24ELb0EEC2EDq24_j' into 'ap_int_base<24, false>::ap_int_base(int)'
remark: D:/Xilinx/Vitis_HLS/2022.2/common/technology/autopilot\ap_int_base.h:1494:339: Inlining function 'ap_int_base<24, false>::ap_int_base<16, false>(ap_int_base<16, false> const&)' into 'ap_int_base<16, false>::RType<8, false>::mult operator*<16, false, 8, false>(ap_int_base<16, false> const&, ap_int_base<8, false> const&)'
remark: D:/Xilinx/Vitis_HLS/2022.2/common/technology/autopilot\ap_int_base.h:1494:516: Inlining function 'ap_int_base<24, false>::ap_int_base(int)' into 'ap_int_base<16, false>::RType<8, false>::mult operator*<16, false, 8, false>(ap_int_base<16, false> const&, ap_int_base<8, false> const&)'
remark: D:/Xilinx/Vitis_HLS/2022.2/common/technology/autopilot\ap_int_base.h:1494:427: Inlining function 'ap_int_base<24, false>::ap_int_base<8, false>(ap_int_base<8, false> const&)' into 'ap_int_base<16, false>::RType<8, false>::mult operator*<16, false, 8, false>(ap_int_base<16, false> const&, ap_int_base<8, false> const&)'
remark: D:/Xilinx/Vitis_HLS/2022.2/common/technology/autopilot\ap_int_base.h:185:106: Inlining function 'ssdm_int<32, false>::ssdm_int(unsigned int)' into 'ap_int_base<32, false>::ap_int_base<24, false>(ap_int_base<24, false> const&)'
remark: D:/Xilinx/Vitis_HLS/2022.2/common/technology/autopilot\ap_int_base.h:185:106: Inlining function 'ssdm_int<32, false>::ssdm_int(unsigned int)' into 'ap_int_base<32, false>::ap_int_base<8, false>(ap_int_base<8, false> const&)'
remark: D:/Xilinx/Vitis_HLS/2022.2/common/technology/autopilot\ap_int_base.h:214:67: Inlining function 'ssdm_int<32, false>::ssdm_int(unsigned int)' into 'ap_int_base<32, false>::ap_int_base(int)'
remark: D:/Xilinx/Vitis_HLS/2022.2/common/technology/autopilot\ap_int_base.h:1494:339: Inlining function 'ap_int_base<32, false>::ap_int_base<24, false>(ap_int_base<24, false> const&)' into 'ap_int_base<24, false>::RType<8, false>::mult operator*<24, false, 8, false>(ap_int_base<24, false> const&, ap_int_base<8, false> const&)'
remark: D:/Xilinx/Vitis_HLS/2022.2/common/technology/autopilot\ap_int_base.h:1494:516: Inlining function 'ap_int_base<32, false>::ap_int_base(int)' into 'ap_int_base<24, false>::RType<8, false>::mult operator*<24, false, 8, false>(ap_int_base<24, false> const&, ap_int_base<8, false> const&)'
remark: D:/Xilinx/Vitis_HLS/2022.2/common/technology/autopilot\ap_int_base.h:1494:427: Inlining function 'ap_int_base<32, false>::ap_int_base<8, false>(ap_int_base<8, false> const&)' into 'ap_int_base<24, false>::RType<8, false>::mult operator*<24, false, 8, false>(ap_int_base<24, false> const&, ap_int_base<8, false> const&)'
remark: D:/Xilinx/Vitis_HLS/2022.2/common/technology/autopilot\ap_int_base.h:1788:520: Inlining function 'ap_int_base<32, true>::ap_int_base(int)' into 'bool operator<<32, false>(int, ap_int_base<32, false> const&)'
remark: D:/Xilinx/Vitis_HLS/2022.2/common/technology/autopilot\ap_int_base.h:1788:558: Inlining function 'bool ap_int_base<32, true>::operator<<32, false>(ap_int_base<32, false> const&) const' into 'bool operator<<32, false>(int, ap_int_base<32, false> const&)'
remark: D:/Xilinx/Vitis_HLS/2022.2/common/technology/autopilot\ap_int_base.h:185:106: Inlining function 'ssdm_int<16, false>::ssdm_int(unsigned short)' into 'ap_int_base<16, false>::ap_int_base<8, false>(ap_int_base<8, false> const&)'
remark: D:/Xilinx/Vitis_HLS/2022.2/common/technology/autopilot\ap_int_base.h:214:67: Inlining function 'ssdm_int<16, false>::ssdm_int(unsigned short)' into 'ap_int_base<16, false>::ap_int_base(int)'
remark: D:/Xilinx/Vitis_HLS/2022.2/common/technology/autopilot\ap_int_base.h:1494:339: Inlining function 'ap_int_base<16, false>::ap_int_base<8, false>(ap_int_base<8, false> const&)' into 'ap_int_base<8, false>::RType<8, false>::mult operator*<8, false, 8, false>(ap_int_base<8, false> const&, ap_int_base<8, false> const&)'
remark: D:/Xilinx/Vitis_HLS/2022.2/common/technology/autopilot\ap_int_base.h:1494:516: Inlining function 'ap_int_base<16, false>::ap_int_base(int)' into 'ap_int_base<8, false>::RType<8, false>::mult operator*<8, false, 8, false>(ap_int_base<8, false> const&, ap_int_base<8, false> const&)'
remark: D:/Xilinx/Vitis_HLS/2022.2/common/technology/autopilot\ap_int_base.h:1494:427: Inlining function 'ap_int_base<16, false>::ap_int_base<8, false>(ap_int_base<8, false> const&)' into 'ap_int_base<8, false>::RType<8, false>::mult operator*<8, false, 8, false>(ap_int_base<8, false> const&, ap_int_base<8, false> const&)'
remark: D:/Xilinx/Vitis_HLS/2022.2/common/technology/autopilot\ap_int_base.h:1513:337: Inlining function 'ap_int_base<32, true>::ap_int_base(int)' into 'ap_int_base<32, true>::RType<16, false>::div operator/<32, true, 16, false>(ap_int_base<32, true> const&, ap_int_base<16, false> const&)'
remark: D:/Xilinx/Vitis_HLS/2022.2/common/technology/autopilot\ap_int_base.h:185:106: Inlining function '_ZN8ssdm_intILi17ELb1EEC2EDq17_i' into 'ap_int_base<17, true>::ap_int_base<32, true>(ap_int_base<32, true> const&)'
remark: <unknown>:0:0: Inlining function 'ap_int_base<17, true>::ap_int_base<32, true>(ap_int_base<32, true> const&)' into 'ap_int<17>::ap_int<32>(ap_int<32> const&)'
remark: D:/Xilinx/Vitis_HLS/2022.2/common/technology/autopilot\ap_int_base.h:1633:1786: Inlining function 'ap_int_base<32, true>::ap_int_base(int)' into 'ap_int_base<16, false>::RType<($_0)32, true>::div operator/<16, false>(int, ap_int_base<16, false> const&)'
remark: D:/Xilinx/Vitis_HLS/2022.2/common/technology/autopilot\ap_int_base.h:1633:1824: Inlining function 'ap_int_base<32, true>::RType<16, false>::div operator/<32, true, 16, false>(ap_int_base<32, true> const&, ap_int_base<16, false> const&)' into 'ap_int_base<16, false>::RType<($_0)32, true>::div operator/<16, false>(int, ap_int_base<16, false> const&)'
remark: D:/Xilinx/Vitis_HLS/2022.2/common/technology/autopilot\ap_int_base.h:214:67: Inlining function '_ZN8ssdm_intILi17ELb1EEC2EDq17_i' into 'ap_int_base<17, true>::ap_int_base(int)'
remark: D:/Xilinx/Vitis_HLS/2022.2/common/technology/autopilot\ap_int_base.h:1514:337: Inlining function 'ap_int_base<17, true>::ap_int_base(int)' into 'ap_int_base<32, true>::RType<16, false>::mod operator%<32, true, 16, false>(ap_int_base<32, true> const&, ap_int_base<16, false> const&)'
remark: D:/Xilinx/Vitis_HLS/2022.2/common/technology/autopilot\ap_int_base.h:185:106: Inlining function 'ssdm_int<16, false>::ssdm_int(unsigned short)' into 'ap_int_base<16, false>::ap_int_base<17, true>(ap_int_base<17, true> const&)'
remark: <unknown>:0:0: Inlining function 'ap_int_base<16, false>::ap_int_base<17, true>(ap_int_base<17, true> const&)' into 'ap_uint<16>::ap_uint<17>(ap_int<17> const&)'
remark: D:/Xilinx/Vitis_HLS/2022.2/common/technology/autopilot\ap_int_base.h:1633:2307: Inlining function 'ap_int_base<32, true>::ap_int_base(int)' into 'ap_int_base<16, false>::RType<($_0)32, true>::mod operator%<16, false>(int, ap_int_base<16, false> const&)'
remark: D:/Xilinx/Vitis_HLS/2022.2/common/technology/autopilot\ap_int_base.h:1633:2345: Inlining function 'ap_int_base<32, true>::RType<16, false>::mod operator%<32, true, 16, false>(ap_int_base<32, true> const&, ap_int_base<16, false> const&)' into 'ap_int_base<16, false>::RType<($_0)32, true>::mod operator%<16, false>(int, ap_int_base<16, false> const&)'
remark: D:/Xilinx/Vitis_HLS/2022.2/common/technology/autopilot\ap_int_base.h:1513:337: Inlining function 'ap_int_base<32, true>::ap_int_base(int)' into 'ap_int_base<32, true>::RType<8, false>::div operator/<32, true, 8, false>(ap_int_base<32, true> const&, ap_int_base<8, false> const&)'
remark: D:/Xilinx/Vitis_HLS/2022.2/common/technology/autopilot\ap_int_base.h:185:106: Inlining function '_ZN8ssdm_intILi9ELb1EEC2EDq9_i' into 'ap_int_base<9, true>::ap_int_base<32, true>(ap_int_base<32, true> const&)'
remark: <unknown>:0:0: Inlining function 'ap_int_base<9, true>::ap_int_base<32, true>(ap_int_base<32, true> const&)' into 'ap_int<9>::ap_int<32>(ap_int<32> const&)'
remark: D:/Xilinx/Vitis_HLS/2022.2/common/technology/autopilot\ap_int_base.h:1633:1786: Inlining function 'ap_int_base<32, true>::ap_int_base(int)' into 'ap_int_base<8, false>::RType<($_0)32, true>::div operator/<8, false>(int, ap_int_base<8, false> const&)'
remark: D:/Xilinx/Vitis_HLS/2022.2/common/technology/autopilot\ap_int_base.h:1633:1824: Inlining function 'ap_int_base<32, true>::RType<8, false>::div operator/<32, true, 8, false>(ap_int_base<32, true> const&, ap_int_base<8, false> const&)' into 'ap_int_base<8, false>::RType<($_0)32, true>::div operator/<8, false>(int, ap_int_base<8, false> const&)'
remark: D:/Xilinx/Vitis_HLS/2022.2/common/technology/autopilot\ap_int_base.h:214:67: Inlining function '_ZN8ssdm_intILi9ELb1EEC2EDq9_i' into 'ap_int_base<9, true>::ap_int_base(int)'
remark: D:/Xilinx/Vitis_HLS/2022.2/common/technology/autopilot\ap_int_base.h:1514:337: Inlining function 'ap_int_base<9, true>::ap_int_base(int)' into 'ap_int_base<32, true>::RType<8, false>::mod operator%<32, true, 8, false>(ap_int_base<32, true> const&, ap_int_base<8, false> const&)'
remark: D:/Xilinx/Vitis_HLS/2022.2/common/technology/autopilot\ap_int_base.h:185:106: Inlining function 'ssdm_int<8, false>::ssdm_int(unsigned char)' into 'ap_int_base<8, false>::ap_int_base<9, true>(ap_int_base<9, true> const&)'
remark: <unknown>:0:0: Inlining function 'ap_int_base<8, false>::ap_int_base<9, true>(ap_int_base<9, true> const&)' into 'ap_uint<8>::ap_uint<9>(ap_int<9> const&)'
remark: D:/Xilinx/Vitis_HLS/2022.2/common/technology/autopilot\ap_int_base.h:1633:2307: Inlining function 'ap_int_base<32, true>::ap_int_base(int)' into 'ap_int_base<8, false>::RType<($_0)32, true>::mod operator%<8, false>(int, ap_int_base<8, false> const&)'
remark: D:/Xilinx/Vitis_HLS/2022.2/common/technology/autopilot\ap_int_base.h:1633:2345: Inlining function 'ap_int_base<32, true>::RType<8, false>::mod operator%<32, true, 8, false>(ap_int_base<32, true> const&, ap_int_base<8, false> const&)' into 'ap_int_base<8, false>::RType<($_0)32, true>::mod operator%<8, false>(int, ap_int_base<8, false> const&)'
remark: D:/Xilinx/Vitis_HLS/2022.2/common/technology/autopilot\ap_int_base.h:185:106: Inlining function '_ZN8ssdm_intILi48ELb1EEC2EDq48_i' into 'ap_int_base<48, true>::ap_int_base<32, true>(ap_int_base<32, true> const&)'
remark: D:/Xilinx/Vitis_HLS/2022.2/common/technology/autopilot\ap_int_base.h:185:106: Inlining function '_ZN8ssdm_intILi48ELb1EEC2EDq48_i' into 'ap_int_base<48, true>::ap_int_base<16, false>(ap_int_base<16, false> const&)'
remark: D:/Xilinx/Vitis_HLS/2022.2/common/technology/autopilot\ap_int_base.h:214:67: Inlining function '_ZN8ssdm_intILi48ELb1EEC2EDq48_i' into 'ap_int_base<48, true>::ap_int_base(int)'
remark: D:/Xilinx/Vitis_HLS/2022.2/common/technology/autopilot\ap_int_base.h:1494:339: Inlining function 'ap_int_base<48, true>::ap_int_base<32, true>(ap_int_base<32, true> const&)' into 'ap_int_base<32, true>::RType<16, false>::mult operator*<32, true, 16, false>(ap_int_base<32, true> const&, ap_int_base<16, false> const&)'
remark: D:/Xilinx/Vitis_HLS/2022.2/common/technology/autopilot\ap_int_base.h:1494:516: Inlining function 'ap_int_base<48, true>::ap_int_base(int)' into 'ap_int_base<32, true>::RType<16, false>::mult operator*<32, true, 16, false>(ap_int_base<32, true> const&, ap_int_base<16, false> const&)'
remark: D:/Xilinx/Vitis_HLS/2022.2/common/technology/autopilot\ap_int_base.h:1494:427: Inlining function 'ap_int_base<48, true>::ap_int_base<16, false>(ap_int_base<16, false> const&)' into 'ap_int_base<32, true>::RType<16, false>::mult operator*<32, true, 16, false>(ap_int_base<32, true> const&, ap_int_base<16, false> const&)'
remark: D:/Xilinx/Vitis_HLS/2022.2/common/technology/autopilot\ap_int_base.h:1633:216: Inlining function 'ap_int_base<32, true>::ap_int_base(int)' into 'ap_int_base<16, false>::RType<($_0)32, true>::mult operator*<16, false>(int, ap_int_base<16, false> const&)'
remark: D:/Xilinx/Vitis_HLS/2022.2/common/technology/autopilot\ap_int_base.h:1633:254: Inlining function 'ap_int_base<32, true>::RType<16, false>::mult operator*<32, true, 16, false>(ap_int_base<32, true> const&, ap_int_base<16, false> const&)' into 'ap_int_base<16, false>::RType<($_0)32, true>::mult operator*<16, false>(int, ap_int_base<16, false> const&)'
remark: D:/Xilinx/Vitis_HLS/2022.2/common/technology/autopilot\ap_int_base.h:185:106: Inlining function '_ZN8ssdm_intILi49ELb1EEC2EDq49_i' into 'ap_int_base<49, true>::ap_int_base<48, true>(ap_int_base<48, true> const&)'
remark: D:/Xilinx/Vitis_HLS/2022.2/common/technology/autopilot\ap_int_base.h:185:106: Inlining function '_ZN8ssdm_intILi49ELb1EEC2EDq49_i' into 'ap_int_base<49, true>::ap_int_base<32, true>(ap_int_base<32, true> const&)'
remark: D:/Xilinx/Vitis_HLS/2022.2/common/technology/autopilot\ap_int_base.h:214:67: Inlining function '_ZN8ssdm_intILi49ELb1EEC2EDq49_i' into 'ap_int_base<49, true>::ap_int_base(int)'
remark: D:/Xilinx/Vitis_HLS/2022.2/common/technology/autopilot\ap_int_base.h:1495:339: Inlining function 'ap_int_base<49, true>::ap_int_base<48, true>(ap_int_base<48, true> const&)' into 'ap_int_base<48, true>::RType<32, true>::plus operator+<48, true, 32, true>(ap_int_base<48, true> const&, ap_int_base<32, true> const&)'
remark: D:/Xilinx/Vitis_HLS/2022.2/common/technology/autopilot\ap_int_base.h:1495:516: Inlining function 'ap_int_base<49, true>::ap_int_base(int)' into 'ap_int_base<48, true>::RType<32, true>::plus operator+<48, true, 32, true>(ap_int_base<48, true> const&, ap_int_base<32, true> const&)'
remark: D:/Xilinx/Vitis_HLS/2022.2/common/technology/autopilot\ap_int_base.h:1495:427: Inlining function 'ap_int_base<49, true>::ap_int_base<32, true>(ap_int_base<32, true> const&)' into 'ap_int_base<48, true>::RType<32, true>::plus operator+<48, true, 32, true>(ap_int_base<48, true> const&, ap_int_base<32, true> const&)'
remark: D:/Xilinx/Vitis_HLS/2022.2/common/technology/autopilot\ap_int_base.h:1633:1006: Inlining function 'ap_int_base<32, true>::ap_int_base(int)' into 'ap_int_base<48, true>::RType<($_0)32, true>::plus operator+<48, true>(ap_int_base<48, true> const&, int)'
remark: D:/Xilinx/Vitis_HLS/2022.2/common/technology/autopilot\ap_int_base.h:1633:1004: Inlining function 'ap_int_base<48, true>::RType<32, true>::plus operator+<48, true, 32, true>(ap_int_base<48, true> const&, ap_int_base<32, true> const&)' into 'ap_int_base<48, true>::RType<($_0)32, true>::plus operator+<48, true>(ap_int_base<48, true> const&, int)'
remark: D:/Xilinx/Vitis_HLS/2022.2/common/technology/autopilot\ap_int_base.h:185:106: Inlining function '_ZN8ssdm_intILi65ELb1EEC2EDq65_i' into 'ap_int_base<65, true>::ap_int_base<49, true>(ap_int_base<49, true> const&)'
remark: D:/Xilinx/Vitis_HLS/2022.2/common/technology/autopilot\ap_int_base.h:185:106: Inlining function '_ZN8ssdm_intILi65ELb1EEC2EDq65_i' into 'ap_int_base<65, true>::ap_int_base<16, false>(ap_int_base<16, false> const&)'
remark: D:/Xilinx/Vitis_HLS/2022.2/common/technology/autopilot\ap_int_base.h:214:67: Inlining function '_ZN8ssdm_intILi65ELb1EEC2EDq65_i' into 'ap_int_base<65, true>::ap_int_base(int)'
remark: D:/Xilinx/Vitis_HLS/2022.2/common/technology/autopilot\ap_int_base.h:1494:339: Inlining function 'ap_int_base<65, true>::ap_int_base<49, true>(ap_int_base<49, true> const&)' into 'ap_int_base<49, true>::RType<16, false>::mult operator*<49, true, 16, false>(ap_int_base<49, true> const&, ap_int_base<16, false> const&)'
remark: D:/Xilinx/Vitis_HLS/2022.2/common/technology/autopilot\ap_int_base.h:1494:516: Inlining function 'ap_int_base<65, true>::ap_int_base(int)' into 'ap_int_base<49, true>::RType<16, false>::mult operator*<49, true, 16, false>(ap_int_base<49, true> const&, ap_int_base<16, false> const&)'
remark: D:/Xilinx/Vitis_HLS/2022.2/common/technology/autopilot\ap_int_base.h:1494:427: Inlining function 'ap_int_base<65, true>::ap_int_base<16, false>(ap_int_base<16, false> const&)' into 'ap_int_base<49, true>::RType<16, false>::mult operator*<49, true, 16, false>(ap_int_base<49, true> const&, ap_int_base<16, false> const&)'
remark: D:/Xilinx/Vitis_HLS/2022.2/common/technology/autopilot\ap_int_base.h:185:106: Inlining function '_ZN8ssdm_intILi66ELb1EEC2EDq66_i' into 'ap_int_base<66, true>::ap_int_base<65, true>(ap_int_base<65, true> const&)'
remark: D:/Xilinx/Vitis_HLS/2022.2/common/technology/autopilot\ap_int_base.h:185:106: Inlining function '_ZN8ssdm_intILi66ELb1EEC2EDq66_i' into 'ap_int_base<66, true>::ap_int_base<32, true>(ap_int_base<32, true> const&)'
remark: D:/Xilinx/Vitis_HLS/2022.2/common/technology/autopilot\ap_int_base.h:214:67: Inlining function '_ZN8ssdm_intILi66ELb1EEC2EDq66_i' into 'ap_int_base<66, true>::ap_int_base(int)'
remark: D:/Xilinx/Vitis_HLS/2022.2/common/technology/autopilot\ap_int_base.h:1495:339: Inlining function 'ap_int_base<66, true>::ap_int_base<65, true>(ap_int_base<65, true> const&)' into 'ap_int_base<65, true>::RType<32, true>::plus operator+<65, true, 32, true>(ap_int_base<65, true> const&, ap_int_base<32, true> const&)'
remark: D:/Xilinx/Vitis_HLS/2022.2/common/technology/autopilot\ap_int_base.h:1495:516: Inlining function 'ap_int_base<66, true>::ap_int_base(int)' into 'ap_int_base<65, true>::RType<32, true>::plus operator+<65, true, 32, true>(ap_int_base<65, true> const&, ap_int_base<32, true> const&)'
remark: D:/Xilinx/Vitis_HLS/2022.2/common/technology/autopilot\ap_int_base.h:1495:427: Inlining function 'ap_int_base<66, true>::ap_int_base<32, true>(ap_int_base<32, true> const&)' into 'ap_int_base<65, true>::RType<32, true>::plus operator+<65, true, 32, true>(ap_int_base<65, true> const&, ap_int_base<32, true> const&)'
remark: D:/Xilinx/Vitis_HLS/2022.2/common/technology/autopilot\ap_int_base.h:1633:1006: Inlining function 'ap_int_base<32, true>::ap_int_base(int)' into 'ap_int_base<65, true>::RType<($_0)32, true>::plus operator+<65, true>(ap_int_base<65, true> const&, int)'
remark: D:/Xilinx/Vitis_HLS/2022.2/common/technology/autopilot\ap_int_base.h:1633:1004: Inlining function 'ap_int_base<65, true>::RType<32, true>::plus operator+<65, true, 32, true>(ap_int_base<65, true> const&, ap_int_base<32, true> const&)' into 'ap_int_base<65, true>::RType<($_0)32, true>::plus operator+<65, true>(ap_int_base<65, true> const&, int)'
remark: D:/Xilinx/Vitis_HLS/2022.2/common/technology/autopilot\ap_int_base.h:185:106: Inlining function '_ZN8ssdm_intILi56ELb1EEC2EDq56_i' into 'ap_int_base<56, true>::ap_int_base<48, true>(ap_int_base<48, true> const&)'
remark: D:/Xilinx/Vitis_HLS/2022.2/common/technology/autopilot\ap_int_base.h:185:106: Inlining function '_ZN8ssdm_intILi56ELb1EEC2EDq56_i' into 'ap_int_base<56, true>::ap_int_base<8, false>(ap_int_base<8, false> const&)'
remark: D:/Xilinx/Vitis_HLS/2022.2/common/technology/autopilot\ap_int_base.h:214:67: Inlining function '_ZN8ssdm_intILi56ELb1EEC2EDq56_i' into 'ap_int_base<56, true>::ap_int_base(int)'
remark: D:/Xilinx/Vitis_HLS/2022.2/common/technology/autopilot\ap_int_base.h:1494:339: Inlining function 'ap_int_base<56, true>::ap_int_base<48, true>(ap_int_base<48, true> const&)' into 'ap_int_base<48, true>::RType<8, false>::mult operator*<48, true, 8, false>(ap_int_base<48, true> const&, ap_int_base<8, false> const&)'
remark: D:/Xilinx/Vitis_HLS/2022.2/common/technology/autopilot\ap_int_base.h:1494:516: Inlining function 'ap_int_base<56, true>::ap_int_base(int)' into 'ap_int_base<48, true>::RType<8, false>::mult operator*<48, true, 8, false>(ap_int_base<48, true> const&, ap_int_base<8, false> const&)'
remark: D:/Xilinx/Vitis_HLS/2022.2/common/technology/autopilot\ap_int_base.h:1494:427: Inlining function 'ap_int_base<56, true>::ap_int_base<8, false>(ap_int_base<8, false> const&)' into 'ap_int_base<48, true>::RType<8, false>::mult operator*<48, true, 8, false>(ap_int_base<48, true> const&, ap_int_base<8, false> const&)'
remark: D:/Xilinx/Vitis_HLS/2022.2/common/technology/autopilot\ap_int_base.h:185:106: Inlining function 'ssdm_int<64, true>::ssdm_int(long)' into 'ap_int_base<64, true>::ap_int_base<56, true>(ap_int_base<56, true> const&)'
remark: D:/Xilinx/Vitis_HLS/2022.2/common/technology/autopilot\ap_int_base.h:185:106: Inlining function 'ssdm_int<64, true>::ssdm_int(long)' into 'ap_int_base<64, true>::ap_int_base<8, false>(ap_int_base<8, false> const&)'
remark: D:/Xilinx/Vitis_HLS/2022.2/common/technology/autopilot\ap_int_base.h:214:67: Inlining function 'ssdm_int<64, true>::ssdm_int(long)' into 'ap_int_base<64, true>::ap_int_base(int)'
remark: D:/Xilinx/Vitis_HLS/2022.2/common/technology/autopilot\ap_int_base.h:1494:339: Inlining function 'ap_int_base<64, true>::ap_int_base<56, true>(ap_int_base<56, true> const&)' into 'ap_int_base<56, true>::RType<8, false>::mult operator*<56, true, 8, false>(ap_int_base<56, true> const&, ap_int_base<8, false> const&)'
remark: D:/Xilinx/Vitis_HLS/2022.2/common/technology/autopilot\ap_int_base.h:1494:516: Inlining function 'ap_int_base<64, true>::ap_int_base(int)' into 'ap_int_base<56, true>::RType<8, false>::mult operator*<56, true, 8, false>(ap_int_base<56, true> const&, ap_int_base<8, false> const&)'
remark: D:/Xilinx/Vitis_HLS/2022.2/common/technology/autopilot\ap_int_base.h:1494:427: Inlining function 'ap_int_base<64, true>::ap_int_base<8, false>(ap_int_base<8, false> const&)' into 'ap_int_base<56, true>::RType<8, false>::mult operator*<56, true, 8, false>(ap_int_base<56, true> const&, ap_int_base<8, false> const&)'
remark: D:/Xilinx/Vitis_HLS/2022.2/common/technology/autopilot\ap_int_base.h:185:106: Inlining function '_ZN8ssdm_intILi48ELb1EEC2EDq48_i' into 'ap_int_base<48, true>::ap_int_base<40, true>(ap_int_base<40, true> const&)'
remark: D:/Xilinx/Vitis_HLS/2022.2/common/technology/autopilot\ap_int_base.h:185:106: Inlining function '_ZN8ssdm_intILi48ELb1EEC2EDq48_i' into 'ap_int_base<48, true>::ap_int_base<8, false>(ap_int_base<8, false> const&)'
remark: D:/Xilinx/Vitis_HLS/2022.2/common/technology/autopilot\ap_int_base.h:1494:339: Inlining function 'ap_int_base<48, true>::ap_int_base<40, true>(ap_int_base<40, true> const&)' into 'ap_int_base<40, true>::RType<8, false>::mult operator*<40, true, 8, false>(ap_int_base<40, true> const&, ap_int_base<8, false> const&)'
remark: D:/Xilinx/Vitis_HLS/2022.2/common/technology/autopilot\ap_int_base.h:1494:516: Inlining function 'ap_int_base<48, true>::ap_int_base(int)' into 'ap_int_base<40, true>::RType<8, false>::mult operator*<40, true, 8, false>(ap_int_base<40, true> const&, ap_int_base<8, false> const&)'
remark: D:/Xilinx/Vitis_HLS/2022.2/common/technology/autopilot\ap_int_base.h:1494:427: Inlining function 'ap_int_base<48, true>::ap_int_base<8, false>(ap_int_base<8, false> const&)' into 'ap_int_base<40, true>::RType<8, false>::mult operator*<40, true, 8, false>(ap_int_base<40, true> const&, ap_int_base<8, false> const&)'
remark: D:/Xilinx/Vitis_HLS/2022.2/common/technology/autopilot\ap_int_base.h:185:106: Inlining function '_ZN8ssdm_intILi65ELb1EEC2EDq65_i' into 'ap_int_base<65, true>::ap_int_base<64, true>(ap_int_base<64, true> const&)'
remark: D:/Xilinx/Vitis_HLS/2022.2/common/technology/autopilot\ap_int_base.h:185:106: Inlining function '_ZN8ssdm_intILi65ELb1EEC2EDq65_i' into 'ap_int_base<65, true>::ap_int_base<48, true>(ap_int_base<48, true> const&)'
remark: D:/Xilinx/Vitis_HLS/2022.2/common/technology/autopilot\ap_int_base.h:1495:339: Inlining function 'ap_int_base<65, true>::ap_int_base<64, true>(ap_int_base<64, true> const&)' into 'ap_int_base<64, true>::RType<48, true>::plus operator+<64, true, 48, true>(ap_int_base<64, true> const&, ap_int_base<48, true> const&)'
remark: D:/Xilinx/Vitis_HLS/2022.2/common/technology/autopilot\ap_int_base.h:1495:516: Inlining function 'ap_int_base<65, true>::ap_int_base(int)' into 'ap_int_base<64, true>::RType<48, true>::plus operator+<64, true, 48, true>(ap_int_base<64, true> const&, ap_int_base<48, true> const&)'
remark: D:/Xilinx/Vitis_HLS/2022.2/common/technology/autopilot\ap_int_base.h:1495:427: Inlining function 'ap_int_base<65, true>::ap_int_base<48, true>(ap_int_base<48, true> const&)' into 'ap_int_base<64, true>::RType<48, true>::plus operator+<64, true, 48, true>(ap_int_base<64, true> const&, ap_int_base<48, true> const&)'
remark: D:/Xilinx/Vitis_HLS/2022.2/common/technology/autopilot\ap_int_base.h:185:106: Inlining function 'ssdm_int<32, true>::ssdm_int(int)' into 'ap_int_base<32, true>::ap_int_base<8, true>(ap_int_base<8, true> const&)'
remark: <unknown>:0:0: Inlining function 'ap_int_base<32, true>::ap_int_base<8, true>(ap_int_base<8, true> const&)' into 'ap_int<32>::ap_int<8>(ap_int<8> const&)'
remark: D:/Xilinx/Vitis_HLS/2022.2/common/technology/autopilot\ap_int_base.h:185:106: Inlining function 'ssdm_int<64, true>::ssdm_int(long)' into 'ap_int_base<64, true>::ap_int_base<32, true>(ap_int_base<32, true> const&)'
remark: D:/Xilinx/Vitis_HLS/2022.2/common/technology/autopilot\ap_int_base.h:1494:339: Inlining function 'ap_int_base<64, true>::ap_int_base<32, true>(ap_int_base<32, true> const&)' into 'ap_int_base<32, true>::RType<32, true>::mult operator*<32, true, 32, true>(ap_int_base<32, true> const&, ap_int_base<32, true> const&)'
remark: D:/Xilinx/Vitis_HLS/2022.2/common/technology/autopilot\ap_int_base.h:1494:516: Inlining function 'ap_int_base<64, true>::ap_int_base(int)' into 'ap_int_base<32, true>::RType<32, true>::mult operator*<32, true, 32, true>(ap_int_base<32, true> const&, ap_int_base<32, true> const&)'
remark: D:/Xilinx/Vitis_HLS/2022.2/common/technology/autopilot\ap_int_base.h:1494:427: Inlining function 'ap_int_base<64, true>::ap_int_base<32, true>(ap_int_base<32, true> const&)' into 'ap_int_base<32, true>::RType<32, true>::mult operator*<32, true, 32, true>(ap_int_base<32, true> const&, ap_int_base<32, true> const&)'
remark: D:/Xilinx/Vitis_HLS/2022.2/common/technology/autopilot\ap_int_base.h:185:106: Inlining function '_ZN8ssdm_intILi33ELb1EEC2EDq33_i' into 'ap_int_base<33, true>::ap_int_base<32, true>(ap_int_base<32, true> const&)'
remark: D:/Xilinx/Vitis_HLS/2022.2/common/technology/autopilot\ap_int_base.h:214:67: Inlining function '_ZN8ssdm_intILi33ELb1EEC2EDq33_i' into 'ap_int_base<33, true>::ap_int_base(int)'
remark: D:/Xilinx/Vitis_HLS/2022.2/common/technology/autopilot\ap_int_base.h:1496:341: Inlining function 'ap_int_base<33, true>::ap_int_base<32, true>(ap_int_base<32, true> const&)' into 'ap_int_base<32, true>::RType<32, true>::minus operator-<32, true, 32, true>(ap_int_base<32, true> const&, ap_int_base<32, true> const&)'
remark: D:/Xilinx/Vitis_HLS/2022.2/common/technology/autopilot\ap_int_base.h:1496:520: Inlining function 'ap_int_base<33, true>::ap_int_base(int)' into 'ap_int_base<32, true>::RType<32, true>::minus operator-<32, true, 32, true>(ap_int_base<32, true> const&, ap_int_base<32, true> const&)'
remark: D:/Xilinx/Vitis_HLS/2022.2/common/technology/autopilot\ap_int_base.h:1496:430: Inlining function 'ap_int_base<33, true>::ap_int_base<32, true>(ap_int_base<32, true> const&)' into 'ap_int_base<32, true>::RType<32, true>::minus operator-<32, true, 32, true>(ap_int_base<32, true> const&, ap_int_base<32, true> const&)'
remark: D:/Xilinx/Vitis_HLS/2022.2/common/technology/autopilot\ap_int_base.h:185:106: Inlining function 'ssdm_int<32, true>::ssdm_int(int)' into 'ap_int_base<32, true>::ap_int_base<33, true>(ap_int_base<33, true> const&)'
remark: <unknown>:0:0: Inlining function 'ap_int_base<32, true>::ap_int_base<33, true>(ap_int_base<33, true> const&)' into 'ap_int<32>::ap_int<33>(ap_int<33> const&)'
remark: D:/Xilinx/Vitis_HLS/2022.2/common/technology/autopilot\ap_int_base.h:1513:337: Inlining function 'ap_int_base<65, true>::ap_int_base(int)' into 'ap_int_base<64, true>::RType<32, true>::div operator/<64, true, 32, true>(ap_int_base<64, true> const&, ap_int_base<32, true> const&)'
remark: D:/Xilinx/Vitis_HLS/2022.2/common/technology/autopilot\ap_int_base.h:185:106: Inlining function 'ssdm_int<32, true>::ssdm_int(int)' into 'ap_int_base<32, true>::ap_int_base<65, true>(ap_int_base<65, true> const&)'
remark: <unknown>:0:0: Inlining function 'ap_int_base<32, true>::ap_int_base<65, true>(ap_int_base<65, true> const&)' into 'ap_int<32>::ap_int<65>(ap_int<65> const&)'
remark: D:/Xilinx/Vitis_HLS/2022.2/common/technology/autopilot\ap_int_base.h:1788:337: Inlining function 'ap_int_base<32, true>::ap_int_base(int)' into 'bool operator><32, true>(ap_int_base<32, true> const&, int)'
remark: D:/Xilinx/Vitis_HLS/2022.2/common/technology/autopilot\ap_int_base.h:1788:335: Inlining function 'bool ap_int_base<32, true>::operator><32, true>(ap_int_base<32, true> const&) const' into 'bool operator><32, true>(ap_int_base<32, true> const&, int)'
remark: D:/Xilinx/Vitis_HLS/2022.2/common/technology/autopilot\ap_int_base.h:1513:337: Inlining function 'ap_int_base<33, true>::ap_int_base(int)' into 'ap_int_base<32, true>::RType<32, true>::div operator/<32, true, 32, true>(ap_int_base<32, true> const&, ap_int_base<32, true> const&)'
remark: D:/Xilinx/Vitis_HLS/2022.2/common/technology/autopilot\ap_int_base.h:1633:2052: Inlining function 'ap_int_base<32, true>::ap_int_base(int)' into 'ap_int_base<32, true>::RType<($_0)32, true>::div operator/<32, true>(ap_int_base<32, true> const&, int)'
remark: D:/Xilinx/Vitis_HLS/2022.2/common/technology/autopilot\ap_int_base.h:1633:2050: Inlining function 'ap_int_base<32, true>::RType<32, true>::div operator/<32, true, 32, true>(ap_int_base<32, true> const&, ap_int_base<32, true> const&)' into 'ap_int_base<32, true>::RType<($_0)32, true>::div operator/<32, true>(ap_int_base<32, true> const&, int)'
remark: D:/Xilinx/Vitis_HLS/2022.2/common/technology/autopilot\ap_int_base.h:185:106: Inlining function 'ssdm_int<8, true>::ssdm_int(signed char)' into 'ap_int_base<8, true>::ap_int_base<33, true>(ap_int_base<33, true> const&)'
remark: <unknown>:0:0: Inlining function 'ap_int_base<8, true>::ap_int_base<33, true>(ap_int_base<33, true> const&)' into 'ap_int<8>::ap_int<33>(ap_int<33> const&)'
remark: D:/Xilinx/Vitis_HLS/2022.2/common/technology/autopilot\ap_int_base.h:185:106: Inlining function 'ssdm_int<64, true>::ssdm_int(long)' into 'ap_int_base<64, true>::ap_int_base<48, true>(ap_int_base<48, true> const&)'
remark: D:/Xilinx/Vitis_HLS/2022.2/common/technology/autopilot\ap_int_base.h:185:106: Inlining function 'ssdm_int<64, true>::ssdm_int(long)' into 'ap_int_base<64, true>::ap_int_base<16, false>(ap_int_base<16, false> const&)'
remark: D:/Xilinx/Vitis_HLS/2022.2/common/technology/autopilot\ap_int_base.h:1494:339: Inlining function 'ap_int_base<64, true>::ap_int_base<48, true>(ap_int_base<48, true> const&)' into 'ap_int_base<48, true>::RType<16, false>::mult operator*<48, true, 16, false>(ap_int_base<48, true> const&, ap_int_base<16, false> const&)'
remark: D:/Xilinx/Vitis_HLS/2022.2/common/technology/autopilot\ap_int_base.h:1494:516: Inlining function 'ap_int_base<64, true>::ap_int_base(int)' into 'ap_int_base<48, true>::RType<16, false>::mult operator*<48, true, 16, false>(ap_int_base<48, true> const&, ap_int_base<16, false> const&)'
remark: D:/Xilinx/Vitis_HLS/2022.2/common/technology/autopilot\ap_int_base.h:1494:427: Inlining function 'ap_int_base<64, true>::ap_int_base<16, false>(ap_int_base<16, false> const&)' into 'ap_int_base<48, true>::RType<16, false>::mult operator*<48, true, 16, false>(ap_int_base<48, true> const&, ap_int_base<16, false> const&)'
remark: ../ip/Ip1/initial_conv_bn_relu.cpp:63:38: Inlining function 'ap_int_base<8, false>::RType<($_0)32, true>::mult operator*<8, false>(int, ap_int_base<8, false> const&)' into 'initial_conv_bn_relu(ap_uint<16>, ap_uint<16>, ap_uint<16>, ap_uint<16>, ap_uint<8>, ap_uint<8>, ap_uint<8>, ap_uint<8>, ap_uint<8>, ap_uint<8>, ap_int<8>*, ap_int<8>*, ap_int<8>*, ap_int<8>*, ap_int<8>*, ap_int<8>*, ap_int<8>*)'
remark: ../ip/Ip1/initial_conv_bn_relu.cpp:128:29: Inlining function 'ap_int_base<66, true>::operator long long() const' into 'initial_conv_bn_relu(ap_uint<16>, ap_uint<16>, ap_uint<16>, ap_uint<16>, ap_uint<8>, ap_uint<8>, ap_uint<8>, ap_uint<8>, ap_uint<8>, ap_uint<8>, ap_int<8>*, ap_int<8>*, ap_int<8>*, ap_int<8>*, ap_int<8>*, ap_int<8>*, ap_int<8>*)'
remark: ../ip/Ip1/initial_conv_bn_relu.cpp:128:74: Inlining function 'ap_int_base<65, true>::RType<($_0)32, true>::plus operator+<65, true>(ap_int_base<65, true> const&, int)' into 'initial_conv_bn_relu(ap_uint<16>, ap_uint<16>, ap_uint<16>, ap_uint<16>, ap_uint<8>, ap_uint<8>, ap_uint<8>, ap_uint<8>, ap_uint<8>, ap_uint<8>, ap_int<8>*, ap_int<8>*, ap_int<8>*, ap_int<8>*, ap_int<8>*, ap_int<8>*, ap_int<8>*)'
remark: ../ip/Ip1/initial_conv_bn_relu.cpp:128:57: Inlining function 'ap_int_base<64, true>::RType<48, true>::plus operator+<64, true, 48, true>(ap_int_base<64, true> const&, ap_int_base<48, true> const&)' into 'initial_conv_bn_relu(ap_uint<16>, ap_uint<16>, ap_uint<16>, ap_uint<16>, ap_uint<8>, ap_uint<8>, ap_uint<8>, ap_uint<8>, ap_uint<8>, ap_uint<8>, ap_int<8>*, ap_int<8>*, ap_int<8>*, ap_int<8>*, ap_int<8>*, ap_int<8>*, ap_int<8>*)'
remark: ../ip/Ip1/initial_conv_bn_relu.cpp:128:66: Inlining function 'ap_int_base<16, false>::RType<($_0)32, true>::mult operator*<16, false>(int, ap_int_base<16, false> const&)' into 'initial_conv_bn_relu(ap_uint<16>, ap_uint<16>, ap_uint<16>, ap_uint<16>, ap_uint<8>, ap_uint<8>, ap_uint<8>, ap_uint<8>, ap_uint<8>, ap_uint<8>, ap_int<8>*, ap_int<8>*, ap_int<8>*, ap_int<8>*, ap_int<8>*, ap_int<8>*, ap_int<8>*)'
remark: ../ip/Ip1/initial_conv_bn_relu.cpp:128:49: Inlining function 'ap_int_base<48, true>::RType<16, false>::mult operator*<48, true, 16, false>(ap_int_base<48, true> const&, ap_int_base<16, false> const&)' into 'initial_conv_bn_relu(ap_uint<16>, ap_uint<16>, ap_uint<16>, ap_uint<16>, ap_uint<8>, ap_uint<8>, ap_uint<8>, ap_uint<8>, ap_uint<8>, ap_uint<8>, ap_int<8>*, ap_int<8>*, ap_int<8>*, ap_int<8>*, ap_int<8>*, ap_int<8>*, ap_int<8>*)'
remark: ../ip/Ip1/initial_conv_bn_relu.cpp:128:36: Inlining function 'ap_int_base<16, false>::RType<($_0)32, true>::mult operator*<16, false>(int, ap_int_base<16, false> const&)' into 'initial_conv_bn_relu(ap_uint<16>, ap_uint<16>, ap_uint<16>, ap_uint<16>, ap_uint<8>, ap_uint<8>, ap_uint<8>, ap_uint<8>, ap_uint<8>, ap_uint<8>, ap_int<8>*, ap_int<8>*, ap_int<8>*, ap_int<8>*, ap_int<8>*, ap_int<8>*, ap_int<8>*)'
remark: ../ip/Ip1/initial_conv_bn_relu.cpp:121:41: Inlining function 'bool ap_int_base<8, true>::operator><8, true>(ap_int_base<8, true> const&) const' into 'initial_conv_bn_relu(ap_uint<16>, ap_uint<16>, ap_uint<16>, ap_uint<16>, ap_uint<8>, ap_uint<8>, ap_uint<8>, ap_uint<8>, ap_uint<8>, ap_uint<8>, ap_int<8>*, ap_int<8>*, ap_int<8>*, ap_int<8>*, ap_int<8>*, ap_int<8>*, ap_int<8>*)'
remark: ../ip/Ip1/initial_conv_bn_relu.cpp:118:73: Inlining function 'ap_int_base<32, true>::RType<($_0)32, true>::div operator/<32, true>(ap_int_base<32, true> const&, int)' into 'initial_conv_bn_relu(ap_uint<16>, ap_uint<16>, ap_uint<16>, ap_uint<16>, ap_uint<8>, ap_uint<8>, ap_uint<8>, ap_uint<8>, ap_uint<8>, ap_uint<8>, ap_int<8>*, ap_int<8>*, ap_int<8>*, ap_int<8>*, ap_int<8>*, ap_int<8>*, ap_int<8>*)'
remark: ../ip/Ip1/initial_conv_bn_relu.cpp:118:52: Inlining function 'bool operator><32, true>(ap_int_base<32, true> const&, int)' into 'initial_conv_bn_relu(ap_uint<16>, ap_uint<16>, ap_uint<16>, ap_uint<16>, ap_uint<8>, ap_uint<8>, ap_uint<8>, ap_uint<8>, ap_uint<8>, ap_uint<8>, ap_int<8>*, ap_int<8>*, ap_int<8>*, ap_int<8>*, ap_int<8>*, ap_int<8>*, ap_int<8>*)'
remark: ../ip/Ip1/initial_conv_bn_relu.cpp:115:29: Inlining function 'ap_int_base<32, true>& ap_int_base<32, true>::operator+=<32, true>(ap_int_base<32, true> const&)' into 'initial_conv_bn_relu(ap_uint<16>, ap_uint<16>, ap_uint<16>, ap_uint<16>, ap_uint<8>, ap_uint<8>, ap_uint<8>, ap_uint<8>, ap_uint<8>, ap_uint<8>, ap_int<8>*, ap_int<8>*, ap_int<8>*, ap_int<8>*, ap_int<8>*, ap_int<8>*, ap_int<8>*)'
remark: ../ip/Ip1/initial_conv_bn_relu.cpp:114:64: Inlining function 'ap_int_base<64, true>::RType<32, true>::div operator/<64, true, 32, true>(ap_int_base<64, true> const&, ap_int_base<32, true> const&)' into 'initial_conv_bn_relu(ap_uint<16>, ap_uint<16>, ap_uint<16>, ap_uint<16>, ap_uint<8>, ap_uint<8>, ap_uint<8>, ap_uint<8>, ap_uint<8>, ap_uint<8>, ap_int<8>*, ap_int<8>*, ap_int<8>*, ap_int<8>*, ap_int<8>*, ap_int<8>*, ap_int<8>*)'
remark: ../ip/Ip1/initial_conv_bn_relu.cpp:114:35: Inlining function 'ap_int_base<32, true>::RType<32, true>::mult operator*<32, true, 32, true>(ap_int_base<32, true> const&, ap_int_base<32, true> const&)' into 'initial_conv_bn_relu(ap_uint<16>, ap_uint<16>, ap_uint<16>, ap_uint<16>, ap_uint<8>, ap_uint<8>, ap_uint<8>, ap_uint<8>, ap_uint<8>, ap_uint<8>, ap_int<8>*, ap_int<8>*, ap_int<8>*, ap_int<8>*, ap_int<8>*, ap_int<8>*, ap_int<8>*)'
remark: ../ip/Ip1/initial_conv_bn_relu.cpp:112:45: Inlining function 'ap_int_base<32, true>::RType<32, true>::minus operator-<32, true, 32, true>(ap_int_base<32, true> const&, ap_int_base<32, true> const&)' into 'initial_conv_bn_relu(ap_uint<16>, ap_uint<16>, ap_uint<16>, ap_uint<16>, ap_uint<8>, ap_uint<8>, ap_uint<8>, ap_uint<8>, ap_uint<8>, ap_uint<8>, ap_int<8>*, ap_int<8>*, ap_int<8>*, ap_int<8>*, ap_int<8>*, ap_int<8>*, ap_int<8>*)'
remark: ../ip/Ip1/initial_conv_bn_relu.cpp:106:37: Inlining function 'ap_int_base<32, true>& ap_int_base<32, true>::operator+=<64, true>(ap_int_base<64, true> const&)' into 'initial_conv_bn_relu(ap_uint<16>, ap_uint<16>, ap_uint<16>, ap_uint<16>, ap_uint<8>, ap_uint<8>, ap_uint<8>, ap_uint<8>, ap_uint<8>, ap_uint<8>, ap_int<8>*, ap_int<8>*, ap_int<8>*, ap_int<8>*, ap_int<8>*, ap_int<8>*, ap_int<8>*)'
remark: ../ip/Ip1/initial_conv_bn_relu.cpp:106:73: Inlining function 'ap_int_base<32, true>::RType<32, true>::mult operator*<32, true, 32, true>(ap_int_base<32, true> const&, ap_int_base<32, true> const&)' into 'initial_conv_bn_relu(ap_uint<16>, ap_uint<16>, ap_uint<16>, ap_uint<16>, ap_uint<8>, ap_uint<8>, ap_uint<8>, ap_uint<8>, ap_uint<8>, ap_uint<8>, ap_int<8>*, ap_int<8>*, ap_int<8>*, ap_int<8>*, ap_int<8>*, ap_int<8>*, ap_int<8>*)'
remark: ../ip/Ip1/initial_conv_bn_relu.cpp:103:48: Inlining function 'ap_int_base<66, true>::operator long long() const' into 'initial_conv_bn_relu(ap_uint<16>, ap_uint<16>, ap_uint<16>, ap_uint<16>, ap_uint<8>, ap_uint<8>, ap_uint<8>, ap_uint<8>, ap_uint<8>, ap_uint<8>, ap_int<8>*, ap_int<8>*, ap_int<8>*, ap_int<8>*, ap_int<8>*, ap_int<8>*, ap_int<8>*)'
remark: ../ip/Ip1/initial_conv_bn_relu.cpp:103:76: Inlining function 'ap_int_base<65, true>::RType<($_0)32, true>::plus operator+<65, true>(ap_int_base<65, true> const&, int)' into 'initial_conv_bn_relu(ap_uint<16>, ap_uint<16>, ap_uint<16>, ap_uint<16>, ap_uint<8>, ap_uint<8>, ap_uint<8>, ap_uint<8>, ap_uint<8>, ap_uint<8>, ap_int<8>*, ap_int<8>*, ap_int<8>*, ap_int<8>*, ap_int<8>*, ap_int<8>*, ap_int<8>*)'
remark: ../ip/Ip1/initial_conv_bn_relu.cpp:103:65: Inlining function 'ap_int_base<64, true>::RType<48, true>::plus operator+<64, true, 48, true>(ap_int_base<64, true> const&, ap_int_base<48, true> const&)' into 'initial_conv_bn_relu(ap_uint<16>, ap_uint<16>, ap_uint<16>, ap_uint<16>, ap_uint<8>, ap_uint<8>, ap_uint<8>, ap_uint<8>, ap_uint<8>, ap_uint<8>, ap_int<8>*, ap_int<8>*, ap_int<8>*, ap_int<8>*, ap_int<8>*, ap_int<8>*, ap_int<8>*)'
remark: ../ip/Ip1/initial_conv_bn_relu.cpp:103:73: Inlining function 'ap_int_base<40, true>::RType<8, false>::mult operator*<40, true, 8, false>(ap_int_base<40, true> const&, ap_int_base<8, false> const&)' into 'initial_conv_bn_relu(ap_uint<16>, ap_uint<16>, ap_uint<16>, ap_uint<16>, ap_uint<8>, ap_uint<8>, ap_uint<8>, ap_uint<8>, ap_uint<8>, ap_uint<8>, ap_int<8>*, ap_int<8>*, ap_int<8>*, ap_int<8>*, ap_int<8>*, ap_int<8>*, ap_int<8>*)'
remark: ../ip/Ip1/initial_conv_bn_relu.cpp:103:71: Inlining function 'ap_int_base<8, false>::RType<($_0)32, true>::mult operator*<8, false>(int, ap_int_base<8, false> const&)' into 'initial_conv_bn_relu(ap_uint<16>, ap_uint<16>, ap_uint<16>, ap_uint<16>, ap_uint<8>, ap_uint<8>, ap_uint<8>, ap_uint<8>, ap_uint<8>, ap_uint<8>, ap_int<8>*, ap_int<8>*, ap_int<8>*, ap_int<8>*, ap_int<8>*, ap_int<8>*, ap_int<8>*)'
remark: ../ip/Ip1/initial_conv_bn_relu.cpp:103:62: Inlining function 'ap_int_base<56, true>::RType<8, false>::mult operator*<56, true, 8, false>(ap_int_base<56, true> const&, ap_int_base<8, false> const&)' into 'initial_conv_bn_relu(ap_uint<16>, ap_uint<16>, ap_uint<16>, ap_uint<16>, ap_uint<8>, ap_uint<8>, ap_uint<8>, ap_uint<8>, ap_uint<8>, ap_uint<8>, ap_int<8>*, ap_int<8>*, ap_int<8>*, ap_int<8>*, ap_int<8>*, ap_int<8>*, ap_int<8>*)'
remark: ../ip/Ip1/initial_conv_bn_relu.cpp:103:60: Inlining function 'ap_int_base<48, true>::RType<8, false>::mult operator*<48, true, 8, false>(ap_int_base<48, true> const&, ap_int_base<8, false> const&)' into 'initial_conv_bn_relu(ap_uint<16>, ap_uint<16>, ap_uint<16>, ap_uint<16>, ap_uint<8>, ap_uint<8>, ap_uint<8>, ap_uint<8>, ap_uint<8>, ap_uint<8>, ap_int<8>*, ap_int<8>*, ap_int<8>*, ap_int<8>*, ap_int<8>*, ap_int<8>*, ap_int<8>*)'
remark: ../ip/Ip1/initial_conv_bn_relu.cpp:103:54: Inlining function 'ap_int_base<16, false>::RType<($_0)32, true>::mult operator*<16, false>(int, ap_int_base<16, false> const&)' into 'initial_conv_bn_relu(ap_uint<16>, ap_uint<16>, ap_uint<16>, ap_uint<16>, ap_uint<8>, ap_uint<8>, ap_uint<8>, ap_uint<8>, ap_uint<8>, ap_uint<8>, ap_int<8>*, ap_int<8>*, ap_int<8>*, ap_int<8>*, ap_int<8>*, ap_int<8>*, ap_int<8>*)'
remark: ../ip/Ip1/initial_conv_bn_relu.cpp:102:49: Inlining function 'ap_int_base<66, true>::operator long long() const' into 'initial_conv_bn_relu(ap_uint<16>, ap_uint<16>, ap_uint<16>, ap_uint<16>, ap_uint<8>, ap_uint<8>, ap_uint<8>, ap_uint<8>, ap_uint<8>, ap_uint<8>, ap_int<8>*, ap_int<8>*, ap_int<8>*, ap_int<8>*, ap_int<8>*, ap_int<8>*, ap_int<8>*)'
remark: ../ip/Ip1/initial_conv_bn_relu.cpp:102:77: Inlining function 'ap_int_base<65, true>::RType<($_0)32, true>::plus operator+<65, true>(ap_int_base<65, true> const&, int)' into 'initial_conv_bn_relu(ap_uint<16>, ap_uint<16>, ap_uint<16>, ap_uint<16>, ap_uint<8>, ap_uint<8>, ap_uint<8>, ap_uint<8>, ap_uint<8>, ap_uint<8>, ap_int<8>*, ap_int<8>*, ap_int<8>*, ap_int<8>*, ap_int<8>*, ap_int<8>*, ap_int<8>*)'
remark: ../ip/Ip1/initial_conv_bn_relu.cpp:102:70: Inlining function 'ap_int_base<49, true>::RType<16, false>::mult operator*<49, true, 16, false>(ap_int_base<49, true> const&, ap_int_base<16, false> const&)' into 'initial_conv_bn_relu(ap_uint<16>, ap_uint<16>, ap_uint<16>, ap_uint<16>, ap_uint<8>, ap_uint<8>, ap_uint<8>, ap_uint<8>, ap_uint<8>, ap_uint<8>, ap_int<8>*, ap_int<8>*, ap_int<8>*, ap_int<8>*, ap_int<8>*, ap_int<8>*, ap_int<8>*)'
remark: ../ip/Ip1/initial_conv_bn_relu.cpp:102:62: Inlining function 'ap_int_base<48, true>::RType<($_0)32, true>::plus operator+<48, true>(ap_int_base<48, true> const&, int)' into 'initial_conv_bn_relu(ap_uint<16>, ap_uint<16>, ap_uint<16>, ap_uint<16>, ap_uint<8>, ap_uint<8>, ap_uint<8>, ap_uint<8>, ap_uint<8>, ap_uint<8>, ap_int<8>*, ap_int<8>*, ap_int<8>*, ap_int<8>*, ap_int<8>*, ap_int<8>*, ap_int<8>*)'
remark: ../ip/Ip1/initial_conv_bn_relu.cpp:102:55: Inlining function 'ap_int_base<16, false>::RType<($_0)32, true>::mult operator*<16, false>(int, ap_int_base<16, false> const&)' into 'initial_conv_bn_relu(ap_uint<16>, ap_uint<16>, ap_uint<16>, ap_uint<16>, ap_uint<8>, ap_uint<8>, ap_uint<8>, ap_uint<8>, ap_uint<8>, ap_uint<8>, ap_int<8>*, ap_int<8>*, ap_int<8>*, ap_int<8>*, ap_int<8>*, ap_int<8>*, ap_int<8>*)'
remark: ../ip/Ip1/initial_conv_bn_relu.cpp:100:79: Inlining function 'bool operator<<16, false>(int, ap_int_base<16, false> const&)' into 'initial_conv_bn_relu(ap_uint<16>, ap_uint<16>, ap_uint<16>, ap_uint<16>, ap_uint<8>, ap_uint<8>, ap_uint<8>, ap_uint<8>, ap_uint<8>, ap_uint<8>, ap_int<8>*, ap_int<8>*, ap_int<8>*, ap_int<8>*, ap_int<8>*, ap_int<8>*, ap_int<8>*)'
remark: ../ip/Ip1/initial_conv_bn_relu.cpp:100:51: Inlining function 'bool operator<<16, false>(int, ap_int_base<16, false> const&)' into 'initial_conv_bn_relu(ap_uint<16>, ap_uint<16>, ap_uint<16>, ap_uint<16>, ap_uint<8>, ap_uint<8>, ap_uint<8>, ap_uint<8>, ap_uint<8>, ap_uint<8>, ap_int<8>*, ap_int<8>*, ap_int<8>*, ap_int<8>*, ap_int<8>*, ap_int<8>*, ap_int<8>*)'
remark: ../ip/Ip1/initial_conv_bn_relu.cpp:94:38: Inlining function 'ap_int_base<8, false>::operator unsigned long long() const' into 'initial_conv_bn_relu(ap_uint<16>, ap_uint<16>, ap_uint<16>, ap_uint<16>, ap_uint<8>, ap_uint<8>, ap_uint<8>, ap_uint<8>, ap_uint<8>, ap_uint<8>, ap_int<8>*, ap_int<8>*, ap_int<8>*, ap_int<8>*, ap_int<8>*, ap_int<8>*, ap_int<8>*)'
remark: ../ip/Ip1/initial_conv_bn_relu.cpp:94:40: Inlining function 'ap_int_base<8, false>::RType<($_0)32, true>::mod operator%<8, false>(int, ap_int_base<8, false> const&)' into 'initial_conv_bn_relu(ap_uint<16>, ap_uint<16>, ap_uint<16>, ap_uint<16>, ap_uint<8>, ap_uint<8>, ap_uint<8>, ap_uint<8>, ap_uint<8>, ap_uint<8>, ap_int<8>*, ap_int<8>*, ap_int<8>*, ap_int<8>*, ap_int<8>*, ap_int<8>*, ap_int<8>*)'
remark: ../ip/Ip1/initial_conv_bn_relu.cpp:93:38: Inlining function 'ap_int_base<9, true>::operator long long() const' into 'initial_conv_bn_relu(ap_uint<16>, ap_uint<16>, ap_uint<16>, ap_uint<16>, ap_uint<8>, ap_uint<8>, ap_uint<8>, ap_uint<8>, ap_uint<8>, ap_uint<8>, ap_int<8>*, ap_int<8>*, ap_int<8>*, ap_int<8>*, ap_int<8>*, ap_int<8>*, ap_int<8>*)'
remark: ../ip/Ip1/initial_conv_bn_relu.cpp:93:40: Inlining function 'ap_int_base<8, false>::RType<($_0)32, true>::div operator/<8, false>(int, ap_int_base<8, false> const&)' into 'initial_conv_bn_relu(ap_uint<16>, ap_uint<16>, ap_uint<16>, ap_uint<16>, ap_uint<8>, ap_uint<8>, ap_uint<8>, ap_uint<8>, ap_uint<8>, ap_uint<8>, ap_int<8>*, ap_int<8>*, ap_int<8>*, ap_int<8>*, ap_int<8>*, ap_int<8>*, ap_int<8>*)'
remark: ../ip/Ip1/initial_conv_bn_relu.cpp:92:37: Inlining function 'ap_int_base<16, false>::operator unsigned long long() const' into 'initial_conv_bn_relu(ap_uint<16>, ap_uint<16>, ap_uint<16>, ap_uint<16>, ap_uint<8>, ap_uint<8>, ap_uint<8>, ap_uint<8>, ap_uint<8>, ap_uint<8>, ap_int<8>*, ap_int<8>*, ap_int<8>*, ap_int<8>*, ap_int<8>*, ap_int<8>*, ap_int<8>*)'
remark: ../ip/Ip1/initial_conv_bn_relu.cpp:92:40: Inlining function 'ap_int_base<16, false>::RType<($_0)32, true>::mod operator%<16, false>(int, ap_int_base<16, false> const&)' into 'initial_conv_bn_relu(ap_uint<16>, ap_uint<16>, ap_uint<16>, ap_uint<16>, ap_uint<8>, ap_uint<8>, ap_uint<8>, ap_uint<8>, ap_uint<8>, ap_uint<8>, ap_int<8>*, ap_int<8>*, ap_int<8>*, ap_int<8>*, ap_int<8>*, ap_int<8>*, ap_int<8>*)'
remark: ../ip/Ip1/initial_conv_bn_relu.cpp:92:44: Inlining function 'ap_int_base<8, false>::RType<8, false>::mult operator*<8, false, 8, false>(ap_int_base<8, false> const&, ap_int_base<8, false> const&)' into 'initial_conv_bn_relu(ap_uint<16>, ap_uint<16>, ap_uint<16>, ap_uint<16>, ap_uint<8>, ap_uint<8>, ap_uint<8>, ap_uint<8>, ap_uint<8>, ap_uint<8>, ap_int<8>*, ap_int<8>*, ap_int<8>*, ap_int<8>*, ap_int<8>*, ap_int<8>*, ap_int<8>*)'
remark: ../ip/Ip1/initial_conv_bn_relu.cpp:91:40: Inlining function 'ap_int_base<17, true>::operator long long() const' into 'initial_conv_bn_relu(ap_uint<16>, ap_uint<16>, ap_uint<16>, ap_uint<16>, ap_uint<8>, ap_uint<8>, ap_uint<8>, ap_uint<8>, ap_uint<8>, ap_uint<8>, ap_int<8>*, ap_int<8>*, ap_int<8>*, ap_int<8>*, ap_int<8>*, ap_int<8>*, ap_int<8>*)'
remark: ../ip/Ip1/initial_conv_bn_relu.cpp:91:43: Inlining function 'ap_int_base<16, false>::RType<($_0)32, true>::div operator/<16, false>(int, ap_int_base<16, false> const&)' into 'initial_conv_bn_relu(ap_uint<16>, ap_uint<16>, ap_uint<16>, ap_uint<16>, ap_uint<8>, ap_uint<8>, ap_uint<8>, ap_uint<8>, ap_uint<8>, ap_uint<8>, ap_int<8>*, ap_int<8>*, ap_int<8>*, ap_int<8>*, ap_int<8>*, ap_int<8>*, ap_int<8>*)'
remark: ../ip/Ip1/initial_conv_bn_relu.cpp:91:47: Inlining function 'ap_int_base<8, false>::RType<8, false>::mult operator*<8, false, 8, false>(ap_int_base<8, false> const&, ap_int_base<8, false> const&)' into 'initial_conv_bn_relu(ap_uint<16>, ap_uint<16>, ap_uint<16>, ap_uint<16>, ap_uint<8>, ap_uint<8>, ap_uint<8>, ap_uint<8>, ap_uint<8>, ap_uint<8>, ap_int<8>*, ap_int<8>*, ap_int<8>*, ap_int<8>*, ap_int<8>*, ap_int<8>*, ap_int<8>*)'
remark: ../ip/Ip1/initial_conv_bn_relu.cpp:90:62: Inlining function 'bool operator<<32, false>(int, ap_int_base<32, false> const&)' into 'initial_conv_bn_relu(ap_uint<16>, ap_uint<16>, ap_uint<16>, ap_uint<16>, ap_uint<8>, ap_uint<8>, ap_uint<8>, ap_uint<8>, ap_uint<8>, ap_uint<8>, ap_int<8>*, ap_int<8>*, ap_int<8>*, ap_int<8>*, ap_int<8>*, ap_int<8>*, ap_int<8>*)'
remark: ../ip/Ip1/initial_conv_bn_relu.cpp:90:70: Inlining function 'ap_int_base<24, false>::RType<8, false>::mult operator*<24, false, 8, false>(ap_int_base<24, false> const&, ap_int_base<8, false> const&)' into 'initial_conv_bn_relu(ap_uint<16>, ap_uint<16>, ap_uint<16>, ap_uint<16>, ap_uint<8>, ap_uint<8>, ap_uint<8>, ap_uint<8>, ap_uint<8>, ap_uint<8>, ap_int<8>*, ap_int<8>*, ap_int<8>*, ap_int<8>*, ap_int<8>*, ap_int<8>*, ap_int<8>*)'
remark: ../ip/Ip1/initial_conv_bn_relu.cpp:90:68: Inlining function 'ap_int_base<16, false>::RType<8, false>::mult operator*<16, false, 8, false>(ap_int_base<16, false> const&, ap_int_base<8, false> const&)' into 'initial_conv_bn_relu(ap_uint<16>, ap_uint<16>, ap_uint<16>, ap_uint<16>, ap_uint<8>, ap_uint<8>, ap_uint<8>, ap_uint<8>, ap_uint<8>, ap_uint<8>, ap_int<8>*, ap_int<8>*, ap_int<8>*, ap_int<8>*, ap_int<8>*, ap_int<8>*, ap_int<8>*)'
remark: ../ip/Ip1/initial_conv_bn_relu.cpp:85:79: Inlining function 'bool operator<<16, false>(int, ap_int_base<16, false> const&)' into 'initial_conv_bn_relu(ap_uint<16>, ap_uint<16>, ap_uint<16>, ap_uint<16>, ap_uint<8>, ap_uint<8>, ap_uint<8>, ap_uint<8>, ap_uint<8>, ap_uint<8>, ap_int<8>*, ap_int<8>*, ap_int<8>*, ap_int<8>*, ap_int<8>*, ap_int<8>*, ap_int<8>*)'
remark: ../ip/Ip1/initial_conv_bn_relu.cpp:85:62: Inlining function 'bool operator<<16, false>(int, ap_int_base<16, false> const&)' into 'initial_conv_bn_relu(ap_uint<16>, ap_uint<16>, ap_uint<16>, ap_uint<16>, ap_uint<8>, ap_uint<8>, ap_uint<8>, ap_uint<8>, ap_uint<8>, ap_uint<8>, ap_int<8>*, ap_int<8>*, ap_int<8>*, ap_int<8>*, ap_int<8>*, ap_int<8>*, ap_int<8>*)'
remark: ../ip/Ip1/initial_conv_bn_relu.cpp:72:56: Inlining function 'bool operator<<16, false>(int, ap_int_base<16, false> const&)' into 'initial_conv_bn_relu(ap_uint<16>, ap_uint<16>, ap_uint<16>, ap_uint<16>, ap_uint<8>, ap_uint<8>, ap_uint<8>, ap_uint<8>, ap_uint<8>, ap_uint<8>, ap_int<8>*, ap_int<8>*, ap_int<8>*, ap_int<8>*, ap_int<8>*, ap_int<8>*, ap_int<8>*)'
remark: ../ip/Ip1/initial_conv_bn_relu.cpp:71:54: Inlining function 'bool operator<<16, false>(int, ap_int_base<16, false> const&)' into 'initial_conv_bn_relu(ap_uint<16>, ap_uint<16>, ap_uint<16>, ap_uint<16>, ap_uint<8>, ap_uint<8>, ap_uint<8>, ap_uint<8>, ap_uint<8>, ap_uint<8>, ap_int<8>*, ap_int<8>*, ap_int<8>*, ap_int<8>*, ap_int<8>*, ap_int<8>*, ap_int<8>*)'
remark: ../ip/Ip1/initial_conv_bn_relu.cpp:70:50: Inlining function 'bool operator<<16, false>(int, ap_int_base<16, false> const&)' into 'initial_conv_bn_relu(ap_uint<16>, ap_uint<16>, ap_uint<16>, ap_uint<16>, ap_uint<8>, ap_uint<8>, ap_uint<8>, ap_uint<8>, ap_uint<8>, ap_uint<8>, ap_int<8>*, ap_int<8>*, ap_int<8>*, ap_int<8>*, ap_int<8>*, ap_int<8>*, ap_int<8>*)'
remark: ../ip/Ip1/initial_conv_bn_relu.cpp:64:117: Inlining function 'ap_int_base<45, true>::RType<($_0)32, true>::plus operator+<45, true>(ap_int_base<45, true> const&, int)' into 'initial_conv_bn_relu(ap_uint<16>, ap_uint<16>, ap_uint<16>, ap_uint<16>, ap_uint<8>, ap_uint<8>, ap_uint<8>, ap_uint<8>, ap_uint<8>, ap_uint<8>, ap_int<8>*, ap_int<8>*, ap_int<8>*, ap_int<8>*, ap_int<8>*, ap_int<8>*, ap_int<8>*)'
remark: ../ip/Ip1/initial_conv_bn_relu.cpp:64:103: Inlining function 'ap_int_base<45, true>::RType<8, false>::div operator/<45, true, 8, false>(ap_int_base<45, true> const&, ap_int_base<8, false> const&)' into 'initial_conv_bn_relu(ap_uint<16>, ap_uint<16>, ap_uint<16>, ap_uint<16>, ap_uint<8>, ap_uint<8>, ap_uint<8>, ap_uint<8>, ap_uint<8>, ap_uint<8>, ap_int<8>*, ap_int<8>*, ap_int<8>*, ap_int<8>*, ap_int<8>*, ap_int<8>*, ap_int<8>*)'
remark: ../ip/Ip1/initial_conv_bn_relu.cpp:64:88: Inlining function 'ap_int_base<44, true>::RType<8, false>::minus operator-<44, true, 8, false>(ap_int_base<44, true> const&, ap_int_base<8, false> const&)' into 'initial_conv_bn_relu(ap_uint<16>, ap_uint<16>, ap_uint<16>, ap_uint<16>, ap_uint<8>, ap_uint<8>, ap_uint<8>, ap_uint<8>, ap_uint<8>, ap_uint<8>, ap_int<8>*, ap_int<8>*, ap_int<8>*, ap_int<8>*, ap_int<8>*, ap_int<8>*, ap_int<8>*)'
remark: ../ip/Ip1/initial_conv_bn_relu.cpp:64:69: Inlining function 'ap_int_base<43, true>::RType<40, true>::plus operator+<43, true, 40, true>(ap_int_base<43, true> const&, ap_int_base<40, true> const&)' into 'initial_conv_bn_relu(ap_uint<16>, ap_uint<16>, ap_uint<16>, ap_uint<16>, ap_uint<8>, ap_uint<8>, ap_uint<8>, ap_uint<8>, ap_uint<8>, ap_uint<8>, ap_int<8>*, ap_int<8>*, ap_int<8>*, ap_int<8>*, ap_int<8>*, ap_int<8>*, ap_int<8>*)'
remark: ../ip/Ip1/initial_conv_bn_relu.cpp:64:73: Inlining function 'ap_int_base<8, false>::RType<($_0)32, true>::mult operator*<8, false>(int, ap_int_base<8, false> const&)' into 'initial_conv_bn_relu(ap_uint<16>, ap_uint<16>, ap_uint<16>, ap_uint<16>, ap_uint<8>, ap_uint<8>, ap_uint<8>, ap_uint<8>, ap_uint<8>, ap_uint<8>, ap_int<8>*, ap_int<8>*, ap_int<8>*, ap_int<8>*, ap_int<8>*, ap_int<8>*, ap_int<8>*)'
remark: ../ip/Ip1/initial_conv_bn_relu.cpp:64:65: Inlining function 'ap_int_base<42, true>::RType<($_0)32, true>::plus operator+<42, true>(ap_int_base<42, true> const&, int)' into 'initial_conv_bn_relu(ap_uint<16>, ap_uint<16>, ap_uint<16>, ap_uint<16>, ap_uint<8>, ap_uint<8>, ap_uint<8>, ap_uint<8>, ap_uint<8>, ap_uint<8>, ap_int<8>*, ap_int<8>*, ap_int<8>*, ap_int<8>*, ap_int<8>*, ap_int<8>*, ap_int<8>*)'
remark: ../ip/Ip1/initial_conv_bn_relu.cpp:64:56: Inlining function 'ap_int_base<42, true>::RType<8, false>::div operator/<42, true, 8, false>(ap_int_base<42, true> const&, ap_int_base<8, false> const&)' into 'initial_conv_bn_relu(ap_uint<16>, ap_uint<16>, ap_uint<16>, ap_uint<16>, ap_uint<8>, ap_uint<8>, ap_uint<8>, ap_uint<8>, ap_uint<8>, ap_uint<8>, ap_int<8>*, ap_int<8>*, ap_int<8>*, ap_int<8>*, ap_int<8>*, ap_int<8>*, ap_int<8>*)'
remark: ../ip/Ip1/initial_conv_bn_relu.cpp:64:51: Inlining function 'ap_int_base<41, true>::RType<8, false>::minus operator-<41, true, 8, false>(ap_int_base<41, true> const&, ap_int_base<8, false> const&)' into 'initial_conv_bn_relu(ap_uint<16>, ap_uint<16>, ap_uint<16>, ap_uint<16>, ap_uint<8>, ap_uint<8>, ap_uint<8>, ap_uint<8>, ap_uint<8>, ap_uint<8>, ap_int<8>*, ap_int<8>*, ap_int<8>*, ap_int<8>*, ap_int<8>*, ap_int<8>*, ap_int<8>*)'
remark: ../ip/Ip1/initial_conv_bn_relu.cpp:64:37: Inlining function 'ap_int_base<16, false>::RType<40, true>::plus operator+<16, false, 40, true>(ap_int_base<16, false> const&, ap_int_base<40, true> const&)' into 'initial_conv_bn_relu(ap_uint<16>, ap_uint<16>, ap_uint<16>, ap_uint<16>, ap_uint<8>, ap_uint<8>, ap_uint<8>, ap_uint<8>, ap_uint<8>, ap_uint<8>, ap_int<8>*, ap_int<8>*, ap_int<8>*, ap_int<8>*, ap_int<8>*, ap_int<8>*, ap_int<8>*)'
remark: ../ip/Ip1/initial_conv_bn_relu.cpp:64:41: Inlining function 'ap_int_base<8, false>::RType<($_0)32, true>::mult operator*<8, false>(int, ap_int_base<8, false> const&)' into 'initial_conv_bn_relu(ap_uint<16>, ap_uint<16>, ap_uint<16>, ap_uint<16>, ap_uint<8>, ap_uint<8>, ap_uint<8>, ap_uint<8>, ap_uint<8>, ap_uint<8>, ap_int<8>*, ap_int<8>*, ap_int<8>*, ap_int<8>*, ap_int<8>*, ap_int<8>*, ap_int<8>*)'
remark: ../ip/Ip1/initial_conv_bn_relu.cpp:63:114: Inlining function 'ap_int_base<45, true>::RType<($_0)32, true>::plus operator+<45, true>(ap_int_base<45, true> const&, int)' into 'initial_conv_bn_relu(ap_uint<16>, ap_uint<16>, ap_uint<16>, ap_uint<16>, ap_uint<8>, ap_uint<8>, ap_uint<8>, ap_uint<8>, ap_uint<8>, ap_uint<8>, ap_int<8>*, ap_int<8>*, ap_int<8>*, ap_int<8>*, ap_int<8>*, ap_int<8>*, ap_int<8>*)'
remark: ../ip/Ip1/initial_conv_bn_relu.cpp:63:100: Inlining function 'ap_int_base<45, true>::RType<8, false>::div operator/<45, true, 8, false>(ap_int_base<45, true> const&, ap_int_base<8, false> const&)' into 'initial_conv_bn_relu(ap_uint<16>, ap_uint<16>, ap_uint<16>, ap_uint<16>, ap_uint<8>, ap_uint<8>, ap_uint<8>, ap_uint<8>, ap_uint<8>, ap_uint<8>, ap_int<8>*, ap_int<8>*, ap_int<8>*, ap_int<8>*, ap_int<8>*, ap_int<8>*, ap_int<8>*)'
remark: ../ip/Ip1/initial_conv_bn_relu.cpp:63:85: Inlining function 'ap_int_base<44, true>::RType<8, false>::minus operator-<44, true, 8, false>(ap_int_base<44, true> const&, ap_int_base<8, false> const&)' into 'initial_conv_bn_relu(ap_uint<16>, ap_uint<16>, ap_uint<16>, ap_uint<16>, ap_uint<8>, ap_uint<8>, ap_uint<8>, ap_uint<8>, ap_uint<8>, ap_uint<8>, ap_int<8>*, ap_int<8>*, ap_int<8>*, ap_int<8>*, ap_int<8>*, ap_int<8>*, ap_int<8>*)'
remark: ../ip/Ip1/initial_conv_bn_relu.cpp:63:66: Inlining function 'ap_int_base<43, true>::RType<40, true>::plus operator+<43, true, 40, true>(ap_int_base<43, true> const&, ap_int_base<40, true> const&)' into 'initial_conv_bn_relu(ap_uint<16>, ap_uint<16>, ap_uint<16>, ap_uint<16>, ap_uint<8>, ap_uint<8>, ap_uint<8>, ap_uint<8>, ap_uint<8>, ap_uint<8>, ap_int<8>*, ap_int<8>*, ap_int<8>*, ap_int<8>*, ap_int<8>*, ap_int<8>*, ap_int<8>*)'
remark: ../ip/Ip1/initial_conv_bn_relu.cpp:63:70: Inlining function 'ap_int_base<8, false>::RType<($_0)32, true>::mult operator*<8, false>(int, ap_int_base<8, false> const&)' into 'initial_conv_bn_relu(ap_uint<16>, ap_uint<16>, ap_uint<16>, ap_uint<16>, ap_uint<8>, ap_uint<8>, ap_uint<8>, ap_uint<8>, ap_uint<8>, ap_uint<8>, ap_int<8>*, ap_int<8>*, ap_int<8>*, ap_int<8>*, ap_int<8>*, ap_int<8>*, ap_int<8>*)'
remark: ../ip/Ip1/initial_conv_bn_relu.cpp:63:62: Inlining function 'ap_int_base<42, true>::RType<($_0)32, true>::plus operator+<42, true>(ap_int_base<42, true> const&, int)' into 'initial_conv_bn_relu(ap_uint<16>, ap_uint<16>, ap_uint<16>, ap_uint<16>, ap_uint<8>, ap_uint<8>, ap_uint<8>, ap_uint<8>, ap_uint<8>, ap_uint<8>, ap_int<8>*, ap_int<8>*, ap_int<8>*, ap_int<8>*, ap_int<8>*, ap_int<8>*, ap_int<8>*)'
remark: ../ip/Ip1/initial_conv_bn_relu.cpp:63:53: Inlining function 'ap_int_base<42, true>::RType<8, false>::div operator/<42, true, 8, false>(ap_int_base<42, true> const&, ap_int_base<8, false> const&)' into 'initial_conv_bn_relu(ap_uint<16>, ap_uint<16>, ap_uint<16>, ap_uint<16>, ap_uint<8>, ap_uint<8>, ap_uint<8>, ap_uint<8>, ap_uint<8>, ap_uint<8>, ap_int<8>*, ap_int<8>*, ap_int<8>*, ap_int<8>*, ap_int<8>*, ap_int<8>*, ap_int<8>*)'
remark: ../ip/Ip1/initial_conv_bn_relu.cpp:63:48: Inlining function 'ap_int_base<41, true>::RType<8, false>::minus operator-<41, true, 8, false>(ap_int_base<41, true> const&, ap_int_base<8, false> const&)' into 'initial_conv_bn_relu(ap_uint<16>, ap_uint<16>, ap_uint<16>, ap_uint<16>, ap_uint<8>, ap_uint<8>, ap_uint<8>, ap_uint<8>, ap_uint<8>, ap_uint<8>, ap_int<8>*, ap_int<8>*, ap_int<8>*, ap_int<8>*, ap_int<8>*, ap_int<8>*, ap_int<8>*)'
remark: ../ip/Ip1/initial_conv_bn_relu.cpp:63:34: Inlining function 'ap_int_base<16, false>::RType<40, true>::plus operator+<16, false, 40, true>(ap_int_base<16, false> const&, ap_int_base<40, true> const&)' into 'initial_conv_bn_relu(ap_uint<16>, ap_uint<16>, ap_uint<16>, ap_uint<16>, ap_uint<8>, ap_uint<8>, ap_uint<8>, ap_uint<8>, ap_uint<8>, ap_uint<8>, ap_int<8>*, ap_int<8>*, ap_int<8>*, ap_int<8>*, ap_int<8>*, ap_int<8>*, ap_int<8>*)'
remark: ../ip/Ip1/initial_conv_bn_relu.cpp:70:22: Sequential write of variable length has been inferred _XLX_SEP_ OldID=for.inc131.store.25,  _XLX_SEP_ feature_outseq feature_out gmem0 VITIS_LOOP_70_1 ../ip/Ip1/initial_conv_bn_relu.cpp:70:22 initial_conv_bn_relu(ap_uint<16>, ap_uint<16>, ap_uint<16>, ap_uint<16>, ap_uint<8>, ap_uint<8>, ap_uint<8>, ap_uint<8>, ap_uint<8>, ap_uint<8>, ap_int<8>*, ap_int<8>*, ap_int<8>*, ap_int<8>*, ap_int<8>*, ap_int<8>*, ap_int<8>*) 
remark: ../ip/Ip1/initial_conv_bn_relu.cpp:106:40: Access load is in the conditional branch _XLX_SEP_ if.then76.load.69 feature_in gmem0 VITIS_LOOP_90_5 ../ip/Ip1/initial_conv_bn_relu.cpp:90:42 initial_conv_bn_relu(ap_uint<16>, ap_uint<16>, ap_uint<16>, ap_uint<16>, ap_uint<8>, ap_uint<8>, ap_uint<8>, ap_uint<8>, ap_uint<8>, ap_uint<8>, ap_int<8>*, ap_int<8>*, ap_int<8>*, ap_int<8>*, ap_int<8>*, ap_int<8>*, ap_int<8>*) 
remark: ../ip/Ip1/initial_conv_bn_relu.cpp:106:75: Access load is in the conditional branch _XLX_SEP_ if.then76.load.73 conv_kernel gmem0 VITIS_LOOP_90_5 ../ip/Ip1/initial_conv_bn_relu.cpp:90:42 initial_conv_bn_relu(ap_uint<16>, ap_uint<16>, ap_uint<16>, ap_uint<16>, ap_uint<8>, ap_uint<8>, ap_uint<8>, ap_uint<8>, ap_uint<8>, ap_uint<8>, ap_int<8>*, ap_int<8>*, ap_int<8>*, ap_int<8>*, ap_int<8>*, ap_int<8>*, ap_int<8>*) 
remark: ../ip/Ip1/initial_conv_bn_relu.cpp:112:47: Access load is in the conditional branch _XLX_SEP_ for.end.load.1 bn_mean gmem0 VITIS_LOOP_77_4 ../ip/Ip1/initial_conv_bn_relu.cpp:77:34 initial_conv_bn_relu(ap_uint<16>, ap_uint<16>, ap_uint<16>, ap_uint<16>, ap_uint<8>, ap_uint<8>, ap_uint<8>, ap_uint<8>, ap_uint<8>, ap_uint<8>, ap_int<8>*, ap_int<8>*, ap_int<8>*, ap_int<8>*, ap_int<8>*, ap_int<8>*, ap_int<8>*) 
remark: ../ip/Ip1/initial_conv_bn_relu.cpp:114:37: Access load is in the conditional branch _XLX_SEP_ for.end.load.12 bn_gamma gmem0 VITIS_LOOP_77_4 ../ip/Ip1/initial_conv_bn_relu.cpp:77:34 initial_conv_bn_relu(ap_uint<16>, ap_uint<16>, ap_uint<16>, ap_uint<16>, ap_uint<8>, ap_uint<8>, ap_uint<8>, ap_uint<8>, ap_uint<8>, ap_uint<8>, ap_int<8>*, ap_int<8>*, ap_int<8>*, ap_int<8>*, ap_int<8>*, ap_int<8>*, ap_int<8>*) 
remark: ../ip/Ip1/initial_conv_bn_relu.cpp:114:66: Access load is in the conditional branch _XLX_SEP_ for.end.load.21 bn_var gmem0 VITIS_LOOP_77_4 ../ip/Ip1/initial_conv_bn_relu.cpp:77:34 initial_conv_bn_relu(ap_uint<16>, ap_uint<16>, ap_uint<16>, ap_uint<16>, ap_uint<8>, ap_uint<8>, ap_uint<8>, ap_uint<8>, ap_uint<8>, ap_uint<8>, ap_int<8>*, ap_int<8>*, ap_int<8>*, ap_int<8>*, ap_int<8>*, ap_int<8>*, ap_int<8>*) 
remark: ../ip/Ip1/initial_conv_bn_relu.cpp:115:32: Access load is in the conditional branch _XLX_SEP_ for.end.load.30 bn_beta gmem0 VITIS_LOOP_77_4 ../ip/Ip1/initial_conv_bn_relu.cpp:77:34 initial_conv_bn_relu(ap_uint<16>, ap_uint<16>, ap_uint<16>, ap_uint<16>, ap_uint<8>, ap_uint<8>, ap_uint<8>, ap_uint<8>, ap_uint<8>, ap_uint<8>, ap_int<8>*, ap_int<8>*, ap_int<8>*, ap_int<8>*, ap_int<8>*, ap_int<8>*, ap_int<8>*) 
remark: ../ip/Ip1/initial_conv_bn_relu.cpp:70:22: Could not widen since type i8 size is greater than or equal to the max_widen_bitwidth threshold of 0 _XLX_SEP_ feature_outseq feature_out gmem0 VITIS_LOOP_72_3 ../ip/Ip1/initial_conv_bn_relu.cpp:72:30 initial_conv_bn_relu(ap_uint<16>, ap_uint<16>, ap_uint<16>, ap_uint<16>, ap_uint<8>, ap_uint<8>, ap_uint<8>, ap_uint<8>, ap_uint<8>, ap_uint<8>, ap_int<8>*, ap_int<8>*, ap_int<8>*, ap_int<8>*, ap_int<8>*, ap_int<8>*, ap_int<8>*) 
warning: ../ip/Ip1/initial_conv_bn_relu.cpp:20:17: Replacing invalid offset value '20' with '56' for s_axilite port 'H_in'.
warning: ../ip/Ip1/initial_conv_bn_relu.cpp:20:17: Replacing invalid offset value '28' with '64' for s_axilite port 'C_out'.
warning: ../ip/Ip1/initial_conv_bn_relu.cpp:20:17: Replacing invalid offset value '36' with '72' for s_axilite port 'stride'.
warning: ../ip/Ip1/initial_conv_bn_relu.cpp:20:17: Replacing invalid offset value '44' with '80' for s_axilite port 'pool_kernel'.
warning: ../ip/Ip1/initial_conv_bn_relu.cpp:20:17: Replacing invalid offset value '52' with '88' for s_axilite port 'pool_padding'.
remark: ../ip/Ip1/initial_conv_bn_relu.cpp:70:22: Multiple burst writes of variable length and bit width 8 has been inferred. These burst requests might be further partitioned into multiple requests during RTL generation, based on max_read_burst_length or max_write_burst_length settings. _XLX_SEP_ seq  gmem0 VITIS_LOOP_70_1 ../ip/Ip1/initial_conv_bn_relu.cpp:70:22 initial_conv_bn_relu(ap_uint<16>, ap_uint<16>, ap_uint<16>, ap_uint<16>, ap_uint<8>, ap_uint<8>, ap_uint<8>, ap_uint<8>, ap_uint<8>, ap_uint<8>, ap_int<8>*, ap_int<8>*, ap_int<8>*, ap_int<8>*, ap_int<8>*, ap_int<8>*, ap_int<8>*) 
remark: ../ip/Ip1/initial_conv_bn_relu.cpp:70:22: Multiple burst writes of variable length and bit width 8 in loop 'VITIS_LOOP_70_1'(../ip/Ip1/initial_conv_bn_relu.cpp:70:22) has been inferred on bundle 'gmem0'. These burst requests might be further partitioned into multiple requests during RTL generation, based on max_read_burst_length or max_write_burst_length settings.
