

================================================================
== Vitis HLS Report for 'initial_conv_bn_relu_Pipeline_VITIS_LOOP_90_5'
================================================================
* Date:           Thu Oct 30 14:35:09 2025

* Version:        2022.2 (Build 3670227 on Oct 13 2022)
* Project:        ip1
* Solution:       solution1 (Vivado IP Flow Target)
* Product family: zynq
* Target device:  xc7z020-clg400-2


================================================================
== Performance Estimates
================================================================
+ Timing: 
    * Summary: 
    +--------+----------+----------+------------+
    |  Clock |  Target  | Estimated| Uncertainty|
    +--------+----------+----------+------------+
    |ap_clk  |  10.00 ns|  7.300 ns|     2.70 ns|
    +--------+----------+----------+------------+

+ Latency: 
    * Summary: 
    +---------+---------+----------+----------+-----+-----+---------+
    |  Latency (cycles) |  Latency (absolute) |  Interval | Pipeline|
    |   min   |   max   |    min   |    max   | min | max |   Type  |
    +---------+---------+----------+----------+-----+-----+---------+
    |        ?|        ?|         ?|         ?|    ?|    ?|       no|
    +---------+---------+----------+----------+-----+-----+---------+

    + Detail: 
        * Instance: 
        N/A

        * Loop: 
        +-------------------+---------+---------+----------+-----------+-----------+------+----------+
        |                   |  Latency (cycles) | Iteration|  Initiation Interval  | Trip |          |
        |     Loop Name     |   min   |   max   |  Latency |  achieved |   target  | Count| Pipelined|
        +-------------------+---------+---------+----------+-----------+-----------+------+----------+
        |- VITIS_LOOP_90_5  |        ?|        ?|        74|          2|          1|     ?|       yes|
        +-------------------+---------+---------+----------+-----------+-----------+------+----------+

============================================================
+ Verbose Summary: Synthesis Manager
============================================================
InlineROM: 1
ExposeGlobal: 0
============================================================
+ Verbose Summary: CDFG Model
============================================================
IsTopModel: 0
ResetActiveHigh: 1
IsCombinational: 0
IsDatapathOnly: 0
HasWiredReturn: 1
HasMFsm: 2
HasVarLatency: 1
IsPipeline: 0
IsRtlPipelined: 0
IsInstanceOverlapped: 0
IsDontTouch: 0
HasImplIP: 0
IsGatedGlobalClock: 0

+ Individual pipeline summary: 
  * Pipeline-0: initiation interval (II) = 2, depth = 74


============================================================
+ Verbose Summary: Schedule
============================================================
* Number of FSM states : 74
* Pipeline : 1
  Pipeline-0 : II = 2, D = 74, States = { 1 2 3 4 5 6 7 8 9 10 11 12 13 14 15 16 17 18 19 20 21 22 23 24 25 26 27 28 29 30 31 32 33 34 35 36 37 38 39 40 41 42 43 44 45 46 47 48 49 50 51 52 53 54 55 56 57 58 59 60 61 62 63 64 65 66 67 68 69 70 71 72 73 74 }
* Dataflow Pipeline: 0

* FSM state transitions: 
1 --> 2 
2 --> 3 
3 --> 4 
4 --> 5 
5 --> 6 
6 --> 7 
7 --> 8 
8 --> 9 
9 --> 10 
10 --> 11 
11 --> 12 
12 --> 13 
13 --> 14 
14 --> 15 
15 --> 16 
16 --> 17 
17 --> 18 
18 --> 19 
19 --> 20 
20 --> 21 
21 --> 22 
22 --> 23 
23 --> 24 
24 --> 25 
25 --> 26 
26 --> 27 
27 --> 28 
28 --> 29 
29 --> 30 
30 --> 31 
31 --> 32 
32 --> 33 
33 --> 34 
34 --> 35 
35 --> 36 
36 --> 37 
37 --> 38 
38 --> 39 
39 --> 40 
40 --> 41 
41 --> 42 
42 --> 43 
43 --> 44 
44 --> 45 
45 --> 46 
46 --> 47 
47 --> 48 
48 --> 49 
49 --> 50 
50 --> 51 
51 --> 52 
52 --> 53 
53 --> 54 
54 --> 55 
55 --> 56 
56 --> 57 
57 --> 58 
58 --> 59 
59 --> 60 
60 --> 61 
61 --> 62 
62 --> 63 
63 --> 64 
64 --> 65 
65 --> 66 
66 --> 67 
67 --> 68 
68 --> 69 
69 --> 70 
70 --> 71 
71 --> 72 
72 --> 73 
73 --> 74 
74 --> 

* FSM state operations: 

State 1 <SV = 0> <Delay = 3.56>
ST_1 : Operation 77 [1/1] (0.00ns)   --->   "%ck = alloca i32 1"   --->   Operation 77 'alloca' 'ck' <Predicate = true> <Delay = 0.00>
ST_1 : Operation 78 [1/1] (0.00ns)   --->   "%sum_V = alloca i32 1"   --->   Operation 78 'alloca' 'sum_V' <Predicate = true> <Delay = 0.00>
ST_1 : Operation 79 [1/1] (0.00ns)   --->   "%conv_kernel_read = read i64 @_ssdm_op_Read.ap_auto.i64, i64 %conv_kernel"   --->   Operation 79 'read' 'conv_kernel_read' <Predicate = true> <Delay = 0.00>
ST_1 : Operation 80 [1/1] (0.00ns)   --->   "%feature_in_read = read i64 @_ssdm_op_Read.ap_auto.i64, i64 %feature_in"   --->   Operation 80 'read' 'feature_in_read' <Predicate = true> <Delay = 0.00>
ST_1 : Operation 81 [1/1] (0.00ns)   --->   "%mul_ln103_read = read i32 @_ssdm_op_Read.ap_auto.i32, i32 %mul_ln103"   --->   Operation 81 'read' 'mul_ln103_read' <Predicate = true> <Delay = 0.00>
ST_1 : Operation 82 [1/1] (0.00ns)   --->   "%zext_ln102_read = read i16 @_ssdm_op_Read.ap_auto.i16, i16 %zext_ln102"   --->   Operation 82 'read' 'zext_ln102_read' <Predicate = true> <Delay = 0.00>
ST_1 : Operation 83 [1/1] (0.00ns)   --->   "%conv_i_i718_read = read i16 @_ssdm_op_Read.ap_auto.i16, i16 %conv_i_i718"   --->   Operation 83 'read' 'conv_i_i718_read' <Predicate = true> <Delay = 0.00>
ST_1 : Operation 84 [1/1] (0.00ns)   --->   "%W_in_cast8_read = read i16 @_ssdm_op_Read.ap_auto.i16, i16 %W_in_cast8"   --->   Operation 84 'read' 'W_in_cast8_read' <Predicate = true> <Delay = 0.00>
ST_1 : Operation 85 [1/1] (0.00ns)   --->   "%H_in_cast7_read = read i16 @_ssdm_op_Read.ap_auto.i16, i16 %H_in_cast7"   --->   Operation 85 'read' 'H_in_cast7_read' <Predicate = true> <Delay = 0.00>
ST_1 : Operation 86 [1/1] (0.00ns)   --->   "%zext_ln83_read = read i17 @_ssdm_op_Read.ap_auto.i17, i17 %zext_ln83"   --->   Operation 86 'read' 'zext_ln83_read' <Predicate = true> <Delay = 0.00>
ST_1 : Operation 87 [1/1] (0.00ns)   --->   "%zext_ln82_read = read i17 @_ssdm_op_Read.ap_auto.i17, i17 %zext_ln82"   --->   Operation 87 'read' 'zext_ln82_read' <Predicate = true> <Delay = 0.00>
ST_1 : Operation 88 [1/1] (0.00ns)   --->   "%K_cast6_read = read i8 @_ssdm_op_Read.ap_auto.i8, i8 %K_cast6"   --->   Operation 88 'read' 'K_cast6_read' <Predicate = true> <Delay = 0.00>
ST_1 : Operation 89 [1/1] (0.00ns)   --->   "%conv_i4_i624_read = read i16 @_ssdm_op_Read.ap_auto.i16, i16 %conv_i4_i624"   --->   Operation 89 'read' 'conv_i4_i624_read' <Predicate = true> <Delay = 0.00>
ST_1 : Operation 90 [1/1] (0.00ns)   --->   "%mul_ln70_2_read = read i32 @_ssdm_op_Read.ap_auto.i32, i32 %mul_ln70_2"   --->   Operation 90 'read' 'mul_ln70_2_read' <Predicate = true> <Delay = 0.00>
ST_1 : Operation 91 [1/1] (0.00ns)   --->   "%zext_ln102_cast = zext i16 %zext_ln102_read"   --->   Operation 91 'zext' 'zext_ln102_cast' <Predicate = true> <Delay = 0.00>
ST_1 : Operation 92 [1/1] (0.00ns)   --->   "%conv_i_i718_cast = zext i16 %conv_i_i718_read"   --->   Operation 92 'zext' 'conv_i_i718_cast' <Predicate = true> <Delay = 0.00>
ST_1 : Operation 93 [1/1] (0.00ns)   --->   "%W_in_cast8_cast = zext i16 %W_in_cast8_read"   --->   Operation 93 'zext' 'W_in_cast8_cast' <Predicate = true> <Delay = 0.00>
ST_1 : Operation 94 [1/1] (0.00ns)   --->   "%H_in_cast7_cast = zext i16 %H_in_cast7_read"   --->   Operation 94 'zext' 'H_in_cast7_cast' <Predicate = true> <Delay = 0.00>
ST_1 : Operation 95 [1/1] (0.00ns)   --->   "%zext_ln83_cast = zext i17 %zext_ln83_read"   --->   Operation 95 'zext' 'zext_ln83_cast' <Predicate = true> <Delay = 0.00>
ST_1 : Operation 96 [1/1] (0.00ns)   --->   "%zext_ln82_cast = zext i17 %zext_ln82_read"   --->   Operation 96 'zext' 'zext_ln82_cast' <Predicate = true> <Delay = 0.00>
ST_1 : Operation 97 [1/1] (0.00ns)   --->   "%K_cast6_cast = zext i8 %K_cast6_read"   --->   Operation 97 'zext' 'K_cast6_cast' <Predicate = true> <Delay = 0.00>
ST_1 : Operation 98 [1/1] (0.00ns)   --->   "%conv_i4_i624_cast = zext i16 %conv_i4_i624_read"   --->   Operation 98 'zext' 'conv_i4_i624_cast' <Predicate = true> <Delay = 0.00>
ST_1 : Operation 99 [1/1] (0.00ns)   --->   "%specinterface_ln0 = specinterface void @_ssdm_op_SpecInterface, i8 %gmem0, void @empty_10, i32 0, i32 0, void @empty_23, i32 0, i32 2147483647, void @empty_24, void @empty_26, void @empty_23, i32 16, i32 16, i32 16, i32 16, void @empty_23, void @empty_23, i32 4294967295, i32 0"   --->   Operation 99 'specinterface' 'specinterface_ln0' <Predicate = true> <Delay = 0.00>
ST_1 : Operation 100 [1/1] (1.29ns)   --->   "%store_ln0 = store i32 0, i32 %sum_V"   --->   Operation 100 'store' 'store_ln0' <Predicate = true> <Delay = 1.29>
ST_1 : Operation 101 [1/1] (1.29ns)   --->   "%store_ln0 = store i32 0, i32 %ck"   --->   Operation 101 'store' 'store_ln0' <Predicate = true> <Delay = 1.29>
ST_1 : Operation 102 [1/1] (0.00ns)   --->   "%br_ln0 = br void %for.body54"   --->   Operation 102 'br' 'br_ln0' <Predicate = true> <Delay = 0.00>
ST_1 : Operation 103 [1/1] (0.00ns)   --->   "%ck_1 = load i32 %ck" [../ip/Ip1/initial_conv_bn_relu.cpp:90]   --->   Operation 103 'load' 'ck_1' <Predicate = true> <Delay = 0.00>
ST_1 : Operation 104 [1/1] (0.00ns)   --->   "%specbitsmap_ln0 = specbitsmap void @_ssdm_op_SpecBitsMap, i8 %gmem0"   --->   Operation 104 'specbitsmap' 'specbitsmap_ln0' <Predicate = true> <Delay = 0.00>
ST_1 : Operation 105 [1/1] (0.00ns)   --->   "%specpipeline_ln0 = specpipeline void @_ssdm_op_SpecPipeline, i32 4294967295, i32 0, i32 1, i32 0, void @p_str"   --->   Operation 105 'specpipeline' 'specpipeline_ln0' <Predicate = true> <Delay = 0.00>
ST_1 : Operation 106 [1/1] (1.96ns)   --->   "%icmp_ln1027 = icmp_eq  i32 %ck_1, i32 %mul_ln70_2_read"   --->   Operation 106 'icmp' 'icmp_ln1027' <Predicate = true> <Delay = 1.96> <CoreInst = "Cmp">   --->   Core 9 'Cmp' <Latency = 0> <II = 1> <Delay = 1.96> <FuncUnit> <Opcode : 'icmp'> <InPorts = 2> <OutPorts = 1>
ST_1 : Operation 107 [1/1] (1.89ns)   --->   "%ck_2 = add i32 %ck_1, i32 1" [../ip/Ip1/initial_conv_bn_relu.cpp:90]   --->   Operation 107 'add' 'ck_2' <Predicate = true> <Delay = 1.89> <CoreInst = "Adder">   --->   Core 1 'Adder' <Latency = 0> <II = 1> <Delay = 1.89> <FuncUnit> <Opcode : 'add' 'sub'> <InPorts = 2> <OutPorts = 1>
ST_1 : Operation 108 [1/1] (0.00ns)   --->   "%br_ln90 = br i1 %icmp_ln1027, void %for.body54.split, void %for.end.loopexit_ifconv.exitStub" [../ip/Ip1/initial_conv_bn_relu.cpp:90]   --->   Operation 108 'br' 'br_ln90' <Predicate = true> <Delay = 0.00>
ST_1 : Operation 109 [36/36] (3.56ns)   --->   "%div_i_i625_udiv = udiv i32 %ck_1, i32 %conv_i4_i624_cast" [../ip/Ip1/initial_conv_bn_relu.cpp:90]   --->   Operation 109 'udiv' 'div_i_i625_udiv' <Predicate = (!icmp_ln1027)> <Delay = 3.56> <CoreInst = "Divider">   --->   Core 6 'Divider' <Latency = 35> <II = 1> <Delay = 3.56> <FuncUnit> <Opcode : 'sdiv' 'srem' 'udiv' 'urem'> <InPorts = 2> <OutPorts = 1>
ST_1 : Operation 110 [36/36] (3.56ns)   --->   "%k = urem i32 %ck_1, i32 %conv_i4_i624_cast" [../ip/Ip1/initial_conv_bn_relu.cpp:90]   --->   Operation 110 'urem' 'k' <Predicate = (!icmp_ln1027)> <Delay = 3.56> <CoreInst = "Divider">   --->   Core 6 'Divider' <Latency = 35> <II = 1> <Delay = 3.56> <FuncUnit> <Opcode : 'sdiv' 'srem' 'udiv' 'urem'> <InPorts = 2> <OutPorts = 1>
ST_1 : Operation 111 [1/1] (1.29ns)   --->   "%store_ln90 = store i32 %ck_2, i32 %ck" [../ip/Ip1/initial_conv_bn_relu.cpp:90]   --->   Operation 111 'store' 'store_ln90' <Predicate = (!icmp_ln1027)> <Delay = 1.29>
ST_1 : Operation 112 [1/1] (0.00ns)   --->   "%br_ln90 = br void %for.body54" [../ip/Ip1/initial_conv_bn_relu.cpp:90]   --->   Operation 112 'br' 'br_ln90' <Predicate = (!icmp_ln1027)> <Delay = 0.00>

State 2 <SV = 1> <Delay = 3.56>
ST_2 : Operation 113 [35/36] (3.56ns)   --->   "%div_i_i625_udiv = udiv i32 %ck_1, i32 %conv_i4_i624_cast" [../ip/Ip1/initial_conv_bn_relu.cpp:90]   --->   Operation 113 'udiv' 'div_i_i625_udiv' <Predicate = (!icmp_ln1027)> <Delay = 3.56> <CoreInst = "Divider">   --->   Core 6 'Divider' <Latency = 35> <II = 1> <Delay = 3.56> <FuncUnit> <Opcode : 'sdiv' 'srem' 'udiv' 'urem'> <InPorts = 2> <OutPorts = 1>
ST_2 : Operation 114 [35/36] (3.56ns)   --->   "%k = urem i32 %ck_1, i32 %conv_i4_i624_cast" [../ip/Ip1/initial_conv_bn_relu.cpp:90]   --->   Operation 114 'urem' 'k' <Predicate = (!icmp_ln1027)> <Delay = 3.56> <CoreInst = "Divider">   --->   Core 6 'Divider' <Latency = 35> <II = 1> <Delay = 3.56> <FuncUnit> <Opcode : 'sdiv' 'srem' 'udiv' 'urem'> <InPorts = 2> <OutPorts = 1>

State 3 <SV = 2> <Delay = 3.56>
ST_3 : Operation 115 [34/36] (3.56ns)   --->   "%div_i_i625_udiv = udiv i32 %ck_1, i32 %conv_i4_i624_cast" [../ip/Ip1/initial_conv_bn_relu.cpp:90]   --->   Operation 115 'udiv' 'div_i_i625_udiv' <Predicate = true> <Delay = 3.56> <CoreInst = "Divider">   --->   Core 6 'Divider' <Latency = 35> <II = 1> <Delay = 3.56> <FuncUnit> <Opcode : 'sdiv' 'srem' 'udiv' 'urem'> <InPorts = 2> <OutPorts = 1>
ST_3 : Operation 116 [34/36] (3.56ns)   --->   "%k = urem i32 %ck_1, i32 %conv_i4_i624_cast" [../ip/Ip1/initial_conv_bn_relu.cpp:90]   --->   Operation 116 'urem' 'k' <Predicate = true> <Delay = 3.56> <CoreInst = "Divider">   --->   Core 6 'Divider' <Latency = 35> <II = 1> <Delay = 3.56> <FuncUnit> <Opcode : 'sdiv' 'srem' 'udiv' 'urem'> <InPorts = 2> <OutPorts = 1>

State 4 <SV = 3> <Delay = 3.56>
ST_4 : Operation 117 [33/36] (3.56ns)   --->   "%div_i_i625_udiv = udiv i32 %ck_1, i32 %conv_i4_i624_cast" [../ip/Ip1/initial_conv_bn_relu.cpp:90]   --->   Operation 117 'udiv' 'div_i_i625_udiv' <Predicate = true> <Delay = 3.56> <CoreInst = "Divider">   --->   Core 6 'Divider' <Latency = 35> <II = 1> <Delay = 3.56> <FuncUnit> <Opcode : 'sdiv' 'srem' 'udiv' 'urem'> <InPorts = 2> <OutPorts = 1>
ST_4 : Operation 118 [33/36] (3.56ns)   --->   "%k = urem i32 %ck_1, i32 %conv_i4_i624_cast" [../ip/Ip1/initial_conv_bn_relu.cpp:90]   --->   Operation 118 'urem' 'k' <Predicate = true> <Delay = 3.56> <CoreInst = "Divider">   --->   Core 6 'Divider' <Latency = 35> <II = 1> <Delay = 3.56> <FuncUnit> <Opcode : 'sdiv' 'srem' 'udiv' 'urem'> <InPorts = 2> <OutPorts = 1>

State 5 <SV = 4> <Delay = 3.56>
ST_5 : Operation 119 [32/36] (3.56ns)   --->   "%div_i_i625_udiv = udiv i32 %ck_1, i32 %conv_i4_i624_cast" [../ip/Ip1/initial_conv_bn_relu.cpp:90]   --->   Operation 119 'udiv' 'div_i_i625_udiv' <Predicate = true> <Delay = 3.56> <CoreInst = "Divider">   --->   Core 6 'Divider' <Latency = 35> <II = 1> <Delay = 3.56> <FuncUnit> <Opcode : 'sdiv' 'srem' 'udiv' 'urem'> <InPorts = 2> <OutPorts = 1>
ST_5 : Operation 120 [32/36] (3.56ns)   --->   "%k = urem i32 %ck_1, i32 %conv_i4_i624_cast" [../ip/Ip1/initial_conv_bn_relu.cpp:90]   --->   Operation 120 'urem' 'k' <Predicate = true> <Delay = 3.56> <CoreInst = "Divider">   --->   Core 6 'Divider' <Latency = 35> <II = 1> <Delay = 3.56> <FuncUnit> <Opcode : 'sdiv' 'srem' 'udiv' 'urem'> <InPorts = 2> <OutPorts = 1>

State 6 <SV = 5> <Delay = 3.56>
ST_6 : Operation 121 [31/36] (3.56ns)   --->   "%div_i_i625_udiv = udiv i32 %ck_1, i32 %conv_i4_i624_cast" [../ip/Ip1/initial_conv_bn_relu.cpp:90]   --->   Operation 121 'udiv' 'div_i_i625_udiv' <Predicate = true> <Delay = 3.56> <CoreInst = "Divider">   --->   Core 6 'Divider' <Latency = 35> <II = 1> <Delay = 3.56> <FuncUnit> <Opcode : 'sdiv' 'srem' 'udiv' 'urem'> <InPorts = 2> <OutPorts = 1>
ST_6 : Operation 122 [31/36] (3.56ns)   --->   "%k = urem i32 %ck_1, i32 %conv_i4_i624_cast" [../ip/Ip1/initial_conv_bn_relu.cpp:90]   --->   Operation 122 'urem' 'k' <Predicate = true> <Delay = 3.56> <CoreInst = "Divider">   --->   Core 6 'Divider' <Latency = 35> <II = 1> <Delay = 3.56> <FuncUnit> <Opcode : 'sdiv' 'srem' 'udiv' 'urem'> <InPorts = 2> <OutPorts = 1>

State 7 <SV = 6> <Delay = 3.56>
ST_7 : Operation 123 [30/36] (3.56ns)   --->   "%div_i_i625_udiv = udiv i32 %ck_1, i32 %conv_i4_i624_cast" [../ip/Ip1/initial_conv_bn_relu.cpp:90]   --->   Operation 123 'udiv' 'div_i_i625_udiv' <Predicate = true> <Delay = 3.56> <CoreInst = "Divider">   --->   Core 6 'Divider' <Latency = 35> <II = 1> <Delay = 3.56> <FuncUnit> <Opcode : 'sdiv' 'srem' 'udiv' 'urem'> <InPorts = 2> <OutPorts = 1>
ST_7 : Operation 124 [30/36] (3.56ns)   --->   "%k = urem i32 %ck_1, i32 %conv_i4_i624_cast" [../ip/Ip1/initial_conv_bn_relu.cpp:90]   --->   Operation 124 'urem' 'k' <Predicate = true> <Delay = 3.56> <CoreInst = "Divider">   --->   Core 6 'Divider' <Latency = 35> <II = 1> <Delay = 3.56> <FuncUnit> <Opcode : 'sdiv' 'srem' 'udiv' 'urem'> <InPorts = 2> <OutPorts = 1>

State 8 <SV = 7> <Delay = 3.56>
ST_8 : Operation 125 [29/36] (3.56ns)   --->   "%div_i_i625_udiv = udiv i32 %ck_1, i32 %conv_i4_i624_cast" [../ip/Ip1/initial_conv_bn_relu.cpp:90]   --->   Operation 125 'udiv' 'div_i_i625_udiv' <Predicate = true> <Delay = 3.56> <CoreInst = "Divider">   --->   Core 6 'Divider' <Latency = 35> <II = 1> <Delay = 3.56> <FuncUnit> <Opcode : 'sdiv' 'srem' 'udiv' 'urem'> <InPorts = 2> <OutPorts = 1>
ST_8 : Operation 126 [29/36] (3.56ns)   --->   "%k = urem i32 %ck_1, i32 %conv_i4_i624_cast" [../ip/Ip1/initial_conv_bn_relu.cpp:90]   --->   Operation 126 'urem' 'k' <Predicate = true> <Delay = 3.56> <CoreInst = "Divider">   --->   Core 6 'Divider' <Latency = 35> <II = 1> <Delay = 3.56> <FuncUnit> <Opcode : 'sdiv' 'srem' 'udiv' 'urem'> <InPorts = 2> <OutPorts = 1>

State 9 <SV = 8> <Delay = 3.56>
ST_9 : Operation 127 [28/36] (3.56ns)   --->   "%div_i_i625_udiv = udiv i32 %ck_1, i32 %conv_i4_i624_cast" [../ip/Ip1/initial_conv_bn_relu.cpp:90]   --->   Operation 127 'udiv' 'div_i_i625_udiv' <Predicate = true> <Delay = 3.56> <CoreInst = "Divider">   --->   Core 6 'Divider' <Latency = 35> <II = 1> <Delay = 3.56> <FuncUnit> <Opcode : 'sdiv' 'srem' 'udiv' 'urem'> <InPorts = 2> <OutPorts = 1>
ST_9 : Operation 128 [28/36] (3.56ns)   --->   "%k = urem i32 %ck_1, i32 %conv_i4_i624_cast" [../ip/Ip1/initial_conv_bn_relu.cpp:90]   --->   Operation 128 'urem' 'k' <Predicate = true> <Delay = 3.56> <CoreInst = "Divider">   --->   Core 6 'Divider' <Latency = 35> <II = 1> <Delay = 3.56> <FuncUnit> <Opcode : 'sdiv' 'srem' 'udiv' 'urem'> <InPorts = 2> <OutPorts = 1>

State 10 <SV = 9> <Delay = 3.56>
ST_10 : Operation 129 [27/36] (3.56ns)   --->   "%div_i_i625_udiv = udiv i32 %ck_1, i32 %conv_i4_i624_cast" [../ip/Ip1/initial_conv_bn_relu.cpp:90]   --->   Operation 129 'udiv' 'div_i_i625_udiv' <Predicate = true> <Delay = 3.56> <CoreInst = "Divider">   --->   Core 6 'Divider' <Latency = 35> <II = 1> <Delay = 3.56> <FuncUnit> <Opcode : 'sdiv' 'srem' 'udiv' 'urem'> <InPorts = 2> <OutPorts = 1>
ST_10 : Operation 130 [27/36] (3.56ns)   --->   "%k = urem i32 %ck_1, i32 %conv_i4_i624_cast" [../ip/Ip1/initial_conv_bn_relu.cpp:90]   --->   Operation 130 'urem' 'k' <Predicate = true> <Delay = 3.56> <CoreInst = "Divider">   --->   Core 6 'Divider' <Latency = 35> <II = 1> <Delay = 3.56> <FuncUnit> <Opcode : 'sdiv' 'srem' 'udiv' 'urem'> <InPorts = 2> <OutPorts = 1>

State 11 <SV = 10> <Delay = 3.56>
ST_11 : Operation 131 [26/36] (3.56ns)   --->   "%div_i_i625_udiv = udiv i32 %ck_1, i32 %conv_i4_i624_cast" [../ip/Ip1/initial_conv_bn_relu.cpp:90]   --->   Operation 131 'udiv' 'div_i_i625_udiv' <Predicate = true> <Delay = 3.56> <CoreInst = "Divider">   --->   Core 6 'Divider' <Latency = 35> <II = 1> <Delay = 3.56> <FuncUnit> <Opcode : 'sdiv' 'srem' 'udiv' 'urem'> <InPorts = 2> <OutPorts = 1>
ST_11 : Operation 132 [26/36] (3.56ns)   --->   "%k = urem i32 %ck_1, i32 %conv_i4_i624_cast" [../ip/Ip1/initial_conv_bn_relu.cpp:90]   --->   Operation 132 'urem' 'k' <Predicate = true> <Delay = 3.56> <CoreInst = "Divider">   --->   Core 6 'Divider' <Latency = 35> <II = 1> <Delay = 3.56> <FuncUnit> <Opcode : 'sdiv' 'srem' 'udiv' 'urem'> <InPorts = 2> <OutPorts = 1>

State 12 <SV = 11> <Delay = 3.56>
ST_12 : Operation 133 [25/36] (3.56ns)   --->   "%div_i_i625_udiv = udiv i32 %ck_1, i32 %conv_i4_i624_cast" [../ip/Ip1/initial_conv_bn_relu.cpp:90]   --->   Operation 133 'udiv' 'div_i_i625_udiv' <Predicate = true> <Delay = 3.56> <CoreInst = "Divider">   --->   Core 6 'Divider' <Latency = 35> <II = 1> <Delay = 3.56> <FuncUnit> <Opcode : 'sdiv' 'srem' 'udiv' 'urem'> <InPorts = 2> <OutPorts = 1>
ST_12 : Operation 134 [25/36] (3.56ns)   --->   "%k = urem i32 %ck_1, i32 %conv_i4_i624_cast" [../ip/Ip1/initial_conv_bn_relu.cpp:90]   --->   Operation 134 'urem' 'k' <Predicate = true> <Delay = 3.56> <CoreInst = "Divider">   --->   Core 6 'Divider' <Latency = 35> <II = 1> <Delay = 3.56> <FuncUnit> <Opcode : 'sdiv' 'srem' 'udiv' 'urem'> <InPorts = 2> <OutPorts = 1>

State 13 <SV = 12> <Delay = 3.56>
ST_13 : Operation 135 [24/36] (3.56ns)   --->   "%div_i_i625_udiv = udiv i32 %ck_1, i32 %conv_i4_i624_cast" [../ip/Ip1/initial_conv_bn_relu.cpp:90]   --->   Operation 135 'udiv' 'div_i_i625_udiv' <Predicate = true> <Delay = 3.56> <CoreInst = "Divider">   --->   Core 6 'Divider' <Latency = 35> <II = 1> <Delay = 3.56> <FuncUnit> <Opcode : 'sdiv' 'srem' 'udiv' 'urem'> <InPorts = 2> <OutPorts = 1>
ST_13 : Operation 136 [24/36] (3.56ns)   --->   "%k = urem i32 %ck_1, i32 %conv_i4_i624_cast" [../ip/Ip1/initial_conv_bn_relu.cpp:90]   --->   Operation 136 'urem' 'k' <Predicate = true> <Delay = 3.56> <CoreInst = "Divider">   --->   Core 6 'Divider' <Latency = 35> <II = 1> <Delay = 3.56> <FuncUnit> <Opcode : 'sdiv' 'srem' 'udiv' 'urem'> <InPorts = 2> <OutPorts = 1>

State 14 <SV = 13> <Delay = 3.56>
ST_14 : Operation 137 [23/36] (3.56ns)   --->   "%div_i_i625_udiv = udiv i32 %ck_1, i32 %conv_i4_i624_cast" [../ip/Ip1/initial_conv_bn_relu.cpp:90]   --->   Operation 137 'udiv' 'div_i_i625_udiv' <Predicate = true> <Delay = 3.56> <CoreInst = "Divider">   --->   Core 6 'Divider' <Latency = 35> <II = 1> <Delay = 3.56> <FuncUnit> <Opcode : 'sdiv' 'srem' 'udiv' 'urem'> <InPorts = 2> <OutPorts = 1>
ST_14 : Operation 138 [23/36] (3.56ns)   --->   "%k = urem i32 %ck_1, i32 %conv_i4_i624_cast" [../ip/Ip1/initial_conv_bn_relu.cpp:90]   --->   Operation 138 'urem' 'k' <Predicate = true> <Delay = 3.56> <CoreInst = "Divider">   --->   Core 6 'Divider' <Latency = 35> <II = 1> <Delay = 3.56> <FuncUnit> <Opcode : 'sdiv' 'srem' 'udiv' 'urem'> <InPorts = 2> <OutPorts = 1>

State 15 <SV = 14> <Delay = 3.56>
ST_15 : Operation 139 [22/36] (3.56ns)   --->   "%div_i_i625_udiv = udiv i32 %ck_1, i32 %conv_i4_i624_cast" [../ip/Ip1/initial_conv_bn_relu.cpp:90]   --->   Operation 139 'udiv' 'div_i_i625_udiv' <Predicate = true> <Delay = 3.56> <CoreInst = "Divider">   --->   Core 6 'Divider' <Latency = 35> <II = 1> <Delay = 3.56> <FuncUnit> <Opcode : 'sdiv' 'srem' 'udiv' 'urem'> <InPorts = 2> <OutPorts = 1>
ST_15 : Operation 140 [22/36] (3.56ns)   --->   "%k = urem i32 %ck_1, i32 %conv_i4_i624_cast" [../ip/Ip1/initial_conv_bn_relu.cpp:90]   --->   Operation 140 'urem' 'k' <Predicate = true> <Delay = 3.56> <CoreInst = "Divider">   --->   Core 6 'Divider' <Latency = 35> <II = 1> <Delay = 3.56> <FuncUnit> <Opcode : 'sdiv' 'srem' 'udiv' 'urem'> <InPorts = 2> <OutPorts = 1>

State 16 <SV = 15> <Delay = 3.56>
ST_16 : Operation 141 [21/36] (3.56ns)   --->   "%div_i_i625_udiv = udiv i32 %ck_1, i32 %conv_i4_i624_cast" [../ip/Ip1/initial_conv_bn_relu.cpp:90]   --->   Operation 141 'udiv' 'div_i_i625_udiv' <Predicate = true> <Delay = 3.56> <CoreInst = "Divider">   --->   Core 6 'Divider' <Latency = 35> <II = 1> <Delay = 3.56> <FuncUnit> <Opcode : 'sdiv' 'srem' 'udiv' 'urem'> <InPorts = 2> <OutPorts = 1>
ST_16 : Operation 142 [21/36] (3.56ns)   --->   "%k = urem i32 %ck_1, i32 %conv_i4_i624_cast" [../ip/Ip1/initial_conv_bn_relu.cpp:90]   --->   Operation 142 'urem' 'k' <Predicate = true> <Delay = 3.56> <CoreInst = "Divider">   --->   Core 6 'Divider' <Latency = 35> <II = 1> <Delay = 3.56> <FuncUnit> <Opcode : 'sdiv' 'srem' 'udiv' 'urem'> <InPorts = 2> <OutPorts = 1>

State 17 <SV = 16> <Delay = 3.56>
ST_17 : Operation 143 [20/36] (3.56ns)   --->   "%div_i_i625_udiv = udiv i32 %ck_1, i32 %conv_i4_i624_cast" [../ip/Ip1/initial_conv_bn_relu.cpp:90]   --->   Operation 143 'udiv' 'div_i_i625_udiv' <Predicate = true> <Delay = 3.56> <CoreInst = "Divider">   --->   Core 6 'Divider' <Latency = 35> <II = 1> <Delay = 3.56> <FuncUnit> <Opcode : 'sdiv' 'srem' 'udiv' 'urem'> <InPorts = 2> <OutPorts = 1>
ST_17 : Operation 144 [20/36] (3.56ns)   --->   "%k = urem i32 %ck_1, i32 %conv_i4_i624_cast" [../ip/Ip1/initial_conv_bn_relu.cpp:90]   --->   Operation 144 'urem' 'k' <Predicate = true> <Delay = 3.56> <CoreInst = "Divider">   --->   Core 6 'Divider' <Latency = 35> <II = 1> <Delay = 3.56> <FuncUnit> <Opcode : 'sdiv' 'srem' 'udiv' 'urem'> <InPorts = 2> <OutPorts = 1>

State 18 <SV = 17> <Delay = 3.56>
ST_18 : Operation 145 [19/36] (3.56ns)   --->   "%div_i_i625_udiv = udiv i32 %ck_1, i32 %conv_i4_i624_cast" [../ip/Ip1/initial_conv_bn_relu.cpp:90]   --->   Operation 145 'udiv' 'div_i_i625_udiv' <Predicate = true> <Delay = 3.56> <CoreInst = "Divider">   --->   Core 6 'Divider' <Latency = 35> <II = 1> <Delay = 3.56> <FuncUnit> <Opcode : 'sdiv' 'srem' 'udiv' 'urem'> <InPorts = 2> <OutPorts = 1>
ST_18 : Operation 146 [19/36] (3.56ns)   --->   "%k = urem i32 %ck_1, i32 %conv_i4_i624_cast" [../ip/Ip1/initial_conv_bn_relu.cpp:90]   --->   Operation 146 'urem' 'k' <Predicate = true> <Delay = 3.56> <CoreInst = "Divider">   --->   Core 6 'Divider' <Latency = 35> <II = 1> <Delay = 3.56> <FuncUnit> <Opcode : 'sdiv' 'srem' 'udiv' 'urem'> <InPorts = 2> <OutPorts = 1>

State 19 <SV = 18> <Delay = 3.56>
ST_19 : Operation 147 [18/36] (3.56ns)   --->   "%div_i_i625_udiv = udiv i32 %ck_1, i32 %conv_i4_i624_cast" [../ip/Ip1/initial_conv_bn_relu.cpp:90]   --->   Operation 147 'udiv' 'div_i_i625_udiv' <Predicate = true> <Delay = 3.56> <CoreInst = "Divider">   --->   Core 6 'Divider' <Latency = 35> <II = 1> <Delay = 3.56> <FuncUnit> <Opcode : 'sdiv' 'srem' 'udiv' 'urem'> <InPorts = 2> <OutPorts = 1>
ST_19 : Operation 148 [18/36] (3.56ns)   --->   "%k = urem i32 %ck_1, i32 %conv_i4_i624_cast" [../ip/Ip1/initial_conv_bn_relu.cpp:90]   --->   Operation 148 'urem' 'k' <Predicate = true> <Delay = 3.56> <CoreInst = "Divider">   --->   Core 6 'Divider' <Latency = 35> <II = 1> <Delay = 3.56> <FuncUnit> <Opcode : 'sdiv' 'srem' 'udiv' 'urem'> <InPorts = 2> <OutPorts = 1>

State 20 <SV = 19> <Delay = 3.56>
ST_20 : Operation 149 [17/36] (3.56ns)   --->   "%div_i_i625_udiv = udiv i32 %ck_1, i32 %conv_i4_i624_cast" [../ip/Ip1/initial_conv_bn_relu.cpp:90]   --->   Operation 149 'udiv' 'div_i_i625_udiv' <Predicate = true> <Delay = 3.56> <CoreInst = "Divider">   --->   Core 6 'Divider' <Latency = 35> <II = 1> <Delay = 3.56> <FuncUnit> <Opcode : 'sdiv' 'srem' 'udiv' 'urem'> <InPorts = 2> <OutPorts = 1>
ST_20 : Operation 150 [17/36] (3.56ns)   --->   "%k = urem i32 %ck_1, i32 %conv_i4_i624_cast" [../ip/Ip1/initial_conv_bn_relu.cpp:90]   --->   Operation 150 'urem' 'k' <Predicate = true> <Delay = 3.56> <CoreInst = "Divider">   --->   Core 6 'Divider' <Latency = 35> <II = 1> <Delay = 3.56> <FuncUnit> <Opcode : 'sdiv' 'srem' 'udiv' 'urem'> <InPorts = 2> <OutPorts = 1>

State 21 <SV = 20> <Delay = 3.56>
ST_21 : Operation 151 [16/36] (3.56ns)   --->   "%div_i_i625_udiv = udiv i32 %ck_1, i32 %conv_i4_i624_cast" [../ip/Ip1/initial_conv_bn_relu.cpp:90]   --->   Operation 151 'udiv' 'div_i_i625_udiv' <Predicate = true> <Delay = 3.56> <CoreInst = "Divider">   --->   Core 6 'Divider' <Latency = 35> <II = 1> <Delay = 3.56> <FuncUnit> <Opcode : 'sdiv' 'srem' 'udiv' 'urem'> <InPorts = 2> <OutPorts = 1>
ST_21 : Operation 152 [16/36] (3.56ns)   --->   "%k = urem i32 %ck_1, i32 %conv_i4_i624_cast" [../ip/Ip1/initial_conv_bn_relu.cpp:90]   --->   Operation 152 'urem' 'k' <Predicate = true> <Delay = 3.56> <CoreInst = "Divider">   --->   Core 6 'Divider' <Latency = 35> <II = 1> <Delay = 3.56> <FuncUnit> <Opcode : 'sdiv' 'srem' 'udiv' 'urem'> <InPorts = 2> <OutPorts = 1>

State 22 <SV = 21> <Delay = 3.56>
ST_22 : Operation 153 [15/36] (3.56ns)   --->   "%div_i_i625_udiv = udiv i32 %ck_1, i32 %conv_i4_i624_cast" [../ip/Ip1/initial_conv_bn_relu.cpp:90]   --->   Operation 153 'udiv' 'div_i_i625_udiv' <Predicate = true> <Delay = 3.56> <CoreInst = "Divider">   --->   Core 6 'Divider' <Latency = 35> <II = 1> <Delay = 3.56> <FuncUnit> <Opcode : 'sdiv' 'srem' 'udiv' 'urem'> <InPorts = 2> <OutPorts = 1>
ST_22 : Operation 154 [15/36] (3.56ns)   --->   "%k = urem i32 %ck_1, i32 %conv_i4_i624_cast" [../ip/Ip1/initial_conv_bn_relu.cpp:90]   --->   Operation 154 'urem' 'k' <Predicate = true> <Delay = 3.56> <CoreInst = "Divider">   --->   Core 6 'Divider' <Latency = 35> <II = 1> <Delay = 3.56> <FuncUnit> <Opcode : 'sdiv' 'srem' 'udiv' 'urem'> <InPorts = 2> <OutPorts = 1>

State 23 <SV = 22> <Delay = 3.56>
ST_23 : Operation 155 [14/36] (3.56ns)   --->   "%div_i_i625_udiv = udiv i32 %ck_1, i32 %conv_i4_i624_cast" [../ip/Ip1/initial_conv_bn_relu.cpp:90]   --->   Operation 155 'udiv' 'div_i_i625_udiv' <Predicate = true> <Delay = 3.56> <CoreInst = "Divider">   --->   Core 6 'Divider' <Latency = 35> <II = 1> <Delay = 3.56> <FuncUnit> <Opcode : 'sdiv' 'srem' 'udiv' 'urem'> <InPorts = 2> <OutPorts = 1>
ST_23 : Operation 156 [14/36] (3.56ns)   --->   "%k = urem i32 %ck_1, i32 %conv_i4_i624_cast" [../ip/Ip1/initial_conv_bn_relu.cpp:90]   --->   Operation 156 'urem' 'k' <Predicate = true> <Delay = 3.56> <CoreInst = "Divider">   --->   Core 6 'Divider' <Latency = 35> <II = 1> <Delay = 3.56> <FuncUnit> <Opcode : 'sdiv' 'srem' 'udiv' 'urem'> <InPorts = 2> <OutPorts = 1>

State 24 <SV = 23> <Delay = 3.56>
ST_24 : Operation 157 [13/36] (3.56ns)   --->   "%div_i_i625_udiv = udiv i32 %ck_1, i32 %conv_i4_i624_cast" [../ip/Ip1/initial_conv_bn_relu.cpp:90]   --->   Operation 157 'udiv' 'div_i_i625_udiv' <Predicate = true> <Delay = 3.56> <CoreInst = "Divider">   --->   Core 6 'Divider' <Latency = 35> <II = 1> <Delay = 3.56> <FuncUnit> <Opcode : 'sdiv' 'srem' 'udiv' 'urem'> <InPorts = 2> <OutPorts = 1>
ST_24 : Operation 158 [13/36] (3.56ns)   --->   "%k = urem i32 %ck_1, i32 %conv_i4_i624_cast" [../ip/Ip1/initial_conv_bn_relu.cpp:90]   --->   Operation 158 'urem' 'k' <Predicate = true> <Delay = 3.56> <CoreInst = "Divider">   --->   Core 6 'Divider' <Latency = 35> <II = 1> <Delay = 3.56> <FuncUnit> <Opcode : 'sdiv' 'srem' 'udiv' 'urem'> <InPorts = 2> <OutPorts = 1>

State 25 <SV = 24> <Delay = 3.56>
ST_25 : Operation 159 [12/36] (3.56ns)   --->   "%div_i_i625_udiv = udiv i32 %ck_1, i32 %conv_i4_i624_cast" [../ip/Ip1/initial_conv_bn_relu.cpp:90]   --->   Operation 159 'udiv' 'div_i_i625_udiv' <Predicate = true> <Delay = 3.56> <CoreInst = "Divider">   --->   Core 6 'Divider' <Latency = 35> <II = 1> <Delay = 3.56> <FuncUnit> <Opcode : 'sdiv' 'srem' 'udiv' 'urem'> <InPorts = 2> <OutPorts = 1>
ST_25 : Operation 160 [12/36] (3.56ns)   --->   "%k = urem i32 %ck_1, i32 %conv_i4_i624_cast" [../ip/Ip1/initial_conv_bn_relu.cpp:90]   --->   Operation 160 'urem' 'k' <Predicate = true> <Delay = 3.56> <CoreInst = "Divider">   --->   Core 6 'Divider' <Latency = 35> <II = 1> <Delay = 3.56> <FuncUnit> <Opcode : 'sdiv' 'srem' 'udiv' 'urem'> <InPorts = 2> <OutPorts = 1>

State 26 <SV = 25> <Delay = 3.56>
ST_26 : Operation 161 [11/36] (3.56ns)   --->   "%div_i_i625_udiv = udiv i32 %ck_1, i32 %conv_i4_i624_cast" [../ip/Ip1/initial_conv_bn_relu.cpp:90]   --->   Operation 161 'udiv' 'div_i_i625_udiv' <Predicate = true> <Delay = 3.56> <CoreInst = "Divider">   --->   Core 6 'Divider' <Latency = 35> <II = 1> <Delay = 3.56> <FuncUnit> <Opcode : 'sdiv' 'srem' 'udiv' 'urem'> <InPorts = 2> <OutPorts = 1>
ST_26 : Operation 162 [11/36] (3.56ns)   --->   "%k = urem i32 %ck_1, i32 %conv_i4_i624_cast" [../ip/Ip1/initial_conv_bn_relu.cpp:90]   --->   Operation 162 'urem' 'k' <Predicate = true> <Delay = 3.56> <CoreInst = "Divider">   --->   Core 6 'Divider' <Latency = 35> <II = 1> <Delay = 3.56> <FuncUnit> <Opcode : 'sdiv' 'srem' 'udiv' 'urem'> <InPorts = 2> <OutPorts = 1>

State 27 <SV = 26> <Delay = 3.56>
ST_27 : Operation 163 [10/36] (3.56ns)   --->   "%div_i_i625_udiv = udiv i32 %ck_1, i32 %conv_i4_i624_cast" [../ip/Ip1/initial_conv_bn_relu.cpp:90]   --->   Operation 163 'udiv' 'div_i_i625_udiv' <Predicate = true> <Delay = 3.56> <CoreInst = "Divider">   --->   Core 6 'Divider' <Latency = 35> <II = 1> <Delay = 3.56> <FuncUnit> <Opcode : 'sdiv' 'srem' 'udiv' 'urem'> <InPorts = 2> <OutPorts = 1>
ST_27 : Operation 164 [10/36] (3.56ns)   --->   "%k = urem i32 %ck_1, i32 %conv_i4_i624_cast" [../ip/Ip1/initial_conv_bn_relu.cpp:90]   --->   Operation 164 'urem' 'k' <Predicate = true> <Delay = 3.56> <CoreInst = "Divider">   --->   Core 6 'Divider' <Latency = 35> <II = 1> <Delay = 3.56> <FuncUnit> <Opcode : 'sdiv' 'srem' 'udiv' 'urem'> <InPorts = 2> <OutPorts = 1>

State 28 <SV = 27> <Delay = 3.56>
ST_28 : Operation 165 [9/36] (3.56ns)   --->   "%div_i_i625_udiv = udiv i32 %ck_1, i32 %conv_i4_i624_cast" [../ip/Ip1/initial_conv_bn_relu.cpp:90]   --->   Operation 165 'udiv' 'div_i_i625_udiv' <Predicate = true> <Delay = 3.56> <CoreInst = "Divider">   --->   Core 6 'Divider' <Latency = 35> <II = 1> <Delay = 3.56> <FuncUnit> <Opcode : 'sdiv' 'srem' 'udiv' 'urem'> <InPorts = 2> <OutPorts = 1>
ST_28 : Operation 166 [9/36] (3.56ns)   --->   "%k = urem i32 %ck_1, i32 %conv_i4_i624_cast" [../ip/Ip1/initial_conv_bn_relu.cpp:90]   --->   Operation 166 'urem' 'k' <Predicate = true> <Delay = 3.56> <CoreInst = "Divider">   --->   Core 6 'Divider' <Latency = 35> <II = 1> <Delay = 3.56> <FuncUnit> <Opcode : 'sdiv' 'srem' 'udiv' 'urem'> <InPorts = 2> <OutPorts = 1>

State 29 <SV = 28> <Delay = 3.56>
ST_29 : Operation 167 [8/36] (3.56ns)   --->   "%div_i_i625_udiv = udiv i32 %ck_1, i32 %conv_i4_i624_cast" [../ip/Ip1/initial_conv_bn_relu.cpp:90]   --->   Operation 167 'udiv' 'div_i_i625_udiv' <Predicate = true> <Delay = 3.56> <CoreInst = "Divider">   --->   Core 6 'Divider' <Latency = 35> <II = 1> <Delay = 3.56> <FuncUnit> <Opcode : 'sdiv' 'srem' 'udiv' 'urem'> <InPorts = 2> <OutPorts = 1>
ST_29 : Operation 168 [8/36] (3.56ns)   --->   "%k = urem i32 %ck_1, i32 %conv_i4_i624_cast" [../ip/Ip1/initial_conv_bn_relu.cpp:90]   --->   Operation 168 'urem' 'k' <Predicate = true> <Delay = 3.56> <CoreInst = "Divider">   --->   Core 6 'Divider' <Latency = 35> <II = 1> <Delay = 3.56> <FuncUnit> <Opcode : 'sdiv' 'srem' 'udiv' 'urem'> <InPorts = 2> <OutPorts = 1>

State 30 <SV = 29> <Delay = 3.56>
ST_30 : Operation 169 [7/36] (3.56ns)   --->   "%div_i_i625_udiv = udiv i32 %ck_1, i32 %conv_i4_i624_cast" [../ip/Ip1/initial_conv_bn_relu.cpp:90]   --->   Operation 169 'udiv' 'div_i_i625_udiv' <Predicate = true> <Delay = 3.56> <CoreInst = "Divider">   --->   Core 6 'Divider' <Latency = 35> <II = 1> <Delay = 3.56> <FuncUnit> <Opcode : 'sdiv' 'srem' 'udiv' 'urem'> <InPorts = 2> <OutPorts = 1>
ST_30 : Operation 170 [7/36] (3.56ns)   --->   "%k = urem i32 %ck_1, i32 %conv_i4_i624_cast" [../ip/Ip1/initial_conv_bn_relu.cpp:90]   --->   Operation 170 'urem' 'k' <Predicate = true> <Delay = 3.56> <CoreInst = "Divider">   --->   Core 6 'Divider' <Latency = 35> <II = 1> <Delay = 3.56> <FuncUnit> <Opcode : 'sdiv' 'srem' 'udiv' 'urem'> <InPorts = 2> <OutPorts = 1>

State 31 <SV = 30> <Delay = 3.56>
ST_31 : Operation 171 [6/36] (3.56ns)   --->   "%div_i_i625_udiv = udiv i32 %ck_1, i32 %conv_i4_i624_cast" [../ip/Ip1/initial_conv_bn_relu.cpp:90]   --->   Operation 171 'udiv' 'div_i_i625_udiv' <Predicate = true> <Delay = 3.56> <CoreInst = "Divider">   --->   Core 6 'Divider' <Latency = 35> <II = 1> <Delay = 3.56> <FuncUnit> <Opcode : 'sdiv' 'srem' 'udiv' 'urem'> <InPorts = 2> <OutPorts = 1>
ST_31 : Operation 172 [6/36] (3.56ns)   --->   "%k = urem i32 %ck_1, i32 %conv_i4_i624_cast" [../ip/Ip1/initial_conv_bn_relu.cpp:90]   --->   Operation 172 'urem' 'k' <Predicate = true> <Delay = 3.56> <CoreInst = "Divider">   --->   Core 6 'Divider' <Latency = 35> <II = 1> <Delay = 3.56> <FuncUnit> <Opcode : 'sdiv' 'srem' 'udiv' 'urem'> <InPorts = 2> <OutPorts = 1>

State 32 <SV = 31> <Delay = 3.56>
ST_32 : Operation 173 [5/36] (3.56ns)   --->   "%div_i_i625_udiv = udiv i32 %ck_1, i32 %conv_i4_i624_cast" [../ip/Ip1/initial_conv_bn_relu.cpp:90]   --->   Operation 173 'udiv' 'div_i_i625_udiv' <Predicate = true> <Delay = 3.56> <CoreInst = "Divider">   --->   Core 6 'Divider' <Latency = 35> <II = 1> <Delay = 3.56> <FuncUnit> <Opcode : 'sdiv' 'srem' 'udiv' 'urem'> <InPorts = 2> <OutPorts = 1>
ST_32 : Operation 174 [5/36] (3.56ns)   --->   "%k = urem i32 %ck_1, i32 %conv_i4_i624_cast" [../ip/Ip1/initial_conv_bn_relu.cpp:90]   --->   Operation 174 'urem' 'k' <Predicate = true> <Delay = 3.56> <CoreInst = "Divider">   --->   Core 6 'Divider' <Latency = 35> <II = 1> <Delay = 3.56> <FuncUnit> <Opcode : 'sdiv' 'srem' 'udiv' 'urem'> <InPorts = 2> <OutPorts = 1>

State 33 <SV = 32> <Delay = 3.56>
ST_33 : Operation 175 [4/36] (3.56ns)   --->   "%div_i_i625_udiv = udiv i32 %ck_1, i32 %conv_i4_i624_cast" [../ip/Ip1/initial_conv_bn_relu.cpp:90]   --->   Operation 175 'udiv' 'div_i_i625_udiv' <Predicate = true> <Delay = 3.56> <CoreInst = "Divider">   --->   Core 6 'Divider' <Latency = 35> <II = 1> <Delay = 3.56> <FuncUnit> <Opcode : 'sdiv' 'srem' 'udiv' 'urem'> <InPorts = 2> <OutPorts = 1>
ST_33 : Operation 176 [4/36] (3.56ns)   --->   "%k = urem i32 %ck_1, i32 %conv_i4_i624_cast" [../ip/Ip1/initial_conv_bn_relu.cpp:90]   --->   Operation 176 'urem' 'k' <Predicate = true> <Delay = 3.56> <CoreInst = "Divider">   --->   Core 6 'Divider' <Latency = 35> <II = 1> <Delay = 3.56> <FuncUnit> <Opcode : 'sdiv' 'srem' 'udiv' 'urem'> <InPorts = 2> <OutPorts = 1>

State 34 <SV = 33> <Delay = 3.56>
ST_34 : Operation 177 [3/36] (3.56ns)   --->   "%div_i_i625_udiv = udiv i32 %ck_1, i32 %conv_i4_i624_cast" [../ip/Ip1/initial_conv_bn_relu.cpp:90]   --->   Operation 177 'udiv' 'div_i_i625_udiv' <Predicate = true> <Delay = 3.56> <CoreInst = "Divider">   --->   Core 6 'Divider' <Latency = 35> <II = 1> <Delay = 3.56> <FuncUnit> <Opcode : 'sdiv' 'srem' 'udiv' 'urem'> <InPorts = 2> <OutPorts = 1>
ST_34 : Operation 178 [3/36] (3.56ns)   --->   "%k = urem i32 %ck_1, i32 %conv_i4_i624_cast" [../ip/Ip1/initial_conv_bn_relu.cpp:90]   --->   Operation 178 'urem' 'k' <Predicate = true> <Delay = 3.56> <CoreInst = "Divider">   --->   Core 6 'Divider' <Latency = 35> <II = 1> <Delay = 3.56> <FuncUnit> <Opcode : 'sdiv' 'srem' 'udiv' 'urem'> <InPorts = 2> <OutPorts = 1>

State 35 <SV = 34> <Delay = 3.56>
ST_35 : Operation 179 [2/36] (3.56ns)   --->   "%div_i_i625_udiv = udiv i32 %ck_1, i32 %conv_i4_i624_cast" [../ip/Ip1/initial_conv_bn_relu.cpp:90]   --->   Operation 179 'udiv' 'div_i_i625_udiv' <Predicate = true> <Delay = 3.56> <CoreInst = "Divider">   --->   Core 6 'Divider' <Latency = 35> <II = 1> <Delay = 3.56> <FuncUnit> <Opcode : 'sdiv' 'srem' 'udiv' 'urem'> <InPorts = 2> <OutPorts = 1>
ST_35 : Operation 180 [2/36] (3.56ns)   --->   "%k = urem i32 %ck_1, i32 %conv_i4_i624_cast" [../ip/Ip1/initial_conv_bn_relu.cpp:90]   --->   Operation 180 'urem' 'k' <Predicate = true> <Delay = 3.56> <CoreInst = "Divider">   --->   Core 6 'Divider' <Latency = 35> <II = 1> <Delay = 3.56> <FuncUnit> <Opcode : 'sdiv' 'srem' 'udiv' 'urem'> <InPorts = 2> <OutPorts = 1>

State 36 <SV = 35> <Delay = 6.73>
ST_36 : Operation 181 [1/36] (3.56ns)   --->   "%div_i_i625_udiv = udiv i32 %ck_1, i32 %conv_i4_i624_cast" [../ip/Ip1/initial_conv_bn_relu.cpp:90]   --->   Operation 181 'udiv' 'div_i_i625_udiv' <Predicate = true> <Delay = 3.56> <CoreInst = "Divider">   --->   Core 6 'Divider' <Latency = 35> <II = 1> <Delay = 3.56> <FuncUnit> <Opcode : 'sdiv' 'srem' 'udiv' 'urem'> <InPorts = 2> <OutPorts = 1>
ST_36 : Operation 182 [1/36] (3.56ns)   --->   "%k = urem i32 %ck_1, i32 %conv_i4_i624_cast" [../ip/Ip1/initial_conv_bn_relu.cpp:90]   --->   Operation 182 'urem' 'k' <Predicate = true> <Delay = 3.56> <CoreInst = "Divider">   --->   Core 6 'Divider' <Latency = 35> <II = 1> <Delay = 3.56> <FuncUnit> <Opcode : 'sdiv' 'srem' 'udiv' 'urem'> <InPorts = 2> <OutPorts = 1>
ST_36 : Operation 183 [1/1] (0.00ns)   --->   "%trunc_ln92 = trunc i32 %k" [../ip/Ip1/initial_conv_bn_relu.cpp:92]   --->   Operation 183 'trunc' 'trunc_ln92' <Predicate = true> <Delay = 0.00>
ST_36 : Operation 184 [20/20] (3.16ns)   --->   "%ret_V = udiv i16 %trunc_ln92, i16 %K_cast6_cast"   --->   Operation 184 'udiv' 'ret_V' <Predicate = true> <Delay = 3.16> <CoreInst = "Divider">   --->   Core 6 'Divider' <Latency = 19> <II = 1> <Delay = 3.16> <FuncUnit> <Opcode : 'sdiv' 'srem' 'udiv' 'urem'> <InPorts = 2> <OutPorts = 1>
ST_36 : Operation 185 [20/20] (3.16ns)   --->   "%kw = urem i16 %trunc_ln92, i16 %K_cast6_cast"   --->   Operation 185 'urem' 'kw' <Predicate = true> <Delay = 3.16> <CoreInst = "Divider">   --->   Core 6 'Divider' <Latency = 19> <II = 1> <Delay = 3.16> <FuncUnit> <Opcode : 'sdiv' 'srem' 'udiv' 'urem'> <InPorts = 2> <OutPorts = 1>

State 37 <SV = 36> <Delay = 3.16>
ST_37 : Operation 186 [19/20] (3.16ns)   --->   "%ret_V = udiv i16 %trunc_ln92, i16 %K_cast6_cast"   --->   Operation 186 'udiv' 'ret_V' <Predicate = true> <Delay = 3.16> <CoreInst = "Divider">   --->   Core 6 'Divider' <Latency = 19> <II = 1> <Delay = 3.16> <FuncUnit> <Opcode : 'sdiv' 'srem' 'udiv' 'urem'> <InPorts = 2> <OutPorts = 1>
ST_37 : Operation 187 [19/20] (3.16ns)   --->   "%kw = urem i16 %trunc_ln92, i16 %K_cast6_cast"   --->   Operation 187 'urem' 'kw' <Predicate = true> <Delay = 3.16> <CoreInst = "Divider">   --->   Core 6 'Divider' <Latency = 19> <II = 1> <Delay = 3.16> <FuncUnit> <Opcode : 'sdiv' 'srem' 'udiv' 'urem'> <InPorts = 2> <OutPorts = 1>

State 38 <SV = 37> <Delay = 3.16>
ST_38 : Operation 188 [18/20] (3.16ns)   --->   "%ret_V = udiv i16 %trunc_ln92, i16 %K_cast6_cast"   --->   Operation 188 'udiv' 'ret_V' <Predicate = true> <Delay = 3.16> <CoreInst = "Divider">   --->   Core 6 'Divider' <Latency = 19> <II = 1> <Delay = 3.16> <FuncUnit> <Opcode : 'sdiv' 'srem' 'udiv' 'urem'> <InPorts = 2> <OutPorts = 1>
ST_38 : Operation 189 [18/20] (3.16ns)   --->   "%kw = urem i16 %trunc_ln92, i16 %K_cast6_cast"   --->   Operation 189 'urem' 'kw' <Predicate = true> <Delay = 3.16> <CoreInst = "Divider">   --->   Core 6 'Divider' <Latency = 19> <II = 1> <Delay = 3.16> <FuncUnit> <Opcode : 'sdiv' 'srem' 'udiv' 'urem'> <InPorts = 2> <OutPorts = 1>

State 39 <SV = 38> <Delay = 3.16>
ST_39 : Operation 190 [17/20] (3.16ns)   --->   "%ret_V = udiv i16 %trunc_ln92, i16 %K_cast6_cast"   --->   Operation 190 'udiv' 'ret_V' <Predicate = true> <Delay = 3.16> <CoreInst = "Divider">   --->   Core 6 'Divider' <Latency = 19> <II = 1> <Delay = 3.16> <FuncUnit> <Opcode : 'sdiv' 'srem' 'udiv' 'urem'> <InPorts = 2> <OutPorts = 1>
ST_39 : Operation 191 [17/20] (3.16ns)   --->   "%kw = urem i16 %trunc_ln92, i16 %K_cast6_cast"   --->   Operation 191 'urem' 'kw' <Predicate = true> <Delay = 3.16> <CoreInst = "Divider">   --->   Core 6 'Divider' <Latency = 19> <II = 1> <Delay = 3.16> <FuncUnit> <Opcode : 'sdiv' 'srem' 'udiv' 'urem'> <InPorts = 2> <OutPorts = 1>

State 40 <SV = 39> <Delay = 3.16>
ST_40 : Operation 192 [16/20] (3.16ns)   --->   "%ret_V = udiv i16 %trunc_ln92, i16 %K_cast6_cast"   --->   Operation 192 'udiv' 'ret_V' <Predicate = true> <Delay = 3.16> <CoreInst = "Divider">   --->   Core 6 'Divider' <Latency = 19> <II = 1> <Delay = 3.16> <FuncUnit> <Opcode : 'sdiv' 'srem' 'udiv' 'urem'> <InPorts = 2> <OutPorts = 1>
ST_40 : Operation 193 [16/20] (3.16ns)   --->   "%kw = urem i16 %trunc_ln92, i16 %K_cast6_cast"   --->   Operation 193 'urem' 'kw' <Predicate = true> <Delay = 3.16> <CoreInst = "Divider">   --->   Core 6 'Divider' <Latency = 19> <II = 1> <Delay = 3.16> <FuncUnit> <Opcode : 'sdiv' 'srem' 'udiv' 'urem'> <InPorts = 2> <OutPorts = 1>

State 41 <SV = 40> <Delay = 3.16>
ST_41 : Operation 194 [15/20] (3.16ns)   --->   "%ret_V = udiv i16 %trunc_ln92, i16 %K_cast6_cast"   --->   Operation 194 'udiv' 'ret_V' <Predicate = true> <Delay = 3.16> <CoreInst = "Divider">   --->   Core 6 'Divider' <Latency = 19> <II = 1> <Delay = 3.16> <FuncUnit> <Opcode : 'sdiv' 'srem' 'udiv' 'urem'> <InPorts = 2> <OutPorts = 1>
ST_41 : Operation 195 [15/20] (3.16ns)   --->   "%kw = urem i16 %trunc_ln92, i16 %K_cast6_cast"   --->   Operation 195 'urem' 'kw' <Predicate = true> <Delay = 3.16> <CoreInst = "Divider">   --->   Core 6 'Divider' <Latency = 19> <II = 1> <Delay = 3.16> <FuncUnit> <Opcode : 'sdiv' 'srem' 'udiv' 'urem'> <InPorts = 2> <OutPorts = 1>

State 42 <SV = 41> <Delay = 3.16>
ST_42 : Operation 196 [14/20] (3.16ns)   --->   "%ret_V = udiv i16 %trunc_ln92, i16 %K_cast6_cast"   --->   Operation 196 'udiv' 'ret_V' <Predicate = true> <Delay = 3.16> <CoreInst = "Divider">   --->   Core 6 'Divider' <Latency = 19> <II = 1> <Delay = 3.16> <FuncUnit> <Opcode : 'sdiv' 'srem' 'udiv' 'urem'> <InPorts = 2> <OutPorts = 1>
ST_42 : Operation 197 [14/20] (3.16ns)   --->   "%kw = urem i16 %trunc_ln92, i16 %K_cast6_cast"   --->   Operation 197 'urem' 'kw' <Predicate = true> <Delay = 3.16> <CoreInst = "Divider">   --->   Core 6 'Divider' <Latency = 19> <II = 1> <Delay = 3.16> <FuncUnit> <Opcode : 'sdiv' 'srem' 'udiv' 'urem'> <InPorts = 2> <OutPorts = 1>

State 43 <SV = 42> <Delay = 3.16>
ST_43 : Operation 198 [13/20] (3.16ns)   --->   "%ret_V = udiv i16 %trunc_ln92, i16 %K_cast6_cast"   --->   Operation 198 'udiv' 'ret_V' <Predicate = true> <Delay = 3.16> <CoreInst = "Divider">   --->   Core 6 'Divider' <Latency = 19> <II = 1> <Delay = 3.16> <FuncUnit> <Opcode : 'sdiv' 'srem' 'udiv' 'urem'> <InPorts = 2> <OutPorts = 1>
ST_43 : Operation 199 [13/20] (3.16ns)   --->   "%kw = urem i16 %trunc_ln92, i16 %K_cast6_cast"   --->   Operation 199 'urem' 'kw' <Predicate = true> <Delay = 3.16> <CoreInst = "Divider">   --->   Core 6 'Divider' <Latency = 19> <II = 1> <Delay = 3.16> <FuncUnit> <Opcode : 'sdiv' 'srem' 'udiv' 'urem'> <InPorts = 2> <OutPorts = 1>

State 44 <SV = 43> <Delay = 3.16>
ST_44 : Operation 200 [12/20] (3.16ns)   --->   "%ret_V = udiv i16 %trunc_ln92, i16 %K_cast6_cast"   --->   Operation 200 'udiv' 'ret_V' <Predicate = true> <Delay = 3.16> <CoreInst = "Divider">   --->   Core 6 'Divider' <Latency = 19> <II = 1> <Delay = 3.16> <FuncUnit> <Opcode : 'sdiv' 'srem' 'udiv' 'urem'> <InPorts = 2> <OutPorts = 1>
ST_44 : Operation 201 [12/20] (3.16ns)   --->   "%kw = urem i16 %trunc_ln92, i16 %K_cast6_cast"   --->   Operation 201 'urem' 'kw' <Predicate = true> <Delay = 3.16> <CoreInst = "Divider">   --->   Core 6 'Divider' <Latency = 19> <II = 1> <Delay = 3.16> <FuncUnit> <Opcode : 'sdiv' 'srem' 'udiv' 'urem'> <InPorts = 2> <OutPorts = 1>

State 45 <SV = 44> <Delay = 3.16>
ST_45 : Operation 202 [11/20] (3.16ns)   --->   "%ret_V = udiv i16 %trunc_ln92, i16 %K_cast6_cast"   --->   Operation 202 'udiv' 'ret_V' <Predicate = true> <Delay = 3.16> <CoreInst = "Divider">   --->   Core 6 'Divider' <Latency = 19> <II = 1> <Delay = 3.16> <FuncUnit> <Opcode : 'sdiv' 'srem' 'udiv' 'urem'> <InPorts = 2> <OutPorts = 1>
ST_45 : Operation 203 [11/20] (3.16ns)   --->   "%kw = urem i16 %trunc_ln92, i16 %K_cast6_cast"   --->   Operation 203 'urem' 'kw' <Predicate = true> <Delay = 3.16> <CoreInst = "Divider">   --->   Core 6 'Divider' <Latency = 19> <II = 1> <Delay = 3.16> <FuncUnit> <Opcode : 'sdiv' 'srem' 'udiv' 'urem'> <InPorts = 2> <OutPorts = 1>

State 46 <SV = 45> <Delay = 3.16>
ST_46 : Operation 204 [10/20] (3.16ns)   --->   "%ret_V = udiv i16 %trunc_ln92, i16 %K_cast6_cast"   --->   Operation 204 'udiv' 'ret_V' <Predicate = true> <Delay = 3.16> <CoreInst = "Divider">   --->   Core 6 'Divider' <Latency = 19> <II = 1> <Delay = 3.16> <FuncUnit> <Opcode : 'sdiv' 'srem' 'udiv' 'urem'> <InPorts = 2> <OutPorts = 1>
ST_46 : Operation 205 [10/20] (3.16ns)   --->   "%kw = urem i16 %trunc_ln92, i16 %K_cast6_cast"   --->   Operation 205 'urem' 'kw' <Predicate = true> <Delay = 3.16> <CoreInst = "Divider">   --->   Core 6 'Divider' <Latency = 19> <II = 1> <Delay = 3.16> <FuncUnit> <Opcode : 'sdiv' 'srem' 'udiv' 'urem'> <InPorts = 2> <OutPorts = 1>

State 47 <SV = 46> <Delay = 3.16>
ST_47 : Operation 206 [9/20] (3.16ns)   --->   "%ret_V = udiv i16 %trunc_ln92, i16 %K_cast6_cast"   --->   Operation 206 'udiv' 'ret_V' <Predicate = true> <Delay = 3.16> <CoreInst = "Divider">   --->   Core 6 'Divider' <Latency = 19> <II = 1> <Delay = 3.16> <FuncUnit> <Opcode : 'sdiv' 'srem' 'udiv' 'urem'> <InPorts = 2> <OutPorts = 1>
ST_47 : Operation 207 [9/20] (3.16ns)   --->   "%kw = urem i16 %trunc_ln92, i16 %K_cast6_cast"   --->   Operation 207 'urem' 'kw' <Predicate = true> <Delay = 3.16> <CoreInst = "Divider">   --->   Core 6 'Divider' <Latency = 19> <II = 1> <Delay = 3.16> <FuncUnit> <Opcode : 'sdiv' 'srem' 'udiv' 'urem'> <InPorts = 2> <OutPorts = 1>

State 48 <SV = 47> <Delay = 3.16>
ST_48 : Operation 208 [8/20] (3.16ns)   --->   "%ret_V = udiv i16 %trunc_ln92, i16 %K_cast6_cast"   --->   Operation 208 'udiv' 'ret_V' <Predicate = true> <Delay = 3.16> <CoreInst = "Divider">   --->   Core 6 'Divider' <Latency = 19> <II = 1> <Delay = 3.16> <FuncUnit> <Opcode : 'sdiv' 'srem' 'udiv' 'urem'> <InPorts = 2> <OutPorts = 1>
ST_48 : Operation 209 [8/20] (3.16ns)   --->   "%kw = urem i16 %trunc_ln92, i16 %K_cast6_cast"   --->   Operation 209 'urem' 'kw' <Predicate = true> <Delay = 3.16> <CoreInst = "Divider">   --->   Core 6 'Divider' <Latency = 19> <II = 1> <Delay = 3.16> <FuncUnit> <Opcode : 'sdiv' 'srem' 'udiv' 'urem'> <InPorts = 2> <OutPorts = 1>

State 49 <SV = 48> <Delay = 3.16>
ST_49 : Operation 210 [7/20] (3.16ns)   --->   "%ret_V = udiv i16 %trunc_ln92, i16 %K_cast6_cast"   --->   Operation 210 'udiv' 'ret_V' <Predicate = true> <Delay = 3.16> <CoreInst = "Divider">   --->   Core 6 'Divider' <Latency = 19> <II = 1> <Delay = 3.16> <FuncUnit> <Opcode : 'sdiv' 'srem' 'udiv' 'urem'> <InPorts = 2> <OutPorts = 1>
ST_49 : Operation 211 [7/20] (3.16ns)   --->   "%kw = urem i16 %trunc_ln92, i16 %K_cast6_cast"   --->   Operation 211 'urem' 'kw' <Predicate = true> <Delay = 3.16> <CoreInst = "Divider">   --->   Core 6 'Divider' <Latency = 19> <II = 1> <Delay = 3.16> <FuncUnit> <Opcode : 'sdiv' 'srem' 'udiv' 'urem'> <InPorts = 2> <OutPorts = 1>

State 50 <SV = 49> <Delay = 3.16>
ST_50 : Operation 212 [6/20] (3.16ns)   --->   "%ret_V = udiv i16 %trunc_ln92, i16 %K_cast6_cast"   --->   Operation 212 'udiv' 'ret_V' <Predicate = true> <Delay = 3.16> <CoreInst = "Divider">   --->   Core 6 'Divider' <Latency = 19> <II = 1> <Delay = 3.16> <FuncUnit> <Opcode : 'sdiv' 'srem' 'udiv' 'urem'> <InPorts = 2> <OutPorts = 1>
ST_50 : Operation 213 [6/20] (3.16ns)   --->   "%kw = urem i16 %trunc_ln92, i16 %K_cast6_cast"   --->   Operation 213 'urem' 'kw' <Predicate = true> <Delay = 3.16> <CoreInst = "Divider">   --->   Core 6 'Divider' <Latency = 19> <II = 1> <Delay = 3.16> <FuncUnit> <Opcode : 'sdiv' 'srem' 'udiv' 'urem'> <InPorts = 2> <OutPorts = 1>

State 51 <SV = 50> <Delay = 3.16>
ST_51 : Operation 214 [5/20] (3.16ns)   --->   "%ret_V = udiv i16 %trunc_ln92, i16 %K_cast6_cast"   --->   Operation 214 'udiv' 'ret_V' <Predicate = true> <Delay = 3.16> <CoreInst = "Divider">   --->   Core 6 'Divider' <Latency = 19> <II = 1> <Delay = 3.16> <FuncUnit> <Opcode : 'sdiv' 'srem' 'udiv' 'urem'> <InPorts = 2> <OutPorts = 1>
ST_51 : Operation 215 [5/20] (3.16ns)   --->   "%kw = urem i16 %trunc_ln92, i16 %K_cast6_cast"   --->   Operation 215 'urem' 'kw' <Predicate = true> <Delay = 3.16> <CoreInst = "Divider">   --->   Core 6 'Divider' <Latency = 19> <II = 1> <Delay = 3.16> <FuncUnit> <Opcode : 'sdiv' 'srem' 'udiv' 'urem'> <InPorts = 2> <OutPorts = 1>

State 52 <SV = 51> <Delay = 3.16>
ST_52 : Operation 216 [4/20] (3.16ns)   --->   "%ret_V = udiv i16 %trunc_ln92, i16 %K_cast6_cast"   --->   Operation 216 'udiv' 'ret_V' <Predicate = true> <Delay = 3.16> <CoreInst = "Divider">   --->   Core 6 'Divider' <Latency = 19> <II = 1> <Delay = 3.16> <FuncUnit> <Opcode : 'sdiv' 'srem' 'udiv' 'urem'> <InPorts = 2> <OutPorts = 1>
ST_52 : Operation 217 [4/20] (3.16ns)   --->   "%kw = urem i16 %trunc_ln92, i16 %K_cast6_cast"   --->   Operation 217 'urem' 'kw' <Predicate = true> <Delay = 3.16> <CoreInst = "Divider">   --->   Core 6 'Divider' <Latency = 19> <II = 1> <Delay = 3.16> <FuncUnit> <Opcode : 'sdiv' 'srem' 'udiv' 'urem'> <InPorts = 2> <OutPorts = 1>

State 53 <SV = 52> <Delay = 3.16>
ST_53 : Operation 218 [3/20] (3.16ns)   --->   "%ret_V = udiv i16 %trunc_ln92, i16 %K_cast6_cast"   --->   Operation 218 'udiv' 'ret_V' <Predicate = true> <Delay = 3.16> <CoreInst = "Divider">   --->   Core 6 'Divider' <Latency = 19> <II = 1> <Delay = 3.16> <FuncUnit> <Opcode : 'sdiv' 'srem' 'udiv' 'urem'> <InPorts = 2> <OutPorts = 1>
ST_53 : Operation 219 [3/20] (3.16ns)   --->   "%kw = urem i16 %trunc_ln92, i16 %K_cast6_cast"   --->   Operation 219 'urem' 'kw' <Predicate = true> <Delay = 3.16> <CoreInst = "Divider">   --->   Core 6 'Divider' <Latency = 19> <II = 1> <Delay = 3.16> <FuncUnit> <Opcode : 'sdiv' 'srem' 'udiv' 'urem'> <InPorts = 2> <OutPorts = 1>

State 54 <SV = 53> <Delay = 3.16>
ST_54 : Operation 220 [2/20] (3.16ns)   --->   "%ret_V = udiv i16 %trunc_ln92, i16 %K_cast6_cast"   --->   Operation 220 'udiv' 'ret_V' <Predicate = true> <Delay = 3.16> <CoreInst = "Divider">   --->   Core 6 'Divider' <Latency = 19> <II = 1> <Delay = 3.16> <FuncUnit> <Opcode : 'sdiv' 'srem' 'udiv' 'urem'> <InPorts = 2> <OutPorts = 1>
ST_54 : Operation 221 [2/20] (3.16ns)   --->   "%kw = urem i16 %trunc_ln92, i16 %K_cast6_cast"   --->   Operation 221 'urem' 'kw' <Predicate = true> <Delay = 3.16> <CoreInst = "Divider">   --->   Core 6 'Divider' <Latency = 19> <II = 1> <Delay = 3.16> <FuncUnit> <Opcode : 'sdiv' 'srem' 'udiv' 'urem'> <InPorts = 2> <OutPorts = 1>

State 55 <SV = 54> <Delay = 3.16>
ST_55 : Operation 222 [1/20] (3.16ns)   --->   "%ret_V = udiv i16 %trunc_ln92, i16 %K_cast6_cast"   --->   Operation 222 'udiv' 'ret_V' <Predicate = true> <Delay = 3.16> <CoreInst = "Divider">   --->   Core 6 'Divider' <Latency = 19> <II = 1> <Delay = 3.16> <FuncUnit> <Opcode : 'sdiv' 'srem' 'udiv' 'urem'> <InPorts = 2> <OutPorts = 1>
ST_55 : Operation 223 [1/20] (3.16ns)   --->   "%kw = urem i16 %trunc_ln92, i16 %K_cast6_cast"   --->   Operation 223 'urem' 'kw' <Predicate = true> <Delay = 3.16> <CoreInst = "Divider">   --->   Core 6 'Divider' <Latency = 19> <II = 1> <Delay = 3.16> <FuncUnit> <Opcode : 'sdiv' 'srem' 'udiv' 'urem'> <InPorts = 2> <OutPorts = 1>

State 56 <SV = 55> <Delay = 4.43>
ST_56 : Operation 224 [1/1] (0.00ns)   --->   "%c_in = trunc i17 %div_i_i625_udiv"   --->   Operation 224 'trunc' 'c_in' <Predicate = true> <Delay = 0.00>
ST_56 : Operation 225 [1/1] (0.00ns)   --->   "%sext_ln91 = sext i17 %c_in" [../ip/Ip1/initial_conv_bn_relu.cpp:91]   --->   Operation 225 'sext' 'sext_ln91' <Predicate = true> <Delay = 0.00>
ST_56 : Operation 226 [1/1] (0.00ns)   --->   "%kh = trunc i9 %ret_V"   --->   Operation 226 'trunc' 'kh' <Predicate = true> <Delay = 0.00>
ST_56 : Operation 227 [1/1] (0.00ns)   --->   "%sext_ln93 = sext i9 %kh" [../ip/Ip1/initial_conv_bn_relu.cpp:93]   --->   Operation 227 'sext' 'sext_ln93' <Predicate = true> <Delay = 0.00>
ST_56 : Operation 228 [1/1] (0.00ns)   --->   "%zext_ln94 = zext i16 %kw" [../ip/Ip1/initial_conv_bn_relu.cpp:94]   --->   Operation 228 'zext' 'zext_ln94' <Predicate = true> <Delay = 0.00>
ST_56 : Operation 229 [1/1] (1.55ns)   --->   "%in_h = add i19 %zext_ln82_cast, i19 %sext_ln93" [../ip/Ip1/initial_conv_bn_relu.cpp:96]   --->   Operation 229 'add' 'in_h' <Predicate = true> <Delay = 1.55> <CoreInst = "Adder">   --->   Core 1 'Adder' <Latency = 0> <II = 1> <Delay = 1.55> <FuncUnit> <Opcode : 'add' 'sub'> <InPorts = 2> <OutPorts = 1>
ST_56 : Operation 230 [1/1] (0.00ns)   --->   "%sext_ln96 = sext i19 %in_h" [../ip/Ip1/initial_conv_bn_relu.cpp:96]   --->   Operation 230 'sext' 'sext_ln96' <Predicate = true> <Delay = 0.00>
ST_56 : Operation 231 [1/1] (1.55ns)   --->   "%in_w = add i18 %zext_ln83_cast, i18 %zext_ln94" [../ip/Ip1/initial_conv_bn_relu.cpp:97]   --->   Operation 231 'add' 'in_w' <Predicate = true> <Delay = 1.55> <CoreInst = "Adder">   --->   Core 1 'Adder' <Latency = 0> <II = 1> <Delay = 1.55> <FuncUnit> <Opcode : 'add' 'sub'> <InPorts = 2> <OutPorts = 1>
ST_56 : Operation 232 [1/1] (2.05ns)   --->   "%icmp_ln100 = icmp_ult  i19 %in_h, i19 %H_in_cast7_cast" [../ip/Ip1/initial_conv_bn_relu.cpp:100]   --->   Operation 232 'icmp' 'icmp_ln100' <Predicate = true> <Delay = 2.05> <CoreInst = "Cmp">   --->   Core 9 'Cmp' <Latency = 0> <II = 1> <Delay = 2.05> <FuncUnit> <Opcode : 'icmp'> <InPorts = 2> <OutPorts = 1>
ST_56 : Operation 233 [1/1] (2.08ns)   --->   "%icmp_ln1027_1 = icmp_ult  i18 %in_w, i18 %W_in_cast8_cast"   --->   Operation 233 'icmp' 'icmp_ln1027_1' <Predicate = true> <Delay = 2.08> <CoreInst = "Cmp">   --->   Core 9 'Cmp' <Latency = 0> <II = 1> <Delay = 2.08> <FuncUnit> <Opcode : 'icmp'> <InPorts = 2> <OutPorts = 1>
ST_56 : Operation 234 [1/1] (0.80ns)   --->   "%and_ln100 = and i1 %icmp_ln100, i1 %icmp_ln1027_1" [../ip/Ip1/initial_conv_bn_relu.cpp:100]   --->   Operation 234 'and' 'and_ln100' <Predicate = true> <Delay = 0.80> <CoreInst = "LogicGate">   --->   Core 74 'LogicGate' <Latency = 0> <II = 1> <Delay = 0.80> <FuncUnit> <Opcode : 'and' 'or' 'xor'> <InPorts = 2> <OutPorts = 1>
ST_56 : Operation 235 [1/1] (0.00ns)   --->   "%br_ln100 = br i1 %and_ln100, void %for.inc, void %if.then76" [../ip/Ip1/initial_conv_bn_relu.cpp:100]   --->   Operation 235 'br' 'br_ln100' <Predicate = true> <Delay = 0.00>
ST_56 : Operation 236 [3/3] (0.98ns) (grouped into DSP with root node add_ln102)   --->   "%mul_ln102 = mul i32 %sext_ln96, i32 %conv_i_i718_cast" [../ip/Ip1/initial_conv_bn_relu.cpp:102]   --->   Operation 236 'mul' 'mul_ln102' <Predicate = (and_ln100)> <Delay = 0.98> <CoreInst = "DSP48">   --->   Core 119 'DSP48' <Latency = 3> <II = 1> <Delay = 1.82> <IPBlock> <Opcode : 'mul' 'add' 'sub' 'select'> <InPorts = 0> <OutPorts = 1> <Sync> <CReg>
ST_56 : Operation 237 [1/1] (1.89ns)   --->   "%tmp17 = add i32 %mul_ln103_read, i32 %sext_ln91" [../ip/Ip1/initial_conv_bn_relu.cpp:91]   --->   Operation 237 'add' 'tmp17' <Predicate = (and_ln100)> <Delay = 1.89> <CoreInst = "Adder">   --->   Core 1 'Adder' <Latency = 0> <II = 1> <Delay = 1.89> <FuncUnit> <Opcode : 'add' 'sub'> <InPorts = 2> <OutPorts = 1>

State 57 <SV = 56> <Delay = 7.05>
ST_57 : Operation 238 [2/3] (0.98ns) (grouped into DSP with root node add_ln102)   --->   "%mul_ln102 = mul i32 %sext_ln96, i32 %conv_i_i718_cast" [../ip/Ip1/initial_conv_bn_relu.cpp:102]   --->   Operation 238 'mul' 'mul_ln102' <Predicate = (and_ln100)> <Delay = 0.98> <CoreInst = "DSP48">   --->   Core 119 'DSP48' <Latency = 3> <II = 1> <Delay = 1.82> <IPBlock> <Opcode : 'mul' 'add' 'sub' 'select'> <InPorts = 0> <OutPorts = 1> <Sync> <CReg>
ST_57 : Operation 239 [1/1] (7.05ns)   --->   "%tmp19 = mul i32 %conv_i4_i624_cast, i32 %tmp17" [../ip/Ip1/initial_conv_bn_relu.cpp:91]   --->   Operation 239 'mul' 'tmp19' <Predicate = (and_ln100)> <Delay = 7.05> <CoreInst = "Multiplier">   --->   Core 3 'Multiplier' <Latency = 0> <II = 1> <Delay = 7.05> <FuncUnit> <Opcode : 'mul'> <InPorts = 2> <OutPorts = 1>

State 58 <SV = 57> <Delay = 4.58>
ST_58 : Operation 240 [1/1] (0.00ns)   --->   "%specloopname_ln87 = specloopname void @_ssdm_op_SpecLoopName, void @empty_19" [../ip/Ip1/initial_conv_bn_relu.cpp:87]   --->   Operation 240 'specloopname' 'specloopname_ln87' <Predicate = true> <Delay = 0.00>
ST_58 : Operation 241 [1/1] (0.00ns)   --->   "%zext_ln97 = zext i18 %in_w" [../ip/Ip1/initial_conv_bn_relu.cpp:97]   --->   Operation 241 'zext' 'zext_ln97' <Predicate = true> <Delay = 0.00>
ST_58 : Operation 242 [1/3] (0.00ns) (grouped into DSP with root node add_ln102)   --->   "%mul_ln102 = mul i32 %sext_ln96, i32 %conv_i_i718_cast" [../ip/Ip1/initial_conv_bn_relu.cpp:102]   --->   Operation 242 'mul' 'mul_ln102' <Predicate = (and_ln100)> <Delay = 0.00> <CoreInst = "DSP48">   --->   Core 119 'DSP48' <Latency = 3> <II = 1> <Delay = 1.82> <IPBlock> <Opcode : 'mul' 'add' 'sub' 'select'> <InPorts = 0> <OutPorts = 1> <Sync> <CReg>
ST_58 : Operation 243 [2/2] (1.76ns) (root node of the DSP)   --->   "%add_ln102 = add i32 %mul_ln102, i32 %zext_ln97" [../ip/Ip1/initial_conv_bn_relu.cpp:102]   --->   Operation 243 'add' 'add_ln102' <Predicate = (and_ln100)> <Delay = 1.76> <CoreInst = "DSP48">   --->   Core 119 'DSP48' <Latency = 3> <II = 1> <Delay = 1.82> <IPBlock> <Opcode : 'mul' 'add' 'sub' 'select'> <InPorts = 0> <OutPorts = 1> <Sync> <CReg>
ST_58 : Operation 244 [1/1] (1.89ns)   --->   "%w_offset = add i32 %tmp19, i32 %k" [../ip/Ip1/initial_conv_bn_relu.cpp:103]   --->   Operation 244 'add' 'w_offset' <Predicate = (and_ln100)> <Delay = 1.89> <CoreInst = "Adder">   --->   Core 1 'Adder' <Latency = 0> <II = 1> <Delay = 1.89> <FuncUnit> <Opcode : 'add' 'sub'> <InPorts = 2> <OutPorts = 1>
ST_58 : Operation 245 [1/1] (0.00ns)   --->   "%sext_ln106_1 = sext i32 %w_offset" [../ip/Ip1/initial_conv_bn_relu.cpp:106]   --->   Operation 245 'sext' 'sext_ln106_1' <Predicate = (and_ln100)> <Delay = 0.00>
ST_58 : Operation 246 [1/1] (2.69ns)   --->   "%add_ln106_1 = add i64 %sext_ln106_1, i64 %conv_kernel_read" [../ip/Ip1/initial_conv_bn_relu.cpp:106]   --->   Operation 246 'add' 'add_ln106_1' <Predicate = (and_ln100)> <Delay = 2.69> <CoreInst = "Adder">   --->   Core 1 'Adder' <Latency = 0> <II = 1> <Delay = 2.69> <FuncUnit> <Opcode : 'add' 'sub'> <InPorts = 2> <OutPorts = 1>
ST_58 : Operation 247 [1/1] (0.00ns)   --->   "%gmem0_addr_1 = getelementptr i8 %gmem0, i64 %add_ln106_1" [../ip/Ip1/initial_conv_bn_relu.cpp:106]   --->   Operation 247 'getelementptr' 'gmem0_addr_1' <Predicate = (and_ln100)> <Delay = 0.00>

State 59 <SV = 58> <Delay = 1.76>
ST_59 : Operation 248 [1/2] (1.76ns) (root node of the DSP)   --->   "%add_ln102 = add i32 %mul_ln102, i32 %zext_ln97" [../ip/Ip1/initial_conv_bn_relu.cpp:102]   --->   Operation 248 'add' 'add_ln102' <Predicate = (and_ln100)> <Delay = 1.76> <CoreInst = "DSP48">   --->   Core 119 'DSP48' <Latency = 3> <II = 1> <Delay = 1.82> <IPBlock> <Opcode : 'mul' 'add' 'sub' 'select'> <InPorts = 0> <OutPorts = 1> <Sync> <CReg>

State 60 <SV = 59> <Delay = 7.05>
ST_60 : Operation 249 [1/1] (7.05ns)   --->   "%mul_ln102_1 = mul i32 %add_ln102, i32 %zext_ln102_cast" [../ip/Ip1/initial_conv_bn_relu.cpp:102]   --->   Operation 249 'mul' 'mul_ln102_1' <Predicate = (and_ln100)> <Delay = 7.05> <CoreInst = "Multiplier">   --->   Core 3 'Multiplier' <Latency = 0> <II = 1> <Delay = 7.05> <FuncUnit> <Opcode : 'mul'> <InPorts = 2> <OutPorts = 1>

State 61 <SV = 60> <Delay = 4.58>
ST_61 : Operation 250 [1/1] (1.89ns)   --->   "%in_offset = add i32 %mul_ln102_1, i32 %sext_ln91" [../ip/Ip1/initial_conv_bn_relu.cpp:102]   --->   Operation 250 'add' 'in_offset' <Predicate = (and_ln100)> <Delay = 1.89> <CoreInst = "Adder">   --->   Core 1 'Adder' <Latency = 0> <II = 1> <Delay = 1.89> <FuncUnit> <Opcode : 'add' 'sub'> <InPorts = 2> <OutPorts = 1>
ST_61 : Operation 251 [1/1] (0.00ns)   --->   "%sext_ln106 = sext i32 %in_offset" [../ip/Ip1/initial_conv_bn_relu.cpp:106]   --->   Operation 251 'sext' 'sext_ln106' <Predicate = (and_ln100)> <Delay = 0.00>
ST_61 : Operation 252 [1/1] (2.69ns)   --->   "%add_ln106 = add i64 %sext_ln106, i64 %feature_in_read" [../ip/Ip1/initial_conv_bn_relu.cpp:106]   --->   Operation 252 'add' 'add_ln106' <Predicate = (and_ln100)> <Delay = 2.69> <CoreInst = "Adder">   --->   Core 1 'Adder' <Latency = 0> <II = 1> <Delay = 2.69> <FuncUnit> <Opcode : 'add' 'sub'> <InPorts = 2> <OutPorts = 1>
ST_61 : Operation 253 [1/1] (0.00ns)   --->   "%gmem0_addr = getelementptr i8 %gmem0, i64 %add_ln106" [../ip/Ip1/initial_conv_bn_relu.cpp:106]   --->   Operation 253 'getelementptr' 'gmem0_addr' <Predicate = (and_ln100)> <Delay = 0.00>

State 62 <SV = 61> <Delay = 7.30>
ST_62 : Operation 254 [7/7] (7.30ns)   --->   "%gmem0_load_4_req = readreq i1 @_ssdm_op_ReadReq.m_axi.i8P1A, i8 %gmem0_addr, i32 1" [../ip/Ip1/initial_conv_bn_relu.cpp:106]   --->   Operation 254 'readreq' 'gmem0_load_4_req' <Predicate = (and_ln100)> <Delay = 7.30> <CoreInst = "m_axi">   --->   Core 113 'm_axi' <Latency = 0> <II = 1> <Delay = 1.00> <Adapter> <Opcode : 'read' 'write' 'readreq' 'writereq' 'writeresp'>

State 63 <SV = 62> <Delay = 7.30>
ST_63 : Operation 255 [6/7] (7.30ns)   --->   "%gmem0_load_4_req = readreq i1 @_ssdm_op_ReadReq.m_axi.i8P1A, i8 %gmem0_addr, i32 1" [../ip/Ip1/initial_conv_bn_relu.cpp:106]   --->   Operation 255 'readreq' 'gmem0_load_4_req' <Predicate = (and_ln100)> <Delay = 7.30> <CoreInst = "m_axi">   --->   Core 113 'm_axi' <Latency = 0> <II = 1> <Delay = 1.00> <Adapter> <Opcode : 'read' 'write' 'readreq' 'writereq' 'writeresp'>
ST_63 : Operation 256 [7/7] (7.30ns)   --->   "%gmem0_load_5_req = readreq i1 @_ssdm_op_ReadReq.m_axi.i8P1A, i8 %gmem0_addr_1, i32 1" [../ip/Ip1/initial_conv_bn_relu.cpp:106]   --->   Operation 256 'readreq' 'gmem0_load_5_req' <Predicate = (and_ln100)> <Delay = 7.30> <CoreInst = "m_axi">   --->   Core 113 'm_axi' <Latency = 0> <II = 1> <Delay = 1.00> <Adapter> <Opcode : 'read' 'write' 'readreq' 'writereq' 'writeresp'>

State 64 <SV = 63> <Delay = 7.30>
ST_64 : Operation 257 [5/7] (7.30ns)   --->   "%gmem0_load_4_req = readreq i1 @_ssdm_op_ReadReq.m_axi.i8P1A, i8 %gmem0_addr, i32 1" [../ip/Ip1/initial_conv_bn_relu.cpp:106]   --->   Operation 257 'readreq' 'gmem0_load_4_req' <Predicate = (and_ln100)> <Delay = 7.30> <CoreInst = "m_axi">   --->   Core 113 'm_axi' <Latency = 0> <II = 1> <Delay = 1.00> <Adapter> <Opcode : 'read' 'write' 'readreq' 'writereq' 'writeresp'>
ST_64 : Operation 258 [6/7] (7.30ns)   --->   "%gmem0_load_5_req = readreq i1 @_ssdm_op_ReadReq.m_axi.i8P1A, i8 %gmem0_addr_1, i32 1" [../ip/Ip1/initial_conv_bn_relu.cpp:106]   --->   Operation 258 'readreq' 'gmem0_load_5_req' <Predicate = (and_ln100)> <Delay = 7.30> <CoreInst = "m_axi">   --->   Core 113 'm_axi' <Latency = 0> <II = 1> <Delay = 1.00> <Adapter> <Opcode : 'read' 'write' 'readreq' 'writereq' 'writeresp'>

State 65 <SV = 64> <Delay = 7.30>
ST_65 : Operation 259 [4/7] (7.30ns)   --->   "%gmem0_load_4_req = readreq i1 @_ssdm_op_ReadReq.m_axi.i8P1A, i8 %gmem0_addr, i32 1" [../ip/Ip1/initial_conv_bn_relu.cpp:106]   --->   Operation 259 'readreq' 'gmem0_load_4_req' <Predicate = (and_ln100)> <Delay = 7.30> <CoreInst = "m_axi">   --->   Core 113 'm_axi' <Latency = 0> <II = 1> <Delay = 1.00> <Adapter> <Opcode : 'read' 'write' 'readreq' 'writereq' 'writeresp'>
ST_65 : Operation 260 [5/7] (7.30ns)   --->   "%gmem0_load_5_req = readreq i1 @_ssdm_op_ReadReq.m_axi.i8P1A, i8 %gmem0_addr_1, i32 1" [../ip/Ip1/initial_conv_bn_relu.cpp:106]   --->   Operation 260 'readreq' 'gmem0_load_5_req' <Predicate = (and_ln100)> <Delay = 7.30> <CoreInst = "m_axi">   --->   Core 113 'm_axi' <Latency = 0> <II = 1> <Delay = 1.00> <Adapter> <Opcode : 'read' 'write' 'readreq' 'writereq' 'writeresp'>

State 66 <SV = 65> <Delay = 7.30>
ST_66 : Operation 261 [3/7] (7.30ns)   --->   "%gmem0_load_4_req = readreq i1 @_ssdm_op_ReadReq.m_axi.i8P1A, i8 %gmem0_addr, i32 1" [../ip/Ip1/initial_conv_bn_relu.cpp:106]   --->   Operation 261 'readreq' 'gmem0_load_4_req' <Predicate = (and_ln100)> <Delay = 7.30> <CoreInst = "m_axi">   --->   Core 113 'm_axi' <Latency = 0> <II = 1> <Delay = 1.00> <Adapter> <Opcode : 'read' 'write' 'readreq' 'writereq' 'writeresp'>
ST_66 : Operation 262 [4/7] (7.30ns)   --->   "%gmem0_load_5_req = readreq i1 @_ssdm_op_ReadReq.m_axi.i8P1A, i8 %gmem0_addr_1, i32 1" [../ip/Ip1/initial_conv_bn_relu.cpp:106]   --->   Operation 262 'readreq' 'gmem0_load_5_req' <Predicate = (and_ln100)> <Delay = 7.30> <CoreInst = "m_axi">   --->   Core 113 'm_axi' <Latency = 0> <II = 1> <Delay = 1.00> <Adapter> <Opcode : 'read' 'write' 'readreq' 'writereq' 'writeresp'>

State 67 <SV = 66> <Delay = 7.30>
ST_67 : Operation 263 [2/7] (7.30ns)   --->   "%gmem0_load_4_req = readreq i1 @_ssdm_op_ReadReq.m_axi.i8P1A, i8 %gmem0_addr, i32 1" [../ip/Ip1/initial_conv_bn_relu.cpp:106]   --->   Operation 263 'readreq' 'gmem0_load_4_req' <Predicate = (and_ln100)> <Delay = 7.30> <CoreInst = "m_axi">   --->   Core 113 'm_axi' <Latency = 0> <II = 1> <Delay = 1.00> <Adapter> <Opcode : 'read' 'write' 'readreq' 'writereq' 'writeresp'>
ST_67 : Operation 264 [3/7] (7.30ns)   --->   "%gmem0_load_5_req = readreq i1 @_ssdm_op_ReadReq.m_axi.i8P1A, i8 %gmem0_addr_1, i32 1" [../ip/Ip1/initial_conv_bn_relu.cpp:106]   --->   Operation 264 'readreq' 'gmem0_load_5_req' <Predicate = (and_ln100)> <Delay = 7.30> <CoreInst = "m_axi">   --->   Core 113 'm_axi' <Latency = 0> <II = 1> <Delay = 1.00> <Adapter> <Opcode : 'read' 'write' 'readreq' 'writereq' 'writeresp'>

State 68 <SV = 67> <Delay = 7.30>
ST_68 : Operation 265 [1/7] (7.30ns)   --->   "%gmem0_load_4_req = readreq i1 @_ssdm_op_ReadReq.m_axi.i8P1A, i8 %gmem0_addr, i32 1" [../ip/Ip1/initial_conv_bn_relu.cpp:106]   --->   Operation 265 'readreq' 'gmem0_load_4_req' <Predicate = (and_ln100)> <Delay = 7.30> <CoreInst = "m_axi">   --->   Core 113 'm_axi' <Latency = 0> <II = 1> <Delay = 1.00> <Adapter> <Opcode : 'read' 'write' 'readreq' 'writereq' 'writeresp'>
ST_68 : Operation 266 [2/7] (7.30ns)   --->   "%gmem0_load_5_req = readreq i1 @_ssdm_op_ReadReq.m_axi.i8P1A, i8 %gmem0_addr_1, i32 1" [../ip/Ip1/initial_conv_bn_relu.cpp:106]   --->   Operation 266 'readreq' 'gmem0_load_5_req' <Predicate = (and_ln100)> <Delay = 7.30> <CoreInst = "m_axi">   --->   Core 113 'm_axi' <Latency = 0> <II = 1> <Delay = 1.00> <Adapter> <Opcode : 'read' 'write' 'readreq' 'writereq' 'writeresp'>

State 69 <SV = 68> <Delay = 7.30>
ST_69 : Operation 267 [1/1] (7.30ns)   --->   "%gmem0_addr_read = read i8 @_ssdm_op_Read.m_axi.i8P1A, i8 %gmem0_addr" [../ip/Ip1/initial_conv_bn_relu.cpp:106]   --->   Operation 267 'read' 'gmem0_addr_read' <Predicate = (and_ln100)> <Delay = 7.30> <CoreInst = "m_axi">   --->   Core 113 'm_axi' <Latency = 0> <II = 1> <Delay = 1.00> <Adapter> <Opcode : 'read' 'write' 'readreq' 'writereq' 'writeresp'>
ST_69 : Operation 268 [1/7] (7.30ns)   --->   "%gmem0_load_5_req = readreq i1 @_ssdm_op_ReadReq.m_axi.i8P1A, i8 %gmem0_addr_1, i32 1" [../ip/Ip1/initial_conv_bn_relu.cpp:106]   --->   Operation 268 'readreq' 'gmem0_load_5_req' <Predicate = (and_ln100)> <Delay = 7.30> <CoreInst = "m_axi">   --->   Core 113 'm_axi' <Latency = 0> <II = 1> <Delay = 1.00> <Adapter> <Opcode : 'read' 'write' 'readreq' 'writereq' 'writeresp'>

State 70 <SV = 69> <Delay = 7.30>
ST_70 : Operation 269 [1/1] (7.30ns)   --->   "%gmem0_addr_1_read = read i8 @_ssdm_op_Read.m_axi.i8P1A, i8 %gmem0_addr_1" [../ip/Ip1/initial_conv_bn_relu.cpp:106]   --->   Operation 269 'read' 'gmem0_addr_1_read' <Predicate = (and_ln100)> <Delay = 7.30> <CoreInst = "m_axi">   --->   Core 113 'm_axi' <Latency = 0> <II = 1> <Delay = 1.00> <Adapter> <Opcode : 'read' 'write' 'readreq' 'writereq' 'writeresp'>

State 71 <SV = 70> <Delay = 0.98>
ST_71 : Operation 270 [1/1] (0.00ns)   --->   "%sext_ln840 = sext i8 %gmem0_addr_read"   --->   Operation 270 'sext' 'sext_ln840' <Predicate = (and_ln100)> <Delay = 0.00>
ST_71 : Operation 271 [1/1] (0.00ns)   --->   "%sext_ln840_1 = sext i8 %gmem0_addr_1_read"   --->   Operation 271 'sext' 'sext_ln840_1' <Predicate = (and_ln100)> <Delay = 0.00>
ST_71 : Operation 272 [3/3] (0.98ns) (grouped into DSP with root node sum_V_1)   --->   "%mul_ln840 = mul i16 %sext_ln840_1, i16 %sext_ln840"   --->   Operation 272 'mul' 'mul_ln840' <Predicate = (and_ln100)> <Delay = 0.98> <CoreInst = "DSP48">   --->   Core 119 'DSP48' <Latency = 3> <II = 1> <Delay = 1.82> <IPBlock> <Opcode : 'mul' 'add' 'sub' 'select'> <InPorts = 0> <OutPorts = 1> <Sync> <CReg>

State 72 <SV = 71> <Delay = 0.98>
ST_72 : Operation 273 [2/3] (0.98ns) (grouped into DSP with root node sum_V_1)   --->   "%mul_ln840 = mul i16 %sext_ln840_1, i16 %sext_ln840"   --->   Operation 273 'mul' 'mul_ln840' <Predicate = (and_ln100)> <Delay = 0.98> <CoreInst = "DSP48">   --->   Core 119 'DSP48' <Latency = 3> <II = 1> <Delay = 1.82> <IPBlock> <Opcode : 'mul' 'add' 'sub' 'select'> <InPorts = 0> <OutPorts = 1> <Sync> <CReg>
ST_72 : Operation 281 [1/1] (0.00ns)   --->   "%sum_V_load_1 = load i32 %sum_V"   --->   Operation 281 'load' 'sum_V_load_1' <Predicate = (icmp_ln1027)> <Delay = 0.00>
ST_72 : Operation 282 [1/1] (0.00ns)   --->   "%write_ln0 = write void @_ssdm_op_Write.ap_auto.i32P0A, i32 %sum_V_out, i32 %sum_V_load_1"   --->   Operation 282 'write' 'write_ln0' <Predicate = (icmp_ln1027)> <Delay = 0.00>
ST_72 : Operation 283 [1/1] (0.00ns)   --->   "%ret_ln0 = ret"   --->   Operation 283 'ret' 'ret_ln0' <Predicate = (icmp_ln1027)> <Delay = 0.00>

State 73 <SV = 72> <Delay = 1.76>
ST_73 : Operation 274 [1/1] (0.00ns)   --->   "%sum_V_load = load i32 %sum_V"   --->   Operation 274 'load' 'sum_V_load' <Predicate = (and_ln100)> <Delay = 0.00>
ST_73 : Operation 275 [1/3] (0.00ns) (grouped into DSP with root node sum_V_1)   --->   "%mul_ln840 = mul i16 %sext_ln840_1, i16 %sext_ln840"   --->   Operation 275 'mul' 'mul_ln840' <Predicate = (and_ln100)> <Delay = 0.00> <CoreInst = "DSP48">   --->   Core 119 'DSP48' <Latency = 3> <II = 1> <Delay = 1.82> <IPBlock> <Opcode : 'mul' 'add' 'sub' 'select'> <InPorts = 0> <OutPorts = 1> <Sync> <CReg>
ST_73 : Operation 276 [1/1] (0.00ns) (grouped into DSP with root node sum_V_1)   --->   "%sext_ln840_2 = sext i16 %mul_ln840"   --->   Operation 276 'sext' 'sext_ln840_2' <Predicate = (and_ln100)> <Delay = 0.00>
ST_73 : Operation 277 [2/2] (1.76ns) (root node of the DSP)   --->   "%sum_V_1 = add i32 %sext_ln840_2, i32 %sum_V_load"   --->   Operation 277 'add' 'sum_V_1' <Predicate = (and_ln100)> <Delay = 1.76> <CoreInst = "DSP48">   --->   Core 119 'DSP48' <Latency = 3> <II = 1> <Delay = 1.82> <IPBlock> <Opcode : 'mul' 'add' 'sub' 'select'> <InPorts = 0> <OutPorts = 1> <Sync> <CReg>

State 74 <SV = 73> <Delay = 3.05>
ST_74 : Operation 278 [1/2] (1.76ns) (root node of the DSP)   --->   "%sum_V_1 = add i32 %sext_ln840_2, i32 %sum_V_load"   --->   Operation 278 'add' 'sum_V_1' <Predicate = (and_ln100)> <Delay = 1.76> <CoreInst = "DSP48">   --->   Core 119 'DSP48' <Latency = 3> <II = 1> <Delay = 1.82> <IPBlock> <Opcode : 'mul' 'add' 'sub' 'select'> <InPorts = 0> <OutPorts = 1> <Sync> <CReg>
ST_74 : Operation 279 [1/1] (1.29ns)   --->   "%store_ln107 = store i32 %sum_V_1, i32 %sum_V" [../ip/Ip1/initial_conv_bn_relu.cpp:107]   --->   Operation 279 'store' 'store_ln107' <Predicate = (and_ln100)> <Delay = 1.29>
ST_74 : Operation 280 [1/1] (0.00ns)   --->   "%br_ln107 = br void %for.inc" [../ip/Ip1/initial_conv_bn_relu.cpp:107]   --->   Operation 280 'br' 'br_ln107' <Predicate = (and_ln100)> <Delay = 0.00>


============================================================
+ Verbose Summary: Timing violations
============================================================
Target clock period: 10ns, clock uncertainty: 2.7ns.

 <State 1>: 3.57ns
The critical path consists of the following:
	'alloca' operation ('i_op') [15]  (0 ns)
	'load' operation ('ck', ../ip/Ip1/initial_conv_bn_relu.cpp:90) on local variable 'i_op' [42]  (0 ns)
	'udiv' operation ('div_i_i625_udiv', ../ip/Ip1/initial_conv_bn_relu.cpp:90) [50]  (3.57 ns)

 <State 2>: 3.57ns
The critical path consists of the following:
	'udiv' operation ('div_i_i625_udiv', ../ip/Ip1/initial_conv_bn_relu.cpp:90) [50]  (3.57 ns)

 <State 3>: 3.57ns
The critical path consists of the following:
	'udiv' operation ('div_i_i625_udiv', ../ip/Ip1/initial_conv_bn_relu.cpp:90) [50]  (3.57 ns)

 <State 4>: 3.57ns
The critical path consists of the following:
	'udiv' operation ('div_i_i625_udiv', ../ip/Ip1/initial_conv_bn_relu.cpp:90) [50]  (3.57 ns)

 <State 5>: 3.57ns
The critical path consists of the following:
	'udiv' operation ('div_i_i625_udiv', ../ip/Ip1/initial_conv_bn_relu.cpp:90) [50]  (3.57 ns)

 <State 6>: 3.57ns
The critical path consists of the following:
	'udiv' operation ('div_i_i625_udiv', ../ip/Ip1/initial_conv_bn_relu.cpp:90) [50]  (3.57 ns)

 <State 7>: 3.57ns
The critical path consists of the following:
	'udiv' operation ('div_i_i625_udiv', ../ip/Ip1/initial_conv_bn_relu.cpp:90) [50]  (3.57 ns)

 <State 8>: 3.57ns
The critical path consists of the following:
	'udiv' operation ('div_i_i625_udiv', ../ip/Ip1/initial_conv_bn_relu.cpp:90) [50]  (3.57 ns)

 <State 9>: 3.57ns
The critical path consists of the following:
	'udiv' operation ('div_i_i625_udiv', ../ip/Ip1/initial_conv_bn_relu.cpp:90) [50]  (3.57 ns)

 <State 10>: 3.57ns
The critical path consists of the following:
	'udiv' operation ('div_i_i625_udiv', ../ip/Ip1/initial_conv_bn_relu.cpp:90) [50]  (3.57 ns)

 <State 11>: 3.57ns
The critical path consists of the following:
	'udiv' operation ('div_i_i625_udiv', ../ip/Ip1/initial_conv_bn_relu.cpp:90) [50]  (3.57 ns)

 <State 12>: 3.57ns
The critical path consists of the following:
	'udiv' operation ('div_i_i625_udiv', ../ip/Ip1/initial_conv_bn_relu.cpp:90) [50]  (3.57 ns)

 <State 13>: 3.57ns
The critical path consists of the following:
	'udiv' operation ('div_i_i625_udiv', ../ip/Ip1/initial_conv_bn_relu.cpp:90) [50]  (3.57 ns)

 <State 14>: 3.57ns
The critical path consists of the following:
	'udiv' operation ('div_i_i625_udiv', ../ip/Ip1/initial_conv_bn_relu.cpp:90) [50]  (3.57 ns)

 <State 15>: 3.57ns
The critical path consists of the following:
	'udiv' operation ('div_i_i625_udiv', ../ip/Ip1/initial_conv_bn_relu.cpp:90) [50]  (3.57 ns)

 <State 16>: 3.57ns
The critical path consists of the following:
	'udiv' operation ('div_i_i625_udiv', ../ip/Ip1/initial_conv_bn_relu.cpp:90) [50]  (3.57 ns)

 <State 17>: 3.57ns
The critical path consists of the following:
	'udiv' operation ('div_i_i625_udiv', ../ip/Ip1/initial_conv_bn_relu.cpp:90) [50]  (3.57 ns)

 <State 18>: 3.57ns
The critical path consists of the following:
	'udiv' operation ('div_i_i625_udiv', ../ip/Ip1/initial_conv_bn_relu.cpp:90) [50]  (3.57 ns)

 <State 19>: 3.57ns
The critical path consists of the following:
	'udiv' operation ('div_i_i625_udiv', ../ip/Ip1/initial_conv_bn_relu.cpp:90) [50]  (3.57 ns)

 <State 20>: 3.57ns
The critical path consists of the following:
	'udiv' operation ('div_i_i625_udiv', ../ip/Ip1/initial_conv_bn_relu.cpp:90) [50]  (3.57 ns)

 <State 21>: 3.57ns
The critical path consists of the following:
	'udiv' operation ('div_i_i625_udiv', ../ip/Ip1/initial_conv_bn_relu.cpp:90) [50]  (3.57 ns)

 <State 22>: 3.57ns
The critical path consists of the following:
	'udiv' operation ('div_i_i625_udiv', ../ip/Ip1/initial_conv_bn_relu.cpp:90) [50]  (3.57 ns)

 <State 23>: 3.57ns
The critical path consists of the following:
	'udiv' operation ('div_i_i625_udiv', ../ip/Ip1/initial_conv_bn_relu.cpp:90) [50]  (3.57 ns)

 <State 24>: 3.57ns
The critical path consists of the following:
	'udiv' operation ('div_i_i625_udiv', ../ip/Ip1/initial_conv_bn_relu.cpp:90) [50]  (3.57 ns)

 <State 25>: 3.57ns
The critical path consists of the following:
	'udiv' operation ('div_i_i625_udiv', ../ip/Ip1/initial_conv_bn_relu.cpp:90) [50]  (3.57 ns)

 <State 26>: 3.57ns
The critical path consists of the following:
	'udiv' operation ('div_i_i625_udiv', ../ip/Ip1/initial_conv_bn_relu.cpp:90) [50]  (3.57 ns)

 <State 27>: 3.57ns
The critical path consists of the following:
	'udiv' operation ('div_i_i625_udiv', ../ip/Ip1/initial_conv_bn_relu.cpp:90) [50]  (3.57 ns)

 <State 28>: 3.57ns
The critical path consists of the following:
	'udiv' operation ('div_i_i625_udiv', ../ip/Ip1/initial_conv_bn_relu.cpp:90) [50]  (3.57 ns)

 <State 29>: 3.57ns
The critical path consists of the following:
	'udiv' operation ('div_i_i625_udiv', ../ip/Ip1/initial_conv_bn_relu.cpp:90) [50]  (3.57 ns)

 <State 30>: 3.57ns
The critical path consists of the following:
	'udiv' operation ('div_i_i625_udiv', ../ip/Ip1/initial_conv_bn_relu.cpp:90) [50]  (3.57 ns)

 <State 31>: 3.57ns
The critical path consists of the following:
	'udiv' operation ('div_i_i625_udiv', ../ip/Ip1/initial_conv_bn_relu.cpp:90) [50]  (3.57 ns)

 <State 32>: 3.57ns
The critical path consists of the following:
	'udiv' operation ('div_i_i625_udiv', ../ip/Ip1/initial_conv_bn_relu.cpp:90) [50]  (3.57 ns)

 <State 33>: 3.57ns
The critical path consists of the following:
	'udiv' operation ('div_i_i625_udiv', ../ip/Ip1/initial_conv_bn_relu.cpp:90) [50]  (3.57 ns)

 <State 34>: 3.57ns
The critical path consists of the following:
	'udiv' operation ('div_i_i625_udiv', ../ip/Ip1/initial_conv_bn_relu.cpp:90) [50]  (3.57 ns)

 <State 35>: 3.57ns
The critical path consists of the following:
	'udiv' operation ('div_i_i625_udiv', ../ip/Ip1/initial_conv_bn_relu.cpp:90) [50]  (3.57 ns)

 <State 36>: 6.73ns
The critical path consists of the following:
	'urem' operation ('k', ../ip/Ip1/initial_conv_bn_relu.cpp:90) [53]  (3.57 ns)
	'udiv' operation ('ret.V') [55]  (3.17 ns)

 <State 37>: 3.17ns
The critical path consists of the following:
	'udiv' operation ('ret.V') [55]  (3.17 ns)

 <State 38>: 3.17ns
The critical path consists of the following:
	'udiv' operation ('ret.V') [55]  (3.17 ns)

 <State 39>: 3.17ns
The critical path consists of the following:
	'udiv' operation ('ret.V') [55]  (3.17 ns)

 <State 40>: 3.17ns
The critical path consists of the following:
	'udiv' operation ('ret.V') [55]  (3.17 ns)

 <State 41>: 3.17ns
The critical path consists of the following:
	'udiv' operation ('ret.V') [55]  (3.17 ns)

 <State 42>: 3.17ns
The critical path consists of the following:
	'udiv' operation ('ret.V') [55]  (3.17 ns)

 <State 43>: 3.17ns
The critical path consists of the following:
	'udiv' operation ('ret.V') [55]  (3.17 ns)

 <State 44>: 3.17ns
The critical path consists of the following:
	'udiv' operation ('ret.V') [55]  (3.17 ns)

 <State 45>: 3.17ns
The critical path consists of the following:
	'udiv' operation ('ret.V') [55]  (3.17 ns)

 <State 46>: 3.17ns
The critical path consists of the following:
	'udiv' operation ('ret.V') [55]  (3.17 ns)

 <State 47>: 3.17ns
The critical path consists of the following:
	'udiv' operation ('ret.V') [55]  (3.17 ns)

 <State 48>: 3.17ns
The critical path consists of the following:
	'udiv' operation ('ret.V') [55]  (3.17 ns)

 <State 49>: 3.17ns
The critical path consists of the following:
	'udiv' operation ('ret.V') [55]  (3.17 ns)

 <State 50>: 3.17ns
The critical path consists of the following:
	'udiv' operation ('ret.V') [55]  (3.17 ns)

 <State 51>: 3.17ns
The critical path consists of the following:
	'udiv' operation ('ret.V') [55]  (3.17 ns)

 <State 52>: 3.17ns
The critical path consists of the following:
	'udiv' operation ('ret.V') [55]  (3.17 ns)

 <State 53>: 3.17ns
The critical path consists of the following:
	'udiv' operation ('ret.V') [55]  (3.17 ns)

 <State 54>: 3.17ns
The critical path consists of the following:
	'udiv' operation ('ret.V') [55]  (3.17 ns)

 <State 55>: 3.17ns
The critical path consists of the following:
	'udiv' operation ('ret.V') [55]  (3.17 ns)

 <State 56>: 4.44ns
The critical path consists of the following:
	'add' operation ('in_w', ../ip/Ip1/initial_conv_bn_relu.cpp:97) [62]  (1.55 ns)
	'icmp' operation ('icmp_ln1027_1') [65]  (2.08 ns)
	'and' operation ('and_ln100', ../ip/Ip1/initial_conv_bn_relu.cpp:100) [66]  (0.8 ns)

 <State 57>: 7.05ns
The critical path consists of the following:
	'mul' operation ('tmp19', ../ip/Ip1/initial_conv_bn_relu.cpp:91) [75]  (7.05 ns)

 <State 58>: 4.59ns
The critical path consists of the following:
	'add' operation ('w_offset', ../ip/Ip1/initial_conv_bn_relu.cpp:103) [76]  (1.9 ns)
	'add' operation ('add_ln106_1', ../ip/Ip1/initial_conv_bn_relu.cpp:106) [83]  (2.69 ns)

 <State 59>: 1.76ns
The critical path consists of the following:
	'add' operation of DSP[71] ('add_ln102', ../ip/Ip1/initial_conv_bn_relu.cpp:102) [71]  (1.76 ns)

 <State 60>: 7.05ns
The critical path consists of the following:
	'mul' operation ('mul_ln102_1', ../ip/Ip1/initial_conv_bn_relu.cpp:102) [72]  (7.05 ns)

 <State 61>: 4.59ns
The critical path consists of the following:
	'add' operation ('in_offset', ../ip/Ip1/initial_conv_bn_relu.cpp:102) [73]  (1.9 ns)
	'add' operation ('add_ln106', ../ip/Ip1/initial_conv_bn_relu.cpp:106) [78]  (2.69 ns)

 <State 62>: 7.3ns
The critical path consists of the following:
	bus request operation ('gmem0_load_4_req', ../ip/Ip1/initial_conv_bn_relu.cpp:106) on port 'gmem0' (../ip/Ip1/initial_conv_bn_relu.cpp:106) [80]  (7.3 ns)

 <State 63>: 7.3ns
The critical path consists of the following:
	bus request operation ('gmem0_load_4_req', ../ip/Ip1/initial_conv_bn_relu.cpp:106) on port 'gmem0' (../ip/Ip1/initial_conv_bn_relu.cpp:106) [80]  (7.3 ns)

 <State 64>: 7.3ns
The critical path consists of the following:
	bus request operation ('gmem0_load_4_req', ../ip/Ip1/initial_conv_bn_relu.cpp:106) on port 'gmem0' (../ip/Ip1/initial_conv_bn_relu.cpp:106) [80]  (7.3 ns)

 <State 65>: 7.3ns
The critical path consists of the following:
	bus request operation ('gmem0_load_4_req', ../ip/Ip1/initial_conv_bn_relu.cpp:106) on port 'gmem0' (../ip/Ip1/initial_conv_bn_relu.cpp:106) [80]  (7.3 ns)

 <State 66>: 7.3ns
The critical path consists of the following:
	bus request operation ('gmem0_load_4_req', ../ip/Ip1/initial_conv_bn_relu.cpp:106) on port 'gmem0' (../ip/Ip1/initial_conv_bn_relu.cpp:106) [80]  (7.3 ns)

 <State 67>: 7.3ns
The critical path consists of the following:
	bus request operation ('gmem0_load_4_req', ../ip/Ip1/initial_conv_bn_relu.cpp:106) on port 'gmem0' (../ip/Ip1/initial_conv_bn_relu.cpp:106) [80]  (7.3 ns)

 <State 68>: 7.3ns
The critical path consists of the following:
	bus request operation ('gmem0_load_4_req', ../ip/Ip1/initial_conv_bn_relu.cpp:106) on port 'gmem0' (../ip/Ip1/initial_conv_bn_relu.cpp:106) [80]  (7.3 ns)

 <State 69>: 7.3ns
The critical path consists of the following:
	bus read operation ('gmem0_addr_read', ../ip/Ip1/initial_conv_bn_relu.cpp:106) on port 'gmem0' (../ip/Ip1/initial_conv_bn_relu.cpp:106) [81]  (7.3 ns)

 <State 70>: 7.3ns
The critical path consists of the following:
	bus read operation ('gmem0_addr_1_read', ../ip/Ip1/initial_conv_bn_relu.cpp:106) on port 'gmem0' (../ip/Ip1/initial_conv_bn_relu.cpp:106) [86]  (7.3 ns)

 <State 71>: 0.98ns
The critical path consists of the following:
	'mul' operation of DSP[91] ('mul_ln840') [89]  (0.98 ns)

 <State 72>: 0.98ns
The critical path consists of the following:
	'mul' operation of DSP[91] ('mul_ln840') [89]  (0.98 ns)

 <State 73>: 1.76ns
The critical path consists of the following:
	'load' operation ('sum_V_load') on local variable 'sum.V' [69]  (0 ns)
	'add' operation of DSP[91] ('sum.V') [91]  (1.76 ns)

 <State 74>: 3.06ns
The critical path consists of the following:
	'add' operation of DSP[91] ('sum.V') [91]  (1.76 ns)
	'store' operation ('store_ln107', ../ip/Ip1/initial_conv_bn_relu.cpp:107) of variable 'sum.V' on local variable 'sum.V' [92]  (1.3 ns)


============================================================
+ Verbose Summary: Binding
============================================================
N/A
* FSMD analyzer results:
  - Output states:
 - Input state : 
  - Chain level:
	State 1
	State 2
	State 3
	State 4
	State 5
	State 6
	State 7
	State 8
	State 9
	State 10
	State 11
	State 12
	State 13
	State 14
	State 15
	State 16
	State 17
	State 18
	State 19
	State 20
	State 21
	State 22
	State 23
	State 24
	State 25
	State 26
	State 27
	State 28
	State 29
	State 30
	State 31
	State 32
	State 33
	State 34
	State 35
	State 36
	State 37
	State 38
	State 39
	State 40
	State 41
	State 42
	State 43
	State 44
	State 45
	State 46
	State 47
	State 48
	State 49
	State 50
	State 51
	State 52
	State 53
	State 54
	State 55
	State 56
	State 57
	State 58
	State 59
	State 60
	State 61
	State 62
	State 63
	State 64
	State 65
	State 66
	State 67
	State 68
	State 69
	State 70
	State 71
	State 72
	State 73
	State 74


============================================================
+ Verbose Summary: Datapath Resource usage 
============================================================
N/A
