==============================================================
Vitis HLS - High-Level Synthesis from C, C++ and OpenCL v2022.2 (64-bit)
Tool Version Limit: 2019.12
Copyright 1986-2022 Xilinx, Inc. All Rights Reserved.
==============================================================
INFO: [SYN 201-201] Setting up clock 'default' with a period of 10ns.
INFO: [HLS 200-1611] Setting target device to 'xc7z020-clg400-2'
INFO: [HLS 200-1505] Using flow_target 'vivado'
INFO: [HLS 200-1510] Running: set_part xc7z020clg400-2 
INFO: [HLS 200-1510] Running: create_clock -period 10 -name default 
INFO: [SYN 201-201] Setting up clock 'default' with a period of 10ns.
INFO: [HLS 200-1510] Running: csim_design -setup -quiet 
INFO: [SIM 211-2] *************** CSIM start ***************
INFO: [SIM 211-4] CSIM will launch GCC as the compiler.
INFO: [SIM 211-1] CSim file generation done with 0 errors.
INFO: [SIM 211-3] *************** CSIM finish ***************
INFO: [HLS 200-111] Finished Command csim_design CPU user time: 0 seconds. CPU system time: 0 seconds. Elapsed time: 11.971 seconds; current allocated memory: 0.000 MB.
INFO: [HLS 200-112] Total CPU user time: 3 seconds. Total CPU system time: 1 seconds. Total elapsed time: 25.225 seconds; peak allocated memory: 676.020 MB.
==============================================================
Vitis HLS - High-Level Synthesis from C, C++ and OpenCL v2022.2 (64-bit)
Tool Version Limit: 2019.12
Copyright 1986-2022 Xilinx, Inc. All Rights Reserved.
==============================================================
INFO: [SYN 201-201] Setting up clock 'default' with a period of 10ns.
INFO: [HLS 200-1611] Setting target device to 'xc7z020-clg400-2'
INFO: [HLS 200-1505] Using flow_target 'vivado'
INFO: [HLS 200-1510] Running: set_part xc7z020clg400-2 
INFO: [HLS 200-1510] Running: create_clock -period 10 -name default 
INFO: [HLS 200-1510] Running: csynth_design 
INFO: [HLS 200-111] Finished File checks and directory preparation: CPU user time: 0 seconds. CPU system time: 0 seconds. Elapsed time: 10.084 seconds; current allocated memory: 676.395 MB.
INFO: [HLS 200-10] Analyzing design file '../ip/ip6/channel_shuffle.cpp' ... 
INFO: [HLS 200-111] Finished Source Code Analysis and Preprocessing: CPU user time: 0 seconds. CPU system time: 0 seconds. Elapsed time: 4.097 seconds; current allocated memory: 677.711 MB.
INFO: [HLS 200-777] Using interface defaults for 'Vivado' flow target.
INFO: [HLS 214-131] Inlining function 'ssdm_int<16, false>::ssdm_int(unsigned short)' into 'ap_int_base<16, false>::ap_int_base(int)' (D:/Xilinx/Vitis_HLS/2022.2/common/technology/autopilot\ap_int_base.h:214:67)
INFO: [HLS 214-131] Inlining function 'ap_int_base<16, false>::ap_int_base(int)' into 'ap_int_base<16, false>::RType<8, false>::div operator/<16, false, 8, false>(ap_int_base<16, false> const&, ap_int_base<8, false> const&)' (D:/Xilinx/Vitis_HLS/2022.2/common/technology/autopilot\ap_int_base.h:1513:337)
INFO: [HLS 214-131] Inlining function 'ap_int_base<16, false>::ap_int_base(int)' into 'ap_uint<16>::ap_uint(int)'
INFO: [HLS 214-131] Inlining function 'ssdm_int<8, false>::ssdm_int(unsigned char)' into 'ap_int_base<8, false>::ap_int_base(int)' (D:/Xilinx/Vitis_HLS/2022.2/common/technology/autopilot\ap_int_base.h:214:67)
INFO: [HLS 214-131] Inlining function 'ap_int_base<8, false>::ap_int_base(int)' into 'ap_uint<8>::ap_uint(int)'
INFO: [HLS 214-131] Inlining function '_ZN8ssdm_intILi24ELb0EEC2EDq24_j' into 'ap_int_base<24, false>::ap_int_base<8, false>(ap_int_base<8, false> const&)' (D:/Xilinx/Vitis_HLS/2022.2/common/technology/autopilot\ap_int_base.h:185:106)
INFO: [HLS 214-131] Inlining function '_ZN8ssdm_intILi24ELb0EEC2EDq24_j' into 'ap_int_base<24, false>::ap_int_base<16, false>(ap_int_base<16, false> const&)' (D:/Xilinx/Vitis_HLS/2022.2/common/technology/autopilot\ap_int_base.h:185:106)
INFO: [HLS 214-131] Inlining function '_ZN8ssdm_intILi24ELb0EEC2EDq24_j' into 'ap_int_base<24, false>::ap_int_base(int)' (D:/Xilinx/Vitis_HLS/2022.2/common/technology/autopilot\ap_int_base.h:214:67)
INFO: [HLS 214-131] Inlining function 'ap_int_base<24, false>::ap_int_base<8, false>(ap_int_base<8, false> const&)' into 'ap_int_base<8, false>::RType<16, false>::mult operator*<8, false, 16, false>(ap_int_base<8, false> const&, ap_int_base<16, false> const&)' (D:/Xilinx/Vitis_HLS/2022.2/common/technology/autopilot\ap_int_base.h:1494:339)
INFO: [HLS 214-131] Inlining function 'ap_int_base<24, false>::ap_int_base(int)' into 'ap_int_base<8, false>::RType<16, false>::mult operator*<8, false, 16, false>(ap_int_base<8, false> const&, ap_int_base<16, false> const&)' (D:/Xilinx/Vitis_HLS/2022.2/common/technology/autopilot\ap_int_base.h:1494:516)
INFO: [HLS 214-131] Inlining function 'ap_int_base<24, false>::ap_int_base<16, false>(ap_int_base<16, false> const&)' into 'ap_int_base<8, false>::RType<16, false>::mult operator*<8, false, 16, false>(ap_int_base<8, false> const&, ap_int_base<16, false> const&)' (D:/Xilinx/Vitis_HLS/2022.2/common/technology/autopilot\ap_int_base.h:1494:427)
INFO: [HLS 214-131] Inlining function '_ZN8ssdm_intILi25ELb0EEC2EDq25_j' into 'ap_int_base<25, false>::ap_int_base<24, false>(ap_int_base<24, false> const&)' (D:/Xilinx/Vitis_HLS/2022.2/common/technology/autopilot\ap_int_base.h:185:106)
INFO: [HLS 214-131] Inlining function '_ZN8ssdm_intILi25ELb0EEC2EDq25_j' into 'ap_int_base<25, false>::ap_int_base<16, false>(ap_int_base<16, false> const&)' (D:/Xilinx/Vitis_HLS/2022.2/common/technology/autopilot\ap_int_base.h:185:106)
INFO: [HLS 214-131] Inlining function '_ZN8ssdm_intILi25ELb0EEC2EDq25_j' into 'ap_int_base<25, false>::ap_int_base(int)' (D:/Xilinx/Vitis_HLS/2022.2/common/technology/autopilot\ap_int_base.h:214:67)
INFO: [HLS 214-131] Inlining function 'ap_int_base<25, false>::ap_int_base<24, false>(ap_int_base<24, false> const&)' into 'ap_int_base<24, false>::RType<16, false>::plus operator+<24, false, 16, false>(ap_int_base<24, false> const&, ap_int_base<16, false> const&)' (D:/Xilinx/Vitis_HLS/2022.2/common/technology/autopilot\ap_int_base.h:1495:339)
INFO: [HLS 214-131] Inlining function 'ap_int_base<25, false>::ap_int_base(int)' into 'ap_int_base<24, false>::RType<16, false>::plus operator+<24, false, 16, false>(ap_int_base<24, false> const&, ap_int_base<16, false> const&)' (D:/Xilinx/Vitis_HLS/2022.2/common/technology/autopilot\ap_int_base.h:1495:516)
INFO: [HLS 214-131] Inlining function 'ap_int_base<25, false>::ap_int_base<16, false>(ap_int_base<16, false> const&)' into 'ap_int_base<24, false>::RType<16, false>::plus operator+<24, false, 16, false>(ap_int_base<24, false> const&, ap_int_base<16, false> const&)' (D:/Xilinx/Vitis_HLS/2022.2/common/technology/autopilot\ap_int_base.h:1495:427)
INFO: [HLS 214-131] Inlining function '_ZN8ssdm_intILi41ELb0EEC2EDq41_j' into 'ap_int_base<41, false>::ap_int_base<25, false>(ap_int_base<25, false> const&)' (D:/Xilinx/Vitis_HLS/2022.2/common/technology/autopilot\ap_int_base.h:185:106)
INFO: [HLS 214-131] Inlining function '_ZN8ssdm_intILi41ELb0EEC2EDq41_j' into 'ap_int_base<41, false>::ap_int_base<16, false>(ap_int_base<16, false> const&)' (D:/Xilinx/Vitis_HLS/2022.2/common/technology/autopilot\ap_int_base.h:185:106)
INFO: [HLS 214-131] Inlining function '_ZN8ssdm_intILi41ELb0EEC2EDq41_j' into 'ap_int_base<41, false>::ap_int_base(int)' (D:/Xilinx/Vitis_HLS/2022.2/common/technology/autopilot\ap_int_base.h:214:67)
INFO: [HLS 214-131] Inlining function 'ap_int_base<41, false>::ap_int_base<25, false>(ap_int_base<25, false> const&)' into 'ap_int_base<25, false>::RType<16, false>::mult operator*<25, false, 16, false>(ap_int_base<25, false> const&, ap_int_base<16, false> const&)' (D:/Xilinx/Vitis_HLS/2022.2/common/technology/autopilot\ap_int_base.h:1494:339)
INFO: [HLS 214-131] Inlining function 'ap_int_base<41, false>::ap_int_base(int)' into 'ap_int_base<25, false>::RType<16, false>::mult operator*<25, false, 16, false>(ap_int_base<25, false> const&, ap_int_base<16, false> const&)' (D:/Xilinx/Vitis_HLS/2022.2/common/technology/autopilot\ap_int_base.h:1494:516)
INFO: [HLS 214-131] Inlining function 'ap_int_base<41, false>::ap_int_base<16, false>(ap_int_base<16, false> const&)' into 'ap_int_base<25, false>::RType<16, false>::mult operator*<25, false, 16, false>(ap_int_base<25, false> const&, ap_int_base<16, false> const&)' (D:/Xilinx/Vitis_HLS/2022.2/common/technology/autopilot\ap_int_base.h:1494:427)
INFO: [HLS 214-131] Inlining function '_ZN8ssdm_intILi57ELb0EEC2EDq57_j' into 'ap_int_base<57, false>::ap_int_base<41, false>(ap_int_base<41, false> const&)' (D:/Xilinx/Vitis_HLS/2022.2/common/technology/autopilot\ap_int_base.h:185:106)
INFO: [HLS 214-131] Inlining function '_ZN8ssdm_intILi57ELb0EEC2EDq57_j' into 'ap_int_base<57, false>::ap_int_base<16, false>(ap_int_base<16, false> const&)' (D:/Xilinx/Vitis_HLS/2022.2/common/technology/autopilot\ap_int_base.h:185:106)
INFO: [HLS 214-131] Inlining function '_ZN8ssdm_intILi57ELb0EEC2EDq57_j' into 'ap_int_base<57, false>::ap_int_base(int)' (D:/Xilinx/Vitis_HLS/2022.2/common/technology/autopilot\ap_int_base.h:214:67)
INFO: [HLS 214-131] Inlining function 'ap_int_base<57, false>::ap_int_base<41, false>(ap_int_base<41, false> const&)' into 'ap_int_base<41, false>::RType<16, false>::mult operator*<41, false, 16, false>(ap_int_base<41, false> const&, ap_int_base<16, false> const&)' (D:/Xilinx/Vitis_HLS/2022.2/common/technology/autopilot\ap_int_base.h:1494:339)
INFO: [HLS 214-131] Inlining function 'ap_int_base<57, false>::ap_int_base(int)' into 'ap_int_base<41, false>::RType<16, false>::mult operator*<41, false, 16, false>(ap_int_base<41, false> const&, ap_int_base<16, false> const&)' (D:/Xilinx/Vitis_HLS/2022.2/common/technology/autopilot\ap_int_base.h:1494:516)
INFO: [HLS 214-131] Inlining function 'ap_int_base<57, false>::ap_int_base<16, false>(ap_int_base<16, false> const&)' into 'ap_int_base<41, false>::RType<16, false>::mult operator*<41, false, 16, false>(ap_int_base<41, false> const&, ap_int_base<16, false> const&)' (D:/Xilinx/Vitis_HLS/2022.2/common/technology/autopilot\ap_int_base.h:1494:427)
INFO: [HLS 214-131] Inlining function 'ssdm_int<32, false>::ssdm_int(unsigned int)' into 'ap_int_base<32, false>::ap_int_base<16, false>(ap_int_base<16, false> const&)' (D:/Xilinx/Vitis_HLS/2022.2/common/technology/autopilot\ap_int_base.h:185:106)
INFO: [HLS 214-131] Inlining function 'ssdm_int<32, false>::ssdm_int(unsigned int)' into 'ap_int_base<32, false>::ap_int_base(int)' (D:/Xilinx/Vitis_HLS/2022.2/common/technology/autopilot\ap_int_base.h:214:67)
INFO: [HLS 214-131] Inlining function 'ap_int_base<32, false>::ap_int_base<16, false>(ap_int_base<16, false> const&)' into 'ap_int_base<16, false>::RType<16, false>::mult operator*<16, false, 16, false>(ap_int_base<16, false> const&, ap_int_base<16, false> const&)' (D:/Xilinx/Vitis_HLS/2022.2/common/technology/autopilot\ap_int_base.h:1494:339)
INFO: [HLS 214-131] Inlining function 'ap_int_base<32, false>::ap_int_base(int)' into 'ap_int_base<16, false>::RType<16, false>::mult operator*<16, false, 16, false>(ap_int_base<16, false> const&, ap_int_base<16, false> const&)' (D:/Xilinx/Vitis_HLS/2022.2/common/technology/autopilot\ap_int_base.h:1494:516)
INFO: [HLS 214-131] Inlining function 'ap_int_base<32, false>::ap_int_base<16, false>(ap_int_base<16, false> const&)' into 'ap_int_base<16, false>::RType<16, false>::mult operator*<16, false, 16, false>(ap_int_base<16, false> const&, ap_int_base<16, false> const&)' (D:/Xilinx/Vitis_HLS/2022.2/common/technology/autopilot\ap_int_base.h:1494:427)
INFO: [HLS 214-131] Inlining function '_ZN8ssdm_intILi58ELb0EEC2EDq58_j' into 'ap_int_base<58, false>::ap_int_base<57, false>(ap_int_base<57, false> const&)' (D:/Xilinx/Vitis_HLS/2022.2/common/technology/autopilot\ap_int_base.h:185:106)
INFO: [HLS 214-131] Inlining function '_ZN8ssdm_intILi58ELb0EEC2EDq58_j' into 'ap_int_base<58, false>::ap_int_base<32, false>(ap_int_base<32, false> const&)' (D:/Xilinx/Vitis_HLS/2022.2/common/technology/autopilot\ap_int_base.h:185:106)
INFO: [HLS 214-131] Inlining function '_ZN8ssdm_intILi58ELb0EEC2EDq58_j' into 'ap_int_base<58, false>::ap_int_base(int)' (D:/Xilinx/Vitis_HLS/2022.2/common/technology/autopilot\ap_int_base.h:214:67)
INFO: [HLS 214-131] Inlining function 'ap_int_base<58, false>::ap_int_base<57, false>(ap_int_base<57, false> const&)' into 'ap_int_base<57, false>::RType<32, false>::plus operator+<57, false, 32, false>(ap_int_base<57, false> const&, ap_int_base<32, false> const&)' (D:/Xilinx/Vitis_HLS/2022.2/common/technology/autopilot\ap_int_base.h:1495:339)
INFO: [HLS 214-131] Inlining function 'ap_int_base<58, false>::ap_int_base(int)' into 'ap_int_base<57, false>::RType<32, false>::plus operator+<57, false, 32, false>(ap_int_base<57, false> const&, ap_int_base<32, false> const&)' (D:/Xilinx/Vitis_HLS/2022.2/common/technology/autopilot\ap_int_base.h:1495:516)
INFO: [HLS 214-131] Inlining function 'ap_int_base<58, false>::ap_int_base<32, false>(ap_int_base<32, false> const&)' into 'ap_int_base<57, false>::RType<32, false>::plus operator+<57, false, 32, false>(ap_int_base<57, false> const&, ap_int_base<32, false> const&)' (D:/Xilinx/Vitis_HLS/2022.2/common/technology/autopilot\ap_int_base.h:1495:427)
INFO: [HLS 214-131] Inlining function '_ZN8ssdm_intILi59ELb0EEC2EDq59_j' into 'ap_int_base<59, false>::ap_int_base<58, false>(ap_int_base<58, false> const&)' (D:/Xilinx/Vitis_HLS/2022.2/common/technology/autopilot\ap_int_base.h:185:106)
INFO: [HLS 214-131] Inlining function '_ZN8ssdm_intILi59ELb0EEC2EDq59_j' into 'ap_int_base<59, false>::ap_int_base<16, false>(ap_int_base<16, false> const&)' (D:/Xilinx/Vitis_HLS/2022.2/common/technology/autopilot\ap_int_base.h:185:106)
INFO: [HLS 214-131] Inlining function '_ZN8ssdm_intILi59ELb0EEC2EDq59_j' into 'ap_int_base<59, false>::ap_int_base(int)' (D:/Xilinx/Vitis_HLS/2022.2/common/technology/autopilot\ap_int_base.h:214:67)
INFO: [HLS 214-131] Inlining function 'ap_int_base<59, false>::ap_int_base<58, false>(ap_int_base<58, false> const&)' into 'ap_int_base<58, false>::RType<16, false>::plus operator+<58, false, 16, false>(ap_int_base<58, false> const&, ap_int_base<16, false> const&)' (D:/Xilinx/Vitis_HLS/2022.2/common/technology/autopilot\ap_int_base.h:1495:339)
INFO: [HLS 214-131] Inlining function 'ap_int_base<59, false>::ap_int_base(int)' into 'ap_int_base<58, false>::RType<16, false>::plus operator+<58, false, 16, false>(ap_int_base<58, false> const&, ap_int_base<16, false> const&)' (D:/Xilinx/Vitis_HLS/2022.2/common/technology/autopilot\ap_int_base.h:1495:516)
INFO: [HLS 214-131] Inlining function 'ap_int_base<59, false>::ap_int_base<16, false>(ap_int_base<16, false> const&)' into 'ap_int_base<58, false>::RType<16, false>::plus operator+<58, false, 16, false>(ap_int_base<58, false> const&, ap_int_base<16, false> const&)' (D:/Xilinx/Vitis_HLS/2022.2/common/technology/autopilot\ap_int_base.h:1495:427)
INFO: [HLS 214-131] Inlining function 'ssdm_int<32, false>::ssdm_int(unsigned int)' into 'ap_int_base<32, false>::ap_int_base<59, false>(ap_int_base<59, false> const&)' (D:/Xilinx/Vitis_HLS/2022.2/common/technology/autopilot\ap_int_base.h:185:106)
INFO: [HLS 214-131] Inlining function 'ap_int_base<32, false>::ap_int_base<59, false>(ap_int_base<59, false> const&)' into 'ap_uint<32>::ap_uint<59>(ap_uint<59> const&)'
INFO: [HLS 214-131] Inlining function 'ap_int_base<24, false>::ap_int_base<16, false>(ap_int_base<16, false> const&)' into 'ap_int_base<16, false>::RType<8, false>::mult operator*<16, false, 8, false>(ap_int_base<16, false> const&, ap_int_base<8, false> const&)' (D:/Xilinx/Vitis_HLS/2022.2/common/technology/autopilot\ap_int_base.h:1494:339)
INFO: [HLS 214-131] Inlining function 'ap_int_base<24, false>::ap_int_base(int)' into 'ap_int_base<16, false>::RType<8, false>::mult operator*<16, false, 8, false>(ap_int_base<16, false> const&, ap_int_base<8, false> const&)' (D:/Xilinx/Vitis_HLS/2022.2/common/technology/autopilot\ap_int_base.h:1494:516)
INFO: [HLS 214-131] Inlining function 'ap_int_base<24, false>::ap_int_base<8, false>(ap_int_base<8, false> const&)' into 'ap_int_base<16, false>::RType<8, false>::mult operator*<16, false, 8, false>(ap_int_base<16, false> const&, ap_int_base<8, false> const&)' (D:/Xilinx/Vitis_HLS/2022.2/common/technology/autopilot\ap_int_base.h:1494:427)
INFO: [HLS 214-131] Inlining function '_ZN8ssdm_intILi25ELb0EEC2EDq25_j' into 'ap_int_base<25, false>::ap_int_base<8, false>(ap_int_base<8, false> const&)' (D:/Xilinx/Vitis_HLS/2022.2/common/technology/autopilot\ap_int_base.h:185:106)
INFO: [HLS 214-131] Inlining function 'ap_int_base<25, false>::ap_int_base<24, false>(ap_int_base<24, false> const&)' into 'ap_int_base<24, false>::RType<8, false>::plus operator+<24, false, 8, false>(ap_int_base<24, false> const&, ap_int_base<8, false> const&)' (D:/Xilinx/Vitis_HLS/2022.2/common/technology/autopilot\ap_int_base.h:1495:339)
INFO: [HLS 214-131] Inlining function 'ap_int_base<25, false>::ap_int_base(int)' into 'ap_int_base<24, false>::RType<8, false>::plus operator+<24, false, 8, false>(ap_int_base<24, false> const&, ap_int_base<8, false> const&)' (D:/Xilinx/Vitis_HLS/2022.2/common/technology/autopilot\ap_int_base.h:1495:516)
INFO: [HLS 214-131] Inlining function 'ap_int_base<25, false>::ap_int_base<8, false>(ap_int_base<8, false> const&)' into 'ap_int_base<24, false>::RType<8, false>::plus operator+<24, false, 8, false>(ap_int_base<24, false> const&, ap_int_base<8, false> const&)' (D:/Xilinx/Vitis_HLS/2022.2/common/technology/autopilot\ap_int_base.h:1495:427)
INFO: [HLS 214-131] Inlining function 'ssdm_int<16, false>::ssdm_int(unsigned short)' into 'ap_int_base<16, false>::ap_int_base<25, false>(ap_int_base<25, false> const&)' (D:/Xilinx/Vitis_HLS/2022.2/common/technology/autopilot\ap_int_base.h:185:106)
INFO: [HLS 214-131] Inlining function 'ap_int_base<16, false>::ap_int_base<25, false>(ap_int_base<25, false> const&)' into 'ap_uint<16>::ap_uint<25>(ap_uint<25> const&)'
INFO: [HLS 214-131] Inlining function '_ZN8ssdm_intILi48ELb0EEC2EDq48_j' into 'ap_int_base<48, false>::ap_int_base<32, false>(ap_int_base<32, false> const&)' (D:/Xilinx/Vitis_HLS/2022.2/common/technology/autopilot\ap_int_base.h:185:106)
INFO: [HLS 214-131] Inlining function '_ZN8ssdm_intILi48ELb0EEC2EDq48_j' into 'ap_int_base<48, false>::ap_int_base<16, false>(ap_int_base<16, false> const&)' (D:/Xilinx/Vitis_HLS/2022.2/common/technology/autopilot\ap_int_base.h:185:106)
INFO: [HLS 214-131] Inlining function '_ZN8ssdm_intILi48ELb0EEC2EDq48_j' into 'ap_int_base<48, false>::ap_int_base(int)' (D:/Xilinx/Vitis_HLS/2022.2/common/technology/autopilot\ap_int_base.h:214:67)
INFO: [HLS 214-131] Inlining function 'ap_int_base<48, false>::ap_int_base<32, false>(ap_int_base<32, false> const&)' into 'ap_int_base<32, false>::RType<16, false>::mult operator*<32, false, 16, false>(ap_int_base<32, false> const&, ap_int_base<16, false> const&)' (D:/Xilinx/Vitis_HLS/2022.2/common/technology/autopilot\ap_int_base.h:1494:339)
INFO: [HLS 214-131] Inlining function 'ap_int_base<48, false>::ap_int_base(int)' into 'ap_int_base<32, false>::RType<16, false>::mult operator*<32, false, 16, false>(ap_int_base<32, false> const&, ap_int_base<16, false> const&)' (D:/Xilinx/Vitis_HLS/2022.2/common/technology/autopilot\ap_int_base.h:1494:516)
INFO: [HLS 214-131] Inlining function 'ap_int_base<48, false>::ap_int_base<16, false>(ap_int_base<16, false> const&)' into 'ap_int_base<32, false>::RType<16, false>::mult operator*<32, false, 16, false>(ap_int_base<32, false> const&, ap_int_base<16, false> const&)' (D:/Xilinx/Vitis_HLS/2022.2/common/technology/autopilot\ap_int_base.h:1494:427)
INFO: [HLS 214-131] Inlining function '_ZN8ssdm_intILi49ELb0EEC2EDq49_j' into 'ap_int_base<49, false>::ap_int_base<48, false>(ap_int_base<48, false> const&)' (D:/Xilinx/Vitis_HLS/2022.2/common/technology/autopilot\ap_int_base.h:185:106)
INFO: [HLS 214-131] Inlining function '_ZN8ssdm_intILi49ELb0EEC2EDq49_j' into 'ap_int_base<49, false>::ap_int_base<32, false>(ap_int_base<32, false> const&)' (D:/Xilinx/Vitis_HLS/2022.2/common/technology/autopilot\ap_int_base.h:185:106)
INFO: [HLS 214-131] Inlining function '_ZN8ssdm_intILi49ELb0EEC2EDq49_j' into 'ap_int_base<49, false>::ap_int_base(int)' (D:/Xilinx/Vitis_HLS/2022.2/common/technology/autopilot\ap_int_base.h:214:67)
INFO: [HLS 214-131] Inlining function 'ap_int_base<49, false>::ap_int_base<48, false>(ap_int_base<48, false> const&)' into 'ap_int_base<48, false>::RType<32, false>::plus operator+<48, false, 32, false>(ap_int_base<48, false> const&, ap_int_base<32, false> const&)' (D:/Xilinx/Vitis_HLS/2022.2/common/technology/autopilot\ap_int_base.h:1495:339)
INFO: [HLS 214-131] Inlining function 'ap_int_base<49, false>::ap_int_base(int)' into 'ap_int_base<48, false>::RType<32, false>::plus operator+<48, false, 32, false>(ap_int_base<48, false> const&, ap_int_base<32, false> const&)' (D:/Xilinx/Vitis_HLS/2022.2/common/technology/autopilot\ap_int_base.h:1495:516)
INFO: [HLS 214-131] Inlining function 'ap_int_base<49, false>::ap_int_base<32, false>(ap_int_base<32, false> const&)' into 'ap_int_base<48, false>::RType<32, false>::plus operator+<48, false, 32, false>(ap_int_base<48, false> const&, ap_int_base<32, false> const&)' (D:/Xilinx/Vitis_HLS/2022.2/common/technology/autopilot\ap_int_base.h:1495:427)
INFO: [HLS 214-131] Inlining function '_ZN8ssdm_intILi50ELb0EEC2EDq50_j' into 'ap_int_base<50, false>::ap_int_base<49, false>(ap_int_base<49, false> const&)' (D:/Xilinx/Vitis_HLS/2022.2/common/technology/autopilot\ap_int_base.h:185:106)
INFO: [HLS 214-131] Inlining function '_ZN8ssdm_intILi50ELb0EEC2EDq50_j' into 'ap_int_base<50, false>::ap_int_base<16, false>(ap_int_base<16, false> const&)' (D:/Xilinx/Vitis_HLS/2022.2/common/technology/autopilot\ap_int_base.h:185:106)
INFO: [HLS 214-131] Inlining function '_ZN8ssdm_intILi50ELb0EEC2EDq50_j' into 'ap_int_base<50, false>::ap_int_base(int)' (D:/Xilinx/Vitis_HLS/2022.2/common/technology/autopilot\ap_int_base.h:214:67)
INFO: [HLS 214-131] Inlining function 'ap_int_base<50, false>::ap_int_base<49, false>(ap_int_base<49, false> const&)' into 'ap_int_base<49, false>::RType<16, false>::plus operator+<49, false, 16, false>(ap_int_base<49, false> const&, ap_int_base<16, false> const&)' (D:/Xilinx/Vitis_HLS/2022.2/common/technology/autopilot\ap_int_base.h:1495:339)
INFO: [HLS 214-131] Inlining function 'ap_int_base<50, false>::ap_int_base(int)' into 'ap_int_base<49, false>::RType<16, false>::plus operator+<49, false, 16, false>(ap_int_base<49, false> const&, ap_int_base<16, false> const&)' (D:/Xilinx/Vitis_HLS/2022.2/common/technology/autopilot\ap_int_base.h:1495:516)
INFO: [HLS 214-131] Inlining function 'ap_int_base<50, false>::ap_int_base<16, false>(ap_int_base<16, false> const&)' into 'ap_int_base<49, false>::RType<16, false>::plus operator+<49, false, 16, false>(ap_int_base<49, false> const&, ap_int_base<16, false> const&)' (D:/Xilinx/Vitis_HLS/2022.2/common/technology/autopilot\ap_int_base.h:1495:427)
INFO: [HLS 214-131] Inlining function 'ssdm_int<32, false>::ssdm_int(unsigned int)' into 'ap_int_base<32, false>::ap_int_base<50, false>(ap_int_base<50, false> const&)' (D:/Xilinx/Vitis_HLS/2022.2/common/technology/autopilot\ap_int_base.h:185:106)
INFO: [HLS 214-131] Inlining function 'ap_int_base<32, false>::ap_int_base<50, false>(ap_int_base<50, false> const&)' into 'ap_uint<32>::ap_uint<50>(ap_uint<50> const&)'
INFO: [HLS 214-131] Inlining function '_ZN8ssdm_intILi1ELb0EEC2EDq1_j' into 'ap_int_base<1, false>::ap_int_base(int)' (D:/Xilinx/Vitis_HLS/2022.2/common/technology/autopilot\ap_int_base.h:214:67)
INFO: [HLS 214-131] Inlining function 'ap_int_base<1, false>::ap_int_base(int)' into 'ap_int_base<16, false>::operator++(int)' (D:/Xilinx/Vitis_HLS/2022.2/common/technology/autopilot\ap_int_base.h:879:16)
INFO: [HLS 214-131] Inlining function 'ap_int_base<16, false>& ap_int_base<16, false>::operator+=<1, false>(ap_int_base<1, false> const&)' into 'ap_int_base<16, false>::operator++(int)' (D:/Xilinx/Vitis_HLS/2022.2/common/technology/autopilot\ap_int_base.h:879:5)
INFO: [HLS 214-131] Inlining function 'ap_int_base<1, false>::ap_int_base(int)' into 'ap_int_base<8, false>::operator++(int)' (D:/Xilinx/Vitis_HLS/2022.2/common/technology/autopilot\ap_int_base.h:879:16)
INFO: [HLS 214-131] Inlining function 'ap_int_base<8, false>& ap_int_base<8, false>::operator+=<1, false>(ap_int_base<1, false> const&)' into 'ap_int_base<8, false>::operator++(int)' (D:/Xilinx/Vitis_HLS/2022.2/common/technology/autopilot\ap_int_base.h:879:5)
INFO: [HLS 214-131] Inlining function 'ap_int_base<16, false>::RType<8, false>::div operator/<16, false, 8, false>(ap_int_base<16, false> const&, ap_int_base<8, false> const&)' into 'channel_shuffle(ap_uint<16>, ap_uint<16>, ap_uint<8>, ap_int<8>*, ap_int<8>*)' (../ip/ip6/channel_shuffle.cpp:29:36)
INFO: [HLS 214-131] Inlining function 'ap_int_base<16, false>::operator++(int)' into 'channel_shuffle(ap_uint<16>, ap_uint<16>, ap_uint<8>, ap_int<8>*, ap_int<8>*)' (../ip/ip6/channel_shuffle.cpp:32:55)
INFO: [HLS 214-131] Inlining function 'ap_int_base<16, false>::operator++(int)' into 'channel_shuffle(ap_uint<16>, ap_uint<16>, ap_uint<8>, ap_int<8>*, ap_int<8>*)' (../ip/ip6/channel_shuffle.cpp:33:59)
INFO: [HLS 214-131] Inlining function 'ap_int_base<8, false>::operator++(int)' into 'channel_shuffle(ap_uint<16>, ap_uint<16>, ap_uint<8>, ap_int<8>*, ap_int<8>*)' (../ip/ip6/channel_shuffle.cpp:36:54)
INFO: [HLS 214-131] Inlining function 'ap_int_base<16, false>::operator++(int)' into 'channel_shuffle(ap_uint<16>, ap_uint<16>, ap_uint<8>, ap_int<8>*, ap_int<8>*)' (../ip/ip6/channel_shuffle.cpp:37:72)
INFO: [HLS 214-131] Inlining function 'ap_int_base<32, false>::operator unsigned long long() const' into 'channel_shuffle(ap_uint<16>, ap_uint<16>, ap_uint<8>, ap_int<8>*, ap_int<8>*)' (../ip/ip6/channel_shuffle.cpp:46:25)
INFO: [HLS 214-131] Inlining function 'ap_int_base<32, false>::operator unsigned long long() const' into 'channel_shuffle(ap_uint<16>, ap_uint<16>, ap_uint<8>, ap_int<8>*, ap_int<8>*)' (../ip/ip6/channel_shuffle.cpp:46:39)
INFO: [HLS 214-131] Inlining function 'ap_int_base<49, false>::RType<16, false>::plus operator+<49, false, 16, false>(ap_int_base<49, false> const&, ap_int_base<16, false> const&)' into 'channel_shuffle(ap_uint<16>, ap_uint<16>, ap_uint<8>, ap_int<8>*, ap_int<8>*)' (../ip/ip6/channel_shuffle.cpp:43:71)
INFO: [HLS 214-131] Inlining function 'ap_int_base<48, false>::RType<32, false>::plus operator+<48, false, 32, false>(ap_int_base<48, false> const&, ap_int_base<32, false> const&)' into 'channel_shuffle(ap_uint<16>, ap_uint<16>, ap_uint<8>, ap_int<8>*, ap_int<8>*)' (../ip/ip6/channel_shuffle.cpp:43:61)
INFO: [HLS 214-131] Inlining function 'ap_int_base<16, false>::RType<16, false>::mult operator*<16, false, 16, false>(ap_int_base<16, false> const&, ap_int_base<16, false> const&)' into 'channel_shuffle(ap_uint<16>, ap_uint<16>, ap_uint<8>, ap_int<8>*, ap_int<8>*)' (../ip/ip6/channel_shuffle.cpp:43:65)
INFO: [HLS 214-131] Inlining function 'ap_int_base<32, false>::RType<16, false>::mult operator*<32, false, 16, false>(ap_int_base<32, false> const&, ap_int_base<16, false> const&)' into 'channel_shuffle(ap_uint<16>, ap_uint<16>, ap_uint<8>, ap_int<8>*, ap_int<8>*)' (../ip/ip6/channel_shuffle.cpp:43:55)
INFO: [HLS 214-131] Inlining function 'ap_int_base<16, false>::RType<16, false>::mult operator*<16, false, 16, false>(ap_int_base<16, false> const&, ap_int_base<16, false> const&)' into 'channel_shuffle(ap_uint<16>, ap_uint<16>, ap_uint<8>, ap_int<8>*, ap_int<8>*)' (../ip/ip6/channel_shuffle.cpp:43:49)
INFO: [HLS 214-131] Inlining function 'ap_int_base<24, false>::RType<8, false>::plus operator+<24, false, 8, false>(ap_int_base<24, false> const&, ap_int_base<8, false> const&)' into 'channel_shuffle(ap_uint<16>, ap_uint<16>, ap_uint<8>, ap_int<8>*, ap_int<8>*)' (../ip/ip6/channel_shuffle.cpp:41:52)
INFO: [HLS 214-131] Inlining function 'ap_int_base<16, false>::RType<8, false>::mult operator*<16, false, 8, false>(ap_int_base<16, false> const&, ap_int_base<8, false> const&)' into 'channel_shuffle(ap_uint<16>, ap_uint<16>, ap_uint<8>, ap_int<8>*, ap_int<8>*)' (../ip/ip6/channel_shuffle.cpp:41:43)
INFO: [HLS 214-131] Inlining function 'ap_int_base<58, false>::RType<16, false>::plus operator+<58, false, 16, false>(ap_int_base<58, false> const&, ap_int_base<16, false> const&)' into 'channel_shuffle(ap_uint<16>, ap_uint<16>, ap_uint<8>, ap_int<8>*, ap_int<8>*)' (../ip/ip6/channel_shuffle.cpp:39:83)
INFO: [HLS 214-131] Inlining function 'ap_int_base<57, false>::RType<32, false>::plus operator+<57, false, 32, false>(ap_int_base<57, false> const&, ap_int_base<32, false> const&)' into 'channel_shuffle(ap_uint<16>, ap_uint<16>, ap_uint<8>, ap_int<8>*, ap_int<8>*)' (../ip/ip6/channel_shuffle.cpp:39:73)
INFO: [HLS 214-131] Inlining function 'ap_int_base<16, false>::RType<16, false>::mult operator*<16, false, 16, false>(ap_int_base<16, false> const&, ap_int_base<16, false> const&)' into 'channel_shuffle(ap_uint<16>, ap_uint<16>, ap_uint<8>, ap_int<8>*, ap_int<8>*)' (../ip/ip6/channel_shuffle.cpp:39:77)
INFO: [HLS 214-131] Inlining function 'ap_int_base<41, false>::RType<16, false>::mult operator*<41, false, 16, false>(ap_int_base<41, false> const&, ap_int_base<16, false> const&)' into 'channel_shuffle(ap_uint<16>, ap_uint<16>, ap_uint<8>, ap_int<8>*, ap_int<8>*)' (../ip/ip6/channel_shuffle.cpp:39:67)
INFO: [HLS 214-131] Inlining function 'ap_int_base<25, false>::RType<16, false>::mult operator*<25, false, 16, false>(ap_int_base<25, false> const&, ap_int_base<16, false> const&)' into 'channel_shuffle(ap_uint<16>, ap_uint<16>, ap_uint<8>, ap_int<8>*, ap_int<8>*)' (../ip/ip6/channel_shuffle.cpp:39:61)
INFO: [HLS 214-131] Inlining function 'ap_int_base<24, false>::RType<16, false>::plus operator+<24, false, 16, false>(ap_int_base<24, false> const&, ap_int_base<16, false> const&)' into 'channel_shuffle(ap_uint<16>, ap_uint<16>, ap_uint<8>, ap_int<8>*, ap_int<8>*)' (../ip/ip6/channel_shuffle.cpp:39:56)
INFO: [HLS 214-131] Inlining function 'ap_int_base<8, false>::RType<16, false>::mult operator*<8, false, 16, false>(ap_int_base<8, false> const&, ap_int_base<16, false> const&)' into 'channel_shuffle(ap_uint<16>, ap_uint<16>, ap_uint<8>, ap_int<8>*, ap_int<8>*)' (../ip/ip6/channel_shuffle.cpp:39:45)
INFO: [HLS 214-131] Inlining function 'bool ap_int_base<16, false>::operator<<16, false>(ap_int_base<16, false> const&) const' into 'channel_shuffle(ap_uint<16>, ap_uint<16>, ap_uint<8>, ap_int<8>*, ap_int<8>*)' (../ip/ip6/channel_shuffle.cpp:37:60)
INFO: [HLS 214-131] Inlining function 'bool ap_int_base<8, false>::operator<<8, false>(ap_int_base<8, false> const&) const' into 'channel_shuffle(ap_uint<16>, ap_uint<16>, ap_uint<8>, ap_int<8>*, ap_int<8>*)' (../ip/ip6/channel_shuffle.cpp:36:44)
INFO: [HLS 214-131] Inlining function 'bool ap_int_base<16, false>::operator<<16, false>(ap_int_base<16, false> const&) const' into 'channel_shuffle(ap_uint<16>, ap_uint<16>, ap_uint<8>, ap_int<8>*, ap_int<8>*)' (../ip/ip6/channel_shuffle.cpp:33:52)
INFO: [HLS 214-131] Inlining function 'bool ap_int_base<16, false>::operator<<16, false>(ap_int_base<16, false> const&) const' into 'channel_shuffle(ap_uint<16>, ap_uint<16>, ap_uint<8>, ap_int<8>*, ap_int<8>*)' (../ip/ip6/channel_shuffle.cpp:32:48)
INFO: [HLS 214-291] Loop 'VITIS_LOOP_36_3' is marked as complete unroll implied by the pipeline pragma (../ip/ip6/channel_shuffle.cpp:36:19)
INFO: [HLS 214-291] Loop 'VITIS_LOOP_37_4' is marked as complete unroll implied by the pipeline pragma (../ip/ip6/channel_shuffle.cpp:37:34)
WARNING: [HLS 214-203] Replacing invalid offset value '20' with '32' for s_axilite port 'h_w'. (../ip/ip6/channel_shuffle.cpp:12:17)
INFO: [HLS 200-111] Finished Compiling Optimization and Transform: CPU user time: 0 seconds. CPU system time: 0 seconds. Elapsed time: 6.799 seconds; current allocated memory: 680.453 MB.
INFO: [HLS 200-111] Finished Checking Pragmas: CPU user time: 0 seconds. CPU system time: 0 seconds. Elapsed time: 0.003 seconds; current allocated memory: 680.707 MB.
INFO: [HLS 200-10] Starting code transformations ...
INFO: [HLS 200-111] Finished Standard Transforms: CPU user time: 0 seconds. CPU system time: 0 seconds. Elapsed time: 0.184 seconds; current allocated memory: 695.840 MB.
INFO: [HLS 200-10] Checking synthesizability ...
INFO: [HLS 200-111] Finished Checking Synthesizability: CPU user time: 0 seconds. CPU system time: 0 seconds. Elapsed time: 0.115 seconds; current allocated memory: 708.746 MB.
INFO: [XFORM 203-502] Unrolling all sub-loops inside loop 'VITIS_LOOP_33_2' (../ip/ip6/channel_shuffle.cpp:33) in function 'channel_shuffle' for pipelining.
WARNING: [HLS 200-936] Cannot unroll loop 'VITIS_LOOP_36_3' (../ip/ip6/channel_shuffle.cpp:36) in function 'channel_shuffle': cannot completely unroll a loop with a variable trip count.
WARNING: [HLS 200-936] Cannot unroll loop 'VITIS_LOOP_37_4' (../ip/ip6/channel_shuffle.cpp:37) in function 'channel_shuffle': cannot completely unroll a loop with a variable trip count.
INFO: [HLS 200-111] Finished Loop, function and other optimizations: CPU user time: 0 seconds. CPU system time: 0 seconds. Elapsed time: 0.213 seconds; current allocated memory: 741.551 MB.
INFO: [XFORM 203-541] Flattening a loop nest 'VITIS_LOOP_33_2' (../ip/ip6/channel_shuffle.cpp:33:43) in function 'channel_shuffle'.
INFO: [XFORM 203-541] Flattening a loop nest 'VITIS_LOOP_32_1' (../ip/ip6/channel_shuffle.cpp:32:39) in function 'channel_shuffle'.
INFO: [HLS 200-111] Finished Architecture Synthesis: CPU user time: 0 seconds. CPU system time: 0 seconds. Elapsed time: 0.125 seconds; current allocated memory: 745.562 MB.
INFO: [HLS 200-10] Starting hardware synthesis ...
INFO: [HLS 200-10] Synthesizing 'channel_shuffle' ...
INFO: [HLS 200-10] ----------------------------------------------------------------
INFO: [HLS 200-42] -- Implementing module 'channel_shuffle' 
INFO: [HLS 200-10] ----------------------------------------------------------------
INFO: [SCHED 204-11] Starting scheduling ...
INFO: [HLS 200-486] Changing DSP latency (root=mul_ln11_1) to 3 in order to utilize available DSP registers.
INFO: [HLS 200-486] Changing DSP latency (root=mul_ln11) to 3 in order to utilize available DSP registers.
INFO: [HLS 200-486] Changing DSP latency (root=ret_V_3) to 3 in order to utilize available DSP registers.
INFO: [HLS 200-486] Changing DSP latency (root=ret_V_1) to 3 in order to utilize available DSP registers.
INFO: [HLS 200-486] Changing DSP latency (root=lhs) to 3 in order to utilize available DSP registers.
INFO: [HLS 200-486] Changing DSP latency (root=ret_V_1_mid1) to 3 in order to utilize available DSP registers.
WARNING: [SCHED 204-65] Unable to satisfy pipeline directive for loop 'VITIS_LOOP_32_1_VITIS_LOOP_33_2_VITIS_LOOP_36_3': contains subloop(s) that are not unrolled or flattened.
INFO: [SCHED 204-11] Finished scheduling.
INFO: [HLS 200-111] Finished Scheduling: CPU user time: 1 seconds. CPU system time: 0 seconds. Elapsed time: 0.705 seconds; current allocated memory: 745.562 MB.
INFO: [BIND 205-100] Starting micro-architecture generation ...
INFO: [BIND 205-101] Performing variable lifetime analysis.
INFO: [BIND 205-101] Exploring resource sharing.
INFO: [BIND 205-101] Binding ...
INFO: [BIND 205-100] Finished micro-architecture generation.
INFO: [HLS 200-111] Finished Binding: CPU user time: 0 seconds. CPU system time: 0 seconds. Elapsed time: 0.229 seconds; current allocated memory: 745.562 MB.
INFO: [HLS 200-10] ----------------------------------------------------------------
INFO: [HLS 200-10] -- Generating RTL for module 'channel_shuffle' 
INFO: [HLS 200-10] ----------------------------------------------------------------
WARNING: [RTGEN 206-101] Design contains AXI ports. Reset is fixed to synchronous and active low.
INFO: [RTGEN 206-500] Setting interface mode on port 'channel_shuffle/gmem_in' to 'm_axi'.
INFO: [RTGEN 206-500] Setting interface mode on port 'channel_shuffle/gmem_out' to 'm_axi'.
INFO: [RTGEN 206-500] Setting interface mode on port 'channel_shuffle/c_in' to 's_axilite & ap_none'.
INFO: [RTGEN 206-500] Setting interface mode on port 'channel_shuffle/h_w' to 's_axilite & ap_none'.
INFO: [RTGEN 206-500] Setting interface mode on port 'channel_shuffle/groups' to 's_axilite & ap_none'.
INFO: [RTGEN 206-500] Setting interface mode on port 'channel_shuffle/in_r' to 's_axilite & ap_none'.
INFO: [RTGEN 206-500] Setting interface mode on port 'channel_shuffle/out_r' to 's_axilite & ap_none'.
INFO: [RTGEN 206-500] Setting interface mode on function 'channel_shuffle' to 's_axilite & ap_ctrl_hs'.
INFO: [RTGEN 206-100] Bundling port 'c_in', 'groups', 'h_w', 'in_r', 'out_r' and 'return' to AXI-Lite port control.
INFO: [RTGEN 206-100] Generating core module 'mul_32s_16ns_32_1_1': 1 instance(s).
INFO: [RTGEN 206-100] Generating core module 'mul_32s_24ns_32_1_1': 1 instance(s).
INFO: [RTGEN 206-100] Generating core module 'mul_mul_16ns_16ns_32_4_1': 3 instance(s).
INFO: [RTGEN 206-100] Generating core module 'mul_mul_16ns_24ns_40_4_1': 1 instance(s).
INFO: [RTGEN 206-100] Generating core module 'mul_mul_16ns_8ns_24_4_1': 2 instance(s).
INFO: [RTGEN 206-100] Generating core module 'udiv_16ns_8ns_16_20_seq_1': 1 instance(s).
INFO: [RTGEN 206-100] Finished creating RTL model for 'channel_shuffle'.
INFO: [HLS 200-111] Finished Creating RTL model: CPU user time: 0 seconds. CPU system time: 0 seconds. Elapsed time: 0.712 seconds; current allocated memory: 749.086 MB.
INFO: [HLS 200-111] Finished Generating all RTL models: CPU user time: 0 seconds. CPU system time: 0 seconds. Elapsed time: 1.296 seconds; current allocated memory: 754.707 MB.
INFO: [HLS 200-111] Finished Updating report files: CPU user time: 1 seconds. CPU system time: 0 seconds. Elapsed time: 1.016 seconds; current allocated memory: 761.484 MB.
INFO: [VHDL 208-304] Generating VHDL RTL for channel_shuffle.
INFO: [VLOG 209-307] Generating Verilog RTL for channel_shuffle.
INFO: [HLS 200-790] **** Loop Constraint Status: All loop constraints were satisfied.
INFO: [HLS 200-789] **** Estimated Fmax: 136.99 MHz
INFO: [HLS 200-111] Finished Command csynth_design CPU user time: 2 seconds. CPU system time: 0 seconds. Elapsed time: 15.775 seconds; current allocated memory: 85.414 MB.
INFO: [HLS 200-112] Total CPU user time: 4 seconds. Total CPU system time: 1 seconds. Total elapsed time: 28.506 seconds; peak allocated memory: 761.840 MB.
==============================================================
Vitis HLS - High-Level Synthesis from C, C++ and OpenCL v2022.2 (64-bit)
Tool Version Limit: 2019.12
Copyright 1986-2022 Xilinx, Inc. All Rights Reserved.
==============================================================
INFO: [SYN 201-201] Setting up clock 'default' with a period of 10ns.
INFO: [HLS 200-1611] Setting target device to 'xc7z020-clg400-2'
INFO: [HLS 200-1505] Using flow_target 'vivado'
INFO: [HLS 200-1510] Running: set_part xc7z020clg400-2 
INFO: [HLS 200-1510] Running: create_clock -period 10 -name default 
INFO: [SYN 201-201] Setting up clock 'default' with a period of 10ns.
INFO: [HLS 200-1510] Running: export_design -rtl verilog -format ip_catalog 
INFO: [IMPL 213-8] Exporting RTL as a Vivado IP.
INFO: [HLS 200-802] Generated output file ip5/solution1/impl/export.zip
INFO: [HLS 200-111] Finished Command export_design CPU user time: 0 seconds. CPU system time: 0 seconds. Elapsed time: 21.072 seconds; current allocated memory: 9.188 MB.
INFO: [HLS 200-112] Total CPU user time: 3 seconds. Total CPU system time: 1 seconds. Total elapsed time: 33.724 seconds; peak allocated memory: 686.773 MB.
==============================================================
Vitis HLS - High-Level Synthesis from C, C++ and OpenCL v2022.2 (64-bit)
Tool Version Limit: 2019.12
Copyright 1986-2022 Xilinx, Inc. All Rights Reserved.
==============================================================
INFO: [SYN 201-201] Setting up clock 'default' with a period of 10ns.
INFO: [HLS 200-1611] Setting target device to 'xc7z020-clg400-2'
INFO: [HLS 200-1505] Using flow_target 'vivado'
INFO: [HLS 200-1464] Running solution command: config_export -format=ip_catalog
INFO: [HLS 200-1464] Running solution command: config_export -rtl=verilog
INFO: [HLS 200-1510] Running: set_part xc7z020-clg400-2 
INFO: [HLS 200-1510] Running: create_clock -period 10 -name default 
INFO: [HLS 200-1510] Running: config_export -format ip_catalog -rtl verilog 
INFO: [HLS 200-1510] Running: source ./ip5/solution1/directives.tcl
INFO: [HLS 200-1510] Running: set_directive_top -name channel_shuffle channel_shuffle 
INFO: [HLS 200-1510] Running: csim_design -setup -quiet 
INFO: [SIM 211-2] *************** CSIM start ***************
INFO: [SIM 211-4] CSIM will launch GCC as the compiler.
INFO: [SIM 211-1] CSim file generation done with 0 errors.
INFO: [SIM 211-3] *************** CSIM finish ***************
INFO: [HLS 200-111] Finished Command csim_design CPU user time: 0 seconds. CPU system time: 0 seconds. Elapsed time: 4.967 seconds; current allocated memory: 0.270 MB.
INFO: [HLS 200-112] Total CPU user time: 2 seconds. Total CPU system time: 1 seconds. Total elapsed time: 18.887 seconds; peak allocated memory: 677.301 MB.
==============================================================
Vitis HLS - High-Level Synthesis from C, C++ and OpenCL v2022.2 (64-bit)
Tool Version Limit: 2019.12
Copyright 1986-2022 Xilinx, Inc. All Rights Reserved.
==============================================================
INFO: [SYN 201-201] Setting up clock 'default' with a period of 10ns.
INFO: [HLS 200-1611] Setting target device to 'xc7z020-clg400-2'
INFO: [HLS 200-1505] Using flow_target 'vivado'
INFO: [HLS 200-1464] Running solution command: config_export -format=ip_catalog
INFO: [HLS 200-1464] Running solution command: config_export -rtl=verilog
INFO: [HLS 200-1510] Running: set_part xc7z020-clg400-2 
INFO: [HLS 200-1510] Running: create_clock -period 10 -name default 
INFO: [HLS 200-1510] Running: config_export -format ip_catalog -rtl verilog 
INFO: [HLS 200-1510] Running: source ./ip5/solution1/directives.tcl
INFO: [HLS 200-1510] Running: set_directive_top -name channel_shuffle channel_shuffle 
INFO: [HLS 200-1510] Running: csynth_design 
INFO: [HLS 200-111] Finished File checks and directory preparation: CPU user time: 0 seconds. CPU system time: 0 seconds. Elapsed time: 10.143 seconds; current allocated memory: 676.477 MB.
INFO: [HLS 200-10] Analyzing design file '../ip/ip6/channel_shuffle.cpp' ... 
INFO: [HLS 200-111] Finished Source Code Analysis and Preprocessing: CPU user time: 1 seconds. CPU system time: 0 seconds. Elapsed time: 5.506 seconds; current allocated memory: 676.617 MB.
INFO: [HLS 200-777] Using interface defaults for 'Vivado' flow target.
INFO: [HLS 214-131] Inlining function 'ssdm_int<16, false>::ssdm_int(unsigned short)' into 'ap_int_base<16, false>::ap_int_base(int)' (D:/Xilinx/Vitis_HLS/2022.2/common/technology/autopilot\ap_int_base.h:214:67)
INFO: [HLS 214-131] Inlining function 'ap_int_base<16, false>::ap_int_base(int)' into 'ap_int_base<16, false>::RType<8, false>::div operator/<16, false, 8, false>(ap_int_base<16, false> const&, ap_int_base<8, false> const&)' (D:/Xilinx/Vitis_HLS/2022.2/common/technology/autopilot\ap_int_base.h:1513:337)
INFO: [HLS 214-131] Inlining function 'ap_int_base<16, false>::ap_int_base(int)' into 'ap_uint<16>::ap_uint(int)'
INFO: [HLS 214-131] Inlining function 'ssdm_int<8, false>::ssdm_int(unsigned char)' into 'ap_int_base<8, false>::ap_int_base(int)' (D:/Xilinx/Vitis_HLS/2022.2/common/technology/autopilot\ap_int_base.h:214:67)
INFO: [HLS 214-131] Inlining function 'ap_int_base<8, false>::ap_int_base(int)' into 'ap_uint<8>::ap_uint(int)'
INFO: [HLS 214-131] Inlining function '_ZN8ssdm_intILi24ELb0EEC2EDq24_j' into 'ap_int_base<24, false>::ap_int_base<8, false>(ap_int_base<8, false> const&)' (D:/Xilinx/Vitis_HLS/2022.2/common/technology/autopilot\ap_int_base.h:185:106)
INFO: [HLS 214-131] Inlining function '_ZN8ssdm_intILi24ELb0EEC2EDq24_j' into 'ap_int_base<24, false>::ap_int_base<16, false>(ap_int_base<16, false> const&)' (D:/Xilinx/Vitis_HLS/2022.2/common/technology/autopilot\ap_int_base.h:185:106)
INFO: [HLS 214-131] Inlining function '_ZN8ssdm_intILi24ELb0EEC2EDq24_j' into 'ap_int_base<24, false>::ap_int_base(int)' (D:/Xilinx/Vitis_HLS/2022.2/common/technology/autopilot\ap_int_base.h:214:67)
INFO: [HLS 214-131] Inlining function 'ap_int_base<24, false>::ap_int_base<8, false>(ap_int_base<8, false> const&)' into 'ap_int_base<8, false>::RType<16, false>::mult operator*<8, false, 16, false>(ap_int_base<8, false> const&, ap_int_base<16, false> const&)' (D:/Xilinx/Vitis_HLS/2022.2/common/technology/autopilot\ap_int_base.h:1494:339)
INFO: [HLS 214-131] Inlining function 'ap_int_base<24, false>::ap_int_base(int)' into 'ap_int_base<8, false>::RType<16, false>::mult operator*<8, false, 16, false>(ap_int_base<8, false> const&, ap_int_base<16, false> const&)' (D:/Xilinx/Vitis_HLS/2022.2/common/technology/autopilot\ap_int_base.h:1494:516)
INFO: [HLS 214-131] Inlining function 'ap_int_base<24, false>::ap_int_base<16, false>(ap_int_base<16, false> const&)' into 'ap_int_base<8, false>::RType<16, false>::mult operator*<8, false, 16, false>(ap_int_base<8, false> const&, ap_int_base<16, false> const&)' (D:/Xilinx/Vitis_HLS/2022.2/common/technology/autopilot\ap_int_base.h:1494:427)
INFO: [HLS 214-131] Inlining function '_ZN8ssdm_intILi25ELb0EEC2EDq25_j' into 'ap_int_base<25, false>::ap_int_base<24, false>(ap_int_base<24, false> const&)' (D:/Xilinx/Vitis_HLS/2022.2/common/technology/autopilot\ap_int_base.h:185:106)
INFO: [HLS 214-131] Inlining function '_ZN8ssdm_intILi25ELb0EEC2EDq25_j' into 'ap_int_base<25, false>::ap_int_base<16, false>(ap_int_base<16, false> const&)' (D:/Xilinx/Vitis_HLS/2022.2/common/technology/autopilot\ap_int_base.h:185:106)
INFO: [HLS 214-131] Inlining function '_ZN8ssdm_intILi25ELb0EEC2EDq25_j' into 'ap_int_base<25, false>::ap_int_base(int)' (D:/Xilinx/Vitis_HLS/2022.2/common/technology/autopilot\ap_int_base.h:214:67)
INFO: [HLS 214-131] Inlining function 'ap_int_base<25, false>::ap_int_base<24, false>(ap_int_base<24, false> const&)' into 'ap_int_base<24, false>::RType<16, false>::plus operator+<24, false, 16, false>(ap_int_base<24, false> const&, ap_int_base<16, false> const&)' (D:/Xilinx/Vitis_HLS/2022.2/common/technology/autopilot\ap_int_base.h:1495:339)
INFO: [HLS 214-131] Inlining function 'ap_int_base<25, false>::ap_int_base(int)' into 'ap_int_base<24, false>::RType<16, false>::plus operator+<24, false, 16, false>(ap_int_base<24, false> const&, ap_int_base<16, false> const&)' (D:/Xilinx/Vitis_HLS/2022.2/common/technology/autopilot\ap_int_base.h:1495:516)
INFO: [HLS 214-131] Inlining function 'ap_int_base<25, false>::ap_int_base<16, false>(ap_int_base<16, false> const&)' into 'ap_int_base<24, false>::RType<16, false>::plus operator+<24, false, 16, false>(ap_int_base<24, false> const&, ap_int_base<16, false> const&)' (D:/Xilinx/Vitis_HLS/2022.2/common/technology/autopilot\ap_int_base.h:1495:427)
INFO: [HLS 214-131] Inlining function '_ZN8ssdm_intILi41ELb0EEC2EDq41_j' into 'ap_int_base<41, false>::ap_int_base<25, false>(ap_int_base<25, false> const&)' (D:/Xilinx/Vitis_HLS/2022.2/common/technology/autopilot\ap_int_base.h:185:106)
INFO: [HLS 214-131] Inlining function '_ZN8ssdm_intILi41ELb0EEC2EDq41_j' into 'ap_int_base<41, false>::ap_int_base<16, false>(ap_int_base<16, false> const&)' (D:/Xilinx/Vitis_HLS/2022.2/common/technology/autopilot\ap_int_base.h:185:106)
INFO: [HLS 214-131] Inlining function '_ZN8ssdm_intILi41ELb0EEC2EDq41_j' into 'ap_int_base<41, false>::ap_int_base(int)' (D:/Xilinx/Vitis_HLS/2022.2/common/technology/autopilot\ap_int_base.h:214:67)
INFO: [HLS 214-131] Inlining function 'ap_int_base<41, false>::ap_int_base<25, false>(ap_int_base<25, false> const&)' into 'ap_int_base<25, false>::RType<16, false>::mult operator*<25, false, 16, false>(ap_int_base<25, false> const&, ap_int_base<16, false> const&)' (D:/Xilinx/Vitis_HLS/2022.2/common/technology/autopilot\ap_int_base.h:1494:339)
INFO: [HLS 214-131] Inlining function 'ap_int_base<41, false>::ap_int_base(int)' into 'ap_int_base<25, false>::RType<16, false>::mult operator*<25, false, 16, false>(ap_int_base<25, false> const&, ap_int_base<16, false> const&)' (D:/Xilinx/Vitis_HLS/2022.2/common/technology/autopilot\ap_int_base.h:1494:516)
INFO: [HLS 214-131] Inlining function 'ap_int_base<41, false>::ap_int_base<16, false>(ap_int_base<16, false> const&)' into 'ap_int_base<25, false>::RType<16, false>::mult operator*<25, false, 16, false>(ap_int_base<25, false> const&, ap_int_base<16, false> const&)' (D:/Xilinx/Vitis_HLS/2022.2/common/technology/autopilot\ap_int_base.h:1494:427)
INFO: [HLS 214-131] Inlining function '_ZN8ssdm_intILi57ELb0EEC2EDq57_j' into 'ap_int_base<57, false>::ap_int_base<41, false>(ap_int_base<41, false> const&)' (D:/Xilinx/Vitis_HLS/2022.2/common/technology/autopilot\ap_int_base.h:185:106)
INFO: [HLS 214-131] Inlining function '_ZN8ssdm_intILi57ELb0EEC2EDq57_j' into 'ap_int_base<57, false>::ap_int_base<16, false>(ap_int_base<16, false> const&)' (D:/Xilinx/Vitis_HLS/2022.2/common/technology/autopilot\ap_int_base.h:185:106)
INFO: [HLS 214-131] Inlining function '_ZN8ssdm_intILi57ELb0EEC2EDq57_j' into 'ap_int_base<57, false>::ap_int_base(int)' (D:/Xilinx/Vitis_HLS/2022.2/common/technology/autopilot\ap_int_base.h:214:67)
INFO: [HLS 214-131] Inlining function 'ap_int_base<57, false>::ap_int_base<41, false>(ap_int_base<41, false> const&)' into 'ap_int_base<41, false>::RType<16, false>::mult operator*<41, false, 16, false>(ap_int_base<41, false> const&, ap_int_base<16, false> const&)' (D:/Xilinx/Vitis_HLS/2022.2/common/technology/autopilot\ap_int_base.h:1494:339)
INFO: [HLS 214-131] Inlining function 'ap_int_base<57, false>::ap_int_base(int)' into 'ap_int_base<41, false>::RType<16, false>::mult operator*<41, false, 16, false>(ap_int_base<41, false> const&, ap_int_base<16, false> const&)' (D:/Xilinx/Vitis_HLS/2022.2/common/technology/autopilot\ap_int_base.h:1494:516)
INFO: [HLS 214-131] Inlining function 'ap_int_base<57, false>::ap_int_base<16, false>(ap_int_base<16, false> const&)' into 'ap_int_base<41, false>::RType<16, false>::mult operator*<41, false, 16, false>(ap_int_base<41, false> const&, ap_int_base<16, false> const&)' (D:/Xilinx/Vitis_HLS/2022.2/common/technology/autopilot\ap_int_base.h:1494:427)
INFO: [HLS 214-131] Inlining function 'ssdm_int<32, false>::ssdm_int(unsigned int)' into 'ap_int_base<32, false>::ap_int_base<16, false>(ap_int_base<16, false> const&)' (D:/Xilinx/Vitis_HLS/2022.2/common/technology/autopilot\ap_int_base.h:185:106)
INFO: [HLS 214-131] Inlining function 'ssdm_int<32, false>::ssdm_int(unsigned int)' into 'ap_int_base<32, false>::ap_int_base(int)' (D:/Xilinx/Vitis_HLS/2022.2/common/technology/autopilot\ap_int_base.h:214:67)
INFO: [HLS 214-131] Inlining function 'ap_int_base<32, false>::ap_int_base<16, false>(ap_int_base<16, false> const&)' into 'ap_int_base<16, false>::RType<16, false>::mult operator*<16, false, 16, false>(ap_int_base<16, false> const&, ap_int_base<16, false> const&)' (D:/Xilinx/Vitis_HLS/2022.2/common/technology/autopilot\ap_int_base.h:1494:339)
INFO: [HLS 214-131] Inlining function 'ap_int_base<32, false>::ap_int_base(int)' into 'ap_int_base<16, false>::RType<16, false>::mult operator*<16, false, 16, false>(ap_int_base<16, false> const&, ap_int_base<16, false> const&)' (D:/Xilinx/Vitis_HLS/2022.2/common/technology/autopilot\ap_int_base.h:1494:516)
INFO: [HLS 214-131] Inlining function 'ap_int_base<32, false>::ap_int_base<16, false>(ap_int_base<16, false> const&)' into 'ap_int_base<16, false>::RType<16, false>::mult operator*<16, false, 16, false>(ap_int_base<16, false> const&, ap_int_base<16, false> const&)' (D:/Xilinx/Vitis_HLS/2022.2/common/technology/autopilot\ap_int_base.h:1494:427)
INFO: [HLS 214-131] Inlining function '_ZN8ssdm_intILi58ELb0EEC2EDq58_j' into 'ap_int_base<58, false>::ap_int_base<57, false>(ap_int_base<57, false> const&)' (D:/Xilinx/Vitis_HLS/2022.2/common/technology/autopilot\ap_int_base.h:185:106)
INFO: [HLS 214-131] Inlining function '_ZN8ssdm_intILi58ELb0EEC2EDq58_j' into 'ap_int_base<58, false>::ap_int_base<32, false>(ap_int_base<32, false> const&)' (D:/Xilinx/Vitis_HLS/2022.2/common/technology/autopilot\ap_int_base.h:185:106)
INFO: [HLS 214-131] Inlining function '_ZN8ssdm_intILi58ELb0EEC2EDq58_j' into 'ap_int_base<58, false>::ap_int_base(int)' (D:/Xilinx/Vitis_HLS/2022.2/common/technology/autopilot\ap_int_base.h:214:67)
INFO: [HLS 214-131] Inlining function 'ap_int_base<58, false>::ap_int_base<57, false>(ap_int_base<57, false> const&)' into 'ap_int_base<57, false>::RType<32, false>::plus operator+<57, false, 32, false>(ap_int_base<57, false> const&, ap_int_base<32, false> const&)' (D:/Xilinx/Vitis_HLS/2022.2/common/technology/autopilot\ap_int_base.h:1495:339)
INFO: [HLS 214-131] Inlining function 'ap_int_base<58, false>::ap_int_base(int)' into 'ap_int_base<57, false>::RType<32, false>::plus operator+<57, false, 32, false>(ap_int_base<57, false> const&, ap_int_base<32, false> const&)' (D:/Xilinx/Vitis_HLS/2022.2/common/technology/autopilot\ap_int_base.h:1495:516)
INFO: [HLS 214-131] Inlining function 'ap_int_base<58, false>::ap_int_base<32, false>(ap_int_base<32, false> const&)' into 'ap_int_base<57, false>::RType<32, false>::plus operator+<57, false, 32, false>(ap_int_base<57, false> const&, ap_int_base<32, false> const&)' (D:/Xilinx/Vitis_HLS/2022.2/common/technology/autopilot\ap_int_base.h:1495:427)
INFO: [HLS 214-131] Inlining function '_ZN8ssdm_intILi59ELb0EEC2EDq59_j' into 'ap_int_base<59, false>::ap_int_base<58, false>(ap_int_base<58, false> const&)' (D:/Xilinx/Vitis_HLS/2022.2/common/technology/autopilot\ap_int_base.h:185:106)
INFO: [HLS 214-131] Inlining function '_ZN8ssdm_intILi59ELb0EEC2EDq59_j' into 'ap_int_base<59, false>::ap_int_base<16, false>(ap_int_base<16, false> const&)' (D:/Xilinx/Vitis_HLS/2022.2/common/technology/autopilot\ap_int_base.h:185:106)
INFO: [HLS 214-131] Inlining function '_ZN8ssdm_intILi59ELb0EEC2EDq59_j' into 'ap_int_base<59, false>::ap_int_base(int)' (D:/Xilinx/Vitis_HLS/2022.2/common/technology/autopilot\ap_int_base.h:214:67)
INFO: [HLS 214-131] Inlining function 'ap_int_base<59, false>::ap_int_base<58, false>(ap_int_base<58, false> const&)' into 'ap_int_base<58, false>::RType<16, false>::plus operator+<58, false, 16, false>(ap_int_base<58, false> const&, ap_int_base<16, false> const&)' (D:/Xilinx/Vitis_HLS/2022.2/common/technology/autopilot\ap_int_base.h:1495:339)
INFO: [HLS 214-131] Inlining function 'ap_int_base<59, false>::ap_int_base(int)' into 'ap_int_base<58, false>::RType<16, false>::plus operator+<58, false, 16, false>(ap_int_base<58, false> const&, ap_int_base<16, false> const&)' (D:/Xilinx/Vitis_HLS/2022.2/common/technology/autopilot\ap_int_base.h:1495:516)
INFO: [HLS 214-131] Inlining function 'ap_int_base<59, false>::ap_int_base<16, false>(ap_int_base<16, false> const&)' into 'ap_int_base<58, false>::RType<16, false>::plus operator+<58, false, 16, false>(ap_int_base<58, false> const&, ap_int_base<16, false> const&)' (D:/Xilinx/Vitis_HLS/2022.2/common/technology/autopilot\ap_int_base.h:1495:427)
INFO: [HLS 214-131] Inlining function 'ssdm_int<32, false>::ssdm_int(unsigned int)' into 'ap_int_base<32, false>::ap_int_base<59, false>(ap_int_base<59, false> const&)' (D:/Xilinx/Vitis_HLS/2022.2/common/technology/autopilot\ap_int_base.h:185:106)
INFO: [HLS 214-131] Inlining function 'ap_int_base<32, false>::ap_int_base<59, false>(ap_int_base<59, false> const&)' into 'ap_uint<32>::ap_uint<59>(ap_uint<59> const&)'
INFO: [HLS 214-131] Inlining function 'ap_int_base<24, false>::ap_int_base<16, false>(ap_int_base<16, false> const&)' into 'ap_int_base<16, false>::RType<8, false>::mult operator*<16, false, 8, false>(ap_int_base<16, false> const&, ap_int_base<8, false> const&)' (D:/Xilinx/Vitis_HLS/2022.2/common/technology/autopilot\ap_int_base.h:1494:339)
INFO: [HLS 214-131] Inlining function 'ap_int_base<24, false>::ap_int_base(int)' into 'ap_int_base<16, false>::RType<8, false>::mult operator*<16, false, 8, false>(ap_int_base<16, false> const&, ap_int_base<8, false> const&)' (D:/Xilinx/Vitis_HLS/2022.2/common/technology/autopilot\ap_int_base.h:1494:516)
INFO: [HLS 214-131] Inlining function 'ap_int_base<24, false>::ap_int_base<8, false>(ap_int_base<8, false> const&)' into 'ap_int_base<16, false>::RType<8, false>::mult operator*<16, false, 8, false>(ap_int_base<16, false> const&, ap_int_base<8, false> const&)' (D:/Xilinx/Vitis_HLS/2022.2/common/technology/autopilot\ap_int_base.h:1494:427)
INFO: [HLS 214-131] Inlining function '_ZN8ssdm_intILi25ELb0EEC2EDq25_j' into 'ap_int_base<25, false>::ap_int_base<8, false>(ap_int_base<8, false> const&)' (D:/Xilinx/Vitis_HLS/2022.2/common/technology/autopilot\ap_int_base.h:185:106)
INFO: [HLS 214-131] Inlining function 'ap_int_base<25, false>::ap_int_base<24, false>(ap_int_base<24, false> const&)' into 'ap_int_base<24, false>::RType<8, false>::plus operator+<24, false, 8, false>(ap_int_base<24, false> const&, ap_int_base<8, false> const&)' (D:/Xilinx/Vitis_HLS/2022.2/common/technology/autopilot\ap_int_base.h:1495:339)
INFO: [HLS 214-131] Inlining function 'ap_int_base<25, false>::ap_int_base(int)' into 'ap_int_base<24, false>::RType<8, false>::plus operator+<24, false, 8, false>(ap_int_base<24, false> const&, ap_int_base<8, false> const&)' (D:/Xilinx/Vitis_HLS/2022.2/common/technology/autopilot\ap_int_base.h:1495:516)
INFO: [HLS 214-131] Inlining function 'ap_int_base<25, false>::ap_int_base<8, false>(ap_int_base<8, false> const&)' into 'ap_int_base<24, false>::RType<8, false>::plus operator+<24, false, 8, false>(ap_int_base<24, false> const&, ap_int_base<8, false> const&)' (D:/Xilinx/Vitis_HLS/2022.2/common/technology/autopilot\ap_int_base.h:1495:427)
INFO: [HLS 214-131] Inlining function 'ssdm_int<16, false>::ssdm_int(unsigned short)' into 'ap_int_base<16, false>::ap_int_base<25, false>(ap_int_base<25, false> const&)' (D:/Xilinx/Vitis_HLS/2022.2/common/technology/autopilot\ap_int_base.h:185:106)
INFO: [HLS 214-131] Inlining function 'ap_int_base<16, false>::ap_int_base<25, false>(ap_int_base<25, false> const&)' into 'ap_uint<16>::ap_uint<25>(ap_uint<25> const&)'
INFO: [HLS 214-131] Inlining function '_ZN8ssdm_intILi48ELb0EEC2EDq48_j' into 'ap_int_base<48, false>::ap_int_base<32, false>(ap_int_base<32, false> const&)' (D:/Xilinx/Vitis_HLS/2022.2/common/technology/autopilot\ap_int_base.h:185:106)
INFO: [HLS 214-131] Inlining function '_ZN8ssdm_intILi48ELb0EEC2EDq48_j' into 'ap_int_base<48, false>::ap_int_base<16, false>(ap_int_base<16, false> const&)' (D:/Xilinx/Vitis_HLS/2022.2/common/technology/autopilot\ap_int_base.h:185:106)
INFO: [HLS 214-131] Inlining function '_ZN8ssdm_intILi48ELb0EEC2EDq48_j' into 'ap_int_base<48, false>::ap_int_base(int)' (D:/Xilinx/Vitis_HLS/2022.2/common/technology/autopilot\ap_int_base.h:214:67)
INFO: [HLS 214-131] Inlining function 'ap_int_base<48, false>::ap_int_base<32, false>(ap_int_base<32, false> const&)' into 'ap_int_base<32, false>::RType<16, false>::mult operator*<32, false, 16, false>(ap_int_base<32, false> const&, ap_int_base<16, false> const&)' (D:/Xilinx/Vitis_HLS/2022.2/common/technology/autopilot\ap_int_base.h:1494:339)
INFO: [HLS 214-131] Inlining function 'ap_int_base<48, false>::ap_int_base(int)' into 'ap_int_base<32, false>::RType<16, false>::mult operator*<32, false, 16, false>(ap_int_base<32, false> const&, ap_int_base<16, false> const&)' (D:/Xilinx/Vitis_HLS/2022.2/common/technology/autopilot\ap_int_base.h:1494:516)
INFO: [HLS 214-131] Inlining function 'ap_int_base<48, false>::ap_int_base<16, false>(ap_int_base<16, false> const&)' into 'ap_int_base<32, false>::RType<16, false>::mult operator*<32, false, 16, false>(ap_int_base<32, false> const&, ap_int_base<16, false> const&)' (D:/Xilinx/Vitis_HLS/2022.2/common/technology/autopilot\ap_int_base.h:1494:427)
INFO: [HLS 214-131] Inlining function '_ZN8ssdm_intILi49ELb0EEC2EDq49_j' into 'ap_int_base<49, false>::ap_int_base<48, false>(ap_int_base<48, false> const&)' (D:/Xilinx/Vitis_HLS/2022.2/common/technology/autopilot\ap_int_base.h:185:106)
INFO: [HLS 214-131] Inlining function '_ZN8ssdm_intILi49ELb0EEC2EDq49_j' into 'ap_int_base<49, false>::ap_int_base<32, false>(ap_int_base<32, false> const&)' (D:/Xilinx/Vitis_HLS/2022.2/common/technology/autopilot\ap_int_base.h:185:106)
INFO: [HLS 214-131] Inlining function '_ZN8ssdm_intILi49ELb0EEC2EDq49_j' into 'ap_int_base<49, false>::ap_int_base(int)' (D:/Xilinx/Vitis_HLS/2022.2/common/technology/autopilot\ap_int_base.h:214:67)
INFO: [HLS 214-131] Inlining function 'ap_int_base<49, false>::ap_int_base<48, false>(ap_int_base<48, false> const&)' into 'ap_int_base<48, false>::RType<32, false>::plus operator+<48, false, 32, false>(ap_int_base<48, false> const&, ap_int_base<32, false> const&)' (D:/Xilinx/Vitis_HLS/2022.2/common/technology/autopilot\ap_int_base.h:1495:339)
INFO: [HLS 214-131] Inlining function 'ap_int_base<49, false>::ap_int_base(int)' into 'ap_int_base<48, false>::RType<32, false>::plus operator+<48, false, 32, false>(ap_int_base<48, false> const&, ap_int_base<32, false> const&)' (D:/Xilinx/Vitis_HLS/2022.2/common/technology/autopilot\ap_int_base.h:1495:516)
INFO: [HLS 214-131] Inlining function 'ap_int_base<49, false>::ap_int_base<32, false>(ap_int_base<32, false> const&)' into 'ap_int_base<48, false>::RType<32, false>::plus operator+<48, false, 32, false>(ap_int_base<48, false> const&, ap_int_base<32, false> const&)' (D:/Xilinx/Vitis_HLS/2022.2/common/technology/autopilot\ap_int_base.h:1495:427)
INFO: [HLS 214-131] Inlining function '_ZN8ssdm_intILi50ELb0EEC2EDq50_j' into 'ap_int_base<50, false>::ap_int_base<49, false>(ap_int_base<49, false> const&)' (D:/Xilinx/Vitis_HLS/2022.2/common/technology/autopilot\ap_int_base.h:185:106)
INFO: [HLS 214-131] Inlining function '_ZN8ssdm_intILi50ELb0EEC2EDq50_j' into 'ap_int_base<50, false>::ap_int_base<16, false>(ap_int_base<16, false> const&)' (D:/Xilinx/Vitis_HLS/2022.2/common/technology/autopilot\ap_int_base.h:185:106)
INFO: [HLS 214-131] Inlining function '_ZN8ssdm_intILi50ELb0EEC2EDq50_j' into 'ap_int_base<50, false>::ap_int_base(int)' (D:/Xilinx/Vitis_HLS/2022.2/common/technology/autopilot\ap_int_base.h:214:67)
INFO: [HLS 214-131] Inlining function 'ap_int_base<50, false>::ap_int_base<49, false>(ap_int_base<49, false> const&)' into 'ap_int_base<49, false>::RType<16, false>::plus operator+<49, false, 16, false>(ap_int_base<49, false> const&, ap_int_base<16, false> const&)' (D:/Xilinx/Vitis_HLS/2022.2/common/technology/autopilot\ap_int_base.h:1495:339)
INFO: [HLS 214-131] Inlining function 'ap_int_base<50, false>::ap_int_base(int)' into 'ap_int_base<49, false>::RType<16, false>::plus operator+<49, false, 16, false>(ap_int_base<49, false> const&, ap_int_base<16, false> const&)' (D:/Xilinx/Vitis_HLS/2022.2/common/technology/autopilot\ap_int_base.h:1495:516)
INFO: [HLS 214-131] Inlining function 'ap_int_base<50, false>::ap_int_base<16, false>(ap_int_base<16, false> const&)' into 'ap_int_base<49, false>::RType<16, false>::plus operator+<49, false, 16, false>(ap_int_base<49, false> const&, ap_int_base<16, false> const&)' (D:/Xilinx/Vitis_HLS/2022.2/common/technology/autopilot\ap_int_base.h:1495:427)
INFO: [HLS 214-131] Inlining function 'ssdm_int<32, false>::ssdm_int(unsigned int)' into 'ap_int_base<32, false>::ap_int_base<50, false>(ap_int_base<50, false> const&)' (D:/Xilinx/Vitis_HLS/2022.2/common/technology/autopilot\ap_int_base.h:185:106)
INFO: [HLS 214-131] Inlining function 'ap_int_base<32, false>::ap_int_base<50, false>(ap_int_base<50, false> const&)' into 'ap_uint<32>::ap_uint<50>(ap_uint<50> const&)'
INFO: [HLS 214-131] Inlining function '_ZN8ssdm_intILi1ELb0EEC2EDq1_j' into 'ap_int_base<1, false>::ap_int_base(int)' (D:/Xilinx/Vitis_HLS/2022.2/common/technology/autopilot\ap_int_base.h:214:67)
INFO: [HLS 214-131] Inlining function 'ap_int_base<1, false>::ap_int_base(int)' into 'ap_int_base<16, false>::operator++(int)' (D:/Xilinx/Vitis_HLS/2022.2/common/technology/autopilot\ap_int_base.h:879:16)
INFO: [HLS 214-131] Inlining function 'ap_int_base<16, false>& ap_int_base<16, false>::operator+=<1, false>(ap_int_base<1, false> const&)' into 'ap_int_base<16, false>::operator++(int)' (D:/Xilinx/Vitis_HLS/2022.2/common/technology/autopilot\ap_int_base.h:879:5)
INFO: [HLS 214-131] Inlining function 'ap_int_base<1, false>::ap_int_base(int)' into 'ap_int_base<8, false>::operator++(int)' (D:/Xilinx/Vitis_HLS/2022.2/common/technology/autopilot\ap_int_base.h:879:16)
INFO: [HLS 214-131] Inlining function 'ap_int_base<8, false>& ap_int_base<8, false>::operator+=<1, false>(ap_int_base<1, false> const&)' into 'ap_int_base<8, false>::operator++(int)' (D:/Xilinx/Vitis_HLS/2022.2/common/technology/autopilot\ap_int_base.h:879:5)
INFO: [HLS 214-131] Inlining function 'ap_int_base<16, false>::RType<8, false>::div operator/<16, false, 8, false>(ap_int_base<16, false> const&, ap_int_base<8, false> const&)' into 'channel_shuffle(ap_uint<16>, ap_uint<16>, ap_uint<8>, float*, float*)' (../ip/ip6/channel_shuffle.cpp:29:36)
INFO: [HLS 214-131] Inlining function 'ap_int_base<16, false>::operator++(int)' into 'channel_shuffle(ap_uint<16>, ap_uint<16>, ap_uint<8>, float*, float*)' (../ip/ip6/channel_shuffle.cpp:32:55)
INFO: [HLS 214-131] Inlining function 'ap_int_base<16, false>::operator++(int)' into 'channel_shuffle(ap_uint<16>, ap_uint<16>, ap_uint<8>, float*, float*)' (../ip/ip6/channel_shuffle.cpp:33:59)
INFO: [HLS 214-131] Inlining function 'ap_int_base<8, false>::operator++(int)' into 'channel_shuffle(ap_uint<16>, ap_uint<16>, ap_uint<8>, float*, float*)' (../ip/ip6/channel_shuffle.cpp:36:54)
INFO: [HLS 214-131] Inlining function 'ap_int_base<16, false>::operator++(int)' into 'channel_shuffle(ap_uint<16>, ap_uint<16>, ap_uint<8>, float*, float*)' (../ip/ip6/channel_shuffle.cpp:37:72)
INFO: [HLS 214-131] Inlining function 'ap_int_base<32, false>::operator unsigned long long() const' into 'channel_shuffle(ap_uint<16>, ap_uint<16>, ap_uint<8>, float*, float*)' (../ip/ip6/channel_shuffle.cpp:46:25)
INFO: [HLS 214-131] Inlining function 'ap_int_base<32, false>::operator unsigned long long() const' into 'channel_shuffle(ap_uint<16>, ap_uint<16>, ap_uint<8>, float*, float*)' (../ip/ip6/channel_shuffle.cpp:46:39)
INFO: [HLS 214-131] Inlining function 'ap_int_base<49, false>::RType<16, false>::plus operator+<49, false, 16, false>(ap_int_base<49, false> const&, ap_int_base<16, false> const&)' into 'channel_shuffle(ap_uint<16>, ap_uint<16>, ap_uint<8>, float*, float*)' (../ip/ip6/channel_shuffle.cpp:43:71)
INFO: [HLS 214-131] Inlining function 'ap_int_base<48, false>::RType<32, false>::plus operator+<48, false, 32, false>(ap_int_base<48, false> const&, ap_int_base<32, false> const&)' into 'channel_shuffle(ap_uint<16>, ap_uint<16>, ap_uint<8>, float*, float*)' (../ip/ip6/channel_shuffle.cpp:43:61)
INFO: [HLS 214-131] Inlining function 'ap_int_base<16, false>::RType<16, false>::mult operator*<16, false, 16, false>(ap_int_base<16, false> const&, ap_int_base<16, false> const&)' into 'channel_shuffle(ap_uint<16>, ap_uint<16>, ap_uint<8>, float*, float*)' (../ip/ip6/channel_shuffle.cpp:43:65)
INFO: [HLS 214-131] Inlining function 'ap_int_base<32, false>::RType<16, false>::mult operator*<32, false, 16, false>(ap_int_base<32, false> const&, ap_int_base<16, false> const&)' into 'channel_shuffle(ap_uint<16>, ap_uint<16>, ap_uint<8>, float*, float*)' (../ip/ip6/channel_shuffle.cpp:43:55)
INFO: [HLS 214-131] Inlining function 'ap_int_base<16, false>::RType<16, false>::mult operator*<16, false, 16, false>(ap_int_base<16, false> const&, ap_int_base<16, false> const&)' into 'channel_shuffle(ap_uint<16>, ap_uint<16>, ap_uint<8>, float*, float*)' (../ip/ip6/channel_shuffle.cpp:43:49)
INFO: [HLS 214-131] Inlining function 'ap_int_base<24, false>::RType<8, false>::plus operator+<24, false, 8, false>(ap_int_base<24, false> const&, ap_int_base<8, false> const&)' into 'channel_shuffle(ap_uint<16>, ap_uint<16>, ap_uint<8>, float*, float*)' (../ip/ip6/channel_shuffle.cpp:41:52)
INFO: [HLS 214-131] Inlining function 'ap_int_base<16, false>::RType<8, false>::mult operator*<16, false, 8, false>(ap_int_base<16, false> const&, ap_int_base<8, false> const&)' into 'channel_shuffle(ap_uint<16>, ap_uint<16>, ap_uint<8>, float*, float*)' (../ip/ip6/channel_shuffle.cpp:41:43)
INFO: [HLS 214-131] Inlining function 'ap_int_base<58, false>::RType<16, false>::plus operator+<58, false, 16, false>(ap_int_base<58, false> const&, ap_int_base<16, false> const&)' into 'channel_shuffle(ap_uint<16>, ap_uint<16>, ap_uint<8>, float*, float*)' (../ip/ip6/channel_shuffle.cpp:39:83)
INFO: [HLS 214-131] Inlining function 'ap_int_base<57, false>::RType<32, false>::plus operator+<57, false, 32, false>(ap_int_base<57, false> const&, ap_int_base<32, false> const&)' into 'channel_shuffle(ap_uint<16>, ap_uint<16>, ap_uint<8>, float*, float*)' (../ip/ip6/channel_shuffle.cpp:39:73)
INFO: [HLS 214-131] Inlining function 'ap_int_base<16, false>::RType<16, false>::mult operator*<16, false, 16, false>(ap_int_base<16, false> const&, ap_int_base<16, false> const&)' into 'channel_shuffle(ap_uint<16>, ap_uint<16>, ap_uint<8>, float*, float*)' (../ip/ip6/channel_shuffle.cpp:39:77)
INFO: [HLS 214-131] Inlining function 'ap_int_base<41, false>::RType<16, false>::mult operator*<41, false, 16, false>(ap_int_base<41, false> const&, ap_int_base<16, false> const&)' into 'channel_shuffle(ap_uint<16>, ap_uint<16>, ap_uint<8>, float*, float*)' (../ip/ip6/channel_shuffle.cpp:39:67)
INFO: [HLS 214-131] Inlining function 'ap_int_base<25, false>::RType<16, false>::mult operator*<25, false, 16, false>(ap_int_base<25, false> const&, ap_int_base<16, false> const&)' into 'channel_shuffle(ap_uint<16>, ap_uint<16>, ap_uint<8>, float*, float*)' (../ip/ip6/channel_shuffle.cpp:39:61)
INFO: [HLS 214-131] Inlining function 'ap_int_base<24, false>::RType<16, false>::plus operator+<24, false, 16, false>(ap_int_base<24, false> const&, ap_int_base<16, false> const&)' into 'channel_shuffle(ap_uint<16>, ap_uint<16>, ap_uint<8>, float*, float*)' (../ip/ip6/channel_shuffle.cpp:39:56)
INFO: [HLS 214-131] Inlining function 'ap_int_base<8, false>::RType<16, false>::mult operator*<8, false, 16, false>(ap_int_base<8, false> const&, ap_int_base<16, false> const&)' into 'channel_shuffle(ap_uint<16>, ap_uint<16>, ap_uint<8>, float*, float*)' (../ip/ip6/channel_shuffle.cpp:39:45)
INFO: [HLS 214-131] Inlining function 'bool ap_int_base<16, false>::operator<<16, false>(ap_int_base<16, false> const&) const' into 'channel_shuffle(ap_uint<16>, ap_uint<16>, ap_uint<8>, float*, float*)' (../ip/ip6/channel_shuffle.cpp:37:60)
INFO: [HLS 214-131] Inlining function 'bool ap_int_base<8, false>::operator<<8, false>(ap_int_base<8, false> const&) const' into 'channel_shuffle(ap_uint<16>, ap_uint<16>, ap_uint<8>, float*, float*)' (../ip/ip6/channel_shuffle.cpp:36:44)
INFO: [HLS 214-131] Inlining function 'bool ap_int_base<16, false>::operator<<16, false>(ap_int_base<16, false> const&) const' into 'channel_shuffle(ap_uint<16>, ap_uint<16>, ap_uint<8>, float*, float*)' (../ip/ip6/channel_shuffle.cpp:33:52)
INFO: [HLS 214-131] Inlining function 'bool ap_int_base<16, false>::operator<<16, false>(ap_int_base<16, false> const&) const' into 'channel_shuffle(ap_uint<16>, ap_uint<16>, ap_uint<8>, float*, float*)' (../ip/ip6/channel_shuffle.cpp:32:48)
INFO: [HLS 214-291] Loop 'VITIS_LOOP_36_3' is marked as complete unroll implied by the pipeline pragma (../ip/ip6/channel_shuffle.cpp:36:19)
INFO: [HLS 214-291] Loop 'VITIS_LOOP_37_4' is marked as complete unroll implied by the pipeline pragma (../ip/ip6/channel_shuffle.cpp:37:34)
WARNING: [HLS 214-203] Replacing invalid offset value '20' with '32' for s_axilite port 'h_w'. (../ip/ip6/channel_shuffle.cpp:12:17)
INFO: [HLS 200-111] Finished Compiling Optimization and Transform: CPU user time: 1 seconds. CPU system time: 0 seconds. Elapsed time: 14.884 seconds; current allocated memory: 676.617 MB.
INFO: [HLS 200-111] Finished Checking Pragmas: CPU user time: 0 seconds. CPU system time: 0 seconds. Elapsed time: 0.01 seconds; current allocated memory: 676.617 MB.
INFO: [HLS 200-10] Starting code transformations ...
INFO: [HLS 200-111] Finished Standard Transforms: CPU user time: 0 seconds. CPU system time: 0 seconds. Elapsed time: 0.363 seconds; current allocated memory: 676.617 MB.
INFO: [HLS 200-10] Checking synthesizability ...
INFO: [HLS 200-111] Finished Checking Synthesizability: CPU user time: 1 seconds. CPU system time: 0 seconds. Elapsed time: 0.307 seconds; current allocated memory: 676.617 MB.
INFO: [XFORM 203-502] Unrolling all sub-loops inside loop 'VITIS_LOOP_33_2' (../ip/ip6/channel_shuffle.cpp:33) in function 'channel_shuffle' for pipelining.
WARNING: [HLS 200-936] Cannot unroll loop 'VITIS_LOOP_36_3' (../ip/ip6/channel_shuffle.cpp:36) in function 'channel_shuffle': cannot completely unroll a loop with a variable trip count.
WARNING: [HLS 200-936] Cannot unroll loop 'VITIS_LOOP_37_4' (../ip/ip6/channel_shuffle.cpp:37) in function 'channel_shuffle': cannot completely unroll a loop with a variable trip count.
INFO: [HLS 200-111] Finished Loop, function and other optimizations: CPU user time: 0 seconds. CPU system time: 0 seconds. Elapsed time: 1.277 seconds; current allocated memory: 676.617 MB.
INFO: [XFORM 203-541] Flattening a loop nest 'VITIS_LOOP_33_2' (../ip/ip6/channel_shuffle.cpp:33:43) in function 'channel_shuffle'.
INFO: [XFORM 203-541] Flattening a loop nest 'VITIS_LOOP_32_1' (../ip/ip6/channel_shuffle.cpp:32:39) in function 'channel_shuffle'.
INFO: [HLS 200-111] Finished Architecture Synthesis: CPU user time: 0 seconds. CPU system time: 0 seconds. Elapsed time: 0.845 seconds; current allocated memory: 676.617 MB.
INFO: [HLS 200-10] Starting hardware synthesis ...
INFO: [HLS 200-10] Synthesizing 'channel_shuffle' ...
INFO: [HLS 200-10] ----------------------------------------------------------------
INFO: [HLS 200-42] -- Implementing module 'channel_shuffle' 
INFO: [HLS 200-10] ----------------------------------------------------------------
INFO: [SCHED 204-11] Starting scheduling ...
INFO: [HLS 200-486] Changing DSP latency (root=mul_ln11_1) to 3 in order to utilize available DSP registers.
INFO: [HLS 200-486] Changing DSP latency (root=mul_ln11) to 3 in order to utilize available DSP registers.
INFO: [HLS 200-486] Changing DSP latency (root=ret_V_3) to 3 in order to utilize available DSP registers.
INFO: [HLS 200-486] Changing DSP latency (root=ret_V_1) to 3 in order to utilize available DSP registers.
INFO: [HLS 200-486] Changing DSP latency (root=lhs) to 3 in order to utilize available DSP registers.
INFO: [HLS 200-486] Changing DSP latency (root=ret_V_1_mid1) to 3 in order to utilize available DSP registers.
WARNING: [SCHED 204-65] Unable to satisfy pipeline directive for loop 'VITIS_LOOP_32_1_VITIS_LOOP_33_2_VITIS_LOOP_36_3': contains subloop(s) that are not unrolled or flattened.
INFO: [SCHED 204-11] Finished scheduling.
INFO: [HLS 200-111] Finished Scheduling: CPU user time: 0 seconds. CPU system time: 1 seconds. Elapsed time: 1.165 seconds; current allocated memory: 676.617 MB.
INFO: [BIND 205-100] Starting micro-architecture generation ...
INFO: [BIND 205-101] Performing variable lifetime analysis.
INFO: [BIND 205-101] Exploring resource sharing.
INFO: [BIND 205-101] Binding ...
INFO: [BIND 205-100] Finished micro-architecture generation.
INFO: [HLS 200-111] Finished Binding: CPU user time: 1 seconds. CPU system time: 0 seconds. Elapsed time: 1.233 seconds; current allocated memory: 676.617 MB.
INFO: [HLS 200-10] ----------------------------------------------------------------
INFO: [HLS 200-10] -- Generating RTL for module 'channel_shuffle' 
INFO: [HLS 200-10] ----------------------------------------------------------------
WARNING: [RTGEN 206-101] Design contains AXI ports. Reset is fixed to synchronous and active low.
INFO: [RTGEN 206-500] Setting interface mode on port 'channel_shuffle/gmem_in' to 'm_axi'.
INFO: [RTGEN 206-500] Setting interface mode on port 'channel_shuffle/gmem_out' to 'm_axi'.
INFO: [RTGEN 206-500] Setting interface mode on port 'channel_shuffle/c_in' to 's_axilite & ap_none'.
INFO: [RTGEN 206-500] Setting interface mode on port 'channel_shuffle/h_w' to 's_axilite & ap_none'.
INFO: [RTGEN 206-500] Setting interface mode on port 'channel_shuffle/groups' to 's_axilite & ap_none'.
INFO: [RTGEN 206-500] Setting interface mode on port 'channel_shuffle/in_r' to 's_axilite & ap_none'.
INFO: [RTGEN 206-500] Setting interface mode on port 'channel_shuffle/out_r' to 's_axilite & ap_none'.
INFO: [RTGEN 206-500] Setting interface mode on function 'channel_shuffle' to 's_axilite & ap_ctrl_hs'.
INFO: [RTGEN 206-100] Bundling port 'c_in', 'groups', 'h_w', 'in_r', 'out_r' and 'return' to AXI-Lite port control.
INFO: [RTGEN 206-100] Generating core module 'mul_32s_16ns_32_1_1': 1 instance(s).
INFO: [RTGEN 206-100] Generating core module 'mul_32s_24ns_32_1_1': 1 instance(s).
INFO: [RTGEN 206-100] Generating core module 'mul_mul_16ns_16ns_32_4_1': 3 instance(s).
INFO: [RTGEN 206-100] Generating core module 'mul_mul_16ns_24ns_40_4_1': 1 instance(s).
INFO: [RTGEN 206-100] Generating core module 'mul_mul_16ns_8ns_24_4_1': 2 instance(s).
INFO: [RTGEN 206-100] Generating core module 'udiv_16ns_8ns_16_20_seq_1': 1 instance(s).
INFO: [RTGEN 206-100] Finished creating RTL model for 'channel_shuffle'.
INFO: [HLS 200-111] Finished Creating RTL model: CPU user time: 0 seconds. CPU system time: 0 seconds. Elapsed time: 3.055 seconds; current allocated memory: 676.617 MB.
INFO: [HLS 200-111] Finished Generating all RTL models: CPU user time: 2 seconds. CPU system time: 0 seconds. Elapsed time: 5.549 seconds; current allocated memory: 676.617 MB.
INFO: [HLS 200-111] Finished Updating report files: CPU user time: 0 seconds. CPU system time: 1 seconds. Elapsed time: 2.081 seconds; current allocated memory: 676.617 MB.
INFO: [VHDL 208-304] Generating VHDL RTL for channel_shuffle.
INFO: [VLOG 209-307] Generating Verilog RTL for channel_shuffle.
INFO: [HLS 200-790] **** Loop Constraint Status: All loop constraints were satisfied.
INFO: [HLS 200-789] **** Estimated Fmax: 136.99 MHz
INFO: [HLS 200-111] Finished Command csynth_design CPU user time: 6 seconds. CPU system time: 2 seconds. Elapsed time: 36.812 seconds; current allocated memory: 0.141 MB.
INFO: [HLS 200-112] Total CPU user time: 8 seconds. Total CPU system time: 3 seconds. Total elapsed time: 50.258 seconds; peak allocated memory: 676.617 MB.
==============================================================
Vitis HLS - High-Level Synthesis from C, C++ and OpenCL v2022.2 (64-bit)
Tool Version Limit: 2019.12
Copyright 1986-2022 Xilinx, Inc. All Rights Reserved.
==============================================================
INFO: [SYN 201-201] Setting up clock 'default' with a period of 10ns.
INFO: [HLS 200-1611] Setting target device to 'xc7z020-clg400-2'
INFO: [HLS 200-1505] Using flow_target 'vivado'
INFO: [HLS 200-1464] Running solution command: config_export -format=ip_catalog
INFO: [HLS 200-1464] Running solution command: config_export -rtl=verilog
INFO: [HLS 200-1510] Running: set_part xc7z020-clg400-2 
INFO: [HLS 200-1510] Running: create_clock -period 10 -name default 
INFO: [HLS 200-1510] Running: config_export -format ip_catalog -rtl verilog 
INFO: [HLS 200-1510] Running: source ./ip5/solution1/directives.tcl
INFO: [HLS 200-1510] Running: set_directive_top -name channel_shuffle channel_shuffle 
INFO: [HLS 200-1510] Running: export_design -rtl verilog -format ip_catalog 
INFO: [IMPL 213-8] Exporting RTL as a Vivado IP.
INFO: [HLS 200-802] Generated output file ip5/solution1/impl/export.zip
INFO: [HLS 200-111] Finished Command export_design CPU user time: 3 seconds. CPU system time: 0 seconds. Elapsed time: 24.062 seconds; current allocated memory: 9.863 MB.
INFO: [HLS 200-112] Total CPU user time: 5 seconds. Total CPU system time: 1 seconds. Total elapsed time: 37.523 seconds; peak allocated memory: 687.469 MB.
